Running HBESC scenario: /home/mattb/dsim-lab/experiments/hbesc_gaussian_fill_study/results/runs/20260609T224323Z_phase2_smoke_quartic_baseline_execute/configs/scenario_used.json
Scenario name: phase2_smoke_quartic_baseline
Description: Short Phase 2 smoke scenario scaffold for baseline HBESC on the quartic bowl. stop_rule_sec is metadata until the Phase 2 harness enforces sim-time termination.
Starting >>> ros_esc
Starting >>> ros_esc_interfaces
Starting >>> turtlebot3_rotating_sensor
Finished <<< turtlebot3_rotating_sensor [0.41s]
Finished <<< ros_esc_interfaces [0.84s]
Finished <<< ros_esc [1.15s]

Summary: 3 packages finished [1.47s]
[INFO] [launch]: All log files can be found below /home/mattb/dsim-lab/experiments/hbesc_gaussian_fill_study/results/runs/20260609T224323Z_phase2_smoke_quartic_baseline_execute/logs/ros/2026-06-09-15-43-26-050972-ubuntu-ssd-19314
[INFO] [launch]: Default logging verbosity is set to INFO
[INFO] [gazebo-1]: process started with pid [19316]
[INFO] [robot_state_publisher-2]: process started with pid [19318]
[INFO] [spawner-3]: process started with pid [19320]
[INFO] [spawner-4]: process started with pid [19322]
[INFO] [spawn_entity.py-5]: process started with pid [19324]
[INFO] [ros2-6]: process started with pid [19326]
[INFO] [ros2-7]: process started with pid [19328]
[INFO] [ros2-8]: process started with pid [19330]
[INFO] [ros2-9]: process started with pid [19332]
[INFO] [ros2-10]: process started with pid [19334]
[INFO] [ros2-11]: process started with pid [19336]
[INFO] [ros2-12]: process started with pid [19338]
[robot_state_publisher-2] [INFO] [1781045006.445072247] [robot_state_publisher_node]: got segment base_footprint
[robot_state_publisher-2] [INFO] [1781045006.445195043] [robot_state_publisher_node]: got segment base_link
[robot_state_publisher-2] [INFO] [1781045006.445210999] [robot_state_publisher_node]: got segment base_scan
[robot_state_publisher-2] [INFO] [1781045006.445220646] [robot_state_publisher_node]: got segment caster_wheel
[robot_state_publisher-2] [INFO] [1781045006.445230056] [robot_state_publisher_node]: got segment imu_link
[robot_state_publisher-2] [INFO] [1781045006.445238335] [robot_state_publisher_node]: got segment rotating_frame_link
[robot_state_publisher-2] [INFO] [1781045006.445246138] [robot_state_publisher_node]: got segment sensor_link
[robot_state_publisher-2] [INFO] [1781045006.445254134] [robot_state_publisher_node]: got segment wheel_left_link
[robot_state_publisher-2] [INFO] [1781045006.445261728] [robot_state_publisher_node]: got segment wheel_right_link
[spawner-4] [INFO] [1781045006.994054052] [spawner_velocity_controller]: waiting for service /controller_manager/list_controllers to become available...
[spawn_entity.py-5] [INFO] [1781045007.100430569] [spawn_entity]: Spawn Entity started
[spawn_entity.py-5] [INFO] [1781045007.101343962] [spawn_entity]: Loading entity published on topic /robot_description
[spawn_entity.py-5] [INFO] [1781045007.105269150] [spawn_entity]: Waiting for entity xml on /robot_description
[spawner-3] [INFO] [1781045007.261408884] [spawner_joint_state_broadcaster]: waiting for service /controller_manager/list_controllers to become available...
[gazebo-1] Gazebo multi-robot simulator, version 11.10.2
[gazebo-1] Copyright (C) 2012 Open Source Robotics Foundation.
[gazebo-1] Released under the Apache 2 License.
[gazebo-1] http://gazebosim.org
[gazebo-1] 
[spawn_entity.py-5] [INFO] [1781045007.292825269] [spawn_entity]: Waiting for service /spawn_entity, timeout = 30
[spawn_entity.py-5] [INFO] [1781045007.293416791] [spawn_entity]: Waiting for service /spawn_entity
[gazebo-1] Gazebo multi-robot simulator, version 11.10.2
[gazebo-1] Copyright (C) 2012 Open Source Robotics Foundation.
[gazebo-1] Released under the Apache 2 License.
[gazebo-1] http://gazebosim.org
[gazebo-1] 
[gazebo-1] [1;33m[Wrn] [gazebo_ros_init.cpp:178] [0m[1;33m
[gazebo-1] #     # ####### ####### ###  #####  #######
[gazebo-1] ##    # #     #    #     #  #     # #
[gazebo-1] # #   # #     #    #     #  #       #
[gazebo-1] #  #  # #     #    #     #  #       #####
[gazebo-1] #   # # #     #    #     #  #       #
[gazebo-1] #    ## #     #    #     #  #     # #
[gazebo-1] #     # #######    #    ###  #####  #######
[gazebo-1] 
[gazebo-1] This version of Gazebo, now called Gazebo classic, reaches end-of-life
[gazebo-1] in January 2025. Users are highly encouraged to migrate to the new Gazebo
[gazebo-1] using our migration guides (https://gazebosim.org/docs/latest/gazebo_classic_migration?utm_source=gazebo_ros_pkgs&utm_medium=cli)
[gazebo-1] 
[gazebo-1] [0m[1;33m
[gazebo-1] [1;32m[Msg] [0m[1;32mWaiting for master.[0m[1;32m
[gazebo-1] [0m[1;32m[0m[1;32m[0m[1;32m[Msg] [0m[1;32mConnected to gazebo master @ [0m[1;32mhttp://127.0.0.1:12180[0m[1;32m
[gazebo-1] [0m[1;32m[0m[1;32m[0m[1;32m[Msg] [0m[1;32mPublicized address: [0m[1;32m192.168.44.106[0m[1;32m
[gazebo-1] [0m[1;33m[0m[1;33m[0m[1;33m[Wrn] [FuelModelDatabase.cc:313] [0m[1;33mURI not supported by Fuel [[0m[1;33mworlds/gazebo_empty.world[0m[1;33m][0m[1;33m
[gazebo-1] [0m[1;33m[0m[1;33m[0m[1;33m[Wrn] [SystemPaths.cc:459] [0m[1;33mFile or path does not exist [[0m[1;33m""[0m[1;33m] [[0m[1;33mworlds/gazebo_empty.world[0m[1;33m][0m[1;33m
[gazebo-1] [0m[1;33m[0m[1;33m[0m[1;31m[Err] [Server.cc:472] [0m[1;31mCould not open file[[0m[1;31mworlds/gazebo_empty.world[0m[1;31m]
[gazebo-1] [0m[1;33m[Wrn] [Server.cc:381] [0m[1;33mFalling back on worlds/empty.world
[spawn_entity.py-5] [INFO] [1781045008.050201872] [spawn_entity]: Calling service /spawn_entity
[spawn_entity.py-5] [INFO] [1781045008.259200613] [spawn_entity]: Spawn status: SpawnEntity: Successfully spawned entity [turtlebot3]
[gazebo-1] [0m[INFO] [1781045008.280748727] [turtlebot3_diff_drive]: Wheel pair 1 separation set to [0.160000m]
[gazebo-1] [INFO] [1781045008.281094029] [turtlebot3_diff_drive]: Wheel pair 1 diameter set to [0.066000m]
[gazebo-1] [INFO] [1781045008.282468740] [turtlebot3_diff_drive]: Subscribed to [/cmd_vel]
[gazebo-1] [INFO] [1781045008.284910960] [turtlebot3_diff_drive]: Advertise odometry on [/odom]
[gazebo-1] [INFO] [1781045008.287522831] [turtlebot3_diff_drive]: Publishing odom transforms between [odom] and [base_footprint]
[gazebo-1] [INFO] [1781045008.300363902] [turtlebot3_joint_state]: Going to publish joint [rotating_frame_joint]
[gazebo-1] [INFO] [1781045008.325866022] [gazebo_ros2_control]: Loading gazebo_ros2_control plugin
[gazebo-1] [INFO] [1781045008.332107293] [gazebo_ros2_control]: Starting gazebo_ros2_control plugin in namespace: /
[gazebo-1] [INFO] [1781045008.332152290] [gazebo_ros2_control]: Starting gazebo_ros2_control plugin in ros 2 node: gazebo_ros2_control
[gazebo-1] [INFO] [1781045008.336662511] [gazebo_ros2_control]: connected to service!! /robot_state_publisher_node
[gazebo-1] [INFO] [1781045008.337151016] [gazebo_ros2_control]: Received urdf from param server, parsing...
[gazebo-1] [INFO] [1781045008.337207965] [gazebo_ros2_control]: Loading parameter files /home/mattb/dsim-lab/ros2_ws/install/turtlebot3_rotating_sensor/share/turtlebot3_rotating_sensor/controller_config/joint_controller.yaml
[gazebo-1] [INFO] [1781045008.348364671] [gazebo_ros2_control]: Loading joint: rotating_frame_joint
[gazebo-1] [INFO] [1781045008.348414380] [gazebo_ros2_control]: 	State:
[gazebo-1] [INFO] [1781045008.348424776] [gazebo_ros2_control]: 		 position
[gazebo-1] [INFO] [1781045008.348433864] [gazebo_ros2_control]: 			 found initial value: 0.000000
[gazebo-1] [INFO] [1781045008.348443515] [gazebo_ros2_control]: 		 velocity
[gazebo-1] [INFO] [1781045008.348450185] [gazebo_ros2_control]: 			 found initial value: 0.000000
[gazebo-1] [INFO] [1781045008.348456895] [gazebo_ros2_control]: 	Command:
[gazebo-1] [INFO] [1781045008.348476212] [gazebo_ros2_control]: 		 velocity
[gazebo-1] [INFO] [1781045008.348692103] [resource_manager]: Initialize hardware 'GazeboSystem' 
[gazebo-1] [INFO] [1781045008.348838854] [resource_manager]: Successful initialization of hardware 'GazeboSystem'
[gazebo-1] [INFO] [1781045008.348940383] [resource_manager]: 'configure' hardware 'GazeboSystem' 
[gazebo-1] [INFO] [1781045008.348955380] [resource_manager]: Successful 'configure' of hardware 'GazeboSystem'
[gazebo-1] [INFO] [1781045008.348965388] [resource_manager]: 'activate' hardware 'GazeboSystem' 
[gazebo-1] [INFO] [1781045008.348976777] [resource_manager]: Successful 'activate' of hardware 'GazeboSystem'
[gazebo-1] [INFO] [1781045008.349054062] [gazebo_ros2_control]: Loading controller_manager
[gazebo-1] [WARN] [1781045008.374871829] [gazebo_ros2_control]:  Desired controller update period (0.01 s) is slower than the gazebo simulation period (0.001 s).
[gazebo-1] [INFO] [1781045008.375065790] [gazebo_ros2_control]: Loaded gazebo_ros2_control.
[INFO] [spawn_entity.py-5]: process has finished cleanly [pid 19324]
[gazebo-1] [INFO] [1781045008.498627995] [controller_manager]: Loading controller 'velocity_controller'
[spawner-4] [INFO] [1781045008.527572847] [spawner_velocity_controller]: [94mLoaded [1mvelocity_controller[0m
[gazebo-1] [INFO] [1781045008.528117855] [controller_manager]: Loading controller 'joint_state_broadcaster'
[gazebo-1] [INFO] [1781045008.546542884] [controller_manager]: Configuring controller 'velocity_controller'
[spawner-3] [INFO] [1781045008.547314512] [spawner_joint_state_broadcaster]: [94mLoaded [1mjoint_state_broadcaster[0m
[gazebo-1] [INFO] [1781045008.548462819] [velocity_controller]: configure successful
[gazebo-1] [INFO] [1781045008.556503094] [controller_manager]: Configuring controller 'joint_state_broadcaster'
[gazebo-1] [INFO] [1781045008.556585110] [joint_state_broadcaster]: 'joints' or 'interfaces' parameter is empty. All available state interfaces will be published
[gazebo-1] [INFO] [1781045008.576430459] [velocity_controller]: activate successful
[spawner-4] [INFO] [1781045008.587589610] [spawner_velocity_controller]: [92mConfigured and activated [1mvelocity_controller[0m
[spawner-3] [INFO] [1781045008.607554256] [spawner_joint_state_broadcaster]: [92mConfigured and activated [1mjoint_state_broadcaster[0m
[INFO] [spawner-4]: process has finished cleanly [pid 19322]
[INFO] [spawner-3]: process has finished cleanly [pid 19320]
[gazebo-1] [0m[1;32m[0m[1;32m[0m[1;32m[Msg] [0m[1;32mWaiting for master.[0m[1;32m
[gazebo-1] [0m[1;32m[0m[1;32m[0m[1;32m[Msg] [0m[1;32mConnected to gazebo master @ [0m[1;32mhttp://127.0.0.1:12180[0m[1;32m
[gazebo-1] [0m[1;32m[0m[1;32m[0m[1;32m[Msg] [0m[1;32mPublicized address: [0m[1;32m192.168.44.106[0m[1;32m
[gazebo-1] [0m[1;32m[0m[1;32m[0m[1;32m[Msg] [0m[1;32mWarning: Ignoring XDG_SESSION_TYPE=wayland on Gnome. Use QT_QPA_PLATFORM=wayland to run on Wayland anyway.[0m[1;32m
[gazebo-1] [1;33m[Wrn] [Event.cc:61] [0m[1;33mWarning: Deleting a connection right after creation. [0m[1;33mMake sure to save the ConnectionPtr from a Connect call
[ros2-12] No artists with labels found to put in legend.  Note that artists whose label start with an underscore are ignored when legend() is called with no argument.
[gazebo-1] [0m[1;32m[0m[1;32m[0m[1;32m[Msg] [0m[1;32mLoading world file [[0m[1;32m/usr/share/gazebo-11/worlds/empty.world[0m[1;32m][0m[1;32m
