Running HBESC scenario: /home/mattb/dsim-lab/experiments/hbesc_gaussian_fill_study/results/runs/20260610T200359Z_phase4_gain_default_execute/configs/scenario_used.json
Scenario name: phase4_gain_default
Description: Phase 4 HBESC gain sensitivity default case on the representative convex quartic bowl.
Starting >>> ros_esc
Starting >>> ros_esc_interfaces
Starting >>> turtlebot3_rotating_sensor
Finished <<< turtlebot3_rotating_sensor [0.44s]
Finished <<< ros_esc_interfaces [0.85s]
Finished <<< ros_esc [1.12s]

Summary: 3 packages finished [1.61s]
[INFO] [launch]: All log files can be found below /home/mattb/dsim-lab/experiments/hbesc_gaussian_fill_study/results/runs/20260610T200359Z_phase4_gain_default_execute/logs/ros/2026-06-10-13-04-01-817955-ubuntu-ssd-14498
[INFO] [launch]: Default logging verbosity is set to INFO
[INFO] [gzserver-1]: process started with pid [14500]
[INFO] [robot_state_publisher-2]: process started with pid [14502]
[INFO] [spawner-3]: process started with pid [14504]
[INFO] [spawner-4]: process started with pid [14506]
[INFO] [spawn_entity.py-5]: process started with pid [14508]
[INFO] [ros2-6]: process started with pid [14510]
[INFO] [ros2-7]: process started with pid [14512]
[INFO] [ros2-8]: process started with pid [14514]
[INFO] [ros2-9]: process started with pid [14516]
[INFO] [ros2-10]: process started with pid [14518]
[INFO] [ros2-11]: process started with pid [14520]
[INFO] [ros2-12]: process started with pid [14522]
[robot_state_publisher-2] [INFO] [1781121842.244130715] [robot_state_publisher_node]: got segment base_footprint
[robot_state_publisher-2] [INFO] [1781121842.244305194] [robot_state_publisher_node]: got segment base_link
[robot_state_publisher-2] [INFO] [1781121842.244329362] [robot_state_publisher_node]: got segment base_scan
[robot_state_publisher-2] [INFO] [1781121842.244346434] [robot_state_publisher_node]: got segment caster_wheel
[robot_state_publisher-2] [INFO] [1781121842.244361275] [robot_state_publisher_node]: got segment imu_link
[robot_state_publisher-2] [INFO] [1781121842.244376748] [robot_state_publisher_node]: got segment rotating_frame_link
[robot_state_publisher-2] [INFO] [1781121842.244391233] [robot_state_publisher_node]: got segment sensor_link
[robot_state_publisher-2] [INFO] [1781121842.244401762] [robot_state_publisher_node]: got segment wheel_left_link
[robot_state_publisher-2] [INFO] [1781121842.244413589] [robot_state_publisher_node]: got segment wheel_right_link
[spawner-3] [INFO] [1781121842.686741160] [spawner_joint_state_broadcaster]: waiting for service /controller_manager/list_controllers to become available...
[spawner-4] [INFO] [1781121842.859451465] [spawner_velocity_controller]: waiting for service /controller_manager/list_controllers to become available...
[spawn_entity.py-5] [INFO] [1781121843.046951052] [spawn_entity]: Spawn Entity started
[spawn_entity.py-5] [INFO] [1781121843.047518194] [spawn_entity]: Loading entity published on topic /robot_description
[spawn_entity.py-5] [INFO] [1781121843.049886286] [spawn_entity]: Waiting for entity xml on /robot_description
[gzserver-1] Gazebo multi-robot simulator, version 11.10.2
[gzserver-1] Copyright (C) 2012 Open Source Robotics Foundation.
[gzserver-1] Released under the Apache 2 License.
[gzserver-1] http://gazebosim.org
[gzserver-1] 
[spawn_entity.py-5] [INFO] [1781121843.480157206] [spawn_entity]: Waiting for service /spawn_entity, timeout = 30
[spawn_entity.py-5] [INFO] [1781121843.481626441] [spawn_entity]: Waiting for service /spawn_entity
[gzserver-1] [1;33m[Wrn] [gazebo_ros_init.cpp:178] [0m[1;33m
[gzserver-1] #     # ####### ####### ###  #####  #######
[gzserver-1] ##    # #     #    #     #  #     # #
[gzserver-1] # #   # #     #    #     #  #       #
[gzserver-1] #  #  # #     #    #     #  #       #####
[gzserver-1] #   # # #     #    #     #  #       #
[gzserver-1] #    ## #     #    #     #  #     # #
[gzserver-1] #     # #######    #    ###  #####  #######
[gzserver-1] 
[gzserver-1] This version of Gazebo, now called Gazebo classic, reaches end-of-life
[gzserver-1] in January 2025. Users are highly encouraged to migrate to the new Gazebo
[gzserver-1] using our migration guides (https://gazebosim.org/docs/latest/gazebo_classic_migration?utm_source=gazebo_ros_pkgs&utm_medium=cli)
[gzserver-1] 
[gzserver-1] [0m[1;33m
[gzserver-1] [1;32m[Msg] [0m[1;32mWaiting for master.[0m[1;32m
[gzserver-1] [0m[1;32m[0m[1;32m[0m[1;32m[Msg] [0m[1;32mConnected to gazebo master @ [0m[1;32mhttp://127.0.0.1:12099[0m[1;32m
[gzserver-1] [0m[1;32m[0m[1;32m[0m[1;32m[Msg] [0m[1;32mPublicized address: [0m[1;32m10.130.191.118[0m[1;32m
[gzserver-1] [0m[1;33m[0m[1;33m[0m[1;33m[Wrn] [FuelModelDatabase.cc:313] [0m[1;33mURI not supported by Fuel [[0m[1;33mworlds/gazebo_empty.world[0m[1;33m][0m[1;33m
[gzserver-1] [0m[1;33m[0m[1;33m[0m[1;33m[Wrn] [SystemPaths.cc:459] [0m[1;33mFile or path does not exist [[0m[1;33m""[0m[1;33m] [[0m[1;33mworlds/gazebo_empty.world[0m[1;33m][0m[1;33m
[gzserver-1] [0m[1;33m[0m[1;33m[0m[1;31m[Err] [Server.cc:472] [0m[1;31mCould not open file[[0m[1;31mworlds/gazebo_empty.world[0m[1;31m]
[gzserver-1] [0m[1;33m[Wrn] [Server.cc:381] [0m[1;33mFalling back on worlds/empty.world
[spawn_entity.py-5] [INFO] [1781121844.264222794] [spawn_entity]: Calling service /spawn_entity
[spawn_entity.py-5] [INFO] [1781121844.473913871] [spawn_entity]: Spawn status: SpawnEntity: Successfully spawned entity [turtlebot3]
[gzserver-1] [0m[INFO] [1781121844.499426094] [turtlebot3_diff_drive]: Wheel pair 1 separation set to [0.160000m]
[gzserver-1] [INFO] [1781121844.499995930] [turtlebot3_diff_drive]: Wheel pair 1 diameter set to [0.066000m]
[gzserver-1] [INFO] [1781121844.501616994] [turtlebot3_diff_drive]: Subscribed to [/cmd_vel]
[gzserver-1] [INFO] [1781121844.505436166] [turtlebot3_diff_drive]: Advertise odometry on [/odom]
[gzserver-1] [INFO] [1781121844.508530154] [turtlebot3_diff_drive]: Publishing odom transforms between [odom] and [base_footprint]
[gzserver-1] [INFO] [1781121844.521094118] [turtlebot3_joint_state]: Going to publish joint [rotating_frame_joint]
[gzserver-1] [INFO] [1781121844.550366910] [gazebo_ros2_control]: Loading gazebo_ros2_control plugin
[gzserver-1] [INFO] [1781121844.556640089] [gazebo_ros2_control]: Starting gazebo_ros2_control plugin in namespace: /
[gzserver-1] [INFO] [1781121844.556691393] [gazebo_ros2_control]: Starting gazebo_ros2_control plugin in ros 2 node: gazebo_ros2_control
[gzserver-1] [INFO] [1781121844.560866571] [gazebo_ros2_control]: connected to service!! /robot_state_publisher_node
[gzserver-1] [INFO] [1781121844.561428136] [gazebo_ros2_control]: Received urdf from param server, parsing...
[gzserver-1] [INFO] [1781121844.561483397] [gazebo_ros2_control]: Loading parameter files /home/mattb/dsim-lab/ros2_ws/install/turtlebot3_rotating_sensor/share/turtlebot3_rotating_sensor/controller_config/joint_controller.yaml
[gzserver-1] [INFO] [1781121844.586667919] [gazebo_ros2_control]: Loading joint: rotating_frame_joint
[gzserver-1] [INFO] [1781121844.586737745] [gazebo_ros2_control]: 	State:
[gzserver-1] [INFO] [1781121844.586751916] [gazebo_ros2_control]: 		 position
[gzserver-1] [INFO] [1781121844.586765398] [gazebo_ros2_control]: 			 found initial value: 0.000000
[gzserver-1] [INFO] [1781121844.586781612] [gazebo_ros2_control]: 		 velocity
[gzserver-1] [INFO] [1781121844.586807987] [gazebo_ros2_control]: 			 found initial value: 0.000000
[gzserver-1] [INFO] [1781121844.586834690] [gazebo_ros2_control]: 	Command:
[gzserver-1] [INFO] [1781121844.587500611] [gazebo_ros2_control]: 		 velocity
[gzserver-1] [INFO] [1781121844.587823510] [resource_manager]: Initialize hardware 'GazeboSystem' 
[gzserver-1] [INFO] [1781121844.588065309] [resource_manager]: Successful initialization of hardware 'GazeboSystem'
[gzserver-1] [INFO] [1781121844.588227563] [resource_manager]: 'configure' hardware 'GazeboSystem' 
[gzserver-1] [INFO] [1781121844.588243759] [resource_manager]: Successful 'configure' of hardware 'GazeboSystem'
[gzserver-1] [INFO] [1781121844.588252609] [resource_manager]: 'activate' hardware 'GazeboSystem' 
[gzserver-1] [INFO] [1781121844.588261869] [resource_manager]: Successful 'activate' of hardware 'GazeboSystem'
[gzserver-1] [INFO] [1781121844.588397573] [gazebo_ros2_control]: Loading controller_manager
[INFO] [spawn_entity.py-5]: process has finished cleanly [pid 14508]
[gzserver-1] [WARN] [1781121844.635473530] [gazebo_ros2_control]:  Desired controller update period (0.01 s) is slower than the gazebo simulation period (0.001 s).
[gzserver-1] [INFO] [1781121844.635710192] [gazebo_ros2_control]: Loaded gazebo_ros2_control.
[gzserver-1] [INFO] [1781121844.691491706] [controller_manager]: Loading controller 'joint_state_broadcaster'
[spawner-3] [INFO] [1781121844.716953019] [spawner_joint_state_broadcaster]: [94mLoaded [1mjoint_state_broadcaster[0m
[gzserver-1] [INFO] [1781121844.718686479] [controller_manager]: Configuring controller 'joint_state_broadcaster'
[gzserver-1] [INFO] [1781121844.719015246] [joint_state_broadcaster]: 'joints' or 'interfaces' parameter is empty. All available state interfaces will be published
[spawner-3] [INFO] [1781121844.757784614] [spawner_joint_state_broadcaster]: [92mConfigured and activated [1mjoint_state_broadcaster[0m
[gzserver-1] [INFO] [1781121844.864488070] [controller_manager]: Loading controller 'velocity_controller'
[spawner-4] [INFO] [1781121844.890544433] [spawner_velocity_controller]: [94mLoaded [1mvelocity_controller[0m
[gzserver-1] [INFO] [1781121844.891639234] [controller_manager]: Configuring controller 'velocity_controller'
[gzserver-1] [INFO] [1781121844.893178899] [velocity_controller]: configure successful
[INFO] [spawner-3]: process has finished cleanly [pid 14504]
[gzserver-1] [INFO] [1781121844.910243761] [velocity_controller]: activate successful
[spawner-4] [INFO] [1781121844.921088708] [spawner_velocity_controller]: [92mConfigured and activated [1mvelocity_controller[0m
[INFO] [spawner-4]: process has finished cleanly [pid 14506]
[gzserver-1] [0m[1;32m[0m[1;32m[0m[1;32m[Msg] [0m[1;32mLoading world file [[0m[1;32m/usr/share/gazebo-11/worlds/empty.world[0m[1;32m][0m[1;32m
