[0.253s] DEBUG:colcon:Command line arguments: ['/usr/bin/colcon', 'build', '--packages-select', 'ros_esc_interfaces']
[0.253s] DEBUG:colcon:Parsed command line arguments: Namespace(log_base=None, log_level=None, verb_name='build', build_base='build', install_base='install', merge_install=False, symlink_install=False, test_result_base=None, continue_on_error=False, executor='parallel', parallel_workers=12, event_handlers=None, ignore_user_meta=False, metas=['./colcon.meta'], base_paths=['.'], packages_ignore=None, packages_ignore_regex=None, paths=None, packages_up_to=None, packages_up_to_regex=None, packages_above=None, packages_above_and_dependencies=None, packages_above_depth=None, packages_select_by_dep=None, packages_skip_by_dep=None, packages_skip_up_to=None, packages_select_build_failed=False, packages_skip_build_finished=False, packages_select_test_failures=False, packages_skip_test_passed=False, packages_select=['ros_esc_interfaces'], packages_skip=None, packages_select_regex=None, packages_skip_regex=None, packages_start=None, packages_end=None, allow_overriding=[], cmake_args=None, cmake_target=None, cmake_target_skip_unavailable=False, cmake_clean_cache=False, cmake_clean_first=False, cmake_force_configure=False, ament_cmake_args=None, catkin_cmake_args=None, catkin_skip_building_tests=False, mixin_files=None, mixin=None, verb_parser=<colcon_mixin.mixin.mixin_argument.MixinArgumentDecorator object at 0x7bc40b5865c0>, verb_extension=<colcon_core.verb.build.BuildVerb object at 0x7bc40b586110>, main=<bound method BuildVerb.main of <colcon_core.verb.build.BuildVerb object at 0x7bc40b586110>>, mixin_verb=('build',))
[0.406s] Level 1:colcon.colcon_core.package_discovery:discover_packages(colcon_meta) check parameters
[0.406s] Level 1:colcon.colcon_core.package_discovery:discover_packages(recursive) check parameters
[0.406s] Level 1:colcon.colcon_core.package_discovery:discover_packages(ignore) check parameters
[0.406s] Level 1:colcon.colcon_core.package_discovery:discover_packages(path) check parameters
[0.406s] Level 1:colcon.colcon_core.package_discovery:discover_packages(colcon_meta) discover
[0.406s] Level 1:colcon.colcon_core.package_discovery:discover_packages(recursive) discover
[0.406s] INFO:colcon.colcon_core.package_discovery:Crawling recursively for packages in '/home/mattb/ros2_ws'
[0.406s] Level 1:colcon.colcon_core.package_identification:_identify(.) by extensions ['ignore', 'ignore_ament_install']
[0.406s] Level 1:colcon.colcon_core.package_identification:_identify(.) by extension 'ignore'
[0.406s] Level 1:colcon.colcon_core.package_identification:_identify(.) by extension 'ignore_ament_install'
[0.406s] Level 1:colcon.colcon_core.package_identification:_identify(.) by extensions ['colcon_pkg']
[0.406s] Level 1:colcon.colcon_core.package_identification:_identify(.) by extension 'colcon_pkg'
[0.406s] Level 1:colcon.colcon_core.package_identification:_identify(.) by extensions ['colcon_meta']
[0.406s] Level 1:colcon.colcon_core.package_identification:_identify(.) by extension 'colcon_meta'
[0.406s] Level 1:colcon.colcon_core.package_identification:_identify(.) by extensions ['ros']
[0.406s] Level 1:colcon.colcon_core.package_identification:_identify(.) by extension 'ros'
[0.422s] Level 1:colcon.colcon_core.package_identification:_identify(.) by extensions ['cmake', 'python']
[0.422s] Level 1:colcon.colcon_core.package_identification:_identify(.) by extension 'cmake'
[0.422s] Level 1:colcon.colcon_core.package_identification:_identify(.) by extension 'python'
[0.422s] Level 1:colcon.colcon_core.package_identification:_identify(.) by extensions ['python_setup_py']
[0.422s] Level 1:colcon.colcon_core.package_identification:_identify(.) by extension 'python_setup_py'
[0.422s] Level 1:colcon.colcon_core.package_identification:_identify(build) by extensions ['ignore', 'ignore_ament_install']
[0.422s] Level 1:colcon.colcon_core.package_identification:_identify(build) by extension 'ignore'
[0.422s] Level 1:colcon.colcon_core.package_identification:_identify(build) ignored
[0.422s] Level 1:colcon.colcon_core.package_identification:_identify(install) by extensions ['ignore', 'ignore_ament_install']
[0.422s] Level 1:colcon.colcon_core.package_identification:_identify(install) by extension 'ignore'
[0.422s] Level 1:colcon.colcon_core.package_identification:_identify(install) ignored
[0.423s] Level 1:colcon.colcon_core.package_identification:_identify(log) by extensions ['ignore', 'ignore_ament_install']
[0.423s] Level 1:colcon.colcon_core.package_identification:_identify(log) by extension 'ignore'
[0.423s] Level 1:colcon.colcon_core.package_identification:_identify(log) ignored
[0.423s] Level 1:colcon.colcon_core.package_identification:_identify(src) by extensions ['ignore', 'ignore_ament_install']
[0.423s] Level 1:colcon.colcon_core.package_identification:_identify(src) by extension 'ignore'
[0.423s] Level 1:colcon.colcon_core.package_identification:_identify(src) by extension 'ignore_ament_install'
[0.423s] Level 1:colcon.colcon_core.package_identification:_identify(src) by extensions ['colcon_pkg']
[0.423s] Level 1:colcon.colcon_core.package_identification:_identify(src) by extension 'colcon_pkg'
[0.423s] Level 1:colcon.colcon_core.package_identification:_identify(src) by extensions ['colcon_meta']
[0.423s] Level 1:colcon.colcon_core.package_identification:_identify(src) by extension 'colcon_meta'
[0.423s] Level 1:colcon.colcon_core.package_identification:_identify(src) by extensions ['ros']
[0.423s] Level 1:colcon.colcon_core.package_identification:_identify(src) by extension 'ros'
[0.423s] Level 1:colcon.colcon_core.package_identification:_identify(src) by extensions ['cmake', 'python']
[0.423s] Level 1:colcon.colcon_core.package_identification:_identify(src) by extension 'cmake'
[0.423s] Level 1:colcon.colcon_core.package_identification:_identify(src) by extension 'python'
[0.423s] Level 1:colcon.colcon_core.package_identification:_identify(src) by extensions ['python_setup_py']
[0.423s] Level 1:colcon.colcon_core.package_identification:_identify(src) by extension 'python_setup_py'
[0.423s] Level 1:colcon.colcon_core.package_identification:_identify(src/ros-esc) by extensions ['ignore', 'ignore_ament_install']
[0.423s] Level 1:colcon.colcon_core.package_identification:_identify(src/ros-esc) by extension 'ignore'
[0.423s] Level 1:colcon.colcon_core.package_identification:_identify(src/ros-esc) by extension 'ignore_ament_install'
[0.423s] Level 1:colcon.colcon_core.package_identification:_identify(src/ros-esc) by extensions ['colcon_pkg']
[0.423s] Level 1:colcon.colcon_core.package_identification:_identify(src/ros-esc) by extension 'colcon_pkg'
[0.423s] Level 1:colcon.colcon_core.package_identification:_identify(src/ros-esc) by extensions ['colcon_meta']
[0.424s] Level 1:colcon.colcon_core.package_identification:_identify(src/ros-esc) by extension 'colcon_meta'
[0.424s] Level 1:colcon.colcon_core.package_identification:_identify(src/ros-esc) by extensions ['ros']
[0.424s] Level 1:colcon.colcon_core.package_identification:_identify(src/ros-esc) by extension 'ros'
[0.425s] DEBUG:colcon.colcon_core.package_identification:Package 'src/ros-esc' with type 'ros.ament_python' and name 'ros_esc'
[0.426s] Level 1:colcon.colcon_core.package_identification:_identify(src/ros_esc_interfaces) by extensions ['ignore', 'ignore_ament_install']
[0.426s] Level 1:colcon.colcon_core.package_identification:_identify(src/ros_esc_interfaces) by extension 'ignore'
[0.426s] Level 1:colcon.colcon_core.package_identification:_identify(src/ros_esc_interfaces) by extension 'ignore_ament_install'
[0.426s] Level 1:colcon.colcon_core.package_identification:_identify(src/ros_esc_interfaces) by extensions ['colcon_pkg']
[0.426s] Level 1:colcon.colcon_core.package_identification:_identify(src/ros_esc_interfaces) by extension 'colcon_pkg'
[0.426s] Level 1:colcon.colcon_core.package_identification:_identify(src/ros_esc_interfaces) by extensions ['colcon_meta']
[0.426s] Level 1:colcon.colcon_core.package_identification:_identify(src/ros_esc_interfaces) by extension 'colcon_meta'
[0.426s] Level 1:colcon.colcon_core.package_identification:_identify(src/ros_esc_interfaces) by extensions ['ros']
[0.426s] Level 1:colcon.colcon_core.package_identification:_identify(src/ros_esc_interfaces) by extension 'ros'
[0.426s] DEBUG:colcon.colcon_core.package_identification:Package 'src/ros_esc_interfaces' with type 'ros.ament_cmake' and name 'ros_esc_interfaces'
[0.427s] Level 1:colcon.colcon_core.package_identification:_identify(src/turtlebot3_rotating_sensor) by extensions ['ignore', 'ignore_ament_install']
[0.427s] Level 1:colcon.colcon_core.package_identification:_identify(src/turtlebot3_rotating_sensor) by extension 'ignore'
[0.427s] Level 1:colcon.colcon_core.package_identification:_identify(src/turtlebot3_rotating_sensor) by extension 'ignore_ament_install'
[0.427s] Level 1:colcon.colcon_core.package_identification:_identify(src/turtlebot3_rotating_sensor) by extensions ['colcon_pkg']
[0.427s] Level 1:colcon.colcon_core.package_identification:_identify(src/turtlebot3_rotating_sensor) by extension 'colcon_pkg'
[0.427s] Level 1:colcon.colcon_core.package_identification:_identify(src/turtlebot3_rotating_sensor) by extensions ['colcon_meta']
[0.427s] Level 1:colcon.colcon_core.package_identification:_identify(src/turtlebot3_rotating_sensor) by extension 'colcon_meta'
[0.427s] Level 1:colcon.colcon_core.package_identification:_identify(src/turtlebot3_rotating_sensor) by extensions ['ros']
[0.427s] Level 1:colcon.colcon_core.package_identification:_identify(src/turtlebot3_rotating_sensor) by extension 'ros'
[0.428s] DEBUG:colcon.colcon_core.package_identification:Package 'src/turtlebot3_rotating_sensor' with type 'ros.ament_cmake' and name 'turtlebot3_rotating_sensor'
[0.428s] Level 1:colcon.colcon_core.package_discovery:discover_packages(recursive) using defaults
[0.428s] Level 1:colcon.colcon_core.package_discovery:discover_packages(ignore) discover
[0.428s] Level 1:colcon.colcon_core.package_discovery:discover_packages(ignore) using defaults
[0.428s] Level 1:colcon.colcon_core.package_discovery:discover_packages(path) discover
[0.428s] Level 1:colcon.colcon_core.package_discovery:discover_packages(path) using defaults
[0.452s] INFO:colcon.colcon_core.package_selection:Skipping not selected package 'ros_esc' in 'src/ros-esc'
[0.452s] INFO:colcon.colcon_core.package_selection:Skipping not selected package 'turtlebot3_rotating_sensor' in 'src/turtlebot3_rotating_sensor'
[0.452s] Level 1:colcon.colcon_core.package_discovery:discover_packages(prefix_path) check parameters
[0.452s] Level 1:colcon.colcon_core.package_discovery:discover_packages(prefix_path) discover
[0.458s] DEBUG:colcon.colcon_installed_package_information.package_discovery:Found 278 installed packages in /opt/ros/humble
[0.460s] Level 1:colcon.colcon_core.package_discovery:discover_packages(prefix_path) using defaults
[0.492s] Level 5:colcon.colcon_core.verb:set package 'ros_esc_interfaces' build argument 'cmake_args' from command line to 'None'
[0.492s] Level 5:colcon.colcon_core.verb:set package 'ros_esc_interfaces' build argument 'cmake_target' from command line to 'None'
[0.492s] Level 5:colcon.colcon_core.verb:set package 'ros_esc_interfaces' build argument 'cmake_target_skip_unavailable' from command line to 'False'
[0.492s] Level 5:colcon.colcon_core.verb:set package 'ros_esc_interfaces' build argument 'cmake_clean_cache' from command line to 'False'
[0.492s] Level 5:colcon.colcon_core.verb:set package 'ros_esc_interfaces' build argument 'cmake_clean_first' from command line to 'False'
[0.492s] Level 5:colcon.colcon_core.verb:set package 'ros_esc_interfaces' build argument 'cmake_force_configure' from command line to 'False'
[0.492s] Level 5:colcon.colcon_core.verb:set package 'ros_esc_interfaces' build argument 'ament_cmake_args' from command line to 'None'
[0.492s] Level 5:colcon.colcon_core.verb:set package 'ros_esc_interfaces' build argument 'catkin_cmake_args' from command line to 'None'
[0.493s] Level 5:colcon.colcon_core.verb:set package 'ros_esc_interfaces' build argument 'catkin_skip_building_tests' from command line to 'False'
[0.493s] DEBUG:colcon.colcon_core.verb:Building package 'ros_esc_interfaces' with the following arguments: {'ament_cmake_args': None, 'build_base': '/home/mattb/ros2_ws/build/ros_esc_interfaces', 'catkin_cmake_args': None, 'catkin_skip_building_tests': False, 'cmake_args': None, 'cmake_clean_cache': False, 'cmake_clean_first': False, 'cmake_force_configure': False, 'cmake_target': None, 'cmake_target_skip_unavailable': False, 'install_base': '/home/mattb/ros2_ws/install/ros_esc_interfaces', 'merge_install': False, 'path': '/home/mattb/ros2_ws/src/ros_esc_interfaces', 'symlink_install': False, 'test_result_base': None}
[0.493s] INFO:colcon.colcon_core.executor:Executing jobs using 'parallel' executor
[0.493s] DEBUG:colcon.colcon_parallel_executor.executor.parallel:run_until_complete
[0.494s] INFO:colcon.colcon_ros.task.ament_cmake.build:Building ROS package in '/home/mattb/ros2_ws/src/ros_esc_interfaces' with build type 'ament_cmake'
[0.494s] INFO:colcon.colcon_cmake.task.cmake.build:Building CMake package in '/home/mattb/ros2_ws/src/ros_esc_interfaces'
[0.499s] INFO:colcon.colcon_core.plugin_system:Skipping extension 'colcon_core.shell.bat': Not used on non-Windows systems
[0.499s] INFO:colcon.colcon_core.shell:Skip shell extension 'powershell' for command environment: Not usable outside of PowerShell
[0.500s] DEBUG:colcon.colcon_core.shell:Skip shell extension 'dsv' for command environment
[0.508s] DEBUG:colcon.colcon_core.event_handler.log_command:Invoking command in '/home/mattb/ros2_ws/build/ros_esc_interfaces': CMAKE_PREFIX_PATH=/opt/ros/humble /usr/bin/cmake /home/mattb/ros2_ws/src/ros_esc_interfaces -DCMAKE_INSTALL_PREFIX=/home/mattb/ros2_ws/install/ros_esc_interfaces
[2.386s] DEBUG:colcon.colcon_core.event_handler.log_command:Invoked command in '/home/mattb/ros2_ws/build/ros_esc_interfaces' returned '0': CMAKE_PREFIX_PATH=/opt/ros/humble /usr/bin/cmake /home/mattb/ros2_ws/src/ros_esc_interfaces -DCMAKE_INSTALL_PREFIX=/home/mattb/ros2_ws/install/ros_esc_interfaces
[2.387s] DEBUG:colcon.colcon_core.event_handler.log_command:Invoking command in '/home/mattb/ros2_ws/build/ros_esc_interfaces': CMAKE_PREFIX_PATH=/opt/ros/humble /usr/bin/cmake --build /home/mattb/ros2_ws/build/ros_esc_interfaces -- -j12 -l12
[6.271s] DEBUG:colcon.colcon_core.event_handler.log_command:Invoked command in '/home/mattb/ros2_ws/build/ros_esc_interfaces' returned '0': CMAKE_PREFIX_PATH=/opt/ros/humble /usr/bin/cmake --build /home/mattb/ros2_ws/build/ros_esc_interfaces -- -j12 -l12
[6.279s] DEBUG:colcon.colcon_core.event_handler.log_command:Invoking command in '/home/mattb/ros2_ws/build/ros_esc_interfaces': CMAKE_PREFIX_PATH=/opt/ros/humble /usr/bin/cmake --install /home/mattb/ros2_ws/build/ros_esc_interfaces
[6.352s] Level 1:colcon.colcon_core.environment:create_environment_scripts_only(ros_esc_interfaces)
[6.352s] DEBUG:colcon.colcon_core.event_handler.log_command:Invoked command in '/home/mattb/ros2_ws/build/ros_esc_interfaces' returned '0': CMAKE_PREFIX_PATH=/opt/ros/humble /usr/bin/cmake --install /home/mattb/ros2_ws/build/ros_esc_interfaces
[6.360s] Level 1:colcon.colcon_core.environment:checking '/home/mattb/ros2_ws/install/ros_esc_interfaces' for CMake module files
[6.361s] Level 1:colcon.colcon_core.environment:checking '/home/mattb/ros2_ws/install/ros_esc_interfaces' for CMake config files
[6.362s] Level 1:colcon.colcon_core.shell:create_environment_hook('ros_esc_interfaces', 'cmake_prefix_path')
[6.362s] INFO:colcon.colcon_core.shell:Creating environment hook '/home/mattb/ros2_ws/install/ros_esc_interfaces/share/ros_esc_interfaces/hook/cmake_prefix_path.ps1'
[6.363s] INFO:colcon.colcon_core.shell:Creating environment descriptor '/home/mattb/ros2_ws/install/ros_esc_interfaces/share/ros_esc_interfaces/hook/cmake_prefix_path.dsv'
[6.364s] INFO:colcon.colcon_core.shell:Creating environment hook '/home/mattb/ros2_ws/install/ros_esc_interfaces/share/ros_esc_interfaces/hook/cmake_prefix_path.sh'
[6.365s] Level 1:colcon.colcon_core.environment:checking '/home/mattb/ros2_ws/install/ros_esc_interfaces/lib'
[6.365s] Level 1:colcon.colcon_core.shell:create_environment_hook('ros_esc_interfaces', 'ld_library_path_lib')
[6.365s] INFO:colcon.colcon_core.shell:Creating environment hook '/home/mattb/ros2_ws/install/ros_esc_interfaces/share/ros_esc_interfaces/hook/ld_library_path_lib.ps1'
[6.365s] INFO:colcon.colcon_core.shell:Creating environment descriptor '/home/mattb/ros2_ws/install/ros_esc_interfaces/share/ros_esc_interfaces/hook/ld_library_path_lib.dsv'
[6.366s] INFO:colcon.colcon_core.shell:Creating environment hook '/home/mattb/ros2_ws/install/ros_esc_interfaces/share/ros_esc_interfaces/hook/ld_library_path_lib.sh'
[6.366s] Level 1:colcon.colcon_core.environment:checking '/home/mattb/ros2_ws/install/ros_esc_interfaces/bin'
[6.366s] Level 1:colcon.colcon_core.environment:checking '/home/mattb/ros2_ws/install/ros_esc_interfaces/lib/pkgconfig/ros_esc_interfaces.pc'
[6.366s] Level 1:colcon.colcon_core.environment:checking '/home/mattb/ros2_ws/install/ros_esc_interfaces/lib/python3.10/site-packages'
[6.366s] Level 1:colcon.colcon_core.environment:checking '/home/mattb/ros2_ws/install/ros_esc_interfaces/bin'
[6.367s] INFO:colcon.colcon_core.shell:Creating package script '/home/mattb/ros2_ws/install/ros_esc_interfaces/share/ros_esc_interfaces/package.ps1'
[6.368s] INFO:colcon.colcon_core.shell:Creating package descriptor '/home/mattb/ros2_ws/install/ros_esc_interfaces/share/ros_esc_interfaces/package.dsv'
[6.369s] INFO:colcon.colcon_core.shell:Creating package script '/home/mattb/ros2_ws/install/ros_esc_interfaces/share/ros_esc_interfaces/package.sh'
[6.370s] INFO:colcon.colcon_core.shell:Creating package script '/home/mattb/ros2_ws/install/ros_esc_interfaces/share/ros_esc_interfaces/package.bash'
[6.371s] INFO:colcon.colcon_core.shell:Creating package script '/home/mattb/ros2_ws/install/ros_esc_interfaces/share/ros_esc_interfaces/package.zsh'
[6.372s] Level 1:colcon.colcon_core.environment:create_file_with_runtime_dependencies(/home/mattb/ros2_ws/install/ros_esc_interfaces/share/colcon-core/packages/ros_esc_interfaces)
[6.373s] Level 1:colcon.colcon_core.environment:create_environment_scripts_only(ros_esc_interfaces)
[6.373s] Level 1:colcon.colcon_core.environment:checking '/home/mattb/ros2_ws/install/ros_esc_interfaces' for CMake module files
[6.373s] Level 1:colcon.colcon_core.environment:checking '/home/mattb/ros2_ws/install/ros_esc_interfaces' for CMake config files
[6.374s] Level 1:colcon.colcon_core.shell:create_environment_hook('ros_esc_interfaces', 'cmake_prefix_path')
[6.374s] INFO:colcon.colcon_core.shell:Creating environment hook '/home/mattb/ros2_ws/install/ros_esc_interfaces/share/ros_esc_interfaces/hook/cmake_prefix_path.ps1'
[6.374s] INFO:colcon.colcon_core.shell:Creating environment descriptor '/home/mattb/ros2_ws/install/ros_esc_interfaces/share/ros_esc_interfaces/hook/cmake_prefix_path.dsv'
[6.375s] INFO:colcon.colcon_core.shell:Creating environment hook '/home/mattb/ros2_ws/install/ros_esc_interfaces/share/ros_esc_interfaces/hook/cmake_prefix_path.sh'
[6.375s] Level 1:colcon.colcon_core.environment:checking '/home/mattb/ros2_ws/install/ros_esc_interfaces/lib'
[6.375s] Level 1:colcon.colcon_core.shell:create_environment_hook('ros_esc_interfaces', 'ld_library_path_lib')
[6.375s] INFO:colcon.colcon_core.shell:Creating environment hook '/home/mattb/ros2_ws/install/ros_esc_interfaces/share/ros_esc_interfaces/hook/ld_library_path_lib.ps1'
[6.376s] INFO:colcon.colcon_core.shell:Creating environment descriptor '/home/mattb/ros2_ws/install/ros_esc_interfaces/share/ros_esc_interfaces/hook/ld_library_path_lib.dsv'
[6.376s] INFO:colcon.colcon_core.shell:Creating environment hook '/home/mattb/ros2_ws/install/ros_esc_interfaces/share/ros_esc_interfaces/hook/ld_library_path_lib.sh'
[6.376s] Level 1:colcon.colcon_core.environment:checking '/home/mattb/ros2_ws/install/ros_esc_interfaces/bin'
[6.376s] Level 1:colcon.colcon_core.environment:checking '/home/mattb/ros2_ws/install/ros_esc_interfaces/lib/pkgconfig/ros_esc_interfaces.pc'
[6.377s] Level 1:colcon.colcon_core.environment:checking '/home/mattb/ros2_ws/install/ros_esc_interfaces/lib/python3.10/site-packages'
[6.377s] Level 1:colcon.colcon_core.environment:checking '/home/mattb/ros2_ws/install/ros_esc_interfaces/bin'
[6.377s] INFO:colcon.colcon_core.shell:Creating package script '/home/mattb/ros2_ws/install/ros_esc_interfaces/share/ros_esc_interfaces/package.ps1'
[6.378s] INFO:colcon.colcon_core.shell:Creating package descriptor '/home/mattb/ros2_ws/install/ros_esc_interfaces/share/ros_esc_interfaces/package.dsv'
[6.378s] INFO:colcon.colcon_core.shell:Creating package script '/home/mattb/ros2_ws/install/ros_esc_interfaces/share/ros_esc_interfaces/package.sh'
[6.378s] INFO:colcon.colcon_core.shell:Creating package script '/home/mattb/ros2_ws/install/ros_esc_interfaces/share/ros_esc_interfaces/package.bash'
[6.379s] INFO:colcon.colcon_core.shell:Creating package script '/home/mattb/ros2_ws/install/ros_esc_interfaces/share/ros_esc_interfaces/package.zsh'
[6.379s] Level 1:colcon.colcon_core.environment:create_file_with_runtime_dependencies(/home/mattb/ros2_ws/install/ros_esc_interfaces/share/colcon-core/packages/ros_esc_interfaces)
[6.379s] DEBUG:colcon.colcon_parallel_executor.executor.parallel:closing loop
[6.379s] DEBUG:colcon.colcon_parallel_executor.executor.parallel:loop closed
[6.379s] DEBUG:colcon.colcon_parallel_executor.executor.parallel:run_until_complete finished with '0'
[6.380s] DEBUG:colcon.colcon_core.event_reactor:joining thread
[6.385s] INFO:colcon.colcon_core.plugin_system:Skipping extension 'colcon_notification.desktop_notification.terminal_notifier': Not used on non-Darwin systems
[6.385s] INFO:colcon.colcon_core.plugin_system:Skipping extension 'colcon_notification.desktop_notification.win32': Not used on non-Windows systems
[6.385s] INFO:colcon.colcon_notification.desktop_notification:Sending desktop notification using 'notify2'
[6.399s] DEBUG:colcon.colcon_core.event_reactor:joined thread
[6.400s] INFO:colcon.colcon_core.shell:Creating prefix script '/home/mattb/ros2_ws/install/local_setup.ps1'
[6.401s] INFO:colcon.colcon_core.shell:Creating prefix util module '/home/mattb/ros2_ws/install/_local_setup_util_ps1.py'
[6.402s] INFO:colcon.colcon_core.shell:Creating prefix chain script '/home/mattb/ros2_ws/install/setup.ps1'
[6.403s] INFO:colcon.colcon_core.shell:Creating prefix script '/home/mattb/ros2_ws/install/local_setup.sh'
[6.405s] INFO:colcon.colcon_core.shell:Creating prefix util module '/home/mattb/ros2_ws/install/_local_setup_util_sh.py'
[6.406s] INFO:colcon.colcon_core.shell:Creating prefix chain script '/home/mattb/ros2_ws/install/setup.sh'
[6.407s] INFO:colcon.colcon_core.shell:Creating prefix script '/home/mattb/ros2_ws/install/local_setup.bash'
[6.408s] INFO:colcon.colcon_core.shell:Creating prefix chain script '/home/mattb/ros2_ws/install/setup.bash'
[6.409s] INFO:colcon.colcon_core.shell:Creating prefix script '/home/mattb/ros2_ws/install/local_setup.zsh'
[6.409s] INFO:colcon.colcon_core.shell:Creating prefix chain script '/home/mattb/ros2_ws/install/setup.zsh'
