[0.267s] Invoking command in '/home/mattb/ros2_ws/build/ros_esc_interfaces': CMAKE_PREFIX_PATH=/opt/ros/humble /usr/bin/cmake --build /home/mattb/ros2_ws/build/ros_esc_interfaces -- -j12 -l12
[0.324s] -- Found ament_cmake: 1.3.12 (/opt/ros/humble/share/ament_cmake/cmake)
[0.463s] -- Found geometry_msgs: 4.9.0 (/opt/ros/humble/share/geometry_msgs/cmake)
[0.502s] -- Found rosidl_generator_c: 3.1.7 (/opt/ros/humble/share/rosidl_generator_c/cmake)
[0.507s] -- Found rosidl_adapter: 3.1.7 (/opt/ros/humble/share/rosidl_adapter/cmake)
[0.519s] -- Found rosidl_generator_cpp: 3.1.7 (/opt/ros/humble/share/rosidl_generator_cpp/cmake)
[0.536s] -- Using all available rosidl_typesupport_c: rosidl_typesupport_fastrtps_c;rosidl_typesupport_introspection_c
[0.552s] -- Using all available rosidl_typesupport_cpp: rosidl_typesupport_fastrtps_cpp;rosidl_typesupport_introspection_cpp
[0.611s] -- Found rclpy: 3.3.19 (/opt/ros/humble/share/rclpy/cmake)
[0.613s] -- Found rosidl_default_generators: 1.2.0 (/opt/ros/humble/share/rosidl_default_generators/cmake)
[0.937s] -- Found ament_cmake_ros: 0.10.0 (/opt/ros/humble/share/ament_cmake_ros/cmake)
[1.327s] -- Using all available rosidl_typesupport_c: rosidl_typesupport_fastrtps_c;rosidl_typesupport_introspection_c
[1.474s] -- Using all available rosidl_typesupport_cpp: rosidl_typesupport_fastrtps_cpp;rosidl_typesupport_introspection_cpp
[1.495s] -- Found python_cmake_module: 0.10.0 (/opt/ros/humble/share/python_cmake_module/cmake)
[1.516s] -- Using PYTHON_EXECUTABLE: /usr/bin/python3
[1.517s] -- Using PYTHON_INCLUDE_DIRS: /usr/include/python3.10
[1.517s] -- Using PYTHON_LIBRARIES: /usr/lib/x86_64-linux-gnu/libpython3.10.so
[1.553s] -- Found ament_lint_auto: 0.12.14 (/opt/ros/humble/share/ament_lint_auto/cmake)
[1.576s] -- Added test 'lint_cmake' to check CMake code style
[1.577s] -- Added test 'xmllint' to check XML markup files
[1.581s] -- Configuring done
[1.651s] -- Generating done
[1.663s] -- Build files have been written to: /home/mattb/ros2_ws/build/ros_esc_interfaces
[1.688s] [35m[1mConsolidate compiler generated dependencies of target ros_esc_interfaces__rosidl_generator_c[0m
[1.697s] [  1%] Built target ros_esc_interfaces__cpp
[1.710s] [35m[1mConsolidate compiler generated dependencies of target ros_esc_interfaces__rosidl_typesupport_cpp[0m
[1.710s] [ 12%] Built target ros_esc_interfaces__rosidl_generator_c
[1.710s] [35m[1mConsolidate compiler generated dependencies of target ros_esc_interfaces__rosidl_typesupport_fastrtps_cpp[0m
[1.711s] [35m[1mConsolidate compiler generated dependencies of target ros_esc_interfaces__rosidl_typesupport_introspection_cpp[0m
[1.712s] [ 12%] Built target ament_cmake_python_copy_ros_esc_interfaces
[1.724s] [35m[1mConsolidate compiler generated dependencies of target ros_esc_interfaces__rosidl_typesupport_c[0m
[1.726s] [35m[1mConsolidate compiler generated dependencies of target ros_esc_interfaces__rosidl_typesupport_introspection_c[0m
[1.727s] [35m[1mConsolidate compiler generated dependencies of target ros_esc_interfaces__rosidl_typesupport_fastrtps_c[0m
[1.739s] [ 31%] Built target ros_esc_interfaces__rosidl_typesupport_fastrtps_cpp
[1.739s] [ 36%] Built target ros_esc_interfaces__rosidl_typesupport_cpp
[1.739s] [ 49%] Built target ros_esc_interfaces__rosidl_typesupport_introspection_cpp
[1.739s] [ 57%] Built target ros_esc_interfaces__rosidl_typesupport_c
[1.745s] [ 68%] Built target ros_esc_interfaces__rosidl_typesupport_introspection_c
[1.749s] [ 79%] Built target ros_esc_interfaces__rosidl_typesupport_fastrtps_c
[1.769s] [ 79%] Built target ros_esc_interfaces
[1.790s] [ 80%] Built target ros_esc_interfaces__py
[1.804s] [35m[1mConsolidate compiler generated dependencies of target ros_esc_interfaces__rosidl_generator_py[0m
[1.823s] [ 90%] Built target ros_esc_interfaces__rosidl_generator_py
[1.834s] [35m[1mConsolidate compiler generated dependencies of target ros_esc_interfaces__rosidl_typesupport_fastrtps_c__pyext[0m
[1.834s] [35m[1mConsolidate compiler generated dependencies of target ros_esc_interfaces__rosidl_typesupport_introspection_c__pyext[0m
[1.834s] [35m[1mConsolidate compiler generated dependencies of target ros_esc_interfaces__rosidl_typesupport_c__pyext[0m
[1.846s] [ 96%] Built target ros_esc_interfaces__rosidl_typesupport_introspection_c__pyext
[1.846s] [ 98%] Built target ros_esc_interfaces__rosidl_typesupport_fastrtps_c__pyext
[1.846s] [100%] Built target ros_esc_interfaces__rosidl_typesupport_c__pyext
[1.992s] running egg_info
[1.993s] writing ros_esc_interfaces.egg-info/PKG-INFO
[1.993s] writing dependency_links to ros_esc_interfaces.egg-info/dependency_links.txt
[1.993s] writing top-level names to ros_esc_interfaces.egg-info/top_level.txt
[1.995s] reading manifest file 'ros_esc_interfaces.egg-info/SOURCES.txt'
[1.996s] writing manifest file 'ros_esc_interfaces.egg-info/SOURCES.txt'
[2.018s] [100%] Built target ament_cmake_python_build_ros_esc_interfaces_egg
[2.029s] Invoked command in '/home/mattb/ros2_ws/build/ros_esc_interfaces' returned '0': CMAKE_PREFIX_PATH=/opt/ros/humble /usr/bin/cmake --build /home/mattb/ros2_ws/build/ros_esc_interfaces -- -j12 -l12
[2.030s] Invoking command in '/home/mattb/ros2_ws/build/ros_esc_interfaces': CMAKE_PREFIX_PATH=/opt/ros/humble /usr/bin/cmake --install /home/mattb/ros2_ws/build/ros_esc_interfaces
[2.038s] -- Install configuration: ""
[2.038s] -- Up-to-date: /home/mattb/ros2_ws/install/ros_esc_interfaces/share/ament_index/resource_index/rosidl_interfaces/ros_esc_interfaces
[2.038s] -- Up-to-date: /home/mattb/ros2_ws/install/ros_esc_interfaces/include/ros_esc_interfaces/ros_esc_interfaces
[2.038s] -- Up-to-date: /home/mattb/ros2_ws/install/ros_esc_interfaces/include/ros_esc_interfaces/ros_esc_interfaces/msg
[2.038s] -- Up-to-date: /home/mattb/ros2_ws/install/ros_esc_interfaces/include/ros_esc_interfaces/ros_esc_interfaces/msg/stamped_float64_multi_array.h
[2.038s] -- Up-to-date: /home/mattb/ros2_ws/install/ros_esc_interfaces/include/ros_esc_interfaces/ros_esc_interfaces/msg/rosidl_generator_c__visibility_control.h
[2.039s] -- Up-to-date: /home/mattb/ros2_ws/install/ros_esc_interfaces/include/ros_esc_interfaces/ros_esc_interfaces/msg/stamped_string.h
[2.039s] -- Up-to-date: /home/mattb/ros2_ws/install/ros_esc_interfaces/include/ros_esc_interfaces/ros_esc_interfaces/msg/stamped_transform_multi_array.h
[2.039s] -- Up-to-date: /home/mattb/ros2_ws/install/ros_esc_interfaces/include/ros_esc_interfaces/ros_esc_interfaces/msg/stamped_float64.h
[2.039s] -- Up-to-date: /home/mattb/ros2_ws/install/ros_esc_interfaces/include/ros_esc_interfaces/ros_esc_interfaces/msg/timekeeper.h
[2.039s] -- Up-to-date: /home/mattb/ros2_ws/install/ros_esc_interfaces/include/ros_esc_interfaces/ros_esc_interfaces/msg/detail
[2.039s] -- Up-to-date: /home/mattb/ros2_ws/install/ros_esc_interfaces/include/ros_esc_interfaces/ros_esc_interfaces/msg/detail/stamped_transform_multi_array__type_support.h
[2.039s] -- Up-to-date: /home/mattb/ros2_ws/install/ros_esc_interfaces/include/ros_esc_interfaces/ros_esc_interfaces/msg/detail/stamped_string__functions.c
[2.039s] -- Up-to-date: /home/mattb/ros2_ws/install/ros_esc_interfaces/include/ros_esc_interfaces/ros_esc_interfaces/msg/detail/stamped_float64_multi_array__struct.h
[2.039s] -- Up-to-date: /home/mattb/ros2_ws/install/ros_esc_interfaces/include/ros_esc_interfaces/ros_esc_interfaces/msg/detail/stamped_float64_multi_array__type_support.h
[2.040s] -- Up-to-date: /home/mattb/ros2_ws/install/ros_esc_interfaces/include/ros_esc_interfaces/ros_esc_interfaces/msg/detail/timekeeper__struct.h
[2.040s] -- Up-to-date: /home/mattb/ros2_ws/install/ros_esc_interfaces/include/ros_esc_interfaces/ros_esc_interfaces/msg/detail/stamped_transform_multi_array__struct.h
[2.040s] -- Up-to-date: /home/mattb/ros2_ws/install/ros_esc_interfaces/include/ros_esc_interfaces/ros_esc_interfaces/msg/detail/stamped_string__struct.h
[2.040s] -- Up-to-date: /home/mattb/ros2_ws/install/ros_esc_interfaces/include/ros_esc_interfaces/ros_esc_interfaces/msg/detail/timekeeper__functions.h
[2.040s] -- Up-to-date: /home/mattb/ros2_ws/install/ros_esc_interfaces/include/ros_esc_interfaces/ros_esc_interfaces/msg/detail/stamped_string__type_support.h
[2.040s] -- Up-to-date: /home/mattb/ros2_ws/install/ros_esc_interfaces/include/ros_esc_interfaces/ros_esc_interfaces/msg/detail/timekeeper__type_support.h
[2.040s] -- Up-to-date: /home/mattb/ros2_ws/install/ros_esc_interfaces/include/ros_esc_interfaces/ros_esc_interfaces/msg/detail/stamped_float64__type_support.h
[2.040s] -- Up-to-date: /home/mattb/ros2_ws/install/ros_esc_interfaces/include/ros_esc_interfaces/ros_esc_interfaces/msg/detail/stamped_string__functions.h
[2.040s] -- Up-to-date: /home/mattb/ros2_ws/install/ros_esc_interfaces/include/ros_esc_interfaces/ros_esc_interfaces/msg/detail/stamped_transform_multi_array__functions.c
[2.040s] -- Up-to-date: /home/mattb/ros2_ws/install/ros_esc_interfaces/include/ros_esc_interfaces/ros_esc_interfaces/msg/detail/stamped_float64__functions.c
[2.041s] -- Up-to-date: /home/mattb/ros2_ws/install/ros_esc_interfaces/include/ros_esc_interfaces/ros_esc_interfaces/msg/detail/stamped_transform_multi_array__functions.h
[2.041s] -- Up-to-date: /home/mattb/ros2_ws/install/ros_esc_interfaces/include/ros_esc_interfaces/ros_esc_interfaces/msg/detail/stamped_float64_multi_array__functions.c
[2.041s] -- Up-to-date: /home/mattb/ros2_ws/install/ros_esc_interfaces/include/ros_esc_interfaces/ros_esc_interfaces/msg/detail/timekeeper__functions.c
[2.041s] -- Up-to-date: /home/mattb/ros2_ws/install/ros_esc_interfaces/include/ros_esc_interfaces/ros_esc_interfaces/msg/detail/stamped_float64_multi_array__functions.h
[2.041s] -- Up-to-date: /home/mattb/ros2_ws/install/ros_esc_interfaces/include/ros_esc_interfaces/ros_esc_interfaces/msg/detail/stamped_float64__functions.h
[2.041s] -- Up-to-date: /home/mattb/ros2_ws/install/ros_esc_interfaces/include/ros_esc_interfaces/ros_esc_interfaces/msg/detail/stamped_float64__struct.h
[2.041s] -- Up-to-date: /home/mattb/ros2_ws/install/ros_esc_interfaces/share/ros_esc_interfaces/environment/library_path.sh
[2.041s] -- Installing: /home/mattb/ros2_ws/install/ros_esc_interfaces/share/ros_esc_interfaces/environment/library_path.dsv
[2.041s] -- Up-to-date: /home/mattb/ros2_ws/install/ros_esc_interfaces/lib/libros_esc_interfaces__rosidl_generator_c.so
[2.041s] -- Up-to-date: /home/mattb/ros2_ws/install/ros_esc_interfaces/include/ros_esc_interfaces/ros_esc_interfaces
[2.042s] -- Up-to-date: /home/mattb/ros2_ws/install/ros_esc_interfaces/include/ros_esc_interfaces/ros_esc_interfaces/msg
[2.042s] -- Up-to-date: /home/mattb/ros2_ws/install/ros_esc_interfaces/include/ros_esc_interfaces/ros_esc_interfaces/msg/rosidl_typesupport_fastrtps_c__visibility_control.h
[2.042s] -- Up-to-date: /home/mattb/ros2_ws/install/ros_esc_interfaces/include/ros_esc_interfaces/ros_esc_interfaces/msg/detail
[2.042s] -- Up-to-date: /home/mattb/ros2_ws/install/ros_esc_interfaces/include/ros_esc_interfaces/ros_esc_interfaces/msg/detail/stamped_float64_multi_array__rosidl_typesupport_fastrtps_c.h
[2.042s] -- Up-to-date: /home/mattb/ros2_ws/install/ros_esc_interfaces/include/ros_esc_interfaces/ros_esc_interfaces/msg/detail/stamped_string__rosidl_typesupport_fastrtps_c.h
[2.042s] -- Up-to-date: /home/mattb/ros2_ws/install/ros_esc_interfaces/include/ros_esc_interfaces/ros_esc_interfaces/msg/detail/stamped_transform_multi_array__rosidl_typesupport_fastrtps_c.h
[2.042s] -- Up-to-date: /home/mattb/ros2_ws/install/ros_esc_interfaces/include/ros_esc_interfaces/ros_esc_interfaces/msg/detail/timekeeper__rosidl_typesupport_fastrtps_c.h
[2.042s] -- Up-to-date: /home/mattb/ros2_ws/install/ros_esc_interfaces/include/ros_esc_interfaces/ros_esc_interfaces/msg/detail/stamped_float64__rosidl_typesupport_fastrtps_c.h
[2.043s] -- Up-to-date: /home/mattb/ros2_ws/install/ros_esc_interfaces/lib/libros_esc_interfaces__rosidl_typesupport_fastrtps_c.so
[2.043s] -- Up-to-date: /home/mattb/ros2_ws/install/ros_esc_interfaces/include/ros_esc_interfaces/ros_esc_interfaces
[2.043s] -- Up-to-date: /home/mattb/ros2_ws/install/ros_esc_interfaces/include/ros_esc_interfaces/ros_esc_interfaces/msg
[2.043s] -- Up-to-date: /home/mattb/ros2_ws/install/ros_esc_interfaces/include/ros_esc_interfaces/ros_esc_interfaces/msg/stamped_float64_multi_array.hpp
[2.043s] -- Up-to-date: /home/mattb/ros2_ws/install/ros_esc_interfaces/include/ros_esc_interfaces/ros_esc_interfaces/msg/stamped_float64.hpp
[2.043s] -- Up-to-date: /home/mattb/ros2_ws/install/ros_esc_interfaces/include/ros_esc_interfaces/ros_esc_interfaces/msg/detail
[2.043s] -- Up-to-date: /home/mattb/ros2_ws/install/ros_esc_interfaces/include/ros_esc_interfaces/ros_esc_interfaces/msg/detail/stamped_string__builder.hpp
[2.043s] -- Up-to-date: /home/mattb/ros2_ws/install/ros_esc_interfaces/include/ros_esc_interfaces/ros_esc_interfaces/msg/detail/stamped_transform_multi_array__type_support.hpp
[2.043s] -- Up-to-date: /home/mattb/ros2_ws/install/ros_esc_interfaces/include/ros_esc_interfaces/ros_esc_interfaces/msg/detail/stamped_string__struct.hpp
[2.043s] -- Up-to-date: /home/mattb/ros2_ws/install/ros_esc_interfaces/include/ros_esc_interfaces/ros_esc_interfaces/msg/detail/timekeeper__builder.hpp
[2.043s] -- Up-to-date: /home/mattb/ros2_ws/install/ros_esc_interfaces/include/ros_esc_interfaces/ros_esc_interfaces/msg/detail/stamped_transform_multi_array__builder.hpp
[2.044s] -- Up-to-date: /home/mattb/ros2_ws/install/ros_esc_interfaces/include/ros_esc_interfaces/ros_esc_interfaces/msg/detail/stamped_float64_multi_array__traits.hpp
[2.044s] -- Up-to-date: /home/mattb/ros2_ws/install/ros_esc_interfaces/include/ros_esc_interfaces/ros_esc_interfaces/msg/detail/stamped_float64__traits.hpp
[2.044s] -- Up-to-date: /home/mattb/ros2_ws/install/ros_esc_interfaces/include/ros_esc_interfaces/ros_esc_interfaces/msg/detail/stamped_float64__builder.hpp
[2.044s] -- Up-to-date: /home/mattb/ros2_ws/install/ros_esc_interfaces/include/ros_esc_interfaces/ros_esc_interfaces/msg/detail/stamped_string__type_support.hpp
[2.044s] -- Up-to-date: /home/mattb/ros2_ws/install/ros_esc_interfaces/include/ros_esc_interfaces/ros_esc_interfaces/msg/detail/stamped_float64_multi_array__builder.hpp
[2.044s] -- Up-to-date: /home/mattb/ros2_ws/install/ros_esc_interfaces/include/ros_esc_interfaces/ros_esc_interfaces/msg/detail/stamped_float64_multi_array__type_support.hpp
[2.044s] -- Up-to-date: /home/mattb/ros2_ws/install/ros_esc_interfaces/include/ros_esc_interfaces/ros_esc_interfaces/msg/detail/stamped_float64__struct.hpp
[2.044s] -- Up-to-date: /home/mattb/ros2_ws/install/ros_esc_interfaces/include/ros_esc_interfaces/ros_esc_interfaces/msg/detail/timekeeper__struct.hpp
[2.044s] -- Up-to-date: /home/mattb/ros2_ws/install/ros_esc_interfaces/include/ros_esc_interfaces/ros_esc_interfaces/msg/detail/timekeeper__traits.hpp
[2.044s] -- Up-to-date: /home/mattb/ros2_ws/install/ros_esc_interfaces/include/ros_esc_interfaces/ros_esc_interfaces/msg/detail/stamped_float64__type_support.hpp
[2.045s] -- Up-to-date: /home/mattb/ros2_ws/install/ros_esc_interfaces/include/ros_esc_interfaces/ros_esc_interfaces/msg/detail/stamped_transform_multi_array__traits.hpp
[2.045s] -- Up-to-date: /home/mattb/ros2_ws/install/ros_esc_interfaces/include/ros_esc_interfaces/ros_esc_interfaces/msg/detail/stamped_string__traits.hpp
[2.045s] -- Up-to-date: /home/mattb/ros2_ws/install/ros_esc_interfaces/include/ros_esc_interfaces/ros_esc_interfaces/msg/detail/timekeeper__type_support.hpp
[2.045s] -- Up-to-date: /home/mattb/ros2_ws/install/ros_esc_interfaces/include/ros_esc_interfaces/ros_esc_interfaces/msg/detail/stamped_float64_multi_array__struct.hpp
[2.045s] -- Up-to-date: /home/mattb/ros2_ws/install/ros_esc_interfaces/include/ros_esc_interfaces/ros_esc_interfaces/msg/detail/stamped_transform_multi_array__struct.hpp
[2.045s] -- Up-to-date: /home/mattb/ros2_ws/install/ros_esc_interfaces/include/ros_esc_interfaces/ros_esc_interfaces/msg/rosidl_generator_cpp__visibility_control.hpp
[2.045s] -- Up-to-date: /home/mattb/ros2_ws/install/ros_esc_interfaces/include/ros_esc_interfaces/ros_esc_interfaces/msg/timekeeper.hpp
[2.045s] -- Up-to-date: /home/mattb/ros2_ws/install/ros_esc_interfaces/include/ros_esc_interfaces/ros_esc_interfaces/msg/stamped_transform_multi_array.hpp
[2.045s] -- Up-to-date: /home/mattb/ros2_ws/install/ros_esc_interfaces/include/ros_esc_interfaces/ros_esc_interfaces/msg/stamped_string.hpp
[2.045s] -- Up-to-date: /home/mattb/ros2_ws/install/ros_esc_interfaces/include/ros_esc_interfaces/ros_esc_interfaces
[2.046s] -- Up-to-date: /home/mattb/ros2_ws/install/ros_esc_interfaces/include/ros_esc_interfaces/ros_esc_interfaces/msg
[2.046s] -- Up-to-date: /home/mattb/ros2_ws/install/ros_esc_interfaces/include/ros_esc_interfaces/ros_esc_interfaces/msg/detail
[2.046s] -- Up-to-date: /home/mattb/ros2_ws/install/ros_esc_interfaces/include/ros_esc_interfaces/ros_esc_interfaces/msg/detail/dds_fastrtps
[2.046s] -- Up-to-date: /home/mattb/ros2_ws/install/ros_esc_interfaces/include/ros_esc_interfaces/ros_esc_interfaces/msg/detail/stamped_float64__rosidl_typesupport_fastrtps_cpp.hpp
[2.046s] -- Up-to-date: /home/mattb/ros2_ws/install/ros_esc_interfaces/include/ros_esc_interfaces/ros_esc_interfaces/msg/detail/stamped_string__rosidl_typesupport_fastrtps_cpp.hpp
[2.046s] -- Up-to-date: /home/mattb/ros2_ws/install/ros_esc_interfaces/include/ros_esc_interfaces/ros_esc_interfaces/msg/detail/timekeeper__rosidl_typesupport_fastrtps_cpp.hpp
[2.046s] -- Up-to-date: /home/mattb/ros2_ws/install/ros_esc_interfaces/include/ros_esc_interfaces/ros_esc_interfaces/msg/detail/stamped_float64_multi_array__rosidl_typesupport_fastrtps_cpp.hpp
[2.046s] -- Up-to-date: /home/mattb/ros2_ws/install/ros_esc_interfaces/include/ros_esc_interfaces/ros_esc_interfaces/msg/detail/stamped_transform_multi_array__rosidl_typesupport_fastrtps_cpp.hpp
[2.046s] -- Up-to-date: /home/mattb/ros2_ws/install/ros_esc_interfaces/include/ros_esc_interfaces/ros_esc_interfaces/msg/rosidl_typesupport_fastrtps_cpp__visibility_control.h
[2.046s] -- Up-to-date: /home/mattb/ros2_ws/install/ros_esc_interfaces/lib/libros_esc_interfaces__rosidl_typesupport_fastrtps_cpp.so
[2.046s] -- Up-to-date: /home/mattb/ros2_ws/install/ros_esc_interfaces/include/ros_esc_interfaces/ros_esc_interfaces
[2.047s] -- Up-to-date: /home/mattb/ros2_ws/install/ros_esc_interfaces/include/ros_esc_interfaces/ros_esc_interfaces/msg
[2.047s] -- Up-to-date: /home/mattb/ros2_ws/install/ros_esc_interfaces/include/ros_esc_interfaces/ros_esc_interfaces/msg/detail
[2.047s] -- Up-to-date: /home/mattb/ros2_ws/install/ros_esc_interfaces/include/ros_esc_interfaces/ros_esc_interfaces/msg/detail/stamped_float64_multi_array__rosidl_typesupport_introspection_c.h
[2.047s] -- Up-to-date: /home/mattb/ros2_ws/install/ros_esc_interfaces/include/ros_esc_interfaces/ros_esc_interfaces/msg/detail/stamped_float64__type_support.c
[2.047s] -- Up-to-date: /home/mattb/ros2_ws/install/ros_esc_interfaces/include/ros_esc_interfaces/ros_esc_interfaces/msg/detail/stamped_transform_multi_array__rosidl_typesupport_introspection_c.h
[2.047s] -- Up-to-date: /home/mattb/ros2_ws/install/ros_esc_interfaces/include/ros_esc_interfaces/ros_esc_interfaces/msg/detail/timekeeper__type_support.c
[2.047s] -- Up-to-date: /home/mattb/ros2_ws/install/ros_esc_interfaces/include/ros_esc_interfaces/ros_esc_interfaces/msg/detail/stamped_float64__rosidl_typesupport_introspection_c.h
[2.047s] -- Up-to-date: /home/mattb/ros2_ws/install/ros_esc_interfaces/include/ros_esc_interfaces/ros_esc_interfaces/msg/detail/stamped_string__type_support.c
[2.047s] -- Up-to-date: /home/mattb/ros2_ws/install/ros_esc_interfaces/include/ros_esc_interfaces/ros_esc_interfaces/msg/detail/stamped_transform_multi_array__type_support.c
[2.047s] -- Up-to-date: /home/mattb/ros2_ws/install/ros_esc_interfaces/include/ros_esc_interfaces/ros_esc_interfaces/msg/detail/timekeeper__rosidl_typesupport_introspection_c.h
[2.048s] -- Up-to-date: /home/mattb/ros2_ws/install/ros_esc_interfaces/include/ros_esc_interfaces/ros_esc_interfaces/msg/detail/stamped_float64_multi_array__type_support.c
[2.048s] -- Up-to-date: /home/mattb/ros2_ws/install/ros_esc_interfaces/include/ros_esc_interfaces/ros_esc_interfaces/msg/detail/stamped_string__rosidl_typesupport_introspection_c.h
[2.048s] -- Up-to-date: /home/mattb/ros2_ws/install/ros_esc_interfaces/include/ros_esc_interfaces/ros_esc_interfaces/msg/rosidl_typesupport_introspection_c__visibility_control.h
[2.048s] -- Up-to-date: /home/mattb/ros2_ws/install/ros_esc_interfaces/lib/libros_esc_interfaces__rosidl_typesupport_introspection_c.so
[2.048s] -- Up-to-date: /home/mattb/ros2_ws/install/ros_esc_interfaces/lib/libros_esc_interfaces__rosidl_typesupport_c.so
[2.048s] -- Up-to-date: /home/mattb/ros2_ws/install/ros_esc_interfaces/include/ros_esc_interfaces/ros_esc_interfaces
[2.048s] -- Up-to-date: /home/mattb/ros2_ws/install/ros_esc_interfaces/include/ros_esc_interfaces/ros_esc_interfaces/msg
[2.048s] -- Up-to-date: /home/mattb/ros2_ws/install/ros_esc_interfaces/include/ros_esc_interfaces/ros_esc_interfaces/msg/detail
[2.048s] -- Up-to-date: /home/mattb/ros2_ws/install/ros_esc_interfaces/include/ros_esc_interfaces/ros_esc_interfaces/msg/detail/stamped_float64__type_support.cpp
[2.048s] -- Up-to-date: /home/mattb/ros2_ws/install/ros_esc_interfaces/include/ros_esc_interfaces/ros_esc_interfaces/msg/detail/stamped_float64_multi_array__type_support.cpp
[2.049s] -- Up-to-date: /home/mattb/ros2_ws/install/ros_esc_interfaces/include/ros_esc_interfaces/ros_esc_interfaces/msg/detail/stamped_transform_multi_array__type_support.cpp
[2.049s] -- Up-to-date: /home/mattb/ros2_ws/install/ros_esc_interfaces/include/ros_esc_interfaces/ros_esc_interfaces/msg/detail/timekeeper__type_support.cpp
[2.049s] -- Up-to-date: /home/mattb/ros2_ws/install/ros_esc_interfaces/include/ros_esc_interfaces/ros_esc_interfaces/msg/detail/stamped_transform_multi_array__rosidl_typesupport_introspection_cpp.hpp
[2.049s] -- Up-to-date: /home/mattb/ros2_ws/install/ros_esc_interfaces/include/ros_esc_interfaces/ros_esc_interfaces/msg/detail/stamped_float64_multi_array__rosidl_typesupport_introspection_cpp.hpp
[2.049s] -- Up-to-date: /home/mattb/ros2_ws/install/ros_esc_interfaces/include/ros_esc_interfaces/ros_esc_interfaces/msg/detail/stamped_string__rosidl_typesupport_introspection_cpp.hpp
[2.049s] -- Up-to-date: /home/mattb/ros2_ws/install/ros_esc_interfaces/include/ros_esc_interfaces/ros_esc_interfaces/msg/detail/timekeeper__rosidl_typesupport_introspection_cpp.hpp
[2.049s] -- Up-to-date: /home/mattb/ros2_ws/install/ros_esc_interfaces/include/ros_esc_interfaces/ros_esc_interfaces/msg/detail/stamped_string__type_support.cpp
[2.049s] -- Up-to-date: /home/mattb/ros2_ws/install/ros_esc_interfaces/include/ros_esc_interfaces/ros_esc_interfaces/msg/detail/stamped_float64__rosidl_typesupport_introspection_cpp.hpp
[2.049s] -- Up-to-date: /home/mattb/ros2_ws/install/ros_esc_interfaces/lib/libros_esc_interfaces__rosidl_typesupport_introspection_cpp.so
[2.050s] -- Up-to-date: /home/mattb/ros2_ws/install/ros_esc_interfaces/lib/libros_esc_interfaces__rosidl_typesupport_cpp.so
[2.050s] -- Up-to-date: /home/mattb/ros2_ws/install/ros_esc_interfaces/share/ros_esc_interfaces/environment/pythonpath.sh
[2.050s] -- Installing: /home/mattb/ros2_ws/install/ros_esc_interfaces/share/ros_esc_interfaces/environment/pythonpath.dsv
[2.050s] -- Up-to-date: /home/mattb/ros2_ws/install/ros_esc_interfaces/local/lib/python3.10/dist-packages/ros_esc_interfaces-0.0.0-py3.10.egg-info
[2.050s] -- Installing: /home/mattb/ros2_ws/install/ros_esc_interfaces/local/lib/python3.10/dist-packages/ros_esc_interfaces-0.0.0-py3.10.egg-info/SOURCES.txt
[2.050s] -- Installing: /home/mattb/ros2_ws/install/ros_esc_interfaces/local/lib/python3.10/dist-packages/ros_esc_interfaces-0.0.0-py3.10.egg-info/top_level.txt
[2.050s] -- Installing: /home/mattb/ros2_ws/install/ros_esc_interfaces/local/lib/python3.10/dist-packages/ros_esc_interfaces-0.0.0-py3.10.egg-info/dependency_links.txt
[2.050s] -- Installing: /home/mattb/ros2_ws/install/ros_esc_interfaces/local/lib/python3.10/dist-packages/ros_esc_interfaces-0.0.0-py3.10.egg-info/PKG-INFO
[2.050s] -- Up-to-date: /home/mattb/ros2_ws/install/ros_esc_interfaces/local/lib/python3.10/dist-packages/ros_esc_interfaces
[2.050s] -- Up-to-date: /home/mattb/ros2_ws/install/ros_esc_interfaces/local/lib/python3.10/dist-packages/ros_esc_interfaces/libros_esc_interfaces__rosidl_generator_py.so
[2.050s] -- Up-to-date: /home/mattb/ros2_ws/install/ros_esc_interfaces/local/lib/python3.10/dist-packages/ros_esc_interfaces/_ros_esc_interfaces_s.ep.rosidl_typesupport_introspection_c.c
[2.050s] -- Up-to-date: /home/mattb/ros2_ws/install/ros_esc_interfaces/local/lib/python3.10/dist-packages/ros_esc_interfaces/ros_esc_interfaces_s__rosidl_typesupport_fastrtps_c.cpython-310-x86_64-linux-gnu.so
[2.051s] -- Installing: /home/mattb/ros2_ws/install/ros_esc_interfaces/local/lib/python3.10/dist-packages/ros_esc_interfaces/__init__.py
[2.051s] -- Up-to-date: /home/mattb/ros2_ws/install/ros_esc_interfaces/local/lib/python3.10/dist-packages/ros_esc_interfaces/_ros_esc_interfaces_s.ep.rosidl_typesupport_c.c
[2.051s] -- Up-to-date: /home/mattb/ros2_ws/install/ros_esc_interfaces/local/lib/python3.10/dist-packages/ros_esc_interfaces/ros_esc_interfaces_s__rosidl_typesupport_introspection_c.cpython-310-x86_64-linux-gnu.so
[2.051s] -- Up-to-date: /home/mattb/ros2_ws/install/ros_esc_interfaces/local/lib/python3.10/dist-packages/ros_esc_interfaces/_ros_esc_interfaces_s.ep.rosidl_typesupport_fastrtps_c.c
[2.051s] -- Up-to-date: /home/mattb/ros2_ws/install/ros_esc_interfaces/local/lib/python3.10/dist-packages/ros_esc_interfaces/ros_esc_interfaces_s__rosidl_typesupport_c.cpython-310-x86_64-linux-gnu.so
[2.051s] -- Up-to-date: /home/mattb/ros2_ws/install/ros_esc_interfaces/local/lib/python3.10/dist-packages/ros_esc_interfaces/msg
[2.051s] -- Up-to-date: /home/mattb/ros2_ws/install/ros_esc_interfaces/local/lib/python3.10/dist-packages/ros_esc_interfaces/msg/_stamped_float64_s.c
[2.051s] -- Up-to-date: /home/mattb/ros2_ws/install/ros_esc_interfaces/local/lib/python3.10/dist-packages/ros_esc_interfaces/msg/_stamped_transform_multi_array.py
[2.051s] -- Up-to-date: /home/mattb/ros2_ws/install/ros_esc_interfaces/local/lib/python3.10/dist-packages/ros_esc_interfaces/msg/_stamped_float64_multi_array.py
[2.051s] -- Up-to-date: /home/mattb/ros2_ws/install/ros_esc_interfaces/local/lib/python3.10/dist-packages/ros_esc_interfaces/msg/_stamped_float64.py
[2.051s] -- Up-to-date: /home/mattb/ros2_ws/install/ros_esc_interfaces/local/lib/python3.10/dist-packages/ros_esc_interfaces/msg/__init__.py
[2.052s] -- Up-to-date: /home/mattb/ros2_ws/install/ros_esc_interfaces/local/lib/python3.10/dist-packages/ros_esc_interfaces/msg/_timekeeper.py
[2.052s] -- Up-to-date: /home/mattb/ros2_ws/install/ros_esc_interfaces/local/lib/python3.10/dist-packages/ros_esc_interfaces/msg/_stamped_transform_multi_array_s.c
[2.052s] -- Up-to-date: /home/mattb/ros2_ws/install/ros_esc_interfaces/local/lib/python3.10/dist-packages/ros_esc_interfaces/msg/_stamped_float64_multi_array_s.c
[2.052s] -- Up-to-date: /home/mattb/ros2_ws/install/ros_esc_interfaces/local/lib/python3.10/dist-packages/ros_esc_interfaces/msg/_stamped_string.py
[2.052s] -- Up-to-date: /home/mattb/ros2_ws/install/ros_esc_interfaces/local/lib/python3.10/dist-packages/ros_esc_interfaces/msg/_stamped_string_s.c
[2.052s] -- Up-to-date: /home/mattb/ros2_ws/install/ros_esc_interfaces/local/lib/python3.10/dist-packages/ros_esc_interfaces/msg/_timekeeper_s.c
[2.080s] Listing '/home/mattb/ros2_ws/install/ros_esc_interfaces/local/lib/python3.10/dist-packages/ros_esc_interfaces'...
[2.080s] Compiling '/home/mattb/ros2_ws/install/ros_esc_interfaces/local/lib/python3.10/dist-packages/ros_esc_interfaces/__init__.py'...
[2.080s] Listing '/home/mattb/ros2_ws/install/ros_esc_interfaces/local/lib/python3.10/dist-packages/ros_esc_interfaces/msg'...
[2.084s] -- Up-to-date: /home/mattb/ros2_ws/install/ros_esc_interfaces/local/lib/python3.10/dist-packages/ros_esc_interfaces/ros_esc_interfaces_s__rosidl_typesupport_fastrtps_c.cpython-310-x86_64-linux-gnu.so
[2.085s] -- Up-to-date: /home/mattb/ros2_ws/install/ros_esc_interfaces/local/lib/python3.10/dist-packages/ros_esc_interfaces/ros_esc_interfaces_s__rosidl_typesupport_introspection_c.cpython-310-x86_64-linux-gnu.so
[2.086s] -- Up-to-date: /home/mattb/ros2_ws/install/ros_esc_interfaces/local/lib/python3.10/dist-packages/ros_esc_interfaces/ros_esc_interfaces_s__rosidl_typesupport_c.cpython-310-x86_64-linux-gnu.so
[2.087s] -- Up-to-date: /home/mattb/ros2_ws/install/ros_esc_interfaces/lib/libros_esc_interfaces__rosidl_generator_py.so
[2.087s] -- Up-to-date: /home/mattb/ros2_ws/install/ros_esc_interfaces/share/ros_esc_interfaces/msg/Timekeeper.idl
[2.087s] -- Up-to-date: /home/mattb/ros2_ws/install/ros_esc_interfaces/share/ros_esc_interfaces/msg/StampedFloat64.idl
[2.087s] -- Up-to-date: /home/mattb/ros2_ws/install/ros_esc_interfaces/share/ros_esc_interfaces/msg/StampedFloat64MultiArray.idl
[2.087s] -- Up-to-date: /home/mattb/ros2_ws/install/ros_esc_interfaces/share/ros_esc_interfaces/msg/StampedString.idl
[2.088s] -- Up-to-date: /home/mattb/ros2_ws/install/ros_esc_interfaces/share/ros_esc_interfaces/msg/StampedTransformMultiArray.idl
[2.088s] -- Up-to-date: /home/mattb/ros2_ws/install/ros_esc_interfaces/share/ros_esc_interfaces/msg/Timekeeper.msg
[2.088s] -- Up-to-date: /home/mattb/ros2_ws/install/ros_esc_interfaces/share/ros_esc_interfaces/msg/StampedFloat64.msg
[2.088s] -- Up-to-date: /home/mattb/ros2_ws/install/ros_esc_interfaces/share/ros_esc_interfaces/msg/StampedFloat64MultiArray.msg
[2.088s] -- Up-to-date: /home/mattb/ros2_ws/install/ros_esc_interfaces/share/ros_esc_interfaces/msg/StampedString.msg
[2.088s] -- Up-to-date: /home/mattb/ros2_ws/install/ros_esc_interfaces/share/ros_esc_interfaces/msg/StampedTransformMultiArray.msg
[2.088s] -- Up-to-date: /home/mattb/ros2_ws/install/ros_esc_interfaces/share/ament_index/resource_index/package_run_dependencies/ros_esc_interfaces
[2.088s] -- Up-to-date: /home/mattb/ros2_ws/install/ros_esc_interfaces/share/ament_index/resource_index/parent_prefix_path/ros_esc_interfaces
[2.089s] -- Up-to-date: /home/mattb/ros2_ws/install/ros_esc_interfaces/share/ros_esc_interfaces/environment/ament_prefix_path.sh
[2.089s] -- Installing: /home/mattb/ros2_ws/install/ros_esc_interfaces/share/ros_esc_interfaces/environment/ament_prefix_path.dsv
[2.089s] -- Up-to-date: /home/mattb/ros2_ws/install/ros_esc_interfaces/share/ros_esc_interfaces/environment/path.sh
[2.089s] -- Installing: /home/mattb/ros2_ws/install/ros_esc_interfaces/share/ros_esc_interfaces/environment/path.dsv
[2.089s] -- Up-to-date: /home/mattb/ros2_ws/install/ros_esc_interfaces/share/ros_esc_interfaces/local_setup.bash
[2.089s] -- Up-to-date: /home/mattb/ros2_ws/install/ros_esc_interfaces/share/ros_esc_interfaces/local_setup.sh
[2.089s] -- Up-to-date: /home/mattb/ros2_ws/install/ros_esc_interfaces/share/ros_esc_interfaces/local_setup.zsh
[2.089s] -- Installing: /home/mattb/ros2_ws/install/ros_esc_interfaces/share/ros_esc_interfaces/local_setup.dsv
[2.089s] -- Installing: /home/mattb/ros2_ws/install/ros_esc_interfaces/share/ros_esc_interfaces/package.dsv
[2.089s] -- Up-to-date: /home/mattb/ros2_ws/install/ros_esc_interfaces/share/ament_index/resource_index/packages/ros_esc_interfaces
[2.089s] -- Up-to-date: /home/mattb/ros2_ws/install/ros_esc_interfaces/share/ros_esc_interfaces/cmake/export_ros_esc_interfaces__rosidl_generator_cExport.cmake
[2.090s] -- Up-to-date: /home/mattb/ros2_ws/install/ros_esc_interfaces/share/ros_esc_interfaces/cmake/export_ros_esc_interfaces__rosidl_generator_cExport-noconfig.cmake
[2.090s] -- Up-to-date: /home/mattb/ros2_ws/install/ros_esc_interfaces/share/ros_esc_interfaces/cmake/export_ros_esc_interfaces__rosidl_typesupport_fastrtps_cExport.cmake
[2.090s] -- Up-to-date: /home/mattb/ros2_ws/install/ros_esc_interfaces/share/ros_esc_interfaces/cmake/export_ros_esc_interfaces__rosidl_typesupport_fastrtps_cExport-noconfig.cmake
[2.090s] -- Up-to-date: /home/mattb/ros2_ws/install/ros_esc_interfaces/share/ros_esc_interfaces/cmake/export_ros_esc_interfaces__rosidl_generator_cppExport.cmake
[2.090s] -- Up-to-date: /home/mattb/ros2_ws/install/ros_esc_interfaces/share/ros_esc_interfaces/cmake/export_ros_esc_interfaces__rosidl_typesupport_fastrtps_cppExport.cmake
[2.090s] -- Up-to-date: /home/mattb/ros2_ws/install/ros_esc_interfaces/share/ros_esc_interfaces/cmake/export_ros_esc_interfaces__rosidl_typesupport_fastrtps_cppExport-noconfig.cmake
[2.090s] -- Up-to-date: /home/mattb/ros2_ws/install/ros_esc_interfaces/share/ros_esc_interfaces/cmake/ros_esc_interfaces__rosidl_typesupport_introspection_cExport.cmake
[2.091s] -- Up-to-date: /home/mattb/ros2_ws/install/ros_esc_interfaces/share/ros_esc_interfaces/cmake/ros_esc_interfaces__rosidl_typesupport_introspection_cExport-noconfig.cmake
[2.091s] -- Up-to-date: /home/mattb/ros2_ws/install/ros_esc_interfaces/share/ros_esc_interfaces/cmake/ros_esc_interfaces__rosidl_typesupport_cExport.cmake
[2.091s] -- Up-to-date: /home/mattb/ros2_ws/install/ros_esc_interfaces/share/ros_esc_interfaces/cmake/ros_esc_interfaces__rosidl_typesupport_cExport-noconfig.cmake
[2.091s] -- Up-to-date: /home/mattb/ros2_ws/install/ros_esc_interfaces/share/ros_esc_interfaces/cmake/ros_esc_interfaces__rosidl_typesupport_introspection_cppExport.cmake
[2.091s] -- Up-to-date: /home/mattb/ros2_ws/install/ros_esc_interfaces/share/ros_esc_interfaces/cmake/ros_esc_interfaces__rosidl_typesupport_introspection_cppExport-noconfig.cmake
[2.091s] -- Up-to-date: /home/mattb/ros2_ws/install/ros_esc_interfaces/share/ros_esc_interfaces/cmake/ros_esc_interfaces__rosidl_typesupport_cppExport.cmake
[2.091s] -- Up-to-date: /home/mattb/ros2_ws/install/ros_esc_interfaces/share/ros_esc_interfaces/cmake/ros_esc_interfaces__rosidl_typesupport_cppExport-noconfig.cmake
[2.092s] -- Up-to-date: /home/mattb/ros2_ws/install/ros_esc_interfaces/share/ros_esc_interfaces/cmake/export_ros_esc_interfaces__rosidl_generator_pyExport.cmake
[2.092s] -- Up-to-date: /home/mattb/ros2_ws/install/ros_esc_interfaces/share/ros_esc_interfaces/cmake/export_ros_esc_interfaces__rosidl_generator_pyExport-noconfig.cmake
[2.092s] -- Up-to-date: /home/mattb/ros2_ws/install/ros_esc_interfaces/share/ros_esc_interfaces/cmake/rosidl_cmake-extras.cmake
[2.092s] -- Up-to-date: /home/mattb/ros2_ws/install/ros_esc_interfaces/share/ros_esc_interfaces/cmake/ament_cmake_export_dependencies-extras.cmake
[2.092s] -- Up-to-date: /home/mattb/ros2_ws/install/ros_esc_interfaces/share/ros_esc_interfaces/cmake/ament_cmake_export_include_directories-extras.cmake
[2.092s] -- Up-to-date: /home/mattb/ros2_ws/install/ros_esc_interfaces/share/ros_esc_interfaces/cmake/ament_cmake_export_libraries-extras.cmake
[2.092s] -- Up-to-date: /home/mattb/ros2_ws/install/ros_esc_interfaces/share/ros_esc_interfaces/cmake/ament_cmake_export_targets-extras.cmake
[2.092s] -- Up-to-date: /home/mattb/ros2_ws/install/ros_esc_interfaces/share/ros_esc_interfaces/cmake/rosidl_cmake_export_typesupport_targets-extras.cmake
[2.092s] -- Up-to-date: /home/mattb/ros2_ws/install/ros_esc_interfaces/share/ros_esc_interfaces/cmake/rosidl_cmake_export_typesupport_libraries-extras.cmake
[2.093s] -- Up-to-date: /home/mattb/ros2_ws/install/ros_esc_interfaces/share/ros_esc_interfaces/cmake/ros_esc_interfacesConfig.cmake
[2.093s] -- Up-to-date: /home/mattb/ros2_ws/install/ros_esc_interfaces/share/ros_esc_interfaces/cmake/ros_esc_interfacesConfig-version.cmake
[2.093s] -- Up-to-date: /home/mattb/ros2_ws/install/ros_esc_interfaces/share/ros_esc_interfaces/package.xml
[2.094s] Invoked command in '/home/mattb/ros2_ws/build/ros_esc_interfaces' returned '0': CMAKE_PREFIX_PATH=/opt/ros/humble /usr/bin/cmake --install /home/mattb/ros2_ws/build/ros_esc_interfaces
