Running HBESC scenario: /home/mattb/dsim-lab/experiments/hbesc_gaussian_fill_study/results/runs/20260610T223120Z_phase5_curv_default_real_execute/configs/scenario_used.json
Scenario name: phase5_curv_default_real
Description: Phase 5 bounded curvature sweep: existing default convex quartic with real-speed HBESC authority after world-path fix.
Starting >>> ros_esc
Starting >>> ros_esc_interfaces
Starting >>> turtlebot3_rotating_sensor
Finished <<< turtlebot3_rotating_sensor [0.38s]
Finished <<< ros_esc_interfaces [0.76s]
Finished <<< ros_esc [1.03s]

Summary: 3 packages finished [1.33s]
[INFO] [launch]: All log files can be found below /home/mattb/dsim-lab/experiments/hbesc_gaussian_fill_study/results/runs/20260610T223120Z_phase5_curv_default_real_execute/logs/ros/2026-06-10-15-31-22-627379-ubuntu-ssd-761
[INFO] [launch]: Default logging verbosity is set to INFO
[INFO] [gzserver-1]: process started with pid [763]
[INFO] [robot_state_publisher-2]: process started with pid [765]
[INFO] [spawner-3]: process started with pid [767]
[INFO] [spawner-4]: process started with pid [769]
[INFO] [spawn_entity.py-5]: process started with pid [771]
[INFO] [ros2-6]: process started with pid [773]
[INFO] [ros2-7]: process started with pid [775]
[INFO] [ros2-8]: process started with pid [777]
[INFO] [ros2-9]: process started with pid [779]
[INFO] [ros2-10]: process started with pid [781]
[INFO] [ros2-11]: process started with pid [783]
[INFO] [ros2-12]: process started with pid [785]
[robot_state_publisher-2] getifaddrs: Operation not permitted
[robot_state_publisher-2] getifaddrs: Operation not permitted
[robot_state_publisher-2] getifaddrs: Operation not permitted
[robot_state_publisher-2] [37;1m2026-06-10 15:31:22.961 [31;1m[[37;1mTRANSPORT_UDP[31;1m Error] [37mError creating socket: Operation not permitted[34;1m -> Function [36minit[m
[robot_state_publisher-2] [37;1m2026-06-10 15:31:22.961 [31;1m[[37;1mRTPS_PARTICIPANT[31;1m Error] [37mUser transport failed to register.[34;1m -> Function [36mRTPSParticipantImpl[m
[robot_state_publisher-2] [INFO] [1781130682.982457022] [robot_state_publisher_node]: got segment base_footprint
[robot_state_publisher-2] [INFO] [1781130682.982583641] [robot_state_publisher_node]: got segment base_link
[robot_state_publisher-2] [INFO] [1781130682.982599093] [robot_state_publisher_node]: got segment base_scan
[robot_state_publisher-2] [INFO] [1781130682.982608527] [robot_state_publisher_node]: got segment caster_wheel
[robot_state_publisher-2] [INFO] [1781130682.982617332] [robot_state_publisher_node]: got segment imu_link
[robot_state_publisher-2] [INFO] [1781130682.982625384] [robot_state_publisher_node]: got segment rotating_frame_link
[robot_state_publisher-2] [INFO] [1781130682.982633635] [robot_state_publisher_node]: got segment sensor_link
[robot_state_publisher-2] [INFO] [1781130682.982641870] [robot_state_publisher_node]: got segment wheel_left_link
[robot_state_publisher-2] [INFO] [1781130682.982650175] [robot_state_publisher_node]: got segment wheel_right_link
[spawner-4] getifaddrs: Operation not permitted
[spawner-4] getifaddrs: Operation not permitted
[spawner-4] getifaddrs: Operation not permitted
[spawner-4] [37;1m2026-06-10 15:31:23.399 [31;1m[[37;1mTRANSPORT_UDP[31;1m Error] [37mError creating socket: Operation not permitted[34;1m -> Function [36minit[m
[spawner-4] [37;1m2026-06-10 15:31:23.399 [31;1m[[37;1mRTPS_PARTICIPANT[31;1m Error] [37mUser transport failed to register.[34;1m -> Function [36mRTPSParticipantImpl[m
[gzserver-1] terminate called after throwing an instance of 'boost::filesystem::filesystem_error'
[gzserver-1]   what():  boost::filesystem::create_directory: Read-only file system: "/home/mattb/.gazebo/server-11639"
[spawner-3] getifaddrs: Operation not permitted
[spawner-3] getifaddrs: Operation not permitted
[spawner-3] getifaddrs: Operation not permitted
[spawner-3] [37;1m2026-06-10 15:31:23.479 [31;1m[[37;1mTRANSPORT_UDP[31;1m Error] [37mError creating socket: Operation not permitted[34;1m -> Function [36minit[m
[spawner-3] [37;1m2026-06-10 15:31:23.479 [31;1m[[37;1mRTPS_PARTICIPANT[31;1m Error] [37mUser transport failed to register.[34;1m -> Function [36mRTPSParticipantImpl[m
[spawner-4] [INFO] [1781130683.520241349] [spawner_velocity_controller]: waiting for service /controller_manager/list_controllers to become available...
[spawn_entity.py-5] getifaddrs: Operation not permitted
[spawn_entity.py-5] getifaddrs: Operation not permitted
[spawn_entity.py-5] getifaddrs: Operation not permitted
[spawn_entity.py-5] [37;1m2026-06-10 15:31:23.557 [31;1m[[37;1mTRANSPORT_UDP[31;1m Error] [37mError creating socket: Operation not permitted[34;1m -> Function [36minit[m
[spawn_entity.py-5] [37;1m2026-06-10 15:31:23.557 [31;1m[[37;1mRTPS_PARTICIPANT[31;1m Error] [37mUser transport failed to register.[34;1m -> Function [36mRTPSParticipantImpl[m
[spawner-3] [INFO] [1781130683.594228788] [spawner_joint_state_broadcaster]: waiting for service /controller_manager/list_controllers to become available...
[spawn_entity.py-5] [INFO] [1781130683.659112486] [spawn_entity]: Spawn Entity started
[spawn_entity.py-5] [INFO] [1781130683.660066482] [spawn_entity]: Loading entity published on topic /robot_description
[spawn_entity.py-5] [INFO] [1781130683.662104496] [spawn_entity]: Waiting for entity xml on /robot_description
[ERROR] [gzserver-1]: process has died [pid 763, exit code -6, cmd 'gzserver --verbose -s libgazebo_ros_init.so -s libgazebo_ros_factory.so /home/mattb/dsim-lab/ros2_ws/src/turtlebot3_rotating_sensor/worlds/gazebo_empty.world'].
[ros2-6] getifaddrs: Operation not permitted
[ros2-6] getifaddrs: Operation not permitted
[ros2-6] getifaddrs: Operation not permitted
[spawn_entity.py-5] [INFO] [1781130683.838300675] [spawn_entity]: Waiting for service /spawn_entity, timeout = 30
[spawn_entity.py-5] [INFO] [1781130683.838827364] [spawn_entity]: Waiting for service /spawn_entity
[ros2-7] getifaddrs: Operation not permitted
[ros2-7] getifaddrs: Operation not permitted
[ros2-7] getifaddrs: Operation not permitted
[ros2-10] getifaddrs: Operation not permitted
[ros2-10] getifaddrs: Operation not permitted
[ros2-11] getifaddrs: Operation not permitted
[ros2-11] getifaddrs: Operation not permitted
[ros2-10] getifaddrs: Operation not permitted
[ros2-11] getifaddrs: Operation not permitted
[ros2-9] getifaddrs: Operation not permitted
[ros2-9] getifaddrs: Operation not permitted
[ros2-9] getifaddrs: Operation not permitted
[ros2-8] getifaddrs: Operation not permitted
[ros2-8] getifaddrs: Operation not permitted
[ros2-8] getifaddrs: Operation not permitted
[ros2-12] getifaddrs: Operation not permitted
[ros2-12] getifaddrs: Operation not permitted
[ros2-12] getifaddrs: Operation not permitted
[spawner-4] [WARN] [1781130693.538559534] [spawner_velocity_controller]: Could not contact service /controller_manager/list_controllers
[spawner-4] [INFO] [1781130693.538961122] [spawner_velocity_controller]: waiting for service /controller_manager/list_controllers to become available...
[spawner-3] [WARN] [1781130693.615643762] [spawner_joint_state_broadcaster]: Could not contact service /controller_manager/list_controllers
[spawner-3] [INFO] [1781130693.616020100] [spawner_joint_state_broadcaster]: waiting for service /controller_manager/list_controllers to become available...
[spawner-4] [WARN] [1781130703.562224578] [spawner_velocity_controller]: Could not contact service /controller_manager/list_controllers
[spawner-4] [INFO] [1781130703.562560449] [spawner_velocity_controller]: waiting for service /controller_manager/list_controllers to become available...
[spawner-3] [WARN] [1781130703.635098685] [spawner_joint_state_broadcaster]: Could not contact service /controller_manager/list_controllers
[spawner-3] [INFO] [1781130703.635425213] [spawner_joint_state_broadcaster]: waiting for service /controller_manager/list_controllers to become available...
[spawner-4] [WARN] [1781130713.582157179] [spawner_velocity_controller]: Could not contact service /controller_manager/list_controllers
[spawner-4] [INFO] [1781130713.582480421] [spawner_velocity_controller]: waiting for service /controller_manager/list_controllers to become available...
[spawner-3] [WARN] [1781130713.658770397] [spawner_joint_state_broadcaster]: Could not contact service /controller_manager/list_controllers
[spawner-3] [INFO] [1781130713.659182330] [spawner_joint_state_broadcaster]: waiting for service /controller_manager/list_controllers to become available...
[spawn_entity.py-5] [ERROR] [1781130713.899177978] [spawn_entity]: Service /spawn_entity unavailable. Was Gazebo started with GazeboRosFactory?
[spawn_entity.py-5] [ERROR] [1781130713.899498165] [spawn_entity]: Spawn service failed. Exiting.
[ERROR] [spawn_entity.py-5]: process has died [pid 771, exit code 1, cmd '/opt/ros/humble/lib/gazebo_ros/spawn_entity.py -topic=/robot_description -entity turtlebot3 -x 0 -y 0 -z 0 -R 0 -P 0 -Y 0 --ros-args -r __node:=spawn_entity'].
[spawner-4] [WARN] [1781130723.605130229] [spawner_velocity_controller]: Could not contact service /controller_manager/list_controllers
[spawner-4] [INFO] [1781130723.605489841] [spawner_velocity_controller]: waiting for service /controller_manager/list_controllers to become available...
[spawner-3] [WARN] [1781130723.679101307] [spawner_joint_state_broadcaster]: Could not contact service /controller_manager/list_controllers
[spawner-3] [INFO] [1781130723.679484418] [spawner_joint_state_broadcaster]: waiting for service /controller_manager/list_controllers to become available...
[spawner-4] [WARN] [1781130733.626321844] [spawner_velocity_controller]: Could not contact service /controller_manager/list_controllers
[spawner-4] [INFO] [1781130733.626711118] [spawner_velocity_controller]: waiting for service /controller_manager/list_controllers to become available...
[spawner-3] [WARN] [1781130733.696590338] [spawner_joint_state_broadcaster]: Could not contact service /controller_manager/list_controllers
[spawner-3] [INFO] [1781130733.697134773] [spawner_joint_state_broadcaster]: waiting for service /controller_manager/list_controllers to become available...
[spawner-4] [WARN] [1781130743.647234877] [spawner_velocity_controller]: Could not contact service /controller_manager/list_controllers
[spawner-4] [INFO] [1781130743.647550797] [spawner_velocity_controller]: waiting for service /controller_manager/list_controllers to become available...
[spawner-3] [WARN] [1781130743.716264671] [spawner_joint_state_broadcaster]: Could not contact service /controller_manager/list_controllers
[spawner-3] [INFO] [1781130743.716807281] [spawner_joint_state_broadcaster]: waiting for service /controller_manager/list_controllers to become available...
[spawner-4] [WARN] [1781130753.667079307] [spawner_velocity_controller]: Could not contact service /controller_manager/list_controllers
[spawner-4] [INFO] [1781130753.667400336] [spawner_velocity_controller]: waiting for service /controller_manager/list_controllers to become available...
[spawner-3] [WARN] [1781130753.737039491] [spawner_joint_state_broadcaster]: Could not contact service /controller_manager/list_controllers
[spawner-3] [INFO] [1781130753.737369008] [spawner_joint_state_broadcaster]: waiting for service /controller_manager/list_controllers to become available...
[spawner-4] [WARN] [1781130763.688415482] [spawner_velocity_controller]: Could not contact service /controller_manager/list_controllers
[spawner-4] [INFO] [1781130763.688925334] [spawner_velocity_controller]: waiting for service /controller_manager/list_controllers to become available...
[spawner-3] [WARN] [1781130763.756301090] [spawner_joint_state_broadcaster]: Could not contact service /controller_manager/list_controllers
[spawner-3] [INFO] [1781130763.756655728] [spawner_joint_state_broadcaster]: waiting for service /controller_manager/list_controllers to become available...
[spawner-4] [WARN] [1781130773.710584923] [spawner_velocity_controller]: Could not contact service /controller_manager/list_controllers
[spawner-4] [INFO] [1781130773.710914611] [spawner_velocity_controller]: waiting for service /controller_manager/list_controllers to become available...
[spawner-3] [WARN] [1781130773.777584417] [spawner_joint_state_broadcaster]: Could not contact service /controller_manager/list_controllers
[spawner-3] [INFO] [1781130773.777922185] [spawner_joint_state_broadcaster]: waiting for service /controller_manager/list_controllers to become available...
[spawner-4] [WARN] [1781130783.733975265] [spawner_velocity_controller]: Could not contact service /controller_manager/list_controllers
[spawner-4] [INFO] [1781130783.734303896] [spawner_velocity_controller]: waiting for service /controller_manager/list_controllers to become available...
[spawner-3] [WARN] [1781130783.800156420] [spawner_joint_state_broadcaster]: Could not contact service /controller_manager/list_controllers
[spawner-3] [INFO] [1781130783.800474655] [spawner_joint_state_broadcaster]: waiting for service /controller_manager/list_controllers to become available...
[spawner-4] [WARN] [1781130793.756057164] [spawner_velocity_controller]: Could not contact service /controller_manager/list_controllers
[spawner-4] [INFO] [1781130793.756371770] [spawner_velocity_controller]: waiting for service /controller_manager/list_controllers to become available...
[spawner-3] [WARN] [1781130793.824004247] [spawner_joint_state_broadcaster]: Could not contact service /controller_manager/list_controllers
[spawner-3] [INFO] [1781130793.824374812] [spawner_joint_state_broadcaster]: waiting for service /controller_manager/list_controllers to become available...
[spawner-4] [WARN] [1781130803.775086443] [spawner_velocity_controller]: Could not contact service /controller_manager/list_controllers
[spawner-4] [INFO] [1781130803.776041468] [spawner_velocity_controller]: waiting for service /controller_manager/list_controllers to become available...
[spawner-3] [WARN] [1781130803.843560965] [spawner_joint_state_broadcaster]: Could not contact service /controller_manager/list_controllers
[spawner-3] [INFO] [1781130803.844228043] [spawner_joint_state_broadcaster]: waiting for service /controller_manager/list_controllers to become available...
[spawner-4] [WARN] [1781130813.799390129] [spawner_velocity_controller]: Could not contact service /controller_manager/list_controllers
[spawner-4] [INFO] [1781130813.799803861] [spawner_velocity_controller]: waiting for service /controller_manager/list_controllers to become available...
[spawner-3] [WARN] [1781130813.866711874] [spawner_joint_state_broadcaster]: Could not contact service /controller_manager/list_controllers
[spawner-3] [INFO] [1781130813.867088447] [spawner_joint_state_broadcaster]: waiting for service /controller_manager/list_controllers to become available...
[spawner-4] [WARN] [1781130823.820174639] [spawner_velocity_controller]: Could not contact service /controller_manager/list_controllers
[spawner-4] [INFO] [1781130823.820491905] [spawner_velocity_controller]: waiting for service /controller_manager/list_controllers to become available...
[spawner-3] [WARN] [1781130823.888487412] [spawner_joint_state_broadcaster]: Could not contact service /controller_manager/list_controllers
[spawner-3] [INFO] [1781130823.888865503] [spawner_joint_state_broadcaster]: waiting for service /controller_manager/list_controllers to become available...
[spawner-4] [WARN] [1781130833.843549491] [spawner_velocity_controller]: Could not contact service /controller_manager/list_controllers
[spawner-4] [INFO] [1781130833.844000885] [spawner_velocity_controller]: waiting for service /controller_manager/list_controllers to become available...
[spawner-3] [WARN] [1781130833.909549818] [spawner_joint_state_broadcaster]: Could not contact service /controller_manager/list_controllers
[spawner-3] [INFO] [1781130833.910123477] [spawner_joint_state_broadcaster]: waiting for service /controller_manager/list_controllers to become available...
[spawner-4] [WARN] [1781130843.862231334] [spawner_velocity_controller]: Could not contact service /controller_manager/list_controllers
[spawner-4] [INFO] [1781130843.862544652] [spawner_velocity_controller]: waiting for service /controller_manager/list_controllers to become available...
[spawner-3] [WARN] [1781130843.928308445] [spawner_joint_state_broadcaster]: Could not contact service /controller_manager/list_controllers
[spawner-3] [INFO] [1781130843.928624272] [spawner_joint_state_broadcaster]: waiting for service /controller_manager/list_controllers to become available...
[spawner-4] [WARN] [1781130853.888196082] [spawner_velocity_controller]: Could not contact service /controller_manager/list_controllers
[spawner-4] [INFO] [1781130853.888509922] [spawner_velocity_controller]: waiting for service /controller_manager/list_controllers to become available...
[spawner-3] [WARN] [1781130853.952666803] [spawner_joint_state_broadcaster]: Could not contact service /controller_manager/list_controllers
[spawner-3] [INFO] [1781130853.953088578] [spawner_joint_state_broadcaster]: waiting for service /controller_manager/list_controllers to become available...
[spawner-4] [WARN] [1781130863.913303496] [spawner_velocity_controller]: Could not contact service /controller_manager/list_controllers
[spawner-4] [INFO] [1781130863.913642794] [spawner_velocity_controller]: waiting for service /controller_manager/list_controllers to become available...
[spawner-3] [WARN] [1781130863.977638659] [spawner_joint_state_broadcaster]: Could not contact service /controller_manager/list_controllers
[spawner-3] [INFO] [1781130863.978009826] [spawner_joint_state_broadcaster]: waiting for service /controller_manager/list_controllers to become available...
[spawner-4] [WARN] [1781130873.934156419] [spawner_velocity_controller]: Could not contact service /controller_manager/list_controllers
[spawner-4] [INFO] [1781130873.934469749] [spawner_velocity_controller]: waiting for service /controller_manager/list_controllers to become available...
[spawner-3] [WARN] [1781130873.996588854] [spawner_joint_state_broadcaster]: Could not contact service /controller_manager/list_controllers
[spawner-3] [INFO] [1781130873.996970706] [spawner_joint_state_broadcaster]: waiting for service /controller_manager/list_controllers to become available...
[spawner-4] [WARN] [1781130883.957315086] [spawner_velocity_controller]: Could not contact service /controller_manager/list_controllers
[spawner-4] [INFO] [1781130883.957638447] [spawner_velocity_controller]: waiting for service /controller_manager/list_controllers to become available...
[spawner-3] [WARN] [1781130884.018668730] [spawner_joint_state_broadcaster]: Could not contact service /controller_manager/list_controllers
[spawner-3] [INFO] [1781130884.019059314] [spawner_joint_state_broadcaster]: waiting for service /controller_manager/list_controllers to become available...
[spawner-4] [WARN] [1781130893.980948614] [spawner_velocity_controller]: Could not contact service /controller_manager/list_controllers
[spawner-4] [INFO] [1781130893.981306088] [spawner_velocity_controller]: waiting for service /controller_manager/list_controllers to become available...
[spawner-3] [WARN] [1781130894.040940301] [spawner_joint_state_broadcaster]: Could not contact service /controller_manager/list_controllers
[spawner-3] [INFO] [1781130894.041255441] [spawner_joint_state_broadcaster]: waiting for service /controller_manager/list_controllers to become available...
[spawner-4] [WARN] [1781130904.001555779] [spawner_velocity_controller]: Could not contact service /controller_manager/list_controllers
[spawner-4] [INFO] [1781130904.001885723] [spawner_velocity_controller]: waiting for service /controller_manager/list_controllers to become available...
[spawner-3] [WARN] [1781130904.065212302] [spawner_joint_state_broadcaster]: Could not contact service /controller_manager/list_controllers
[spawner-3] [INFO] [1781130904.065540355] [spawner_joint_state_broadcaster]: waiting for service /controller_manager/list_controllers to become available...
[spawner-4] [WARN] [1781130914.024730896] [spawner_velocity_controller]: Could not contact service /controller_manager/list_controllers
[spawner-4] [INFO] [1781130914.025102442] [spawner_velocity_controller]: waiting for service /controller_manager/list_controllers to become available...
[spawner-3] [WARN] [1781130914.084702013] [spawner_joint_state_broadcaster]: Could not contact service /controller_manager/list_controllers
[spawner-3] [INFO] [1781130914.085056099] [spawner_joint_state_broadcaster]: waiting for service /controller_manager/list_controllers to become available...
[spawner-4] [WARN] [1781130924.044236468] [spawner_velocity_controller]: Could not contact service /controller_manager/list_controllers
[spawner-4] [INFO] [1781130924.044547088] [spawner_velocity_controller]: waiting for service /controller_manager/list_controllers to become available...
[spawner-3] [WARN] [1781130924.108307394] [spawner_joint_state_broadcaster]: Could not contact service /controller_manager/list_controllers
[spawner-3] [INFO] [1781130924.108636796] [spawner_joint_state_broadcaster]: waiting for service /controller_manager/list_controllers to become available...
[spawner-4] [WARN] [1781130934.068177002] [spawner_velocity_controller]: Could not contact service /controller_manager/list_controllers
[spawner-4] [INFO] [1781130934.068808201] [spawner_velocity_controller]: waiting for service /controller_manager/list_controllers to become available...
[spawner-3] [WARN] [1781130934.133940391] [spawner_joint_state_broadcaster]: Could not contact service /controller_manager/list_controllers
[spawner-3] [INFO] [1781130934.134525929] [spawner_joint_state_broadcaster]: waiting for service /controller_manager/list_controllers to become available...
[spawner-4] [WARN] [1781130944.089059045] [spawner_velocity_controller]: Could not contact service /controller_manager/list_controllers
[spawner-4] [INFO] [1781130944.089561455] [spawner_velocity_controller]: waiting for service /controller_manager/list_controllers to become available...
[spawner-3] [WARN] [1781130944.154593357] [spawner_joint_state_broadcaster]: Could not contact service /controller_manager/list_controllers
[spawner-3] [INFO] [1781130944.154955103] [spawner_joint_state_broadcaster]: waiting for service /controller_manager/list_controllers to become available...
[spawner-4] [WARN] [1781130954.111597268] [spawner_velocity_controller]: Could not contact service /controller_manager/list_controllers
[spawner-4] [INFO] [1781130954.112190322] [spawner_velocity_controller]: waiting for service /controller_manager/list_controllers to become available...
[spawner-3] [WARN] [1781130954.177467534] [spawner_joint_state_broadcaster]: Could not contact service /controller_manager/list_controllers
[spawner-3] [INFO] [1781130954.177889891] [spawner_joint_state_broadcaster]: waiting for service /controller_manager/list_controllers to become available...
[spawner-4] [WARN] [1781130964.132688832] [spawner_velocity_controller]: Could not contact service /controller_manager/list_controllers
[spawner-4] [INFO] [1781130964.133238469] [spawner_velocity_controller]: waiting for service /controller_manager/list_controllers to become available...
[spawner-3] [WARN] [1781130964.198967806] [spawner_joint_state_broadcaster]: Could not contact service /controller_manager/list_controllers
[spawner-3] [INFO] [1781130964.199291142] [spawner_joint_state_broadcaster]: waiting for service /controller_manager/list_controllers to become available...
[spawner-4] [WARN] [1781130974.151553533] [spawner_velocity_controller]: Could not contact service /controller_manager/list_controllers
[spawner-4] [INFO] [1781130974.152073015] [spawner_velocity_controller]: waiting for service /controller_manager/list_controllers to become available...
[spawner-3] [WARN] [1781130974.218242572] [spawner_joint_state_broadcaster]: Could not contact service /controller_manager/list_controllers
[spawner-3] [INFO] [1781130974.218563822] [spawner_joint_state_broadcaster]: waiting for service /controller_manager/list_controllers to become available...
[spawner-4] [WARN] [1781130984.170541873] [spawner_velocity_controller]: Could not contact service /controller_manager/list_controllers
[spawner-4] [INFO] [1781130984.170865746] [spawner_velocity_controller]: waiting for service /controller_manager/list_controllers to become available...
[spawner-3] [WARN] [1781130984.242945324] [spawner_joint_state_broadcaster]: Could not contact service /controller_manager/list_controllers
[spawner-3] [INFO] [1781130984.243260051] [spawner_joint_state_broadcaster]: waiting for service /controller_manager/list_controllers to become available...
[spawner-4] [WARN] [1781130994.191693915] [spawner_velocity_controller]: Could not contact service /controller_manager/list_controllers
[spawner-4] [INFO] [1781130994.192298159] [spawner_velocity_controller]: waiting for service /controller_manager/list_controllers to become available...
[spawner-3] [WARN] [1781130994.261602224] [spawner_joint_state_broadcaster]: Could not contact service /controller_manager/list_controllers
[spawner-3] [INFO] [1781130994.261979808] [spawner_joint_state_broadcaster]: waiting for service /controller_manager/list_controllers to become available...
[spawner-4] [WARN] [1781131004.213778598] [spawner_velocity_controller]: Could not contact service /controller_manager/list_controllers
[spawner-4] [INFO] [1781131004.214116976] [spawner_velocity_controller]: waiting for service /controller_manager/list_controllers to become available...
[spawner-3] [WARN] [1781131004.285646309] [spawner_joint_state_broadcaster]: Could not contact service /controller_manager/list_controllers
[spawner-3] [INFO] [1781131004.286180106] [spawner_joint_state_broadcaster]: waiting for service /controller_manager/list_controllers to become available...
[spawner-4] [WARN] [1781131014.228969377] [spawner_velocity_controller]: Could not contact service /controller_manager/list_controllers
[spawner-4] [INFO] [1781131014.229318090] [spawner_velocity_controller]: waiting for service /controller_manager/list_controllers to become available...
[spawner-3] [WARN] [1781131014.300010431] [spawner_joint_state_broadcaster]: Could not contact service /controller_manager/list_controllers
[spawner-3] [INFO] [1781131014.300424492] [spawner_joint_state_broadcaster]: waiting for service /controller_manager/list_controllers to become available...
[spawner-4] [WARN] [1781131024.247498511] [spawner_velocity_controller]: Could not contact service /controller_manager/list_controllers
[spawner-4] [INFO] [1781131024.247876917] [spawner_velocity_controller]: waiting for service /controller_manager/list_controllers to become available...
[spawner-3] [WARN] [1781131024.321574939] [spawner_joint_state_broadcaster]: Could not contact service /controller_manager/list_controllers
[spawner-3] [INFO] [1781131024.321953802] [spawner_joint_state_broadcaster]: waiting for service /controller_manager/list_controllers to become available...
[spawner-4] [WARN] [1781131034.266425197] [spawner_velocity_controller]: Could not contact service /controller_manager/list_controllers
[spawner-4] [INFO] [1781131034.266761742] [spawner_velocity_controller]: waiting for service /controller_manager/list_controllers to become available...
[spawner-3] [WARN] [1781131034.342072621] [spawner_joint_state_broadcaster]: Could not contact service /controller_manager/list_controllers
[spawner-3] [INFO] [1781131034.342392266] [spawner_joint_state_broadcaster]: waiting for service /controller_manager/list_controllers to become available...
[spawner-4] [WARN] [1781131044.286571156] [spawner_velocity_controller]: Could not contact service /controller_manager/list_controllers
[spawner-4] [INFO] [1781131044.286937580] [spawner_velocity_controller]: waiting for service /controller_manager/list_controllers to become available...
[spawner-3] [WARN] [1781131044.363324174] [spawner_joint_state_broadcaster]: Could not contact service /controller_manager/list_controllers
[spawner-3] [INFO] [1781131044.363663066] [spawner_joint_state_broadcaster]: waiting for service /controller_manager/list_controllers to become available...
[spawner-4] [WARN] [1781131054.308572843] [spawner_velocity_controller]: Could not contact service /controller_manager/list_controllers
[spawner-4] [INFO] [1781131054.308918719] [spawner_velocity_controller]: waiting for service /controller_manager/list_controllers to become available...
[spawner-3] [WARN] [1781131054.385529998] [spawner_joint_state_broadcaster]: Could not contact service /controller_manager/list_controllers
[spawner-3] [INFO] [1781131054.385912439] [spawner_joint_state_broadcaster]: waiting for service /controller_manager/list_controllers to become available...
[spawner-4] [WARN] [1781131064.327587770] [spawner_velocity_controller]: Could not contact service /controller_manager/list_controllers
[spawner-4] [INFO] [1781131064.328015883] [spawner_velocity_controller]: waiting for service /controller_manager/list_controllers to become available...
[spawner-3] [WARN] [1781131064.408646565] [spawner_joint_state_broadcaster]: Could not contact service /controller_manager/list_controllers
[spawner-3] [INFO] [1781131064.409034353] [spawner_joint_state_broadcaster]: waiting for service /controller_manager/list_controllers to become available...
[spawner-4] [WARN] [1781131074.347202465] [spawner_velocity_controller]: Could not contact service /controller_manager/list_controllers
[spawner-4] [INFO] [1781131074.347521833] [spawner_velocity_controller]: waiting for service /controller_manager/list_controllers to become available...
[spawner-3] [WARN] [1781131074.427708510] [spawner_joint_state_broadcaster]: Could not contact service /controller_manager/list_controllers
[spawner-3] [INFO] [1781131074.428263841] [spawner_joint_state_broadcaster]: waiting for service /controller_manager/list_controllers to become available...
[spawner-4] [WARN] [1781131084.365577304] [spawner_velocity_controller]: Could not contact service /controller_manager/list_controllers
[spawner-4] [INFO] [1781131084.365945206] [spawner_velocity_controller]: waiting for service /controller_manager/list_controllers to become available...
[spawner-3] [WARN] [1781131084.448681744] [spawner_joint_state_broadcaster]: Could not contact service /controller_manager/list_controllers
[spawner-3] [INFO] [1781131084.449072291] [spawner_joint_state_broadcaster]: waiting for service /controller_manager/list_controllers to become available...
[spawner-4] [WARN] [1781131094.383990464] [spawner_velocity_controller]: Could not contact service /controller_manager/list_controllers
[spawner-4] [INFO] [1781131094.384304168] [spawner_velocity_controller]: waiting for service /controller_manager/list_controllers to become available...
[spawner-3] [WARN] [1781131094.467242499] [spawner_joint_state_broadcaster]: Could not contact service /controller_manager/list_controllers
[spawner-3] [INFO] [1781131094.467579622] [spawner_joint_state_broadcaster]: waiting for service /controller_manager/list_controllers to become available...
[spawner-4] [WARN] [1781131104.405701736] [spawner_velocity_controller]: Could not contact service /controller_manager/list_controllers
[spawner-4] [INFO] [1781131104.406056890] [spawner_velocity_controller]: waiting for service /controller_manager/list_controllers to become available...
[spawner-3] [WARN] [1781131104.486236334] [spawner_joint_state_broadcaster]: Could not contact service /controller_manager/list_controllers
[spawner-3] [INFO] [1781131104.486565882] [spawner_joint_state_broadcaster]: waiting for service /controller_manager/list_controllers to become available...
[spawner-4] [WARN] [1781131114.425334159] [spawner_velocity_controller]: Could not contact service /controller_manager/list_controllers
[spawner-4] [INFO] [1781131114.425655534] [spawner_velocity_controller]: waiting for service /controller_manager/list_controllers to become available...
[spawner-3] [WARN] [1781131114.507488526] [spawner_joint_state_broadcaster]: Could not contact service /controller_manager/list_controllers
[spawner-3] [INFO] [1781131114.507966774] [spawner_joint_state_broadcaster]: waiting for service /controller_manager/list_controllers to become available...
[spawner-4] [WARN] [1781131124.443864677] [spawner_velocity_controller]: Could not contact service /controller_manager/list_controllers
[spawner-4] [INFO] [1781131124.444196132] [spawner_velocity_controller]: waiting for service /controller_manager/list_controllers to become available...
[spawner-3] [WARN] [1781131124.526187615] [spawner_joint_state_broadcaster]: Could not contact service /controller_manager/list_controllers
[spawner-3] [INFO] [1781131124.526528693] [spawner_joint_state_broadcaster]: waiting for service /controller_manager/list_controllers to become available...
[spawner-4] [WARN] [1781131134.463514272] [spawner_velocity_controller]: Could not contact service /controller_manager/list_controllers
[spawner-4] [INFO] [1781131134.463898744] [spawner_velocity_controller]: waiting for service /controller_manager/list_controllers to become available...
[spawner-3] [WARN] [1781131134.543219547] [spawner_joint_state_broadcaster]: Could not contact service /controller_manager/list_controllers
[spawner-3] [INFO] [1781131134.543635996] [spawner_joint_state_broadcaster]: waiting for service /controller_manager/list_controllers to become available...
[spawner-4] [WARN] [1781131144.483547833] [spawner_velocity_controller]: Could not contact service /controller_manager/list_controllers
[spawner-4] [INFO] [1781131144.484045176] [spawner_velocity_controller]: waiting for service /controller_manager/list_controllers to become available...
[spawner-3] [WARN] [1781131144.564189704] [spawner_joint_state_broadcaster]: Could not contact service /controller_manager/list_controllers
[spawner-3] [INFO] [1781131144.564510131] [spawner_joint_state_broadcaster]: waiting for service /controller_manager/list_controllers to become available...
[spawner-4] [WARN] [1781131154.502527038] [spawner_velocity_controller]: Could not contact service /controller_manager/list_controllers
[spawner-4] [INFO] [1781131154.503030338] [spawner_velocity_controller]: waiting for service /controller_manager/list_controllers to become available...
[spawner-3] [WARN] [1781131154.588485483] [spawner_joint_state_broadcaster]: Could not contact service /controller_manager/list_controllers
[spawner-3] [INFO] [1781131154.588864460] [spawner_joint_state_broadcaster]: waiting for service /controller_manager/list_controllers to become available...
[spawner-4] [WARN] [1781131164.523730368] [spawner_velocity_controller]: Could not contact service /controller_manager/list_controllers
[spawner-4] [INFO] [1781131164.524277396] [spawner_velocity_controller]: waiting for service /controller_manager/list_controllers to become available...
[spawner-3] [WARN] [1781131164.608219177] [spawner_joint_state_broadcaster]: Could not contact service /controller_manager/list_controllers
[spawner-3] [INFO] [1781131164.608539393] [spawner_joint_state_broadcaster]: waiting for service /controller_manager/list_controllers to become available...
[spawner-4] [WARN] [1781131174.548615337] [spawner_velocity_controller]: Could not contact service /controller_manager/list_controllers
[spawner-4] [INFO] [1781131174.549176120] [spawner_velocity_controller]: waiting for service /controller_manager/list_controllers to become available...
[spawner-3] [WARN] [1781131174.632367292] [spawner_joint_state_broadcaster]: Could not contact service /controller_manager/list_controllers
[spawner-3] [INFO] [1781131174.632709853] [spawner_joint_state_broadcaster]: waiting for service /controller_manager/list_controllers to become available...
[spawner-4] [WARN] [1781131184.570201433] [spawner_velocity_controller]: Could not contact service /controller_manager/list_controllers
[spawner-4] [INFO] [1781131184.570620685] [spawner_velocity_controller]: waiting for service /controller_manager/list_controllers to become available...
[spawner-3] [WARN] [1781131184.653354730] [spawner_joint_state_broadcaster]: Could not contact service /controller_manager/list_controllers
[spawner-3] [INFO] [1781131184.653694124] [spawner_joint_state_broadcaster]: waiting for service /controller_manager/list_controllers to become available...
[spawner-4] [WARN] [1781131194.591648240] [spawner_velocity_controller]: Could not contact service /controller_manager/list_controllers
[spawner-4] [INFO] [1781131194.592194808] [spawner_velocity_controller]: waiting for service /controller_manager/list_controllers to become available...
[spawner-3] [WARN] [1781131194.676414010] [spawner_joint_state_broadcaster]: Could not contact service /controller_manager/list_controllers
[spawner-3] [INFO] [1781131194.676741502] [spawner_joint_state_broadcaster]: waiting for service /controller_manager/list_controllers to become available...
[spawner-4] [WARN] [1781131204.616446350] [spawner_velocity_controller]: Could not contact service /controller_manager/list_controllers
[spawner-4] [INFO] [1781131204.616793981] [spawner_velocity_controller]: waiting for service /controller_manager/list_controllers to become available...
[spawner-3] [WARN] [1781131204.699629409] [spawner_joint_state_broadcaster]: Could not contact service /controller_manager/list_controllers
[spawner-3] [INFO] [1781131204.700031373] [spawner_joint_state_broadcaster]: waiting for service /controller_manager/list_controllers to become available...
[spawner-4] [WARN] [1781131214.635592357] [spawner_velocity_controller]: Could not contact service /controller_manager/list_controllers
[spawner-4] [INFO] [1781131214.636119545] [spawner_velocity_controller]: waiting for service /controller_manager/list_controllers to become available...
[spawner-3] [WARN] [1781131214.719016716] [spawner_joint_state_broadcaster]: Could not contact service /controller_manager/list_controllers
[spawner-3] [INFO] [1781131214.719334189] [spawner_joint_state_broadcaster]: waiting for service /controller_manager/list_controllers to become available...
[spawner-4] [WARN] [1781131224.657840851] [spawner_velocity_controller]: Could not contact service /controller_manager/list_controllers
[spawner-4] [INFO] [1781131224.658414786] [spawner_velocity_controller]: waiting for service /controller_manager/list_controllers to become available...
[spawner-3] [WARN] [1781131224.740583362] [spawner_joint_state_broadcaster]: Could not contact service /controller_manager/list_controllers
[spawner-3] [INFO] [1781131224.741018233] [spawner_joint_state_broadcaster]: waiting for service /controller_manager/list_controllers to become available...
[spawner-4] [WARN] [1781131234.679584395] [spawner_velocity_controller]: Could not contact service /controller_manager/list_controllers
[spawner-4] [INFO] [1781131234.680085789] [spawner_velocity_controller]: waiting for service /controller_manager/list_controllers to become available...
[spawner-3] [WARN] [1781131234.760611210] [spawner_joint_state_broadcaster]: Could not contact service /controller_manager/list_controllers
[spawner-3] [INFO] [1781131234.761006112] [spawner_joint_state_broadcaster]: waiting for service /controller_manager/list_controllers to become available...
[spawner-4] [WARN] [1781131244.703230095] [spawner_velocity_controller]: Could not contact service /controller_manager/list_controllers
[spawner-4] [INFO] [1781131244.703726670] [spawner_velocity_controller]: waiting for service /controller_manager/list_controllers to become available...
[spawner-3] [WARN] [1781131244.783052446] [spawner_joint_state_broadcaster]: Could not contact service /controller_manager/list_controllers
[spawner-3] [INFO] [1781131244.783378687] [spawner_joint_state_broadcaster]: waiting for service /controller_manager/list_controllers to become available...
[spawner-4] [WARN] [1781131254.722549034] [spawner_velocity_controller]: Could not contact service /controller_manager/list_controllers
[spawner-4] [INFO] [1781131254.722880117] [spawner_velocity_controller]: waiting for service /controller_manager/list_controllers to become available...
[spawner-3] [WARN] [1781131254.804202951] [spawner_joint_state_broadcaster]: Could not contact service /controller_manager/list_controllers
[spawner-3] [INFO] [1781131254.804516823] [spawner_joint_state_broadcaster]: waiting for service /controller_manager/list_controllers to become available...
[spawner-4] [WARN] [1781131264.743034142] [spawner_velocity_controller]: Could not contact service /controller_manager/list_controllers
[spawner-4] [INFO] [1781131264.743383389] [spawner_velocity_controller]: waiting for service /controller_manager/list_controllers to become available...
[spawner-3] [WARN] [1781131264.824865330] [spawner_joint_state_broadcaster]: Could not contact service /controller_manager/list_controllers
[spawner-3] [INFO] [1781131264.825182580] [spawner_joint_state_broadcaster]: waiting for service /controller_manager/list_controllers to become available...
[spawner-4] [WARN] [1781131274.761563548] [spawner_velocity_controller]: Could not contact service /controller_manager/list_controllers
[spawner-4] [INFO] [1781131274.761929292] [spawner_velocity_controller]: waiting for service /controller_manager/list_controllers to become available...
[spawner-3] [WARN] [1781131274.842610944] [spawner_joint_state_broadcaster]: Could not contact service /controller_manager/list_controllers
[spawner-3] [INFO] [1781131274.842975566] [spawner_joint_state_broadcaster]: waiting for service /controller_manager/list_controllers to become available...
[spawner-4] [WARN] [1781131284.784231334] [spawner_velocity_controller]: Could not contact service /controller_manager/list_controllers
[spawner-4] [INFO] [1781131284.784600245] [spawner_velocity_controller]: waiting for service /controller_manager/list_controllers to become available...
[spawner-3] [WARN] [1781131284.863201947] [spawner_joint_state_broadcaster]: Could not contact service /controller_manager/list_controllers
[spawner-3] [INFO] [1781131284.863583553] [spawner_joint_state_broadcaster]: waiting for service /controller_manager/list_controllers to become available...
[spawner-4] [WARN] [1781131294.803973754] [spawner_velocity_controller]: Could not contact service /controller_manager/list_controllers
[spawner-4] [INFO] [1781131294.804327412] [spawner_velocity_controller]: waiting for service /controller_manager/list_controllers to become available...
[spawner-3] [WARN] [1781131294.882236583] [spawner_joint_state_broadcaster]: Could not contact service /controller_manager/list_controllers
[spawner-3] [INFO] [1781131294.882555590] [spawner_joint_state_broadcaster]: waiting for service /controller_manager/list_controllers to become available...
[spawner-4] [WARN] [1781131304.826588296] [spawner_velocity_controller]: Could not contact service /controller_manager/list_controllers
[spawner-4] [INFO] [1781131304.826994974] [spawner_velocity_controller]: waiting for service /controller_manager/list_controllers to become available...
[spawner-3] [WARN] [1781131304.902205981] [spawner_joint_state_broadcaster]: Could not contact service /controller_manager/list_controllers
[spawner-3] [INFO] [1781131304.902542040] [spawner_joint_state_broadcaster]: waiting for service /controller_manager/list_controllers to become available...
[spawner-4] [WARN] [1781131314.849608350] [spawner_velocity_controller]: Could not contact service /controller_manager/list_controllers
[spawner-4] [INFO] [1781131314.849961321] [spawner_velocity_controller]: waiting for service /controller_manager/list_controllers to become available...
[spawner-3] [WARN] [1781131314.920498818] [spawner_joint_state_broadcaster]: Could not contact service /controller_manager/list_controllers
[spawner-3] [INFO] [1781131314.920860951] [spawner_joint_state_broadcaster]: waiting for service /controller_manager/list_controllers to become available...
[spawner-4] [WARN] [1781131324.871081542] [spawner_velocity_controller]: Could not contact service /controller_manager/list_controllers
[spawner-4] [INFO] [1781131324.871391039] [spawner_velocity_controller]: waiting for service /controller_manager/list_controllers to become available...
[spawner-3] [WARN] [1781131324.942654249] [spawner_joint_state_broadcaster]: Could not contact service /controller_manager/list_controllers
[spawner-3] [INFO] [1781131324.943031866] [spawner_joint_state_broadcaster]: waiting for service /controller_manager/list_controllers to become available...
[spawner-4] [WARN] [1781131334.893800133] [spawner_velocity_controller]: Could not contact service /controller_manager/list_controllers
[spawner-4] [INFO] [1781131334.894121538] [spawner_velocity_controller]: waiting for service /controller_manager/list_controllers to become available...
[spawner-3] [WARN] [1781131334.964303899] [spawner_joint_state_broadcaster]: Could not contact service /controller_manager/list_controllers
[spawner-3] [INFO] [1781131334.964668938] [spawner_joint_state_broadcaster]: waiting for service /controller_manager/list_controllers to become available...
[spawner-4] [WARN] [1781131344.914943716] [spawner_velocity_controller]: Could not contact service /controller_manager/list_controllers
[spawner-4] [INFO] [1781131344.915254961] [spawner_velocity_controller]: waiting for service /controller_manager/list_controllers to become available...
[spawner-3] [WARN] [1781131344.987441863] [spawner_joint_state_broadcaster]: Could not contact service /controller_manager/list_controllers
[spawner-3] [INFO] [1781131344.987820963] [spawner_joint_state_broadcaster]: waiting for service /controller_manager/list_controllers to become available...
[spawner-4] [WARN] [1781131354.938845896] [spawner_velocity_controller]: Could not contact service /controller_manager/list_controllers
[spawner-4] [INFO] [1781131354.939231610] [spawner_velocity_controller]: waiting for service /controller_manager/list_controllers to become available...
[spawner-3] [WARN] [1781131355.007408961] [spawner_joint_state_broadcaster]: Could not contact service /controller_manager/list_controllers
[spawner-3] [INFO] [1781131355.007728429] [spawner_joint_state_broadcaster]: waiting for service /controller_manager/list_controllers to become available...
[spawner-4] [WARN] [1781131364.961467385] [spawner_velocity_controller]: Could not contact service /controller_manager/list_controllers
[spawner-4] [INFO] [1781131364.961893933] [spawner_velocity_controller]: waiting for service /controller_manager/list_controllers to become available...
[spawner-3] [WARN] [1781131365.029714648] [spawner_joint_state_broadcaster]: Could not contact service /controller_manager/list_controllers
[spawner-3] [INFO] [1781131365.030073625] [spawner_joint_state_broadcaster]: waiting for service /controller_manager/list_controllers to become available...
[spawner-4] [WARN] [1781131374.984247285] [spawner_velocity_controller]: Could not contact service /controller_manager/list_controllers
[spawner-4] [INFO] [1781131374.984598536] [spawner_velocity_controller]: waiting for service /controller_manager/list_controllers to become available...
[spawner-3] [WARN] [1781131375.049486086] [spawner_joint_state_broadcaster]: Could not contact service /controller_manager/list_controllers
[spawner-3] [INFO] [1781131375.049840755] [spawner_joint_state_broadcaster]: waiting for service /controller_manager/list_controllers to become available...
[spawner-4] [WARN] [1781131385.008727961] [spawner_velocity_controller]: Could not contact service /controller_manager/list_controllers
[spawner-4] [INFO] [1781131385.009167476] [spawner_velocity_controller]: waiting for service /controller_manager/list_controllers to become available...
[spawner-3] [WARN] [1781131385.071587152] [spawner_joint_state_broadcaster]: Could not contact service /controller_manager/list_controllers
[spawner-3] [INFO] [1781131385.071945120] [spawner_joint_state_broadcaster]: waiting for service /controller_manager/list_controllers to become available...
[spawner-4] [WARN] [1781131395.032065305] [spawner_velocity_controller]: Could not contact service /controller_manager/list_controllers
[spawner-4] [INFO] [1781131395.032402856] [spawner_velocity_controller]: waiting for service /controller_manager/list_controllers to become available...
[spawner-3] [WARN] [1781131395.093561877] [spawner_joint_state_broadcaster]: Could not contact service /controller_manager/list_controllers
[spawner-3] [INFO] [1781131395.093907635] [spawner_joint_state_broadcaster]: waiting for service /controller_manager/list_controllers to become available...
[spawner-4] [WARN] [1781131405.051978812] [spawner_velocity_controller]: Could not contact service /controller_manager/list_controllers
[spawner-4] [INFO] [1781131405.052345054] [spawner_velocity_controller]: waiting for service /controller_manager/list_controllers to become available...
[spawner-3] [WARN] [1781131405.116789573] [spawner_joint_state_broadcaster]: Could not contact service /controller_manager/list_controllers
[spawner-3] [INFO] [1781131405.117163473] [spawner_joint_state_broadcaster]: waiting for service /controller_manager/list_controllers to become available...
[spawner-4] [WARN] [1781131415.076997468] [spawner_velocity_controller]: Could not contact service /controller_manager/list_controllers
[spawner-4] [INFO] [1781131415.077468762] [spawner_velocity_controller]: waiting for service /controller_manager/list_controllers to become available...
[spawner-3] [WARN] [1781131415.138209858] [spawner_joint_state_broadcaster]: Could not contact service /controller_manager/list_controllers
[spawner-3] [INFO] [1781131415.138522814] [spawner_joint_state_broadcaster]: waiting for service /controller_manager/list_controllers to become available...
[spawner-4] [WARN] [1781131425.103472741] [spawner_velocity_controller]: Could not contact service /controller_manager/list_controllers
[spawner-4] [INFO] [1781131425.103819062] [spawner_velocity_controller]: waiting for service /controller_manager/list_controllers to become available...
[spawner-3] [WARN] [1781131425.161313774] [spawner_joint_state_broadcaster]: Could not contact service /controller_manager/list_controllers
[spawner-3] [INFO] [1781131425.161761626] [spawner_joint_state_broadcaster]: waiting for service /controller_manager/list_controllers to become available...
[spawner-4] [WARN] [1781131435.124561191] [spawner_velocity_controller]: Could not contact service /controller_manager/list_controllers
[spawner-4] [INFO] [1781131435.124911935] [spawner_velocity_controller]: waiting for service /controller_manager/list_controllers to become available...
[spawner-3] [WARN] [1781131435.184713224] [spawner_joint_state_broadcaster]: Could not contact service /controller_manager/list_controllers
[spawner-3] [INFO] [1781131435.185101851] [spawner_joint_state_broadcaster]: waiting for service /controller_manager/list_controllers to become available...
[spawner-4] [WARN] [1781131445.147693840] [spawner_velocity_controller]: Could not contact service /controller_manager/list_controllers
[spawner-4] [INFO] [1781131445.148065814] [spawner_velocity_controller]: waiting for service /controller_manager/list_controllers to become available...
[spawner-3] [WARN] [1781131445.207623725] [spawner_joint_state_broadcaster]: Could not contact service /controller_manager/list_controllers
[spawner-3] [INFO] [1781131445.207983801] [spawner_joint_state_broadcaster]: waiting for service /controller_manager/list_controllers to become available...
[spawner-4] [WARN] [1781131455.167558650] [spawner_velocity_controller]: Could not contact service /controller_manager/list_controllers
[spawner-4] [INFO] [1781131455.167945906] [spawner_velocity_controller]: waiting for service /controller_manager/list_controllers to become available...
[spawner-3] [WARN] [1781131455.230189112] [spawner_joint_state_broadcaster]: Could not contact service /controller_manager/list_controllers
[spawner-3] [INFO] [1781131455.230551818] [spawner_joint_state_broadcaster]: waiting for service /controller_manager/list_controllers to become available...
[spawner-4] [WARN] [1781131465.187227496] [spawner_velocity_controller]: Could not contact service /controller_manager/list_controllers
[spawner-4] [INFO] [1781131465.187552497] [spawner_velocity_controller]: waiting for service /controller_manager/list_controllers to become available...
[spawner-3] [WARN] [1781131465.248001227] [spawner_joint_state_broadcaster]: Could not contact service /controller_manager/list_controllers
[spawner-3] [INFO] [1781131465.248347630] [spawner_joint_state_broadcaster]: waiting for service /controller_manager/list_controllers to become available...
[spawner-4] [WARN] [1781131475.207163244] [spawner_velocity_controller]: Could not contact service /controller_manager/list_controllers
[spawner-4] [INFO] [1781131475.207470961] [spawner_velocity_controller]: waiting for service /controller_manager/list_controllers to become available...
[spawner-3] [WARN] [1781131475.267663272] [spawner_joint_state_broadcaster]: Could not contact service /controller_manager/list_controllers
[spawner-3] [INFO] [1781131475.268142460] [spawner_joint_state_broadcaster]: waiting for service /controller_manager/list_controllers to become available...
[spawner-4] [WARN] [1781131485.228184124] [spawner_velocity_controller]: Could not contact service /controller_manager/list_controllers
[spawner-4] [INFO] [1781131485.228495535] [spawner_velocity_controller]: waiting for service /controller_manager/list_controllers to become available...
[spawner-3] [WARN] [1781131485.290936501] [spawner_joint_state_broadcaster]: Could not contact service /controller_manager/list_controllers
[spawner-3] [INFO] [1781131485.291294656] [spawner_joint_state_broadcaster]: waiting for service /controller_manager/list_controllers to become available...
[spawner-4] [WARN] [1781131495.247775948] [spawner_velocity_controller]: Could not contact service /controller_manager/list_controllers
[spawner-4] [INFO] [1781131495.248108955] [spawner_velocity_controller]: waiting for service /controller_manager/list_controllers to become available...
[spawner-3] [WARN] [1781131495.314677830] [spawner_joint_state_broadcaster]: Could not contact service /controller_manager/list_controllers
[spawner-3] [INFO] [1781131495.315104384] [spawner_joint_state_broadcaster]: waiting for service /controller_manager/list_controllers to become available...
[spawner-4] [WARN] [1781131505.267809375] [spawner_velocity_controller]: Could not contact service /controller_manager/list_controllers
[spawner-4] [INFO] [1781131505.268119200] [spawner_velocity_controller]: waiting for service /controller_manager/list_controllers to become available...
[spawner-3] [WARN] [1781131505.334216296] [spawner_joint_state_broadcaster]: Could not contact service /controller_manager/list_controllers
[spawner-3] [INFO] [1781131505.334532282] [spawner_joint_state_broadcaster]: waiting for service /controller_manager/list_controllers to become available...
[spawner-4] [WARN] [1781131515.287296120] [spawner_velocity_controller]: Could not contact service /controller_manager/list_controllers
[spawner-4] [INFO] [1781131515.287597634] [spawner_velocity_controller]: waiting for service /controller_manager/list_controllers to become available...
[spawner-3] [WARN] [1781131515.355167261] [spawner_joint_state_broadcaster]: Could not contact service /controller_manager/list_controllers
[spawner-3] [INFO] [1781131515.355659685] [spawner_joint_state_broadcaster]: waiting for service /controller_manager/list_controllers to become available...
[spawner-4] [WARN] [1781131525.309254130] [spawner_velocity_controller]: Could not contact service /controller_manager/list_controllers
[spawner-4] [INFO] [1781131525.309565563] [spawner_velocity_controller]: waiting for service /controller_manager/list_controllers to become available...
[spawner-3] [WARN] [1781131525.377360923] [spawner_joint_state_broadcaster]: Could not contact service /controller_manager/list_controllers
[spawner-3] [INFO] [1781131525.377677547] [spawner_joint_state_broadcaster]: waiting for service /controller_manager/list_controllers to become available...
[spawner-4] [WARN] [1781131535.329570650] [spawner_velocity_controller]: Could not contact service /controller_manager/list_controllers
[spawner-4] [INFO] [1781131535.330150354] [spawner_velocity_controller]: waiting for service /controller_manager/list_controllers to become available...
[spawner-3] [WARN] [1781131535.397627397] [spawner_joint_state_broadcaster]: Could not contact service /controller_manager/list_controllers
[spawner-3] [INFO] [1781131535.398019588] [spawner_joint_state_broadcaster]: waiting for service /controller_manager/list_controllers to become available...
[spawner-4] [WARN] [1781131545.349951689] [spawner_velocity_controller]: Could not contact service /controller_manager/list_controllers
[spawner-4] [INFO] [1781131545.350258053] [spawner_velocity_controller]: waiting for service /controller_manager/list_controllers to become available...
[spawner-3] [WARN] [1781131545.420290102] [spawner_joint_state_broadcaster]: Could not contact service /controller_manager/list_controllers
[spawner-3] [INFO] [1781131545.420637301] [spawner_joint_state_broadcaster]: waiting for service /controller_manager/list_controllers to become available...
[spawner-4] [WARN] [1781131555.371107349] [spawner_velocity_controller]: Could not contact service /controller_manager/list_controllers
[spawner-4] [INFO] [1781131555.371591058] [spawner_velocity_controller]: waiting for service /controller_manager/list_controllers to become available...
[spawner-3] [WARN] [1781131555.441578342] [spawner_joint_state_broadcaster]: Could not contact service /controller_manager/list_controllers
[spawner-3] [INFO] [1781131555.441994046] [spawner_joint_state_broadcaster]: waiting for service /controller_manager/list_controllers to become available...
[spawner-4] [WARN] [1781131565.394478053] [spawner_velocity_controller]: Could not contact service /controller_manager/list_controllers
[spawner-4] [INFO] [1781131565.394824174] [spawner_velocity_controller]: waiting for service /controller_manager/list_controllers to become available...
[spawner-3] [WARN] [1781131565.461561500] [spawner_joint_state_broadcaster]: Could not contact service /controller_manager/list_controllers
[spawner-3] [INFO] [1781131565.461931667] [spawner_joint_state_broadcaster]: waiting for service /controller_manager/list_controllers to become available...
[spawner-4] [WARN] [1781131575.414240073] [spawner_velocity_controller]: Could not contact service /controller_manager/list_controllers
[spawner-4] [INFO] [1781131575.414564645] [spawner_velocity_controller]: waiting for service /controller_manager/list_controllers to become available...
[spawner-3] [WARN] [1781131575.483225367] [spawner_joint_state_broadcaster]: Could not contact service /controller_manager/list_controllers
[spawner-3] [INFO] [1781131575.483581942] [spawner_joint_state_broadcaster]: waiting for service /controller_manager/list_controllers to become available...
