-- Found ament_cmake: 1.3.12 (/opt/ros/humble/share/ament_cmake/cmake)
-- Found urdf: 2.6.1 (/opt/ros/humble/share/urdf/cmake)
-- Found rclpy: 3.3.19 (/opt/ros/humble/share/rclpy/cmake)
-- Found gazebo_ros: 3.9.0 (/opt/ros/humble/share/gazebo_ros/cmake)
-- Found rosidl_generator_c: 3.1.7 (/opt/ros/humble/share/rosidl_generator_c/cmake)
-- Found rosidl_adapter: 3.1.7 (/opt/ros/humble/share/rosidl_adapter/cmake)
-- Found rosidl_generator_cpp: 3.1.7 (/opt/ros/humble/share/rosidl_generator_cpp/cmake)
-- Using all available rosidl_typesupport_c: rosidl_typesupport_fastrtps_c;rosidl_typesupport_introspection_c
-- Using all available rosidl_typesupport_cpp: rosidl_typesupport_fastrtps_cpp;rosidl_typesupport_introspection_cpp
-- Found rmw_implementation_cmake: 6.1.2 (/opt/ros/humble/share/rmw_implementation_cmake/cmake)
-- Found rmw_fastrtps_cpp: 6.2.9 (/opt/ros/humble/share/rmw_fastrtps_cpp/cmake)
-- Found TinyXML2 via Config file: TinyXML2_DIR-NOTFOUND
-- Found TinyXML2 via Config file: TinyXML2_DIR-NOTFOUND
-- Found TinyXML2 via Config file: TinyXML2_DIR-NOTFOUND
-- Found TinyXML2 via Config file: TinyXML2_DIR-NOTFOUND
-- Using RMW implementation 'rmw_fastrtps_cpp' as default
-- Found DART: /usr/include (Required is at least version "6.6") found components: dart 
-- Found Protobuf: /usr/lib/x86_64-linux-gnu/libprotobuf.so (found version "3.12.4") 
-- Looking for ignition-math6 -- found version 6.15.1
-- Searching for dependencies of ignition-math6
-- Looking for OGRE...
-- Found Ogre Ghadamon (1.9.0)
-- Found OGRE: optimized;/usr/lib/x86_64-linux-gnu/libOgreMain.so;debug;/usr/lib/x86_64-linux-gnu/libOgreMain.so
-- Looking for OGRE_Paging...
-- Found OGRE_Paging: optimized;/usr/lib/x86_64-linux-gnu/libOgrePaging.so;debug;/usr/lib/x86_64-linux-gnu/libOgrePaging.so
-- Looking for OGRE_Terrain...
-- Found OGRE_Terrain: optimized;/usr/lib/x86_64-linux-gnu/libOgreTerrain.so;debug;/usr/lib/x86_64-linux-gnu/libOgreTerrain.so
-- Looking for OGRE_Property...
-- Found OGRE_Property: optimized;/usr/lib/x86_64-linux-gnu/libOgreProperty.so;debug;/usr/lib/x86_64-linux-gnu/libOgreProperty.so
-- Looking for OGRE_RTShaderSystem...
-- Found OGRE_RTShaderSystem: optimized;/usr/lib/x86_64-linux-gnu/libOgreRTShaderSystem.so;debug;/usr/lib/x86_64-linux-gnu/libOgreRTShaderSystem.so
-- Looking for OGRE_Volume...
-- Found OGRE_Volume: optimized;/usr/lib/x86_64-linux-gnu/libOgreVolume.so;debug;/usr/lib/x86_64-linux-gnu/libOgreVolume.so
-- Looking for OGRE_Overlay...
-- Found OGRE_Overlay: optimized;/usr/lib/x86_64-linux-gnu/libOgreOverlay.so;debug;/usr/lib/x86_64-linux-gnu/libOgreOverlay.so
-- Looking for ignition-math6 -- found version 6.15.1
-- Looking for ignition-transport8 -- found version 8.2.1
-- Searching for dependencies of ignition-transport8
-- Found Protobuf: /usr/lib/x86_64-linux-gnu/libprotobuf.so (found suitable version "3.12.4", minimum required is "3") 
-- Config-file not installed for ZeroMQ -- checking for pkg-config
-- Checking for module 'libzmq >= 4'
--   Found libzmq , version 4.3.4
-- Checking for module 'uuid'
--   Found uuid, version 2.37.2
-- Looking for ignition-msgs5 -- found version 5.8.1
-- Searching for dependencies of ignition-msgs5
-- Looking for ignition-math6 -- found version 6.15.1
-- Looking for ignition-msgs5 -- found version 5.8.1
-- Looking for ignition-common3 -- found version 3.14.0
-- Searching for dependencies of ignition-common3
-- Looking for dlfcn.h - found
-- Looking for libdl - found
-- Searching for <ignition-common3> component [graphics]
-- Looking for ignition-common3-graphics -- found version 3.14.0
-- Searching for dependencies of ignition-common3-graphics
-- Looking for ignition-math6 -- found version 6.15.1
-- Looking for ignition-fuel_tools4 -- found version 4.4.0
-- Searching for dependencies of ignition-fuel_tools4
-- Checking for module 'jsoncpp'
--   Found jsoncpp, version 1.9.5
-- Checking for module 'libzip'
--   Found libzip, version 1.7.3
-- Looking for ignition-common3 -- found version 3.14.0
-- Looking for ignition-math6 -- found version 6.15.1
-- Looking for ignition-msgs5 -- found version 5.8.1
-- Gazebo version: 11.10
-- Found xacro: 2.1.1 (/opt/ros/humble/share/xacro/cmake)
-- Found ros2_control: 2.52.2 (/opt/ros/humble/share/ros2_control/cmake)
-- Found gazebo_ros2_control: 0.4.10 (/opt/ros/humble/share/gazebo_ros2_control/cmake)
-- Found joint_state_broadcaster: 2.50.2 (/opt/ros/humble/share/joint_state_broadcaster/cmake)
-- Found joint_trajectory_controller: 2.50.2 (/opt/ros/humble/share/joint_trajectory_controller/cmake)
-- Found velocity_controllers: 2.50.2 (/opt/ros/humble/share/velocity_controllers/cmake)
-- Found ament_lint_auto: 0.12.14 (/opt/ros/humble/share/ament_lint_auto/cmake)
-- Added test 'flake8' to check Python code syntax and style conventions
-- Added test 'lint_cmake' to check CMake code style
-- Added test 'pep257' to check Python code against some of the docstring style conventions in PEP 257
-- Added test 'xmllint' to check XML markup files
-- Configuring done
-- Generating done
-- Build files have been written to: /home/mattb/ros2_ws/build/turtlebot3_rotating_sensor
-- Install configuration: ""
-- Up-to-date: /home/mattb/ros2_ws/install/turtlebot3_rotating_sensor/share/turtlebot3_rotating_sensor/urdf
-- Up-to-date: /home/mattb/ros2_ws/install/turtlebot3_rotating_sensor/share/turtlebot3_rotating_sensor/urdf/turtlebot3_rotating_sensor.urdf
-- Up-to-date: /home/mattb/ros2_ws/install/turtlebot3_rotating_sensor/share/turtlebot3_rotating_sensor/rviz_config
-- Up-to-date: /home/mattb/ros2_ws/install/turtlebot3_rotating_sensor/share/turtlebot3_rotating_sensor/rviz_config/README.md
-- Up-to-date: /home/mattb/ros2_ws/install/turtlebot3_rotating_sensor/share/turtlebot3_rotating_sensor/rviz_config/urdf_vis.rviz
-- Up-to-date: /home/mattb/ros2_ws/install/turtlebot3_rotating_sensor/share/turtlebot3_rotating_sensor/launch
-- Up-to-date: /home/mattb/ros2_ws/install/turtlebot3_rotating_sensor/share/turtlebot3_rotating_sensor/launch/gazebo.launch.xml
-- Up-to-date: /home/mattb/ros2_ws/install/turtlebot3_rotating_sensor/share/turtlebot3_rotating_sensor/launch/robot_description.launch.py
-- Up-to-date: /home/mattb/ros2_ws/install/turtlebot3_rotating_sensor/share/turtlebot3_rotating_sensor/launch/control.launch.py
-- Up-to-date: /home/mattb/ros2_ws/install/turtlebot3_rotating_sensor/share/turtlebot3_rotating_sensor/launch/empty_world.launch.py
-- Up-to-date: /home/mattb/ros2_ws/install/turtlebot3_rotating_sensor/share/turtlebot3_rotating_sensor/launch/rviz.launch.xml
-- Up-to-date: /home/mattb/ros2_ws/install/turtlebot3_rotating_sensor/share/turtlebot3_rotating_sensor/launch/rviz.launch.py
-- Up-to-date: /home/mattb/ros2_ws/install/turtlebot3_rotating_sensor/share/turtlebot3_rotating_sensor/controller_config
-- Up-to-date: /home/mattb/ros2_ws/install/turtlebot3_rotating_sensor/share/turtlebot3_rotating_sensor/controller_config/README.md
-- Up-to-date: /home/mattb/ros2_ws/install/turtlebot3_rotating_sensor/share/turtlebot3_rotating_sensor/controller_config/joint_controller.yaml
-- Up-to-date: /home/mattb/ros2_ws/install/turtlebot3_rotating_sensor/share/turtlebot3_rotating_sensor/worlds
-- Up-to-date: /home/mattb/ros2_ws/install/turtlebot3_rotating_sensor/share/turtlebot3_rotating_sensor/worlds/gazebo_empty.world
-- Up-to-date: /home/mattb/ros2_ws/install/turtlebot3_rotating_sensor/share/turtlebot3_rotating_sensor/models
-- Up-to-date: /home/mattb/ros2_ws/install/turtlebot3_rotating_sensor/share/turtlebot3_rotating_sensor/models/model.config
-- Up-to-date: /home/mattb/ros2_ws/install/turtlebot3_rotating_sensor/share/turtlebot3_rotating_sensor/meshes
-- Up-to-date: /home/mattb/ros2_ws/install/turtlebot3_rotating_sensor/share/turtlebot3_rotating_sensor/meshes/rotating_frame_assembly.dae
-- Up-to-date: /home/mattb/ros2_ws/install/turtlebot3_rotating_sensor/share/turtlebot3_rotating_sensor/meshes/turtlebot_vehicle_model.dae
-- Up-to-date: /home/mattb/ros2_ws/install/turtlebot3_rotating_sensor/share/turtlebot3_rotating_sensor/meshes/lds.dae
-- Up-to-date: /home/mattb/ros2_ws/install/turtlebot3_rotating_sensor/share/turtlebot3_rotating_sensor/meshes/tire.dae
-- Up-to-date: /home/mattb/ros2_ws/install/turtlebot3_rotating_sensor/share/ament_index/resource_index/package_run_dependencies/turtlebot3_rotating_sensor
-- Installing: /home/mattb/ros2_ws/install/turtlebot3_rotating_sensor/share/ament_index/resource_index/parent_prefix_path/turtlebot3_rotating_sensor
-- Up-to-date: /home/mattb/ros2_ws/install/turtlebot3_rotating_sensor/share/turtlebot3_rotating_sensor/environment/ament_prefix_path.sh
-- Installing: /home/mattb/ros2_ws/install/turtlebot3_rotating_sensor/share/turtlebot3_rotating_sensor/environment/ament_prefix_path.dsv
-- Up-to-date: /home/mattb/ros2_ws/install/turtlebot3_rotating_sensor/share/turtlebot3_rotating_sensor/environment/path.sh
-- Installing: /home/mattb/ros2_ws/install/turtlebot3_rotating_sensor/share/turtlebot3_rotating_sensor/environment/path.dsv
-- Up-to-date: /home/mattb/ros2_ws/install/turtlebot3_rotating_sensor/share/turtlebot3_rotating_sensor/local_setup.bash
-- Up-to-date: /home/mattb/ros2_ws/install/turtlebot3_rotating_sensor/share/turtlebot3_rotating_sensor/local_setup.sh
-- Up-to-date: /home/mattb/ros2_ws/install/turtlebot3_rotating_sensor/share/turtlebot3_rotating_sensor/local_setup.zsh
-- Installing: /home/mattb/ros2_ws/install/turtlebot3_rotating_sensor/share/turtlebot3_rotating_sensor/local_setup.dsv
-- Installing: /home/mattb/ros2_ws/install/turtlebot3_rotating_sensor/share/turtlebot3_rotating_sensor/package.dsv
-- Up-to-date: /home/mattb/ros2_ws/install/turtlebot3_rotating_sensor/share/ament_index/resource_index/packages/turtlebot3_rotating_sensor
-- Up-to-date: /home/mattb/ros2_ws/install/turtlebot3_rotating_sensor/share/turtlebot3_rotating_sensor/cmake/turtlebot3_rotating_sensorConfig.cmake
-- Up-to-date: /home/mattb/ros2_ws/install/turtlebot3_rotating_sensor/share/turtlebot3_rotating_sensor/cmake/turtlebot3_rotating_sensorConfig-version.cmake
-- Up-to-date: /home/mattb/ros2_ws/install/turtlebot3_rotating_sensor/share/turtlebot3_rotating_sensor/package.xml
