-- Install configuration: ""
-- Up-to-date: /home/mattb/ros2_ws/install/turtlebot3_rotating_sensor/share/turtlebot3_rotating_sensor/urdf
-- Up-to-date: /home/mattb/ros2_ws/install/turtlebot3_rotating_sensor/share/turtlebot3_rotating_sensor/urdf/turtlebot3_rotating_sensor.urdf
-- Up-to-date: /home/mattb/ros2_ws/install/turtlebot3_rotating_sensor/share/turtlebot3_rotating_sensor/rviz_config
-- Up-to-date: /home/mattb/ros2_ws/install/turtlebot3_rotating_sensor/share/turtlebot3_rotating_sensor/rviz_config/README.md
-- Up-to-date: /home/mattb/ros2_ws/install/turtlebot3_rotating_sensor/share/turtlebot3_rotating_sensor/rviz_config/urdf_vis.rviz
-- Up-to-date: /home/mattb/ros2_ws/install/turtlebot3_rotating_sensor/share/turtlebot3_rotating_sensor/launch
-- Up-to-date: /home/mattb/ros2_ws/install/turtlebot3_rotating_sensor/share/turtlebot3_rotating_sensor/launch/gazebo.launch.xml
-- Up-to-date: /home/mattb/ros2_ws/install/turtlebot3_rotating_sensor/share/turtlebot3_rotating_sensor/launch/robot_description.launch.py
-- Up-to-date: /home/mattb/ros2_ws/install/turtlebot3_rotating_sensor/share/turtlebot3_rotating_sensor/launch/control.launch.py
-- Up-to-date: /home/mattb/ros2_ws/install/turtlebot3_rotating_sensor/share/turtlebot3_rotating_sensor/launch/empty_world.launch.py
-- Up-to-date: /home/mattb/ros2_ws/install/turtlebot3_rotating_sensor/share/turtlebot3_rotating_sensor/launch/rviz.launch.xml
-- Up-to-date: /home/mattb/ros2_ws/install/turtlebot3_rotating_sensor/share/turtlebot3_rotating_sensor/launch/rviz.launch.py
-- Up-to-date: /home/mattb/ros2_ws/install/turtlebot3_rotating_sensor/share/turtlebot3_rotating_sensor/controller_config
-- Up-to-date: /home/mattb/ros2_ws/install/turtlebot3_rotating_sensor/share/turtlebot3_rotating_sensor/controller_config/README.md
-- Up-to-date: /home/mattb/ros2_ws/install/turtlebot3_rotating_sensor/share/turtlebot3_rotating_sensor/controller_config/joint_controller.yaml
-- Up-to-date: /home/mattb/ros2_ws/install/turtlebot3_rotating_sensor/share/turtlebot3_rotating_sensor/worlds
-- Up-to-date: /home/mattb/ros2_ws/install/turtlebot3_rotating_sensor/share/turtlebot3_rotating_sensor/worlds/gazebo_empty.world
-- Up-to-date: /home/mattb/ros2_ws/install/turtlebot3_rotating_sensor/share/turtlebot3_rotating_sensor/models
-- Up-to-date: /home/mattb/ros2_ws/install/turtlebot3_rotating_sensor/share/turtlebot3_rotating_sensor/models/model.config
-- Up-to-date: /home/mattb/ros2_ws/install/turtlebot3_rotating_sensor/share/turtlebot3_rotating_sensor/meshes
-- Up-to-date: /home/mattb/ros2_ws/install/turtlebot3_rotating_sensor/share/turtlebot3_rotating_sensor/meshes/rotating_frame_assembly.dae
-- Up-to-date: /home/mattb/ros2_ws/install/turtlebot3_rotating_sensor/share/turtlebot3_rotating_sensor/meshes/turtlebot_vehicle_model.dae
-- Up-to-date: /home/mattb/ros2_ws/install/turtlebot3_rotating_sensor/share/turtlebot3_rotating_sensor/meshes/lds.dae
-- Up-to-date: /home/mattb/ros2_ws/install/turtlebot3_rotating_sensor/share/turtlebot3_rotating_sensor/meshes/tire.dae
-- Up-to-date: /home/mattb/ros2_ws/install/turtlebot3_rotating_sensor/share/ament_index/resource_index/package_run_dependencies/turtlebot3_rotating_sensor
-- Up-to-date: /home/mattb/ros2_ws/install/turtlebot3_rotating_sensor/share/ament_index/resource_index/parent_prefix_path/turtlebot3_rotating_sensor
-- Up-to-date: /home/mattb/ros2_ws/install/turtlebot3_rotating_sensor/share/turtlebot3_rotating_sensor/environment/ament_prefix_path.sh
-- Up-to-date: /home/mattb/ros2_ws/install/turtlebot3_rotating_sensor/share/turtlebot3_rotating_sensor/environment/ament_prefix_path.dsv
-- Up-to-date: /home/mattb/ros2_ws/install/turtlebot3_rotating_sensor/share/turtlebot3_rotating_sensor/environment/path.sh
-- Up-to-date: /home/mattb/ros2_ws/install/turtlebot3_rotating_sensor/share/turtlebot3_rotating_sensor/environment/path.dsv
-- Up-to-date: /home/mattb/ros2_ws/install/turtlebot3_rotating_sensor/share/turtlebot3_rotating_sensor/local_setup.bash
-- Up-to-date: /home/mattb/ros2_ws/install/turtlebot3_rotating_sensor/share/turtlebot3_rotating_sensor/local_setup.sh
-- Up-to-date: /home/mattb/ros2_ws/install/turtlebot3_rotating_sensor/share/turtlebot3_rotating_sensor/local_setup.zsh
-- Up-to-date: /home/mattb/ros2_ws/install/turtlebot3_rotating_sensor/share/turtlebot3_rotating_sensor/local_setup.dsv
-- Installing: /home/mattb/ros2_ws/install/turtlebot3_rotating_sensor/share/turtlebot3_rotating_sensor/package.dsv
-- Up-to-date: /home/mattb/ros2_ws/install/turtlebot3_rotating_sensor/share/ament_index/resource_index/packages/turtlebot3_rotating_sensor
-- Up-to-date: /home/mattb/ros2_ws/install/turtlebot3_rotating_sensor/share/turtlebot3_rotating_sensor/cmake/turtlebot3_rotating_sensorConfig.cmake
-- Up-to-date: /home/mattb/ros2_ws/install/turtlebot3_rotating_sensor/share/turtlebot3_rotating_sensor/cmake/turtlebot3_rotating_sensorConfig-version.cmake
-- Up-to-date: /home/mattb/ros2_ws/install/turtlebot3_rotating_sensor/share/turtlebot3_rotating_sensor/package.xml
