[0.361s] Invoking command in '/home/mattb/ros2_ws/build/turtlebot3_rotating_sensor': CMAKE_PREFIX_PATH=${CMAKE_PREFIX_PATH}:/home/mattb/ros2_ws/install/ros_esc:/opt/ros/humble /usr/bin/cmake --build /home/mattb/ros2_ws/build/turtlebot3_rotating_sensor -- -j12 -l12
[0.415s] Invoked command in '/home/mattb/ros2_ws/build/turtlebot3_rotating_sensor' returned '0': CMAKE_PREFIX_PATH=${CMAKE_PREFIX_PATH}:/home/mattb/ros2_ws/install/ros_esc:/opt/ros/humble /usr/bin/cmake --build /home/mattb/ros2_ws/build/turtlebot3_rotating_sensor -- -j12 -l12
[0.432s] Invoking command in '/home/mattb/ros2_ws/build/turtlebot3_rotating_sensor': CMAKE_PREFIX_PATH=${CMAKE_PREFIX_PATH}:/home/mattb/ros2_ws/install/ros_esc:/opt/ros/humble /usr/bin/cmake --install /home/mattb/ros2_ws/build/turtlebot3_rotating_sensor
[0.442s] -- Install configuration: ""
[0.443s] -- Up-to-date: /home/mattb/ros2_ws/install/turtlebot3_rotating_sensor/share/turtlebot3_rotating_sensor/urdf
[0.443s] -- Up-to-date: /home/mattb/ros2_ws/install/turtlebot3_rotating_sensor/share/turtlebot3_rotating_sensor/urdf/turtlebot3_rotating_sensor.urdf
[0.443s] -- Up-to-date: /home/mattb/ros2_ws/install/turtlebot3_rotating_sensor/share/turtlebot3_rotating_sensor/rviz_config
[0.443s] -- Up-to-date: /home/mattb/ros2_ws/install/turtlebot3_rotating_sensor/share/turtlebot3_rotating_sensor/rviz_config/README.md
[0.443s] -- Up-to-date: /home/mattb/ros2_ws/install/turtlebot3_rotating_sensor/share/turtlebot3_rotating_sensor/rviz_config/urdf_vis.rviz
[0.443s] -- Up-to-date: /home/mattb/ros2_ws/install/turtlebot3_rotating_sensor/share/turtlebot3_rotating_sensor/launch
[0.444s] -- Up-to-date: /home/mattb/ros2_ws/install/turtlebot3_rotating_sensor/share/turtlebot3_rotating_sensor/launch/gazebo.launch.xml
[0.444s] -- Up-to-date: /home/mattb/ros2_ws/install/turtlebot3_rotating_sensor/share/turtlebot3_rotating_sensor/launch/robot_description.launch.py
[0.444s] -- Up-to-date: /home/mattb/ros2_ws/install/turtlebot3_rotating_sensor/share/turtlebot3_rotating_sensor/launch/control.launch.py
[0.445s] -- Up-to-date: /home/mattb/ros2_ws/install/turtlebot3_rotating_sensor/share/turtlebot3_rotating_sensor/launch/empty_world.launch.py
[0.445s] -- Up-to-date: /home/mattb/ros2_ws/install/turtlebot3_rotating_sensor/share/turtlebot3_rotating_sensor/launch/rviz.launch.xml
[0.445s] -- Up-to-date: /home/mattb/ros2_ws/install/turtlebot3_rotating_sensor/share/turtlebot3_rotating_sensor/launch/rviz.launch.py
[0.445s] -- Up-to-date: /home/mattb/ros2_ws/install/turtlebot3_rotating_sensor/share/turtlebot3_rotating_sensor/controller_config
[0.445s] -- Up-to-date: /home/mattb/ros2_ws/install/turtlebot3_rotating_sensor/share/turtlebot3_rotating_sensor/controller_config/README.md
[0.446s] -- Up-to-date: /home/mattb/ros2_ws/install/turtlebot3_rotating_sensor/share/turtlebot3_rotating_sensor/controller_config/joint_controller.yaml
[0.446s] -- Up-to-date: /home/mattb/ros2_ws/install/turtlebot3_rotating_sensor/share/turtlebot3_rotating_sensor/worlds
[0.446s] -- Up-to-date: /home/mattb/ros2_ws/install/turtlebot3_rotating_sensor/share/turtlebot3_rotating_sensor/worlds/gazebo_empty.world
[0.446s] -- Up-to-date: /home/mattb/ros2_ws/install/turtlebot3_rotating_sensor/share/turtlebot3_rotating_sensor/models
[0.446s] -- Up-to-date: /home/mattb/ros2_ws/install/turtlebot3_rotating_sensor/share/turtlebot3_rotating_sensor/models/model.config
[0.446s] -- Up-to-date: /home/mattb/ros2_ws/install/turtlebot3_rotating_sensor/share/turtlebot3_rotating_sensor/meshes
[0.447s] -- Up-to-date: /home/mattb/ros2_ws/install/turtlebot3_rotating_sensor/share/turtlebot3_rotating_sensor/meshes/rotating_frame_assembly.dae
[0.447s] -- Up-to-date: /home/mattb/ros2_ws/install/turtlebot3_rotating_sensor/share/turtlebot3_rotating_sensor/meshes/turtlebot_vehicle_model.dae
[0.449s] -- Up-to-date: /home/mattb/ros2_ws/install/turtlebot3_rotating_sensor/share/turtlebot3_rotating_sensor/meshes/lds.dae
[0.450s] -- Up-to-date: /home/mattb/ros2_ws/install/turtlebot3_rotating_sensor/share/turtlebot3_rotating_sensor/meshes/tire.dae
[0.450s] -- Up-to-date: /home/mattb/ros2_ws/install/turtlebot3_rotating_sensor/share/ament_index/resource_index/package_run_dependencies/turtlebot3_rotating_sensor
[0.451s] -- Up-to-date: /home/mattb/ros2_ws/install/turtlebot3_rotating_sensor/share/ament_index/resource_index/parent_prefix_path/turtlebot3_rotating_sensor
[0.453s] -- Up-to-date: /home/mattb/ros2_ws/install/turtlebot3_rotating_sensor/share/turtlebot3_rotating_sensor/environment/ament_prefix_path.sh
[0.454s] -- Up-to-date: /home/mattb/ros2_ws/install/turtlebot3_rotating_sensor/share/turtlebot3_rotating_sensor/environment/ament_prefix_path.dsv
[0.458s] -- Up-to-date: /home/mattb/ros2_ws/install/turtlebot3_rotating_sensor/share/turtlebot3_rotating_sensor/environment/path.sh
[0.465s] -- Up-to-date: /home/mattb/ros2_ws/install/turtlebot3_rotating_sensor/share/turtlebot3_rotating_sensor/environment/path.dsv
[0.465s] -- Up-to-date: /home/mattb/ros2_ws/install/turtlebot3_rotating_sensor/share/turtlebot3_rotating_sensor/local_setup.bash
[0.466s] -- Up-to-date: /home/mattb/ros2_ws/install/turtlebot3_rotating_sensor/share/turtlebot3_rotating_sensor/local_setup.sh
[0.466s] -- Up-to-date: /home/mattb/ros2_ws/install/turtlebot3_rotating_sensor/share/turtlebot3_rotating_sensor/local_setup.zsh
[0.466s] -- Up-to-date: /home/mattb/ros2_ws/install/turtlebot3_rotating_sensor/share/turtlebot3_rotating_sensor/local_setup.dsv
[0.467s] -- Installing: /home/mattb/ros2_ws/install/turtlebot3_rotating_sensor/share/turtlebot3_rotating_sensor/package.dsv
[0.468s] -- Up-to-date: /home/mattb/ros2_ws/install/turtlebot3_rotating_sensor/share/ament_index/resource_index/packages/turtlebot3_rotating_sensor
[0.468s] -- Up-to-date: /home/mattb/ros2_ws/install/turtlebot3_rotating_sensor/share/turtlebot3_rotating_sensor/cmake/turtlebot3_rotating_sensorConfig.cmake
[0.468s] -- Up-to-date: /home/mattb/ros2_ws/install/turtlebot3_rotating_sensor/share/turtlebot3_rotating_sensor/cmake/turtlebot3_rotating_sensorConfig-version.cmake
[0.468s] -- Up-to-date: /home/mattb/ros2_ws/install/turtlebot3_rotating_sensor/share/turtlebot3_rotating_sensor/package.xml
[0.469s] Invoked command in '/home/mattb/ros2_ws/build/turtlebot3_rotating_sensor' returned '0': CMAKE_PREFIX_PATH=${CMAKE_PREFIX_PATH}:/home/mattb/ros2_ws/install/ros_esc:/opt/ros/humble /usr/bin/cmake --install /home/mattb/ros2_ws/build/turtlebot3_rotating_sensor
