Starting >>> ros_esc
Starting >>> ros_esc_interfaces
Starting >>> turtlebot3_rotating_sensor
Finished <<< turtlebot3_rotating_sensor [0.37s]
Finished <<< ros_esc_interfaces [0.72s]
Finished <<< ros_esc [0.99s]

Summary: 3 packages finished [1.28s]
[INFO] [launch]: All log files can be found below /home/mattb/.ros/log/2026-07-01-19-51-51-151227-ubuntu-ssd-137118
[INFO] [launch]: Default logging verbosity is set to INFO
[INFO] [gazebo-1]: process started with pid [137135]
[INFO] [robot_state_publisher-2]: process started with pid [137137]
[INFO] [spawner-3]: process started with pid [137139]
[INFO] [spawner-4]: process started with pid [137141]
[INFO] [spawn_entity.py-5]: process started with pid [137143]
[INFO] [spawn_entity.py-6]: process started with pid [137145]
[INFO] [spawn_entity.py-7]: process started with pid [137147]
[INFO] [spawn_entity.py-8]: process started with pid [137149]
[INFO] [ros2-9]: process started with pid [137151]
[INFO] [ros2-10]: process started with pid [137153]
[INFO] [ros2-11]: process started with pid [137155]
[INFO] [ros2-12]: process started with pid [137157]
[INFO] [ros2-13]: process started with pid [137159]
[INFO] [ros2-14]: process started with pid [137170]
[INFO] [ros2-15]: process started with pid [137174]
[INFO] [ros2-16]: process started with pid [137176]
[INFO] [ros2-17]: process started with pid [137178]
[INFO] [ros2-18]: process started with pid [137180]
[INFO] [ros2-19]: process started with pid [137182]
[INFO] [ros2-20]: process started with pid [137184]
[robot_state_publisher-2] [INFO] [1782960711.552173840] [robot_state_publisher_node]: got segment base_footprint
[robot_state_publisher-2] [INFO] [1782960711.552296551] [robot_state_publisher_node]: got segment base_link
[robot_state_publisher-2] [INFO] [1782960711.552313300] [robot_state_publisher_node]: got segment base_scan
[robot_state_publisher-2] [INFO] [1782960711.552323882] [robot_state_publisher_node]: got segment caster_wheel
[robot_state_publisher-2] [INFO] [1782960711.552332153] [robot_state_publisher_node]: got segment imu_link
[robot_state_publisher-2] [INFO] [1782960711.552342110] [robot_state_publisher_node]: got segment rotating_frame_link
[robot_state_publisher-2] [INFO] [1782960711.552351135] [robot_state_publisher_node]: got segment sensor_link
[robot_state_publisher-2] [INFO] [1782960711.552359950] [robot_state_publisher_node]: got segment wheel_left_link
[robot_state_publisher-2] [INFO] [1782960711.552369304] [robot_state_publisher_node]: got segment wheel_right_link
[spawn_entity.py-6] [INFO] [1782960712.279565279] [spawn_light_source_1]: Spawn Entity started
[spawn_entity.py-6] [INFO] [1782960712.280365311] [spawn_light_source_1]: Loading entity XML from file /home/mattb/dsim-lab/ros2_ws/install/turtlebot3_rotating_sensor/share/turtlebot3_rotating_sensor/models/light_source/model.sdf
[spawn_entity.py-6] [INFO] [1782960712.281584035] [spawn_light_source_1]: Waiting for service /spawn_entity, timeout = 30
[spawn_entity.py-6] [INFO] [1782960712.282816930] [spawn_light_source_1]: Waiting for service /spawn_entity
[spawner-3] [INFO] [1782960712.342764744] [spawner_joint_state_broadcaster]: waiting for service /controller_manager/list_controllers to become available...
[spawn_entity.py-8] [INFO] [1782960712.445992367] [spawn_light_source_3]: Spawn Entity started
[spawn_entity.py-8] [INFO] [1782960712.447043499] [spawn_light_source_3]: Loading entity XML from file /home/mattb/dsim-lab/ros2_ws/install/turtlebot3_rotating_sensor/share/turtlebot3_rotating_sensor/models/light_source/model.sdf
[spawn_entity.py-8] [INFO] [1782960712.447976516] [spawn_light_source_3]: Waiting for service /spawn_entity, timeout = 30
[spawn_entity.py-8] [INFO] [1782960712.448518145] [spawn_light_source_3]: Waiting for service /spawn_entity
[spawner-4] [INFO] [1782960712.458160572] [spawner_velocity_controller]: waiting for service /controller_manager/list_controllers to become available...
[spawn_entity.py-5] [INFO] [1782960712.614226876] [spawn_entity]: Spawn Entity started
[ros2-13] [INFO] [1782960712.615506917] [modified_cost_2d]: ModifiedCost2D started with Gaussian correction + PDE-history affine bias.
[ros2-13] [INFO] [1782960712.616508019] [modified_cost_2d]: PDE history topic: /pde_history, use_pde_history_for_affine=True
[spawn_entity.py-5] [INFO] [1782960712.616550922] [spawn_entity]: Loading entity published on topic /robot_description
[spawn_entity.py-5] [INFO] [1782960712.620919674] [spawn_entity]: Waiting for entity xml on /robot_description
[gazebo-1] Gazebo multi-robot simulator, version 11.10.2
[gazebo-1] Copyright (C) 2012 Open Source Robotics Foundation.
[gazebo-1] Released under the Apache 2 License.
[gazebo-1] http://gazebosim.org
[gazebo-1] 
[spawn_entity.py-7] [INFO] [1782960712.747974476] [spawn_light_source_2]: Spawn Entity started
[spawn_entity.py-7] [INFO] [1782960712.751572262] [spawn_light_source_2]: Loading entity XML from file /home/mattb/dsim-lab/ros2_ws/install/turtlebot3_rotating_sensor/share/turtlebot3_rotating_sensor/models/light_source/model.sdf
[spawn_entity.py-7] [INFO] [1782960712.755642957] [spawn_light_source_2]: Waiting for service /spawn_entity, timeout = 30
[spawn_entity.py-7] [INFO] [1782960712.759173970] [spawn_light_source_2]: Waiting for service /spawn_entity
[spawn_entity.py-5] [INFO] [1782960712.782226635] [spawn_entity]: Waiting for service /spawn_entity, timeout = 30
[spawn_entity.py-5] [INFO] [1782960712.783236320] [spawn_entity]: Waiting for service /spawn_entity
[ros2-16] [INFO] [1782960712.805800521] [convergence_detector]: ConvergenceDetector: k=20, th=0.2, b=0.15, N=2000, omega=5.000, dt_node=0.012566, min_trigger_time=50.27s, count_start=3
[gazebo-1] Gazebo multi-robot simulator, version 11.10.2
[gazebo-1] Copyright (C) 2012 Open Source Robotics Foundation.
[gazebo-1] Released under the Apache 2 License.
[gazebo-1] http://gazebosim.org
[gazebo-1] 
[ros2-14] [INFO] [1782960713.000223223] [pde_history]: PDEHistory: N=2000, k=20, omega=5.000, lambda=79.577, dt_node=0.012566
[ros2-17] [INFO] [1782960713.089536365] [gaussian_fill]: GaussianFill ready (2D): policy=conditional_gaussian_fill, fallback_A=5.000, fit_A=[0.150, 10.000], sigma=[3.160, 5.000], max_fills=3, cooldown=0.000s, min_distance=0.000m
[ros2-15] [INFO] [1782960713.120793644] [pde_cost_history]: PDECostHistory started. Subscribing to /turtlebot3/cost_value_chatter as StampedFloat64MultiArray. Publishing /pde_cost_history as std_msgs/msg/Float64MultiArray. N=2000, k=20, omega=5.000, lambda=79.577, dt_node=0.012566
[gazebo-1] [1;33m[Wrn] [gazebo_ros_init.cpp:178] [0m[1;33m
[gazebo-1] #     # ####### ####### ###  #####  #######
[gazebo-1] ##    # #     #    #     #  #     # #
[gazebo-1] # #   # #     #    #     #  #       #
[gazebo-1] #  #  # #     #    #     #  #       #####
[gazebo-1] #   # # #     #    #     #  #       #
[gazebo-1] #    ## #     #    #     #  #     # #
[gazebo-1] #     # #######    #    ###  #####  #######
[gazebo-1] 
[gazebo-1] This version of Gazebo, now called Gazebo classic, reaches end-of-life
[gazebo-1] in January 2025. Users are highly encouraged to migrate to the new Gazebo
[gazebo-1] using our migration guides (https://gazebosim.org/docs/latest/gazebo_classic_migration?utm_source=gazebo_ros_pkgs&utm_medium=cli)
[gazebo-1] 
[gazebo-1] [0m[1;33m
[gazebo-1] [1;32m[Msg] [0m[1;32mWaiting for master.[0m[1;32m
[gazebo-1] [0m[1;32m[0m[1;32m[0m[1;32m[Msg] [0m[1;32mConnected to gazebo master @ [0m[1;32mhttp://127.0.0.1:11345[0m[1;32m
[gazebo-1] [0m[1;32m[0m[1;32m[0m[1;32m[Msg] [0m[1;32mPublicized address: [0m[1;32m10.130.191.118[0m[1;32m
[gazebo-1] [0m[1;33m[0m[1;33m[0m[1;33m[Wrn] [FuelModelDatabase.cc:313] [0m[1;33mURI not supported by Fuel [[0m[1;33mworlds/gazebo_empty.world[0m[1;33m][0m[1;33m
[gazebo-1] [0m[1;33m[0m[1;33m[0m[1;33m[Wrn] [SystemPaths.cc:459] [0m[1;33mFile or path does not exist [[0m[1;33m""[0m[1;33m] [[0m[1;33mworlds/gazebo_empty.world[0m[1;33m][0m[1;33m
[gazebo-1] [0m[1;33m[0m[1;33m[0m[1;31m[Err] [Server.cc:472] [0m[1;31mCould not open file[[0m[1;31mworlds/gazebo_empty.world[0m[1;31m]
[gazebo-1] [0m[1;33m[Wrn] [Server.cc:381] [0m[1;33mFalling back on worlds/empty.world
[spawn_entity.py-5] [INFO] [1782960713.813954202] [spawn_entity]: Calling service /spawn_entity
[spawn_entity.py-8] [INFO] [1782960713.960351071] [spawn_light_source_3]: Calling service /spawn_entity
[spawn_entity.py-5] [INFO] [1782960713.974261171] [spawn_entity]: Spawn status: SpawnEntity: Successfully spawned entity [turtlebot3]
[gazebo-1] [0m[INFO] [1782960713.999897617] [turtlebot3_diff_drive]: Wheel pair 1 separation set to [0.160000m]
[gazebo-1] [INFO] [1782960714.000558242] [turtlebot3_diff_drive]: Wheel pair 1 diameter set to [0.066000m]
[gazebo-1] [INFO] [1782960714.003088220] [turtlebot3_diff_drive]: Subscribed to [/cmd_vel]
[gazebo-1] [INFO] [1782960714.006416472] [turtlebot3_diff_drive]: Advertise odometry on [/odom]
[gazebo-1] [INFO] [1782960714.009573227] [turtlebot3_diff_drive]: Publishing odom transforms between [odom] and [base_footprint]
[spawn_entity.py-7] [INFO] [1782960714.022868789] [spawn_light_source_2]: Calling service /spawn_entity
[gazebo-1] [INFO] [1782960714.025022878] [turtlebot3_joint_state]: Going to publish joint [rotating_frame_joint]
[spawn_entity.py-6] [INFO] [1782960714.041851146] [spawn_light_source_1]: Calling service /spawn_entity
[gazebo-1] [INFO] [1782960714.061239322] [gazebo_ros2_control]: Loading gazebo_ros2_control plugin
[gazebo-1] [INFO] [1782960714.070070242] [gazebo_ros2_control]: Starting gazebo_ros2_control plugin in namespace: /
[gazebo-1] [INFO] [1782960714.070126636] [gazebo_ros2_control]: Starting gazebo_ros2_control plugin in ros 2 node: gazebo_ros2_control
[gazebo-1] [INFO] [1782960714.077008066] [gazebo_ros2_control]: connected to service!! /robot_state_publisher_node
[gazebo-1] [INFO] [1782960714.077748598] [gazebo_ros2_control]: Received urdf from param server, parsing...
[gazebo-1] [INFO] [1782960714.077814282] [gazebo_ros2_control]: Loading parameter files /home/mattb/dsim-lab/ros2_ws/install/turtlebot3_rotating_sensor/share/turtlebot3_rotating_sensor/controller_config/joint_controller.yaml
[gazebo-1] [INFO] [1782960714.090500389] [gazebo_ros2_control]: Loading joint: rotating_frame_joint
[gazebo-1] [INFO] [1782960714.090529933] [gazebo_ros2_control]: 	State:
[gazebo-1] [INFO] [1782960714.090537726] [gazebo_ros2_control]: 		 position
[gazebo-1] [INFO] [1782960714.090545257] [gazebo_ros2_control]: 			 found initial value: 0.000000
[gazebo-1] [INFO] [1782960714.090583145] [gazebo_ros2_control]: 		 velocity
[gazebo-1] [INFO] [1782960714.090595423] [gazebo_ros2_control]: 			 found initial value: 0.000000
[gazebo-1] [INFO] [1782960714.090604725] [gazebo_ros2_control]: 	Command:
[gazebo-1] [INFO] [1782960714.090630901] [gazebo_ros2_control]: 		 velocity
[gazebo-1] [INFO] [1782960714.090880963] [resource_manager]: Initialize hardware 'GazeboSystem' 
[gazebo-1] [INFO] [1782960714.091034958] [resource_manager]: Successful initialization of hardware 'GazeboSystem'
[gazebo-1] [INFO] [1782960714.091188725] [resource_manager]: 'configure' hardware 'GazeboSystem' 
[gazebo-1] [INFO] [1782960714.091204885] [resource_manager]: Successful 'configure' of hardware 'GazeboSystem'
[gazebo-1] [INFO] [1782960714.091213865] [resource_manager]: 'activate' hardware 'GazeboSystem' 
[gazebo-1] [INFO] [1782960714.091221391] [resource_manager]: Successful 'activate' of hardware 'GazeboSystem'
[gazebo-1] [INFO] [1782960714.091355285] [gazebo_ros2_control]: Loading controller_manager
[gazebo-1] [WARN] [1782960714.121416380] [gazebo_ros2_control]:  Desired controller update period (0.01 s) is slower than the gazebo simulation period (0.001 s).
[gazebo-1] [INFO] [1782960714.121553148] [gazebo_ros2_control]: Loaded gazebo_ros2_control.
[INFO] [spawn_entity.py-5]: process has finished cleanly [pid 137143]
[gazebo-1] [INFO] [1782960714.215288840] [controller_manager]: Loading controller 'velocity_controller'
[spawner-4] [INFO] [1782960714.236508266] [spawner_velocity_controller]: [94mLoaded [1mvelocity_controller[0m
[gazebo-1] [INFO] [1782960714.238536772] [controller_manager]: Configuring controller 'velocity_controller'
[gazebo-1] [INFO] [1782960714.240186286] [velocity_controller]: configure successful
[spawn_entity.py-8] [INFO] [1782960714.353533487] [spawn_light_source_3]: Spawn status: SpawnEntity: Successfully spawned entity [manual_light_3]
[gazebo-1] [INFO] [1782960714.356119199] [velocity_controller]: activate successful
[spawner-4] [INFO] [1782960714.367124868] [spawner_velocity_controller]: [92mConfigured and activated [1mvelocity_controller[0m
[gazebo-1] [INFO] [1782960714.451211470] [controller_manager]: Loading controller 'joint_state_broadcaster'
[spawner-3] [INFO] [1782960714.469969671] [spawner_joint_state_broadcaster]: [94mLoaded [1mjoint_state_broadcaster[0m
[gazebo-1] [INFO] [1782960714.471123827] [controller_manager]: Configuring controller 'joint_state_broadcaster'
[gazebo-1] [INFO] [1782960714.471221688] [joint_state_broadcaster]: 'joints' or 'interfaces' parameter is empty. All available state interfaces will be published
[INFO] [spawn_entity.py-8]: process has finished cleanly [pid 137149]
[spawner-3] [INFO] [1782960714.510260372] [spawner_joint_state_broadcaster]: [92mConfigured and activated [1mjoint_state_broadcaster[0m
[INFO] [spawner-4]: process has finished cleanly [pid 137141]
[spawn_entity.py-7] [INFO] [1782960714.572707365] [spawn_light_source_2]: Spawn status: SpawnEntity: Successfully spawned entity [manual_light_2]
[INFO] [spawner-3]: process has finished cleanly [pid 137139]
[INFO] [spawn_entity.py-7]: process has finished cleanly [pid 137147]
[spawn_entity.py-6] [INFO] [1782960714.801206193] [spawn_light_source_1]: Spawn status: SpawnEntity: Successfully spawned entity [manual_light_1]
[INFO] [spawn_entity.py-6]: process has finished cleanly [pid 137145]
[ros2-20] No artists with labels found to put in legend.  Note that artists whose label start with an underscore are ignored when legend() is called with no argument.
[gazebo-1] [0m[1;32m[0m[1;32m[0m[1;32m[Msg] [0m[1;32mWaiting for master.[0m[1;32m
[gazebo-1] [0m[1;32m[0m[1;32m[0m[1;32m[Msg] [0m[1;32mConnected to gazebo master @ [0m[1;32mhttp://127.0.0.1:11345[0m[1;32m
[gazebo-1] [0m[1;32m[0m[1;32m[0m[1;32m[Msg] [0m[1;32mPublicized address: [0m[1;32m10.130.191.118[0m[1;32m
[gazebo-1] [0m[1;32m[0m[1;32m[0m[1;32m[Msg] [0m[1;32mWarning: Ignoring XDG_SESSION_TYPE=wayland on Gnome. Use QT_QPA_PLATFORM=wayland to run on Wayland anyway.[0m[1;32m
[gazebo-1] [1;31m[Err] [Scene.cc:3069] [0m[1;31mLight [[0m[1;31mmanual_light_3::body::warm_globe_light[0m[1;31m] already exists.[0m[1;31m Use topic ~/light/modify to modify it.[0m[1;31m
[gazebo-1] [0m[1;31m[0m[1;31m[0m[1;31m[Err] [Scene.cc:3069] [0m[1;31mLight [[0m[1;31mmanual_light_2::body::warm_globe_light[0m[1;31m] already exists.[0m[1;31m Use topic ~/light/modify to modify it.[0m[1;31m
[gazebo-1] [0m[1;32m[0m[1;32m[0m[1;32m[Msg] [0m[1;32mLoading world file [[0m[1;32m/usr/share/gazebo-11/worlds/empty.world[0m[1;32m][0m[1;32m
[ros2-16] [INFO] [1782960745.337389687] [convergence_detector]: Convergence candidate: metric=-0.001262, r_mean=0.035900, decay=0.162838, mean_recent=(0.4187, -0.0643), mean_old=(0.2304, -0.0853), count_remaining=2, t=62.600
[ros2-16] [INFO] [1782960749.732422599] [convergence_detector]: Convergence candidate: metric=-0.002135, r_mean=0.044510, decay=0.153355, mean_recent=(0.5378, -0.0308), mean_old=(0.3326, -0.0799), count_remaining=1, t=75.100
[ros2-16] [INFO] [1782960754.293791683] [convergence_detector]: Convergence candidate: metric=-0.000809, r_mean=0.056917, decay=0.142274, mean_recent=(0.6747, 0.0202), mean_old=(0.4489, -0.0570), count_remaining=0, t=88.100
[ros2-16] [INFO] [1782960754.294694832] [convergence_detector]: CONVERGED_FILL_READY: metric=-0.000809, r_mean=0.056917, decay=0.142274, fill_center=(0.6747, 0.0202), t=88.100
[ros2-16] [INFO] [1782960754.295642910] [convergence_detector]: Convergence counter reset to 3
[ros2-17] [WARN] [1782960754.972816436] [gaussian_fill]: Gaussian fit did not converge: The maximum number of function evaluations is exceeded.
[ros2-16] [INFO] [1782960759.230886816] [convergence_detector]: Convergence candidate: metric=-0.000781, r_mean=0.078585, decay=0.120633, mean_recent=(0.8447, 0.0974), mean_old=(0.5873, -0.0136), count_remaining=2, t=102.200
[ros2-16] [INFO] [1782960765.864669935] [convergence_detector]: Convergence candidate: metric=-0.000214, r_mean=0.141941, decay=0.057844, mean_recent=(1.1343, 0.2576), mean_old=(0.8034, 0.0774), count_remaining=1, t=121.200
[ros2-16] [INFO] [1782960788.841841496] [convergence_detector]: Convergence candidate: metric=-0.002755, r_mean=0.197196, decay=0.000049, mean_recent=(1.8442, 1.8504), mean_old=(2.2110, 1.6000), count_remaining=0, t=187.400
[ros2-16] [INFO] [1782960788.842707278] [convergence_detector]: CONVERGED_FILL_READY: metric=-0.002755, r_mean=0.197196, decay=0.000049, fill_center=(1.8442, 1.8504), t=187.400
[ros2-16] [INFO] [1782960788.843405399] [convergence_detector]: Convergence counter reset to 3
[ros2-17] [INFO] [1782960788.902492437] [gaussian_fill]: Published fill #1: A=20.000, cost_mean=0.547, mu=(1.702,4.733), sigma=3.160
[ros2-13] [INFO] [1782960788.903363157] [modified_cost_2d]: Added Gaussian term: A=20.000, mu=(1.702,4.733), sigma=3.160 (total Gaussian terms=1)
[ros2-13] [WARN] [1782960788.918557831] [modified_cost_2d]: All PDE-history points are inside exclusion radius; using oldest point as fallback.
[ros2-13] [INFO] [1782960788.919424919] [modified_cost_2d]: Added affine term: anchor=(1.702,4.733), direction=(0.338,0.941), b0=(0.169,0.471), decay_rate=0.000, total affine terms=1
[ros2-16] [INFO] [1782960792.845142037] [convergence_detector]: Convergence candidate: metric=-0.002550, r_mean=0.016585, decay=0.180866, mean_recent=(2.1168, 1.9492), mean_old=(2.0464, 2.0571), count_remaining=2, t=198.800
[ros2-16] [INFO] [1782960796.804007211] [convergence_detector]: Convergence candidate: metric=-0.001846, r_mean=0.017288, decay=0.180866, mean_recent=(1.8274, 1.9624), mean_old=(1.8569, 1.8343), count_remaining=1, t=210.200
[ros2-16] [INFO] [1782960800.774100839] [convergence_detector]: Convergence candidate: metric=-0.001871, r_mean=0.017263, decay=0.180866, mean_recent=(2.0897, 1.8394), mean_old=(2.1113, 1.9690), count_remaining=0, t=221.600
[ros2-16] [INFO] [1782960800.774980519] [convergence_detector]: CONVERGED_FILL_READY: metric=-0.001871, r_mean=0.017263, decay=0.180866, fill_center=(2.0897, 1.8394), t=221.600
[ros2-16] [INFO] [1782960800.775626352] [convergence_detector]: Convergence counter reset to 3
[ros2-17] [INFO] [1782960800.843159602] [gaussian_fill]: Published fill #2: A=20.000, cost_mean=-0.914, mu=(3.262,4.812), sigma=3.160
[ros2-13] [INFO] [1782960800.845150584] [modified_cost_2d]: Added Gaussian term: A=20.000, mu=(3.262,4.812), sigma=3.160 (total Gaussian terms=2)
[ros2-13] [WARN] [1782960800.864811201] [modified_cost_2d]: All PDE-history points are inside exclusion radius; using oldest point as fallback.
[ros2-13] [INFO] [1782960800.866088095] [modified_cost_2d]: Added affine term: anchor=(3.262,4.812), direction=(0.562,0.827), b0=(0.281,0.414), decay_rate=0.000, total affine terms=1
[ros2-16] [INFO] [1782960805.049578851] [convergence_detector]: Convergence candidate: metric=-0.000834, r_mean=0.041141, decay=0.158025, mean_recent=(1.9872, 2.0321), mean_old=(1.8250, 1.9102), count_remaining=2, t=233.900
[ros2-16] [INFO] [1782960809.155438675] [convergence_detector]: Convergence candidate: metric=-0.000424, r_mean=0.029243, decay=0.170333, mean_recent=(2.0482, 1.7423), mean_old=(2.1245, 1.8954), count_remaining=1, t=245.700
[ros2-16] [INFO] [1782960813.121691939] [convergence_detector]: Convergence candidate: metric=-0.002099, r_mean=0.017035, decay=0.180866, mean_recent=(2.0874, 2.0349), mean_old=(1.9587, 2.0130), count_remaining=0, t=257.100
[ros2-16] [INFO] [1782960813.122708225] [convergence_detector]: CONVERGED_FILL_READY: metric=-0.002099, r_mean=0.017035, decay=0.180866, fill_center=(2.0874, 2.0349), t=257.100
[ros2-16] [INFO] [1782960813.123430822] [convergence_detector]: Convergence counter reset to 3
[ros2-17] [INFO] [1782960813.173861559] [gaussian_fill]: Published fill #3: A=20.000, cost_mean=-2.508, mu=(1.082,4.916), sigma=3.160
[ros2-13] [INFO] [1782960813.174752754] [modified_cost_2d]: Added Gaussian term: A=20.000, mu=(1.082,4.916), sigma=3.160 (total Gaussian terms=3)
[ros2-13] [WARN] [1782960813.191399948] [modified_cost_2d]: All PDE-history points are inside exclusion radius; using oldest point as fallback.
[ros2-13] [INFO] [1782960813.192755629] [modified_cost_2d]: Added affine term: anchor=(1.082,4.916), direction=(0.168,0.986), b0=(0.084,0.493), decay_rate=0.000, total affine terms=1
[ros2-16] [INFO] [1782960817.418589842] [convergence_detector]: Convergence candidate: metric=-0.001742, r_mean=0.040233, decay=0.158025, mean_recent=(1.9377, 1.8749), mean_old=(2.0987, 1.7553), count_remaining=2, t=269.400
[ros2-16] [INFO] [1782960821.335985438] [convergence_detector]: Convergence candidate: metric=-0.001200, r_mean=0.012426, decay=0.186374, mean_recent=(2.1525, 2.0424), mean_old=(2.0411, 2.0472), count_remaining=1, t=280.600
[ros2-16] [INFO] [1782960825.293184193] [convergence_detector]: Convergence candidate: metric=-0.000976, r_mean=0.015425, decay=0.183599, mean_recent=(1.8702, 1.9686), mean_old=(1.9461, 1.8703), count_remaining=0, t=291.900
[ros2-16] [INFO] [1782960825.295580823] [convergence_detector]: CONVERGED_FILL_READY: metric=-0.000976, r_mean=0.015425, decay=0.183599, fill_center=(1.8702, 1.9686), t=291.900
[ros2-16] [INFO] [1782960825.296573376] [convergence_detector]: Convergence counter reset to 3
[ros2-16] [INFO] [1782960829.400856056] [convergence_detector]: Convergence candidate: metric=-0.000049, r_mean=0.029618, decay=0.170333, mean_recent=(2.1703, 1.8990), mean_old=(2.1350, 2.0674), count_remaining=2, t=303.700
[ros2-16] [INFO] [1782960833.363894175] [convergence_detector]: Convergence candidate: metric=-0.000672, r_mean=0.018462, decay=0.180866, mean_recent=(1.9281, 2.0582), mean_old=(1.8755, 1.9329), count_remaining=1, t=315.100
[ros2-16] [INFO] [1782960837.334870679] [convergence_detector]: Convergence candidate: metric=-0.001894, r_mean=0.017240, decay=0.180866, mean_recent=(2.0910, 1.8184), mean_old=(2.1757, 1.9188), count_remaining=0, t=326.500
[ros2-16] [INFO] [1782960837.335632752] [convergence_detector]: CONVERGED_FILL_READY: metric=-0.001894, r_mean=0.017240, decay=0.180866, fill_center=(2.0910, 1.8184), t=326.500
[ros2-16] [INFO] [1782960837.336324506] [convergence_detector]: Convergence counter reset to 3
[ros2-16] [INFO] [1782960841.319390307] [convergence_detector]: Convergence candidate: metric=-0.001918, r_mean=0.017216, decay=0.180866, mean_recent=(2.0321, 2.1023), mean_old=(1.9156, 2.0419), count_remaining=2, t=337.900
[ros2-16] [INFO] [1782960845.292317404] [convergence_detector]: Convergence candidate: metric=-0.001896, r_mean=0.017238, decay=0.180866, mean_recent=(1.9780, 1.8175), mean_old=(2.1088, 1.8287), count_remaining=1, t=349.300
[ros2-16] [INFO] [1782960849.260983967] [convergence_detector]: Convergence candidate: metric=-0.001899, r_mean=0.017235, decay=0.180866, mean_recent=(2.1369, 2.0599), mean_old=(2.0118, 2.0996), count_remaining=0, t=360.700
[ros2-16] [INFO] [1782960849.262467231] [convergence_detector]: CONVERGED_FILL_READY: metric=-0.001899, r_mean=0.017235, decay=0.180866, fill_center=(2.1369, 2.0599), t=360.700
[ros2-16] [INFO] [1782960849.263480780] [convergence_detector]: Convergence counter reset to 3
[ros2-16] [INFO] [1782960853.250389495] [convergence_detector]: Convergence candidate: metric=-0.001908, r_mean=0.017226, decay=0.180866, mean_recent=(1.8974, 1.8967), mean_old=(1.9978, 1.8122), count_remaining=2, t=372.100
[ros2-16] [INFO] [1782960857.218745241] [convergence_detector]: Convergence candidate: metric=-0.001884, r_mean=0.017250, decay=0.180866, mean_recent=(2.1811, 1.9558), mean_old=(2.1206, 2.0724), count_remaining=1, t=383.500
[ros2-16] [INFO] [1782960861.239833407] [convergence_detector]: Convergence candidate: metric=-0.001857, r_mean=0.017277, decay=0.180866, mean_recent=(1.8964, 2.0099), mean_old=(1.9077, 1.8789), count_remaining=0, t=394.900
[ros2-16] [INFO] [1782960861.240584595] [convergence_detector]: CONVERGED_FILL_READY: metric=-0.001857, r_mean=0.017277, decay=0.180866, fill_center=(1.8964, 2.0099), t=394.900
[ros2-16] [INFO] [1782960861.241214878] [convergence_detector]: Convergence counter reset to 3
[ros2-16] [INFO] [1782960865.226269352] [convergence_detector]: Convergence candidate: metric=-0.001870, r_mean=0.017264, decay=0.180866, mean_recent=(2.1388, 1.8509), mean_old=(2.1784, 1.9762), count_remaining=2, t=406.300
