Starting >>> ros_esc
Starting >>> ros_esc_interfaces
Starting >>> turtlebot3_rotating_sensor
Finished <<< turtlebot3_rotating_sensor [0.37s]
Finished <<< ros_esc_interfaces [0.71s]
Finished <<< ros_esc [0.97s]

Summary: 3 packages finished [1.25s]
[INFO] [launch]: All log files can be found below /home/mattb/.ros/log/2026-07-01-19-55-33-634257-ubuntu-ssd-141291
[INFO] [launch]: Default logging verbosity is set to INFO
[INFO] [gazebo-1]: process started with pid [141308]
[INFO] [robot_state_publisher-2]: process started with pid [141310]
[INFO] [spawner-3]: process started with pid [141312]
[INFO] [spawner-4]: process started with pid [141314]
[INFO] [spawn_entity.py-5]: process started with pid [141316]
[INFO] [spawn_entity.py-6]: process started with pid [141318]
[INFO] [spawn_entity.py-7]: process started with pid [141320]
[INFO] [spawn_entity.py-8]: process started with pid [141322]
[INFO] [ros2-9]: process started with pid [141324]
[INFO] [ros2-10]: process started with pid [141326]
[INFO] [ros2-11]: process started with pid [141328]
[INFO] [ros2-12]: process started with pid [141330]
[INFO] [ros2-13]: process started with pid [141332]
[INFO] [ros2-14]: process started with pid [141337]
[INFO] [ros2-15]: process started with pid [141345]
[INFO] [ros2-16]: process started with pid [141347]
[INFO] [ros2-17]: process started with pid [141350]
[INFO] [ros2-18]: process started with pid [141353]
[INFO] [ros2-19]: process started with pid [141355]
[INFO] [ros2-20]: process started with pid [141357]
[robot_state_publisher-2] [INFO] [1782960934.076834830] [robot_state_publisher_node]: got segment base_footprint
[robot_state_publisher-2] [INFO] [1782960934.076989152] [robot_state_publisher_node]: got segment base_link
[robot_state_publisher-2] [INFO] [1782960934.077009806] [robot_state_publisher_node]: got segment base_scan
[robot_state_publisher-2] [INFO] [1782960934.077020747] [robot_state_publisher_node]: got segment caster_wheel
[robot_state_publisher-2] [INFO] [1782960934.077030172] [robot_state_publisher_node]: got segment imu_link
[robot_state_publisher-2] [INFO] [1782960934.077038614] [robot_state_publisher_node]: got segment rotating_frame_link
[robot_state_publisher-2] [INFO] [1782960934.077047619] [robot_state_publisher_node]: got segment sensor_link
[robot_state_publisher-2] [INFO] [1782960934.077055964] [robot_state_publisher_node]: got segment wheel_left_link
[robot_state_publisher-2] [INFO] [1782960934.077064975] [robot_state_publisher_node]: got segment wheel_right_link
[spawn_entity.py-6] [INFO] [1782960934.740227361] [spawn_light_source_1]: Spawn Entity started
[spawn_entity.py-6] [INFO] [1782960934.740885277] [spawn_light_source_1]: Loading entity XML from file /home/mattb/dsim-lab/ros2_ws/install/turtlebot3_rotating_sensor/share/turtlebot3_rotating_sensor/models/light_source/model.sdf
[spawn_entity.py-6] [INFO] [1782960934.741820410] [spawn_light_source_1]: Waiting for service /spawn_entity, timeout = 30
[spawn_entity.py-6] [INFO] [1782960934.742395659] [spawn_light_source_1]: Waiting for service /spawn_entity
[gazebo-1] Gazebo multi-robot simulator, version 11.10.2
[gazebo-1] Copyright (C) 2012 Open Source Robotics Foundation.
[gazebo-1] Released under the Apache 2 License.
[gazebo-1] http://gazebosim.org
[gazebo-1] 
[spawn_entity.py-8] [INFO] [1782960934.902412885] [spawn_light_source_3]: Spawn Entity started
[spawn_entity.py-8] [INFO] [1782960934.903859103] [spawn_light_source_3]: Loading entity XML from file /home/mattb/dsim-lab/ros2_ws/install/turtlebot3_rotating_sensor/share/turtlebot3_rotating_sensor/models/light_source/model.sdf
[spawn_entity.py-8] [INFO] [1782960934.904854277] [spawn_light_source_3]: Waiting for service /spawn_entity, timeout = 30
[spawn_entity.py-8] [INFO] [1782960934.905704124] [spawn_light_source_3]: Waiting for service /spawn_entity
[spawner-3] [INFO] [1782960934.914325208] [spawner_joint_state_broadcaster]: waiting for service /controller_manager/list_controllers to become available...
[spawn_entity.py-5] [INFO] [1782960935.069311600] [spawn_entity]: Spawn Entity started
[spawn_entity.py-5] [INFO] [1782960935.069917932] [spawn_entity]: Loading entity published on topic /robot_description
[spawn_entity.py-5] [INFO] [1782960935.074195775] [spawn_entity]: Waiting for entity xml on /robot_description
[spawn_entity.py-5] [INFO] [1782960935.091539593] [spawn_entity]: Waiting for service /spawn_entity, timeout = 30
[spawn_entity.py-5] [INFO] [1782960935.092395278] [spawn_entity]: Waiting for service /spawn_entity
[gazebo-1] Gazebo multi-robot simulator, version 11.10.2
[gazebo-1] Copyright (C) 2012 Open Source Robotics Foundation.
[gazebo-1] Released under the Apache 2 License.
[gazebo-1] http://gazebosim.org
[gazebo-1] 
[gazebo-1] [1;33m[Wrn] [gazebo_ros_init.cpp:178] [0m[1;33m
[gazebo-1] #     # ####### ####### ###  #####  #######
[gazebo-1] ##    # #     #    #     #  #     # #
[gazebo-1] # #   # #     #    #     #  #       #
[gazebo-1] #  #  # #     #    #     #  #       #####
[gazebo-1] #   # # #     #    #     #  #       #
[gazebo-1] #    ## #     #    #     #  #     # #
[gazebo-1] #     # #######    #    ###  #####  #######
[gazebo-1] 
[gazebo-1] This version of Gazebo, now called Gazebo classic, reaches end-of-life
[gazebo-1] in January 2025. Users are highly encouraged to migrate to the new Gazebo
[gazebo-1] using our migration guides (https://gazebosim.org/docs/latest/gazebo_classic_migration?utm_source=gazebo_ros_pkgs&utm_medium=cli)
[gazebo-1] 
[gazebo-1] [0m[1;33m
[spawner-4] [INFO] [1782960935.470478183] [spawner_velocity_controller]: waiting for service /controller_manager/list_controllers to become available...
[spawn_entity.py-7] [INFO] [1782960935.484975910] [spawn_light_source_2]: Spawn Entity started
[spawn_entity.py-7] [INFO] [1782960935.491067183] [spawn_light_source_2]: Loading entity XML from file /home/mattb/dsim-lab/ros2_ws/install/turtlebot3_rotating_sensor/share/turtlebot3_rotating_sensor/models/light_source/model.sdf
[spawn_entity.py-7] [INFO] [1782960935.492006978] [spawn_light_source_2]: Waiting for service /spawn_entity, timeout = 30
[spawn_entity.py-7] [INFO] [1782960935.492801370] [spawn_light_source_2]: Waiting for service /spawn_entity
[ros2-15] [INFO] [1782960935.545064033] [pde_cost_history]: PDECostHistory started. Subscribing to /turtlebot3/cost_value_chatter as StampedFloat64MultiArray. Publishing /pde_cost_history as std_msgs/msg/Float64MultiArray. N=2000, k=20, omega=5.000, lambda=79.577, dt_node=0.012566
[ros2-16] [INFO] [1782960935.564941891] [convergence_detector]: ConvergenceDetector: k=20, th=0.2, b=0.15, N=2000, omega=5.000, dt_node=0.012566, min_trigger_time=50.27s, count_start=3
[ros2-13] [INFO] [1782960935.681793479] [modified_cost_2d]: ModifiedCost2D started with Gaussian correction + PDE-history affine bias.
[ros2-13] [INFO] [1782960935.682520200] [modified_cost_2d]: PDE history topic: /pde_history, use_pde_history_for_affine=True
[gazebo-1] [1;32m[Msg] [0m[1;32mWaiting for master.[0m[1;32m
[gazebo-1] [0m[1;32m[0m[1;32m[0m[1;32m[Msg] [0m[1;32mConnected to gazebo master @ [0m[1;32mhttp://127.0.0.1:11345[0m[1;32m
[gazebo-1] [0m[1;32m[0m[1;32m[0m[1;32m[Msg] [0m[1;32mPublicized address: [0m[1;32m10.130.191.118[0m[1;32m
[gazebo-1] [0m[1;33m[0m[1;33m[0m[1;33m[Wrn] [FuelModelDatabase.cc:313] [0m[1;33mURI not supported by Fuel [[0m[1;33mworlds/gazebo_empty.world[0m[1;33m][0m[1;33m
[gazebo-1] [0m[1;33m[0m[1;33m[0m[1;33m[Wrn] [SystemPaths.cc:459] [0m[1;33mFile or path does not exist [[0m[1;33m""[0m[1;33m] [[0m[1;33mworlds/gazebo_empty.world[0m[1;33m][0m[1;33m
[gazebo-1] [0m[1;33m[0m[1;33m[0m[1;31m[Err] [Server.cc:472] [0m[1;31mCould not open file[[0m[1;31mworlds/gazebo_empty.world[0m[1;31m]
[gazebo-1] [0m[1;33m[Wrn] [Server.cc:381] [0m[1;33mFalling back on worlds/empty.world
[ros2-14] [INFO] [1782960936.051890786] [pde_history]: PDEHistory: N=2000, k=20, omega=5.000, lambda=79.577, dt_node=0.012566
[ros2-17] [INFO] [1782960936.105852869] [gaussian_fill]: GaussianFill ready (2D): policy=conditional_gaussian_fill, fallback_A=5.000, fit_A=[0.150, 10.000], sigma=[3.160, 5.000], max_fills=20, cooldown=0.000s, min_distance=0.000m
[spawn_entity.py-5] [INFO] [1782960936.108596532] [spawn_entity]: Calling service /spawn_entity
[spawn_entity.py-8] [INFO] [1782960936.165488656] [spawn_light_source_3]: Calling service /spawn_entity
[spawn_entity.py-5] [INFO] [1782960936.239327331] [spawn_entity]: Spawn status: SpawnEntity: Successfully spawned entity [turtlebot3]
[spawn_entity.py-6] [INFO] [1782960936.251213539] [spawn_light_source_1]: Calling service /spawn_entity
[spawn_entity.py-7] [INFO] [1782960936.259435940] [spawn_light_source_2]: Calling service /spawn_entity
[gazebo-1] [0m[INFO] [1782960936.267722694] [turtlebot3_diff_drive]: Wheel pair 1 separation set to [0.160000m]
[gazebo-1] [INFO] [1782960936.268367379] [turtlebot3_diff_drive]: Wheel pair 1 diameter set to [0.066000m]
[gazebo-1] [INFO] [1782960936.270617701] [turtlebot3_diff_drive]: Subscribed to [/cmd_vel]
[gazebo-1] [INFO] [1782960936.274707573] [turtlebot3_diff_drive]: Advertise odometry on [/odom]
[gazebo-1] [INFO] [1782960936.279092770] [turtlebot3_diff_drive]: Publishing odom transforms between [odom] and [base_footprint]
[gazebo-1] [INFO] [1782960936.297635311] [turtlebot3_joint_state]: Going to publish joint [rotating_frame_joint]
[gazebo-1] [INFO] [1782960936.325694767] [gazebo_ros2_control]: Loading gazebo_ros2_control plugin
[gazebo-1] [INFO] [1782960936.335487268] [gazebo_ros2_control]: Starting gazebo_ros2_control plugin in namespace: /
[gazebo-1] [INFO] [1782960936.335536072] [gazebo_ros2_control]: Starting gazebo_ros2_control plugin in ros 2 node: gazebo_ros2_control
[gazebo-1] [INFO] [1782960936.341650062] [gazebo_ros2_control]: connected to service!! /robot_state_publisher_node
[gazebo-1] [INFO] [1782960936.342259058] [gazebo_ros2_control]: Received urdf from param server, parsing...
[gazebo-1] [INFO] [1782960936.342344839] [gazebo_ros2_control]: Loading parameter files /home/mattb/dsim-lab/ros2_ws/install/turtlebot3_rotating_sensor/share/turtlebot3_rotating_sensor/controller_config/joint_controller.yaml
[gazebo-1] [INFO] [1782960936.352685232] [gazebo_ros2_control]: Loading joint: rotating_frame_joint
[gazebo-1] [INFO] [1782960936.352715267] [gazebo_ros2_control]: 	State:
[gazebo-1] [INFO] [1782960936.352722824] [gazebo_ros2_control]: 		 position
[gazebo-1] [INFO] [1782960936.352730440] [gazebo_ros2_control]: 			 found initial value: 0.000000
[gazebo-1] [INFO] [1782960936.352738895] [gazebo_ros2_control]: 		 velocity
[gazebo-1] [INFO] [1782960936.352744770] [gazebo_ros2_control]: 			 found initial value: 0.000000
[gazebo-1] [INFO] [1782960936.352750508] [gazebo_ros2_control]: 	Command:
[gazebo-1] [INFO] [1782960936.352767803] [gazebo_ros2_control]: 		 velocity
[gazebo-1] [INFO] [1782960936.353018786] [resource_manager]: Initialize hardware 'GazeboSystem' 
[gazebo-1] [INFO] [1782960936.353175156] [resource_manager]: Successful initialization of hardware 'GazeboSystem'
[gazebo-1] [INFO] [1782960936.353306479] [resource_manager]: 'configure' hardware 'GazeboSystem' 
[gazebo-1] [INFO] [1782960936.353321792] [resource_manager]: Successful 'configure' of hardware 'GazeboSystem'
[gazebo-1] [INFO] [1782960936.353330293] [resource_manager]: 'activate' hardware 'GazeboSystem' 
[gazebo-1] [INFO] [1782960936.353338722] [resource_manager]: Successful 'activate' of hardware 'GazeboSystem'
[gazebo-1] [INFO] [1782960936.353423868] [gazebo_ros2_control]: Loading controller_manager
[gazebo-1] [WARN] [1782960936.389287268] [gazebo_ros2_control]:  Desired controller update period (0.01 s) is slower than the gazebo simulation period (0.001 s).
[gazebo-1] [INFO] [1782960936.389587780] [gazebo_ros2_control]: Loaded gazebo_ros2_control.
[INFO] [spawn_entity.py-5]: process has finished cleanly [pid 141316]
[gazebo-1] [INFO] [1782960936.419666186] [controller_manager]: Loading controller 'joint_state_broadcaster'
[spawner-3] [INFO] [1782960936.448750032] [spawner_joint_state_broadcaster]: [94mLoaded [1mjoint_state_broadcaster[0m
[gazebo-1] [INFO] [1782960936.450527119] [controller_manager]: Configuring controller 'joint_state_broadcaster'
[gazebo-1] [INFO] [1782960936.450852139] [joint_state_broadcaster]: 'joints' or 'interfaces' parameter is empty. All available state interfaces will be published
[spawner-3] [INFO] [1782960936.489992607] [spawner_joint_state_broadcaster]: [92mConfigured and activated [1mjoint_state_broadcaster[0m
[gazebo-1] [INFO] [1782960936.573545525] [controller_manager]: Loading controller 'velocity_controller'
[gazebo-1] [0m[1;32m[0m[1;32m[0m[1;32m[Msg] [0m[1;32mWaiting for master.[0m[1;32m
[gazebo-1] [0m[1;32m[0m[1;32m[0m[1;32m[Msg] [0m[1;32mConnected to gazebo master @ [0m[1;32mhttp://127.0.0.1:11345[0m[1;32m
[gazebo-1] [0m[1;32m[0m[1;32m[0m[1;32m[Msg] [0m[1;32mPublicized address: [0m[1;32m10.130.191.118[0m[1;32m
[gazebo-1] [0m[1;32m[0m[1;32m[0m[1;32m[Msg] [0m[1;32mWarning: Ignoring XDG_SESSION_TYPE=wayland on Gnome. Use QT_QPA_PLATFORM=wayland to run on Wayland anyway.[0m[1;32m
[gazebo-1] [1;33m[Wrn] [Event.cc:61] [0m[1;33mWarning: Deleting a connection right after creation. [0m[1;33mMake sure to save the ConnectionPtr from a Connect call
[spawn_entity.py-8] [INFO] [1782960936.621023755] [spawn_light_source_3]: Spawn status: SpawnEntity: Successfully spawned entity [manual_light_3]
[spawner-4] [INFO] [1782960936.629608627] [spawner_velocity_controller]: [94mLoaded [1mvelocity_controller[0m
[gazebo-1] [0m[INFO] [1782960936.631565251] [controller_manager]: Configuring controller 'velocity_controller'
[gazebo-1] [INFO] [1782960936.633814792] [velocity_controller]: configure successful
[INFO] [spawner-3]: process has finished cleanly [pid 141312]
[gazebo-1] [INFO] [1782960936.648745869] [velocity_controller]: activate successful
[spawner-4] [INFO] [1782960936.659805514] [spawner_velocity_controller]: [92mConfigured and activated [1mvelocity_controller[0m
[INFO] [spawn_entity.py-8]: process has finished cleanly [pid 141322]
[INFO] [spawner-4]: process has finished cleanly [pid 141314]
[spawn_entity.py-6] [INFO] [1782960936.844890017] [spawn_light_source_1]: Spawn status: SpawnEntity: Successfully spawned entity [manual_light_1]
[INFO] [spawn_entity.py-6]: process has finished cleanly [pid 141318]
[ros2-20] No artists with labels found to put in legend.  Note that artists whose label start with an underscore are ignored when legend() is called with no argument.
[spawn_entity.py-7] [INFO] [1782960937.063080784] [spawn_light_source_2]: Spawn status: SpawnEntity: Successfully spawned entity [manual_light_2]
[INFO] [spawn_entity.py-7]: process has finished cleanly [pid 141320]
[gazebo-1] [1;31m[Err] [Scene.cc:3069] [0m[1;31mLight [[0m[1;31mmanual_light_3::body::warm_globe_light[0m[1;31m] already exists.[0m[1;31m Use topic ~/light/modify to modify it.[0m[1;31m
[gazebo-1] [0m[1;32m[0m[1;32m[0m[1;32m[Msg] [0m[1;32mLoading world file [[0m[1;32m/usr/share/gazebo-11/worlds/empty.world[0m[1;32m][0m[1;32m
[ros2-16] [INFO] [1782960967.958198417] [convergence_detector]: Convergence candidate: metric=-0.001060, r_mean=0.040914, decay=0.158025, mean_recent=(0.4821, -0.0383), mean_old=(0.2828, -0.0730), count_remaining=2, t=62.800
[ros2-16] [INFO] [1782960972.487101525] [convergence_detector]: Convergence candidate: metric=-0.001666, r_mean=0.051727, decay=0.146607, mean_recent=(0.6120, 0.0044), mean_old=(0.3937, -0.0594), count_remaining=1, t=75.600
[ros2-16] [INFO] [1782960977.255787080] [convergence_detector]: Convergence candidate: metric=-0.001025, r_mean=0.068946, decay=0.130029, mean_recent=(0.7678, 0.0690), mean_old=(0.5231, -0.0262), count_remaining=0, t=89.200
[ros2-16] [INFO] [1782960977.256559406] [convergence_detector]: CONVERGED_FILL_READY: metric=-0.001025, r_mean=0.068946, decay=0.130029, fill_center=(0.7678, 0.0690), t=89.200
[ros2-16] [INFO] [1782960977.257199508] [convergence_detector]: Convergence counter reset to 3
[ros2-17] [WARN] [1782960977.859896226] [gaussian_fill]: Gaussian fit did not converge: The maximum number of function evaluations is exceeded.
[ros2-16] [INFO] [1782960982.794110805] [convergence_detector]: Convergence candidate: metric=-0.000938, r_mean=0.105581, decay=0.093481, mean_recent=(0.9839, 0.1777), mean_old=(0.6916, 0.0358), count_remaining=2, t=105.000
[ros2-16] [INFO] [1782961008.777240088] [convergence_detector]: Convergence candidate: metric=-0.000446, r_mean=0.199542, decay=0.000013, mean_recent=(1.8420, 1.8617), mean_old=(2.2137, 1.6139), count_remaining=1, t=180.100
[ros2-16] [INFO] [1782961012.707670807] [convergence_detector]: Convergence candidate: metric=-0.000112, r_mean=0.016289, decay=0.183599, mean_recent=(2.1140, 1.9595), mean_old=(2.0393, 2.0630), count_remaining=0, t=191.400
[ros2-16] [INFO] [1782961012.708493944] [convergence_detector]: CONVERGED_FILL_READY: metric=-0.000112, r_mean=0.016289, decay=0.183599, fill_center=(2.1140, 1.9595), t=191.400
[ros2-16] [INFO] [1782961012.709075828] [convergence_detector]: Convergence counter reset to 3
[ros2-17] [INFO] [1782961012.779182116] [gaussian_fill]: Published fill #1: A=20.000, cost_mean=0.021, mu=(1.391,4.867), sigma=3.160
[ros2-13] [INFO] [1782961012.779327684] [modified_cost_2d]: Added Gaussian term: A=20.000, mu=(1.391,4.867), sigma=3.160 (total Gaussian terms=1)
[ros2-13] [WARN] [1782961012.795953472] [modified_cost_2d]: All PDE-history points are inside exclusion radius; using oldest point as fallback.
[ros2-13] [INFO] [1782961012.798422708] [modified_cost_2d]: Added affine term: anchor=(1.391,4.867), direction=(0.275,0.962), b0=(0.137,0.481), decay_rate=0.000, total affine terms=1
[ros2-16] [INFO] [1782961017.008205675] [convergence_detector]: Convergence candidate: metric=-0.001759, r_mean=0.042569, decay=0.155673, mean_recent=(1.9436, 2.0190), mean_old=(1.8777, 1.8235), count_remaining=2, t=203.800
[ros2-16] [INFO] [1782961021.252930195] [convergence_detector]: Convergence candidate: metric=-0.001246, r_mean=0.038340, decay=0.160414, mean_recent=(2.1985, 1.8740), mean_old=(2.0957, 2.0407), count_remaining=1, t=216.000
[ros2-16] [INFO] [1782961025.236821948] [convergence_detector]: Convergence candidate: metric=-0.002253, r_mean=0.019574, decay=0.178173, mean_recent=(1.9965, 2.0941), mean_old=(1.9382, 1.9669), count_remaining=0, t=227.500
[ros2-16] [INFO] [1782961025.238074589] [convergence_detector]: CONVERGED_FILL_READY: metric=-0.002253, r_mean=0.019574, decay=0.178173, fill_center=(1.9965, 2.0941), t=227.500
[ros2-16] [INFO] [1782961025.238701879] [convergence_detector]: Convergence counter reset to 3
[ros2-17] [INFO] [1782961025.309189910] [gaussian_fill]: Published fill #2: A=20.000, cost_mean=-1.593, mu=(-0.692,3.472), sigma=3.160
[ros2-13] [INFO] [1782961025.313093512] [modified_cost_2d]: Added Gaussian term: A=20.000, mu=(-0.692,3.472), sigma=3.160 (total Gaussian terms=2)
[ros2-13] [WARN] [1782961025.328261235] [modified_cost_2d]: All PDE-history points are inside exclusion radius; using oldest point as fallback.
[ros2-13] [INFO] [1782961025.328830956] [modified_cost_2d]: Added affine term: anchor=(-0.692,3.472), direction=(-0.213,0.977), b0=(-0.107,0.488), decay_rate=0.000, total affine terms=1
[ros2-16] [INFO] [1782961029.683116136] [convergence_detector]: Convergence candidate: metric=-0.000673, r_mean=0.052720, decay=0.146607, mean_recent=(2.0015, 1.8941), mean_old=(2.2262, 1.9416), count_remaining=2, t=240.300
[ros2-16] [INFO] [1782961033.879474566] [convergence_detector]: Convergence candidate: metric=-0.000827, r_mean=0.036335, decay=0.162838, mean_recent=(2.0596, 2.1663), mean_old=(1.9131, 2.0443), count_remaining=1, t=252.400
[ros2-16] [INFO] [1782961037.827295416] [convergence_detector]: Convergence candidate: metric=-0.002382, r_mean=0.016752, decay=0.180866, mean_recent=(1.9189, 1.9097), mean_old=(2.0480, 1.9006), count_remaining=0, t=263.800
[ros2-16] [INFO] [1782961037.828054410] [convergence_detector]: CONVERGED_FILL_READY: metric=-0.002382, r_mean=0.016752, decay=0.180866, fill_center=(1.9189, 1.9097), t=263.800
[ros2-16] [INFO] [1782961037.828583082] [convergence_detector]: Convergence counter reset to 3
[ros2-17] [INFO] [1782961037.871127155] [gaussian_fill]: Published fill #3: A=20.000, cost_mean=-3.196, mu=(-0.145,0.122), sigma=3.160
[ros2-13] [INFO] [1782961037.871621237] [modified_cost_2d]: Added Gaussian term: A=20.000, mu=(-0.145,0.122), sigma=3.160 (total Gaussian terms=3)
[ros2-13] [WARN] [1782961037.889013845] [modified_cost_2d]: All PDE-history points are inside exclusion radius; using oldest point as fallback.
[ros2-13] [INFO] [1782961037.890022968] [modified_cost_2d]: Added affine term: anchor=(-0.145,0.122), direction=(-0.930,0.366), b0=(-0.465,0.183), decay_rate=0.000, total affine terms=1
[ros2-16] [INFO] [1782961042.274805845] [convergence_detector]: Convergence candidate: metric=-0.002296, r_mean=0.051097, decay=0.146607, mean_recent=(2.1407, 2.0010), mean_old=(1.9903, 2.1697), count_remaining=2, t=276.600
[ros2-16] [INFO] [1782961046.446799478] [convergence_detector]: Convergence candidate: metric=-0.000351, r_mean=0.034350, decay=0.165299, mean_recent=(1.8523, 1.9799), mean_old=(1.9888, 1.8545), count_remaining=1, t=288.600
[ros2-16] [INFO] [1782961050.393945432] [convergence_detector]: Convergence candidate: metric=-0.001251, r_mean=0.017883, decay=0.180866, mean_recent=(2.1325, 1.9062), mean_old=(2.1260, 2.0398), count_remaining=0, t=300.000
[ros2-16] [INFO] [1782961050.394784096] [convergence_detector]: CONVERGED_FILL_READY: metric=-0.001251, r_mean=0.017883, decay=0.180866, fill_center=(2.1325, 1.9062), t=300.000
[ros2-16] [INFO] [1782961050.396416949] [convergence_detector]: Convergence counter reset to 3
[ros2-17] [INFO] [1782961050.456592682] [gaussian_fill]: Published fill #4: A=20.000, cost_mean=-4.761, mu=(0.883,4.724), sigma=3.160
[ros2-13] [INFO] [1782961050.458659134] [modified_cost_2d]: Added Gaussian term: A=20.000, mu=(0.883,4.724), sigma=3.160 (total Gaussian terms=4)
[ros2-13] [WARN] [1782961050.477547625] [modified_cost_2d]: All PDE-history points are inside exclusion radius; using oldest point as fallback.
[ros2-13] [INFO] [1782961050.479115836] [modified_cost_2d]: Added affine term: anchor=(0.883,4.724), direction=(0.039,0.999), b0=(0.020,0.500), decay_rate=0.000, total affine terms=1
[ros2-16] [INFO] [1782961054.903207983] [convergence_detector]: Convergence candidate: metric=-0.001149, r_mean=0.056577, decay=0.142274, mean_recent=(1.9627, 2.1237), mean_old=(1.8686, 1.9052), count_remaining=2, t=313.000
[ros2-16] [INFO] [1782961059.207115097] [convergence_detector]: Convergence candidate: metric=-0.001153, r_mean=0.043174, decay=0.155673, mean_recent=(2.0423, 1.8373), mean_old=(2.1648, 2.0051), count_remaining=1, t=325.400
[ros2-16] [INFO] [1782961063.188035892] [convergence_detector]: Convergence candidate: metric=-0.002446, r_mean=0.019381, decay=0.178173, mean_recent=(2.0513, 2.1215), mean_old=(1.9153, 2.0918), count_remaining=0, t=336.900
[ros2-16] [INFO] [1782961063.188782415] [convergence_detector]: CONVERGED_FILL_READY: metric=-0.002446, r_mean=0.019381, decay=0.178173, fill_center=(2.0513, 2.1215), t=336.900
[ros2-16] [INFO] [1782961063.189427077] [convergence_detector]: Convergence counter reset to 3
[ros2-17] [INFO] [1782961063.243469433] [gaussian_fill]: Published fill #5: A=20.000, cost_mean=-6.385, mu=(0.203,4.563), sigma=3.160
[ros2-13] [INFO] [1782961063.244113584] [modified_cost_2d]: Added Gaussian term: A=20.000, mu=(0.203,4.563), sigma=3.160 (total Gaussian terms=5)
[ros2-13] [WARN] [1782961063.259883265] [modified_cost_2d]: All PDE-history points are inside exclusion radius; using oldest point as fallback.
[ros2-13] [INFO] [1782961063.261755564] [modified_cost_2d]: Added affine term: anchor=(0.203,4.563), direction=(-0.243,0.970), b0=(-0.121,0.485), decay_rate=0.000, total affine terms=1
[ros2-16] [INFO] [1782961067.651742249] [convergence_detector]: Convergence candidate: metric=-0.000133, r_mean=0.055442, decay=0.144424, mean_recent=(1.9000, 1.7662), mean_old=(2.1109, 1.8709), count_remaining=2, t=349.800
[ros2-16] [INFO] [1782961072.338081731] [convergence_detector]: Convergence candidate: metric=-0.002035, r_mean=0.059896, decay=0.138069, mean_recent=(2.1468, 1.9886), mean_old=(1.9205, 2.0818), count_remaining=1, t=363.000
