Starting >>> ros_esc
Starting >>> ros_esc_interfaces
Starting >>> turtlebot3_rotating_sensor
Finished <<< turtlebot3_rotating_sensor [0.37s]
Finished <<< ros_esc_interfaces [0.72s]
Finished <<< ros_esc [1.01s]

Summary: 3 packages finished [1.29s]
[INFO] [launch]: All log files can be found below /home/mattb/.ros/log/2026-07-01-20-00-27-506525-ubuntu-ssd-144615
[INFO] [launch]: Default logging verbosity is set to INFO
[INFO] [gazebo-1]: process started with pid [144632]
[INFO] [robot_state_publisher-2]: process started with pid [144634]
[INFO] [spawner-3]: process started with pid [144636]
[INFO] [spawner-4]: process started with pid [144638]
[INFO] [spawn_entity.py-5]: process started with pid [144640]
[INFO] [spawn_entity.py-6]: process started with pid [144642]
[INFO] [spawn_entity.py-7]: process started with pid [144644]
[INFO] [spawn_entity.py-8]: process started with pid [144646]
[INFO] [ros2-9]: process started with pid [144648]
[INFO] [ros2-10]: process started with pid [144650]
[INFO] [ros2-11]: process started with pid [144652]
[INFO] [ros2-12]: process started with pid [144654]
[INFO] [ros2-13]: process started with pid [144656]
[INFO] [ros2-14]: process started with pid [144660]
[INFO] [ros2-15]: process started with pid [144669]
[INFO] [ros2-16]: process started with pid [144673]
[INFO] [ros2-17]: process started with pid [144675]
[INFO] [ros2-18]: process started with pid [144677]
[INFO] [ros2-19]: process started with pid [144679]
[INFO] [ros2-20]: process started with pid [144681]
[robot_state_publisher-2] [INFO] [1782961227.889656555] [robot_state_publisher_node]: got segment base_footprint
[robot_state_publisher-2] [INFO] [1782961227.889777510] [robot_state_publisher_node]: got segment base_link
[robot_state_publisher-2] [INFO] [1782961227.889794392] [robot_state_publisher_node]: got segment base_scan
[robot_state_publisher-2] [INFO] [1782961227.889803241] [robot_state_publisher_node]: got segment caster_wheel
[robot_state_publisher-2] [INFO] [1782961227.889810746] [robot_state_publisher_node]: got segment imu_link
[robot_state_publisher-2] [INFO] [1782961227.889817811] [robot_state_publisher_node]: got segment rotating_frame_link
[robot_state_publisher-2] [INFO] [1782961227.889825672] [robot_state_publisher_node]: got segment sensor_link
[robot_state_publisher-2] [INFO] [1782961227.889834384] [robot_state_publisher_node]: got segment wheel_left_link
[robot_state_publisher-2] [INFO] [1782961227.889841524] [robot_state_publisher_node]: got segment wheel_right_link
[spawn_entity.py-7] [INFO] [1782961228.649638701] [spawn_light_source_2]: Spawn Entity started
[spawn_entity.py-7] [INFO] [1782961228.651329027] [spawn_light_source_2]: Loading entity XML from file /home/mattb/dsim-lab/ros2_ws/install/turtlebot3_rotating_sensor/share/turtlebot3_rotating_sensor/models/light_source/model.sdf
[spawn_entity.py-7] [INFO] [1782961228.652211564] [spawn_light_source_2]: Waiting for service /spawn_entity, timeout = 30
[spawn_entity.py-7] [INFO] [1782961228.652746704] [spawn_light_source_2]: Waiting for service /spawn_entity
[spawn_entity.py-6] [INFO] [1782961228.746317111] [spawn_light_source_1]: Spawn Entity started
[spawn_entity.py-6] [INFO] [1782961228.749834803] [spawn_light_source_1]: Loading entity XML from file /home/mattb/dsim-lab/ros2_ws/install/turtlebot3_rotating_sensor/share/turtlebot3_rotating_sensor/models/light_source/model.sdf
[spawn_entity.py-6] [INFO] [1782961228.750826559] [spawn_light_source_1]: Waiting for service /spawn_entity, timeout = 30
[spawn_entity.py-6] [INFO] [1782961228.751414680] [spawn_light_source_1]: Waiting for service /spawn_entity
[ros2-13] [INFO] [1782961228.815921486] [modified_cost_2d]: ModifiedCost2D started with Gaussian correction + PDE-history affine bias.
[ros2-13] [INFO] [1782961228.816597280] [modified_cost_2d]: PDE history topic: /pde_history, use_pde_history_for_affine=True
[spawner-3] [INFO] [1782961228.859921846] [spawner_joint_state_broadcaster]: waiting for service /controller_manager/list_controllers to become available...
[spawner-4] [INFO] [1782961228.892663872] [spawner_velocity_controller]: waiting for service /controller_manager/list_controllers to become available...
[spawn_entity.py-5] [INFO] [1782961228.961144130] [spawn_entity]: Spawn Entity started
[spawn_entity.py-5] [INFO] [1782961228.963488829] [spawn_entity]: Loading entity published on topic /robot_description
[spawn_entity.py-5] [INFO] [1782961228.974803219] [spawn_entity]: Waiting for entity xml on /robot_description
[gazebo-1] Gazebo multi-robot simulator, version 11.10.2
[gazebo-1] Copyright (C) 2012 Open Source Robotics Foundation.
[gazebo-1] Released under the Apache 2 License.
[gazebo-1] http://gazebosim.org
[gazebo-1] 
[spawn_entity.py-5] [INFO] [1782961229.143934392] [spawn_entity]: Waiting for service /spawn_entity, timeout = 30
[spawn_entity.py-5] [INFO] [1782961229.144886130] [spawn_entity]: Waiting for service /spawn_entity
[ros2-15] [INFO] [1782961229.179782054] [pde_cost_history]: PDECostHistory started. Subscribing to /turtlebot3/cost_value_chatter as StampedFloat64MultiArray. Publishing /pde_cost_history as std_msgs/msg/Float64MultiArray. N=2000, k=20, omega=5.000, lambda=79.577, dt_node=0.012566
[spawn_entity.py-8] [INFO] [1782961229.185225640] [spawn_light_source_3]: Spawn Entity started
[spawn_entity.py-8] [INFO] [1782961229.185873156] [spawn_light_source_3]: Loading entity XML from file /home/mattb/dsim-lab/ros2_ws/install/turtlebot3_rotating_sensor/share/turtlebot3_rotating_sensor/models/light_source/model.sdf
[spawn_entity.py-8] [INFO] [1782961229.187669687] [spawn_light_source_3]: Waiting for service /spawn_entity, timeout = 30
[spawn_entity.py-8] [INFO] [1782961229.190121073] [spawn_light_source_3]: Waiting for service /spawn_entity
[ros2-17] [INFO] [1782961229.365391160] [gaussian_fill]: GaussianFill ready (2D): policy=conditional_gaussian_fill, fallback_A=5.000, fit_A=[0.150, 10.000], sigma=[3.160, 5.000], max_fills=1, cooldown=0.000s, min_distance=0.000m
[gazebo-1] Gazebo multi-robot simulator, version 11.10.2
[gazebo-1] Copyright (C) 2012 Open Source Robotics Foundation.
[gazebo-1] Released under the Apache 2 License.
[gazebo-1] http://gazebosim.org
[gazebo-1] 
[ros2-16] [INFO] [1782961229.439883638] [convergence_detector]: ConvergenceDetector: k=20, th=0.2, b=0.15, N=2000, omega=5.000, dt_node=0.012566, min_trigger_time=50.27s, count_start=3
[ros2-14] [INFO] [1782961229.450183424] [pde_history]: PDEHistory: N=2000, k=20, omega=5.000, lambda=79.577, dt_node=0.012566
[gazebo-1] [1;33m[Wrn] [gazebo_ros_init.cpp:178] [0m[1;33m
[gazebo-1] #     # ####### ####### ###  #####  #######
[gazebo-1] ##    # #     #    #     #  #     # #
[gazebo-1] # #   # #     #    #     #  #       #
[gazebo-1] #  #  # #     #    #     #  #       #####
[gazebo-1] #   # # #     #    #     #  #       #
[gazebo-1] #    ## #     #    #     #  #     # #
[gazebo-1] #     # #######    #    ###  #####  #######
[gazebo-1] 
[gazebo-1] This version of Gazebo, now called Gazebo classic, reaches end-of-life
[gazebo-1] in January 2025. Users are highly encouraged to migrate to the new Gazebo
[gazebo-1] using our migration guides (https://gazebosim.org/docs/latest/gazebo_classic_migration?utm_source=gazebo_ros_pkgs&utm_medium=cli)
[gazebo-1] 
[gazebo-1] [0m[1;33m
[gazebo-1] [1;32m[Msg] [0m[1;32mWaiting for master.[0m[1;32m
[gazebo-1] [0m[1;32m[0m[1;32m[0m[1;32m[Msg] [0m[1;32mConnected to gazebo master @ [0m[1;32mhttp://127.0.0.1:11345[0m[1;32m
[gazebo-1] [0m[1;32m[0m[1;32m[0m[1;32m[Msg] [0m[1;32mPublicized address: [0m[1;32m10.130.191.118[0m[1;32m
[gazebo-1] [0m[1;33m[0m[1;33m[0m[1;33m[Wrn] [FuelModelDatabase.cc:313] [0m[1;33mURI not supported by Fuel [[0m[1;33mworlds/gazebo_empty.world[0m[1;33m][0m[1;33m
[gazebo-1] [0m[1;33m[0m[1;33m[0m[1;33m[Wrn] [SystemPaths.cc:459] [0m[1;33mFile or path does not exist [[0m[1;33m""[0m[1;33m] [[0m[1;33mworlds/gazebo_empty.world[0m[1;33m][0m[1;33m
[gazebo-1] [0m[1;33m[0m[1;33m[0m[1;31m[Err] [Server.cc:472] [0m[1;31mCould not open file[[0m[1;31mworlds/gazebo_empty.world[0m[1;31m]
[gazebo-1] [0m[1;33m[Wrn] [Server.cc:381] [0m[1;33mFalling back on worlds/empty.world
[spawn_entity.py-6] [INFO] [1782961230.261289712] [spawn_light_source_1]: Calling service /spawn_entity
[spawn_entity.py-6] [INFO] [1782961230.377654766] [spawn_light_source_1]: Spawn status: SpawnEntity: Successfully spawned entity [manual_light_1]
[spawn_entity.py-5] [INFO] [1782961230.411503083] [spawn_entity]: Calling service /spawn_entity
[spawn_entity.py-7] [INFO] [1782961230.417141736] [spawn_light_source_2]: Calling service /spawn_entity
[spawn_entity.py-8] [INFO] [1782961230.452791387] [spawn_light_source_3]: Calling service /spawn_entity
[INFO] [spawn_entity.py-6]: process has finished cleanly [pid 144642]
[ros2-20] No artists with labels found to put in legend.  Note that artists whose label start with an underscore are ignored when legend() is called with no argument.
[spawn_entity.py-5] [INFO] [1782961230.658943627] [spawn_entity]: Spawn status: SpawnEntity: Successfully spawned entity [turtlebot3]
[gazebo-1] [0m[INFO] [1782961230.687663989] [turtlebot3_diff_drive]: Wheel pair 1 separation set to [0.160000m]
[gazebo-1] [INFO] [1782961230.688257440] [turtlebot3_diff_drive]: Wheel pair 1 diameter set to [0.066000m]
[gazebo-1] [INFO] [1782961230.690790115] [turtlebot3_diff_drive]: Subscribed to [/cmd_vel]
[gazebo-1] [INFO] [1782961230.694719584] [turtlebot3_diff_drive]: Advertise odometry on [/odom]
[gazebo-1] [INFO] [1782961230.698641763] [turtlebot3_diff_drive]: Publishing odom transforms between [odom] and [base_footprint]
[gazebo-1] [INFO] [1782961230.716870208] [turtlebot3_joint_state]: Going to publish joint [rotating_frame_joint]
[gazebo-1] [INFO] [1782961230.749801887] [gazebo_ros2_control]: Loading gazebo_ros2_control plugin
[gazebo-1] [INFO] [1782961230.766154679] [gazebo_ros2_control]: Starting gazebo_ros2_control plugin in namespace: /
[gazebo-1] [INFO] [1782961230.766257181] [gazebo_ros2_control]: Starting gazebo_ros2_control plugin in ros 2 node: gazebo_ros2_control
[gazebo-1] [INFO] [1782961230.776065828] [gazebo_ros2_control]: connected to service!! /robot_state_publisher_node
[gazebo-1] [INFO] [1782961230.777711286] [gazebo_ros2_control]: Received urdf from param server, parsing...
[gazebo-1] [INFO] [1782961230.777847979] [gazebo_ros2_control]: Loading parameter files /home/mattb/dsim-lab/ros2_ws/install/turtlebot3_rotating_sensor/share/turtlebot3_rotating_sensor/controller_config/joint_controller.yaml
[gazebo-1] [INFO] [1782961230.792720881] [gazebo_ros2_control]: Loading joint: rotating_frame_joint
[gazebo-1] [INFO] [1782961230.792800265] [gazebo_ros2_control]: 	State:
[gazebo-1] [INFO] [1782961230.792817769] [gazebo_ros2_control]: 		 position
[gazebo-1] [INFO] [1782961230.792839665] [gazebo_ros2_control]: 			 found initial value: 0.000000
[gazebo-1] [INFO] [1782961230.792860882] [gazebo_ros2_control]: 		 velocity
[gazebo-1] [INFO] [1782961230.792872285] [gazebo_ros2_control]: 			 found initial value: 0.000000
[gazebo-1] [INFO] [1782961230.792899525] [gazebo_ros2_control]: 	Command:
[gazebo-1] [INFO] [1782961230.792960956] [gazebo_ros2_control]: 		 velocity
[gazebo-1] [INFO] [1782961230.793375220] [resource_manager]: Initialize hardware 'GazeboSystem' 
[gazebo-1] [INFO] [1782961230.793614663] [resource_manager]: Successful initialization of hardware 'GazeboSystem'
[gazebo-1] [INFO] [1782961230.793726340] [resource_manager]: 'configure' hardware 'GazeboSystem' 
[gazebo-1] [INFO] [1782961230.793737474] [resource_manager]: Successful 'configure' of hardware 'GazeboSystem'
[gazebo-1] [INFO] [1782961230.793743628] [resource_manager]: 'activate' hardware 'GazeboSystem' 
[gazebo-1] [INFO] [1782961230.793749770] [resource_manager]: Successful 'activate' of hardware 'GazeboSystem'
[gazebo-1] [INFO] [1782961230.793847713] [gazebo_ros2_control]: Loading controller_manager
[INFO] [spawn_entity.py-5]: process has finished cleanly [pid 144640]
[gazebo-1] [WARN] [1782961230.855710230] [gazebo_ros2_control]:  Desired controller update period (0.01 s) is slower than the gazebo simulation period (0.001 s).
[gazebo-1] [INFO] [1782961230.856272315] [gazebo_ros2_control]: Loaded gazebo_ros2_control.
[gazebo-1] [INFO] [1782961230.870716358] [controller_manager]: Loading controller 'joint_state_broadcaster'
[spawner-3] [INFO] [1782961230.899544872] [spawner_joint_state_broadcaster]: [94mLoaded [1mjoint_state_broadcaster[0m
[gazebo-1] [INFO] [1782961230.903343595] [controller_manager]: Configuring controller 'joint_state_broadcaster'
[gazebo-1] [INFO] [1782961230.903908399] [joint_state_broadcaster]: 'joints' or 'interfaces' parameter is empty. All available state interfaces will be published
[gazebo-1] [0m[1;32m[0m[1;32m[0m[1;32m[Msg] [0m[1;32mWaiting for master.[0m[1;32m
[gazebo-1] [0m[1;32m[0m[1;32m[0m[1;32m[Msg] [0m[1;32mConnected to gazebo master @ [0m[1;32mhttp://127.0.0.1:11345[0m[1;32m
[gazebo-1] [0m[1;32m[0m[1;32m[0m[1;32m[Msg] [0m[1;32mPublicized address: [0m[1;32m10.130.191.118[0m[1;32m
[gazebo-1] [0m[1;32m[0m[1;32m[0m[1;32m[Msg] [0m[1;32mWarning: Ignoring XDG_SESSION_TYPE=wayland on Gnome. Use QT_QPA_PLATFORM=wayland to run on Wayland anyway.[0m[1;32m
[gazebo-1] [1;33m[Wrn] [Event.cc:61] [0m[1;33mWarning: Deleting a connection right after creation. [0m[1;33mMake sure to save the ConnectionPtr from a Connect call
[spawner-3] [INFO] [1782961230.939067391] [spawner_joint_state_broadcaster]: [92mConfigured and activated [1mjoint_state_broadcaster[0m
[gazebo-1] [0m[INFO] [1782961230.981957360] [controller_manager]: Loading controller 'velocity_controller'
[spawner-4] [INFO] [1782961231.010070072] [spawner_velocity_controller]: [94mLoaded [1mvelocity_controller[0m
[gazebo-1] [INFO] [1782961231.011783086] [controller_manager]: Configuring controller 'velocity_controller'
[gazebo-1] [INFO] [1782961231.013804879] [velocity_controller]: configure successful
[gazebo-1] [INFO] [1782961231.028754225] [velocity_controller]: activate successful
[spawner-4] [INFO] [1782961231.039931660] [spawner_velocity_controller]: [92mConfigured and activated [1mvelocity_controller[0m
[spawn_entity.py-7] [INFO] [1782961231.096339011] [spawn_light_source_2]: Spawn status: SpawnEntity: Successfully spawned entity [manual_light_2]
[INFO] [spawner-3]: process has finished cleanly [pid 144636]
[INFO] [spawner-4]: process has finished cleanly [pid 144638]
[INFO] [spawn_entity.py-7]: process has finished cleanly [pid 144644]
[spawn_entity.py-8] [INFO] [1782961231.316989535] [spawn_light_source_3]: Spawn status: SpawnEntity: Successfully spawned entity [manual_light_3]
[INFO] [spawn_entity.py-8]: process has finished cleanly [pid 144646]
[gazebo-1] [1;31m[Err] [Scene.cc:3069] [0m[1;31mLight [[0m[1;31mmanual_light_2::body::warm_globe_light[0m[1;31m] already exists.[0m[1;31m Use topic ~/light/modify to modify it.[0m[1;31m
[gazebo-1] [0m[1;32m[0m[1;32m[0m[1;32m[Msg] [0m[1;32mLoading world file [[0m[1;32m/usr/share/gazebo-11/worlds/empty.world[0m[1;32m][0m[1;32m
[ros2-16] [INFO] [1782961259.972219584] [convergence_detector]: Convergence candidate: metric=-0.001714, r_mean=0.000387, decay=0.197899, mean_recent=(0.0524, -0.0397), mean_old=(0.0365, -0.0281), count_remaining=2, t=61.500
[ros2-16] [INFO] [1782961263.765750553] [convergence_detector]: Convergence candidate: metric=-0.001693, r_mean=0.000408, decay=0.197899, mean_recent=(0.0608, -0.0450), mean_old=(0.0440, -0.0339), count_remaining=1, t=72.300
[ros2-16] [INFO] [1782961267.556268170] [convergence_detector]: Convergence candidate: metric=-0.001672, r_mean=0.000429, decay=0.197899, mean_recent=(0.0697, -0.0501), mean_old=(0.0520, -0.0394), count_remaining=0, t=83.100
[ros2-16] [INFO] [1782961267.557657139] [convergence_detector]: CONVERGED_FILL_READY: metric=-0.001672, r_mean=0.000429, decay=0.197899, fill_center=(0.0697, -0.0501), t=83.100
[ros2-16] [INFO] [1782961267.558197007] [convergence_detector]: Convergence counter reset to 3
[ros2-17] [WARN] [1782961268.186270448] [gaussian_fill]: Gaussian fit did not converge: The maximum number of function evaluations is exceeded.
[ros2-16] [INFO] [1782961271.351882305] [convergence_detector]: Convergence candidate: metric=-0.001650, r_mean=0.000451, decay=0.197899, mean_recent=(0.0790, -0.0549), mean_old=(0.0603, -0.0447), count_remaining=2, t=93.900
[ros2-16] [INFO] [1782961275.145723142] [convergence_detector]: Convergence candidate: metric=-0.001629, r_mean=0.000472, decay=0.197899, mean_recent=(0.0886, -0.0595), mean_old=(0.0692, -0.0498), count_remaining=1, t=104.700
[ros2-16] [INFO] [1782961278.951513105] [convergence_detector]: Convergence candidate: metric=-0.001609, r_mean=0.000492, decay=0.197899, mean_recent=(0.0986, -0.0638), mean_old=(0.0784, -0.0547), count_remaining=0, t=115.500
[ros2-16] [INFO] [1782961278.952338428] [convergence_detector]: CONVERGED_FILL_READY: metric=-0.001609, r_mean=0.000492, decay=0.197899, fill_center=(0.0986, -0.0638), t=115.500
[ros2-16] [INFO] [1782961278.953061111] [convergence_detector]: Convergence counter reset to 3
[ros2-17] [WARN] [1782961279.637496771] [gaussian_fill]: Gaussian fit did not converge: The maximum number of function evaluations is exceeded.
[ros2-16] [INFO] [1782961282.757120704] [convergence_detector]: Convergence candidate: metric=-0.001589, r_mean=0.000513, decay=0.197899, mean_recent=(0.1090, -0.0679), mean_old=(0.0881, -0.0593), count_remaining=2, t=126.300
[ros2-16] [INFO] [1782961286.459944832] [convergence_detector]: Convergence candidate: metric=-0.001570, r_mean=0.000531, decay=0.197899, mean_recent=(0.1197, -0.0716), mean_old=(0.0981, -0.0636), count_remaining=1, t=137.100
[ros2-16] [INFO] [1782961288.974543400] [convergence_detector]: Convergence candidate: metric=-0.001558, r_mean=0.000543, decay=0.197899, mean_recent=(0.1305, -0.0751), mean_old=(0.1084, -0.0676), count_remaining=0, t=147.900
[ros2-16] [INFO] [1782961288.975706065] [convergence_detector]: CONVERGED_FILL_READY: metric=-0.001558, r_mean=0.000543, decay=0.197899, fill_center=(0.1305, -0.0751), t=147.900
[ros2-16] [INFO] [1782961288.976679369] [convergence_detector]: Convergence counter reset to 3
[ros2-17] [WARN] [1782961289.501114484] [gaussian_fill]: Gaussian fit did not converge: The maximum number of function evaluations is exceeded.
[ros2-16] [INFO] [1782961291.556892060] [convergence_detector]: Convergence candidate: metric=-0.001544, r_mean=0.000557, decay=0.197899, mean_recent=(0.1416, -0.0782), mean_old=(0.1190, -0.0714), count_remaining=2, t=158.700
[ros2-16] [INFO] [1782961294.056800780] [convergence_detector]: Convergence candidate: metric=-0.001527, r_mean=0.000574, decay=0.197899, mean_recent=(0.1530, -0.0811), mean_old=(0.1299, -0.0749), count_remaining=1, t=169.500
[ros2-16] [INFO] [1782961296.580187209] [convergence_detector]: Convergence candidate: metric=-0.001512, r_mean=0.000589, decay=0.197899, mean_recent=(0.1646, -0.0837), mean_old=(0.1410, -0.0781), count_remaining=0, t=180.300
[ros2-16] [INFO] [1782961296.581160494] [convergence_detector]: CONVERGED_FILL_READY: metric=-0.001512, r_mean=0.000589, decay=0.197899, fill_center=(0.1646, -0.0837), t=180.300
[ros2-16] [INFO] [1782961296.582377564] [convergence_detector]: Convergence counter reset to 3
[ros2-17] [WARN] [1782961297.093984566] [gaussian_fill]: Gaussian fit did not converge: The maximum number of function evaluations is exceeded.
[ros2-16] [INFO] [1782961299.110447738] [convergence_detector]: Convergence candidate: metric=-0.001497, r_mean=0.000604, decay=0.197899, mean_recent=(0.1764, -0.0860), mean_old=(0.1523, -0.0810), count_remaining=2, t=191.100
[ros2-16] [INFO] [1782961301.640365338] [convergence_detector]: Convergence candidate: metric=-0.001480, r_mean=0.000622, decay=0.197899, mean_recent=(0.1884, -0.0880), mean_old=(0.1639, -0.0836), count_remaining=1, t=201.900
[ros2-16] [INFO] [1782961304.226317183] [convergence_detector]: Convergence candidate: metric=-0.001465, r_mean=0.000636, decay=0.197899, mean_recent=(0.2006, -0.0898), mean_old=(0.1757, -0.0859), count_remaining=0, t=212.700
[ros2-16] [INFO] [1782961304.227381956] [convergence_detector]: CONVERGED_FILL_READY: metric=-0.001465, r_mean=0.000636, decay=0.197899, fill_center=(0.2006, -0.0898), t=212.700
[ros2-16] [INFO] [1782961304.228252001] [convergence_detector]: Convergence counter reset to 3
[ros2-17] [WARN] [1782961304.745511799] [gaussian_fill]: Gaussian fit did not converge: The maximum number of function evaluations is exceeded.
