[INFO] [1781124943.168831683] [turtlebot3_diff_drive]: Wheel pair 1 separation set to [0.160000m]
[INFO] [1781124943.169351470] [turtlebot3_diff_drive]: Wheel pair 1 diameter set to [0.066000m]
[INFO] [1781124943.170871272] [turtlebot3_diff_drive]: Subscribed to [/cmd_vel]
[INFO] [1781124943.173463199] [turtlebot3_diff_drive]: Advertise odometry on [/odom]
[INFO] [1781124943.176558875] [turtlebot3_diff_drive]: Publishing odom transforms between [odom] and [base_footprint]
[INFO] [1781124943.187090603] [turtlebot3_joint_state]: Going to publish joint [rotating_frame_joint]
[INFO] [1781124943.210893862] [gazebo_ros2_control]: Loading gazebo_ros2_control plugin
[INFO] [1781124943.216350931] [gazebo_ros2_control]: Starting gazebo_ros2_control plugin in namespace: /
[INFO] [1781124943.216399104] [gazebo_ros2_control]: Starting gazebo_ros2_control plugin in ros 2 node: gazebo_ros2_control
[INFO] [1781124943.220685634] [gazebo_ros2_control]: connected to service!! /robot_state_publisher_node
[INFO] [1781124943.221219116] [gazebo_ros2_control]: Received urdf from param server, parsing...
[INFO] [1781124943.221275057] [gazebo_ros2_control]: Loading parameter files /home/mattb/dsim-lab/ros2_ws/install/turtlebot3_rotating_sensor/share/turtlebot3_rotating_sensor/controller_config/joint_controller.yaml
[INFO] [1781124943.230795490] [gazebo_ros2_control]: Loading joint: rotating_frame_joint
[INFO] [1781124943.230829231] [gazebo_ros2_control]: 	State:
[INFO] [1781124943.230836823] [gazebo_ros2_control]: 		 position
[INFO] [1781124943.230844785] [gazebo_ros2_control]: 			 found initial value: 0.000000
[INFO] [1781124943.230853497] [gazebo_ros2_control]: 		 velocity
[INFO] [1781124943.230859293] [gazebo_ros2_control]: 			 found initial value: 0.000000
[INFO] [1781124943.230901794] [gazebo_ros2_control]: 	Command:
[INFO] [1781124943.230927478] [gazebo_ros2_control]: 		 velocity
[INFO] [1781124943.231134873] [resource_manager]: Initialize hardware 'GazeboSystem' 
[INFO] [1781124943.231332629] [resource_manager]: Successful initialization of hardware 'GazeboSystem'
[INFO] [1781124943.231479138] [resource_manager]: 'configure' hardware 'GazeboSystem' 
[INFO] [1781124943.231494192] [resource_manager]: Successful 'configure' of hardware 'GazeboSystem'
[INFO] [1781124943.231499959] [resource_manager]: 'activate' hardware 'GazeboSystem' 
[INFO] [1781124943.231505312] [resource_manager]: Successful 'activate' of hardware 'GazeboSystem'
[INFO] [1781124943.231569306] [gazebo_ros2_control]: Loading controller_manager
[WARN] [1781124943.255223254] [gazebo_ros2_control]:  Desired controller update period (0.01 s) is slower than the gazebo simulation period (0.001 s).
[INFO] [1781124943.255416803] [gazebo_ros2_control]: Loaded gazebo_ros2_control.
[INFO] [1781124943.277237879] [controller_manager]: Loading controller 'joint_state_broadcaster'
[INFO] [1781124943.297073361] [controller_manager]: Loading controller 'velocity_controller'
[INFO] [1781124943.315355339] [controller_manager]: Configuring controller 'joint_state_broadcaster'
[INFO] [1781124943.315607597] [joint_state_broadcaster]: 'joints' or 'interfaces' parameter is empty. All available state interfaces will be published
[INFO] [1781124943.325353952] [controller_manager]: Configuring controller 'velocity_controller'
[INFO] [1781124943.327048757] [velocity_controller]: configure successful
[INFO] [1781124943.365243820] [velocity_controller]: activate successful
[INFO] [1781125443.767855742] [rclcpp]: signal_handler(SIGINT/SIGTERM)
[INFO] [1781125443.768031019] [controller_manager]: Shutdown request received....
[INFO] [1781125443.768141891] [controller_manager]: Shutting down all controllers in the controller manager.
[INFO] [1781125443.768196279] [controller_manager]: Deactivating controller 'joint_state_broadcaster'
[INFO] [1781125443.768266178] [controller_manager]: Shutting down controller 'joint_state_broadcaster'
[INFO] [1781125443.768352668] [controller_manager]: Deactivating controller 'velocity_controller'
[INFO] [1781125443.768403553] [controller_manager]: Shutting down controller 'velocity_controller'
[INFO] [1781125443.768498036] [resource_manager]: 'deactivate' hardware 'GazeboSystem' 
[INFO] [1781125443.768517625] [resource_manager]: Successful 'deactivate' of hardware 'GazeboSystem'
[INFO] [1781125443.768524507] [resource_manager]: 'shutdown' hardware 'GazeboSystem' 
[INFO] [1781125443.768548130] [resource_manager]: Successful 'shutdown' of hardware 'GazeboSystem'
[INFO] [1781125443.768554676] [controller_manager]: Shutting down the controller manager.
