{
  "run_dir": "/home/mattb/dsim-lab/experiments/hbesc_gaussian_fill_study/results/runs/20260610T202112Z_phase4_gain_k_vx_high_execute",
  "status": "pass",
  "missing": [],
  "present": [
    "trial_metadata.json",
    "configs/scenario_used.json",
    "launch_command.txt",
    "logs/scenario_dry_run.stdout",
    "logs/scenario_dry_run.stderr",
    "summary.json",
    "data_collection/Test_2026-06-10_13-21-18/odometry.csv",
    "data_collection/Test_2026-06-10_13-21-18/sensor_transform.csv",
    "data_collection/Test_2026-06-10_13-21-18/cost_value.csv",
    "data_collection/Test_2026-06-10_13-21-18/filter_value.csv",
    "data_collection/Test_2026-06-10_13-21-18/control_value.csv",
    "data_collection/Test_2026-06-10_13-21-18/comments.txt"
  ],
  "warnings": []
}
