Running HBESC scenario: /home/mattb/dsim-lab/experiments/hbesc_gaussian_fill_study/results/runs/20260610T202112Z_phase4_gain_k_vx_high_execute/configs/scenario_used.json
Scenario name: phase4_gain_k_vx_high
Description: Phase 4 one-at-a-time HBESC gain sensitivity: k_vx high on the representative convex quartic bowl.
Starting >>> ros_esc
Starting >>> ros_esc_interfaces
Starting >>> turtlebot3_rotating_sensor
Finished <<< turtlebot3_rotating_sensor [0.36s]
Finished <<< ros_esc_interfaces [0.72s]
Finished <<< ros_esc [1.06s]

Summary: 3 packages finished [1.37s]
[INFO] [launch]: All log files can be found below /home/mattb/dsim-lab/experiments/hbesc_gaussian_fill_study/results/runs/20260610T202112Z_phase4_gain_k_vx_high_execute/logs/ros/2026-06-10-13-21-15-133525-ubuntu-ssd-16140
[INFO] [launch]: Default logging verbosity is set to INFO
[INFO] [gzserver-1]: process started with pid [16142]
[INFO] [robot_state_publisher-2]: process started with pid [16144]
[INFO] [spawner-3]: process started with pid [16146]
[INFO] [spawner-4]: process started with pid [16148]
[INFO] [spawn_entity.py-5]: process started with pid [16150]
[INFO] [ros2-6]: process started with pid [16152]
[INFO] [ros2-7]: process started with pid [16154]
[INFO] [ros2-8]: process started with pid [16156]
[INFO] [ros2-9]: process started with pid [16158]
[INFO] [ros2-10]: process started with pid [16160]
[INFO] [ros2-11]: process started with pid [16162]
[INFO] [ros2-12]: process started with pid [16164]
[robot_state_publisher-2] [INFO] [1781122875.477466139] [robot_state_publisher_node]: got segment base_footprint
[robot_state_publisher-2] [INFO] [1781122875.478780271] [robot_state_publisher_node]: got segment base_link
[robot_state_publisher-2] [INFO] [1781122875.478801163] [robot_state_publisher_node]: got segment base_scan
[robot_state_publisher-2] [INFO] [1781122875.478833417] [robot_state_publisher_node]: got segment caster_wheel
[robot_state_publisher-2] [INFO] [1781122875.478844939] [robot_state_publisher_node]: got segment imu_link
[robot_state_publisher-2] [INFO] [1781122875.478855381] [robot_state_publisher_node]: got segment rotating_frame_link
[robot_state_publisher-2] [INFO] [1781122875.478866017] [robot_state_publisher_node]: got segment sensor_link
[robot_state_publisher-2] [INFO] [1781122875.478877042] [robot_state_publisher_node]: got segment wheel_left_link
[robot_state_publisher-2] [INFO] [1781122875.478889779] [robot_state_publisher_node]: got segment wheel_right_link
[gzserver-1] Gazebo multi-robot simulator, version 11.10.2
[gzserver-1] Copyright (C) 2012 Open Source Robotics Foundation.
[gzserver-1] Released under the Apache 2 License.
[gzserver-1] http://gazebosim.org
[gzserver-1] 
[spawner-4] [INFO] [1781122876.018401289] [spawner_velocity_controller]: waiting for service /controller_manager/list_controllers to become available...
[spawner-3] [INFO] [1781122876.101491654] [spawner_joint_state_broadcaster]: waiting for service /controller_manager/list_controllers to become available...
[spawn_entity.py-5] [INFO] [1781122876.185434330] [spawn_entity]: Spawn Entity started
[spawn_entity.py-5] [INFO] [1781122876.188792537] [spawn_entity]: Loading entity published on topic /robot_description
[spawn_entity.py-5] [INFO] [1781122876.194679321] [spawn_entity]: Waiting for entity xml on /robot_description
[spawn_entity.py-5] [INFO] [1781122876.210103885] [spawn_entity]: Waiting for service /spawn_entity, timeout = 30
[spawn_entity.py-5] [INFO] [1781122876.210636245] [spawn_entity]: Waiting for service /spawn_entity
[gzserver-1] [1;33m[Wrn] [gazebo_ros_init.cpp:178] [0m[1;33m
[gzserver-1] #     # ####### ####### ###  #####  #######
[gzserver-1] ##    # #     #    #     #  #     # #
[gzserver-1] # #   # #     #    #     #  #       #
[gzserver-1] #  #  # #     #    #     #  #       #####
[gzserver-1] #   # # #     #    #     #  #       #
[gzserver-1] #    ## #     #    #     #  #     # #
[gzserver-1] #     # #######    #    ###  #####  #######
[gzserver-1] 
[gzserver-1] This version of Gazebo, now called Gazebo classic, reaches end-of-life
[gzserver-1] in January 2025. Users are highly encouraged to migrate to the new Gazebo
[gzserver-1] using our migration guides (https://gazebosim.org/docs/latest/gazebo_classic_migration?utm_source=gazebo_ros_pkgs&utm_medium=cli)
[gzserver-1] 
[gzserver-1] [0m[1;33m
[gzserver-1] [1;32m[Msg] [0m[1;32mWaiting for master.[0m[1;32m
[gzserver-1] [0m[1;32m[0m[1;32m[0m[1;32m[Msg] [0m[1;32mConnected to gazebo master @ [0m[1;32mhttp://127.0.0.1:12298[0m[1;32m
[gzserver-1] [0m[1;32m[0m[1;32m[0m[1;32m[Msg] [0m[1;32mPublicized address: [0m[1;32m10.130.191.118[0m[1;32m
[gzserver-1] [0m[1;33m[0m[1;33m[0m[1;33m[Wrn] [FuelModelDatabase.cc:313] [0m[1;33mURI not supported by Fuel [[0m[1;33mworlds/gazebo_empty.world[0m[1;33m][0m[1;33m
[gzserver-1] [0m[1;33m[0m[1;33m[0m[1;33m[Wrn] [SystemPaths.cc:459] [0m[1;33mFile or path does not exist [[0m[1;33m""[0m[1;33m] [[0m[1;33mworlds/gazebo_empty.world[0m[1;33m][0m[1;33m
[gzserver-1] [0m[1;33m[0m[1;33m[0m[1;31m[Err] [Server.cc:472] [0m[1;31mCould not open file[[0m[1;31mworlds/gazebo_empty.world[0m[1;31m]
[gzserver-1] [0m[1;33m[Wrn] [Server.cc:381] [0m[1;33mFalling back on worlds/empty.world
[spawn_entity.py-5] [INFO] [1781122877.215965280] [spawn_entity]: Calling service /spawn_entity
[spawn_entity.py-5] [INFO] [1781122877.349161435] [spawn_entity]: Spawn status: SpawnEntity: Successfully spawned entity [turtlebot3]
[gzserver-1] [0m[INFO] [1781122877.380690048] [turtlebot3_diff_drive]: Wheel pair 1 separation set to [0.160000m]
[gzserver-1] [INFO] [1781122877.381233997] [turtlebot3_diff_drive]: Wheel pair 1 diameter set to [0.066000m]
[gzserver-1] [INFO] [1781122877.382768808] [turtlebot3_diff_drive]: Subscribed to [/cmd_vel]
[gzserver-1] [INFO] [1781122877.385298618] [turtlebot3_diff_drive]: Advertise odometry on [/odom]
[gzserver-1] [INFO] [1781122877.387802585] [turtlebot3_diff_drive]: Publishing odom transforms between [odom] and [base_footprint]
[gzserver-1] [INFO] [1781122877.398801564] [turtlebot3_joint_state]: Going to publish joint [rotating_frame_joint]
[gzserver-1] [INFO] [1781122877.422444840] [gazebo_ros2_control]: Loading gazebo_ros2_control plugin
[gzserver-1] [INFO] [1781122877.428381986] [gazebo_ros2_control]: Starting gazebo_ros2_control plugin in namespace: /
[gzserver-1] [INFO] [1781122877.428453870] [gazebo_ros2_control]: Starting gazebo_ros2_control plugin in ros 2 node: gazebo_ros2_control
[gzserver-1] [INFO] [1781122877.433120149] [gazebo_ros2_control]: connected to service!! /robot_state_publisher_node
[gzserver-1] [INFO] [1781122877.433586945] [gazebo_ros2_control]: Received urdf from param server, parsing...
[gzserver-1] [INFO] [1781122877.433631496] [gazebo_ros2_control]: Loading parameter files /home/mattb/dsim-lab/ros2_ws/install/turtlebot3_rotating_sensor/share/turtlebot3_rotating_sensor/controller_config/joint_controller.yaml
[gzserver-1] [INFO] [1781122877.443873882] [gazebo_ros2_control]: Loading joint: rotating_frame_joint
[gzserver-1] [INFO] [1781122877.443909431] [gazebo_ros2_control]: 	State:
[gzserver-1] [INFO] [1781122877.443924708] [gazebo_ros2_control]: 		 position
[gzserver-1] [INFO] [1781122877.443965612] [gazebo_ros2_control]: 			 found initial value: 0.000000
[gzserver-1] [INFO] [1781122877.443984511] [gazebo_ros2_control]: 		 velocity
[gzserver-1] [INFO] [1781122877.443998673] [gazebo_ros2_control]: 			 found initial value: 0.000000
[gzserver-1] [INFO] [1781122877.444013526] [gazebo_ros2_control]: 	Command:
[gzserver-1] [INFO] [1781122877.444041576] [gazebo_ros2_control]: 		 velocity
[gzserver-1] [INFO] [1781122877.444477434] [resource_manager]: Initialize hardware 'GazeboSystem' 
[gzserver-1] [INFO] [1781122877.444658448] [resource_manager]: Successful initialization of hardware 'GazeboSystem'
[gzserver-1] [INFO] [1781122877.444764728] [resource_manager]: 'configure' hardware 'GazeboSystem' 
[gzserver-1] [INFO] [1781122877.444775424] [resource_manager]: Successful 'configure' of hardware 'GazeboSystem'
[gzserver-1] [INFO] [1781122877.444780624] [resource_manager]: 'activate' hardware 'GazeboSystem' 
[gzserver-1] [INFO] [1781122877.444785652] [resource_manager]: Successful 'activate' of hardware 'GazeboSystem'
[gzserver-1] [INFO] [1781122877.444904107] [gazebo_ros2_control]: Loading controller_manager
[gzserver-1] [WARN] [1781122877.469522748] [gazebo_ros2_control]:  Desired controller update period (0.01 s) is slower than the gazebo simulation period (0.001 s).
[gzserver-1] [INFO] [1781122877.469778198] [gazebo_ros2_control]: Loaded gazebo_ros2_control.
[INFO] [spawn_entity.py-5]: process has finished cleanly [pid 16150]
[gzserver-1] [INFO] [1781122877.522336314] [controller_manager]: Loading controller 'velocity_controller'
[spawner-4] [INFO] [1781122877.540644621] [spawner_velocity_controller]: [94mLoaded [1mvelocity_controller[0m
[gzserver-1] [INFO] [1781122877.542221431] [controller_manager]: Configuring controller 'velocity_controller'
[gzserver-1] [INFO] [1781122877.543531760] [velocity_controller]: configure successful
[gzserver-1] [INFO] [1781122877.560022794] [velocity_controller]: activate successful
[spawner-4] [INFO] [1781122877.570978934] [spawner_velocity_controller]: [92mConfigured and activated [1mvelocity_controller[0m
[gzserver-1] [INFO] [1781122877.606240851] [controller_manager]: Loading controller 'joint_state_broadcaster'
[spawner-3] [INFO] [1781122877.622124199] [spawner_joint_state_broadcaster]: [94mLoaded [1mjoint_state_broadcaster[0m
[gzserver-1] [INFO] [1781122877.623369919] [controller_manager]: Configuring controller 'joint_state_broadcaster'
[gzserver-1] [INFO] [1781122877.623453652] [joint_state_broadcaster]: 'joints' or 'interfaces' parameter is empty. All available state interfaces will be published
[spawner-3] [INFO] [1781122877.651996712] [spawner_joint_state_broadcaster]: [92mConfigured and activated [1mjoint_state_broadcaster[0m
[INFO] [spawner-4]: process has finished cleanly [pid 16148]
[INFO] [spawner-3]: process has finished cleanly [pid 16146]
[gzserver-1] [0m[1;32m[0m[1;32m[0m[1;32m[Msg] [0m[1;32mLoading world file [[0m[1;32m/usr/share/gazebo-11/worlds/empty.world[0m[1;32m][0m[1;32m
