{
  "run_dir": "/home/mattb/dsim-lab/experiments/hbesc_gaussian_fill_study/results/runs/20260609T223633Z_phase2_smoke_quartic_baseline_execute",
  "status": "fail",
  "missing": [
    "data_collection/Test_2026-06-09_15-36-38/odometry.csv",
    "data_collection/Test_2026-06-09_15-36-38/sensor_transform.csv",
    "data_collection/Test_2026-06-09_15-36-38/cost_value.csv",
    "data_collection/Test_2026-06-09_15-36-38/filter_value.csv",
    "data_collection/Test_2026-06-09_15-36-38/control_value.csv",
    "data_collection/Test_2026-06-09_15-36-38/comments.txt"
  ],
  "present": [
    "trial_metadata.json",
    "configs/scenario_used.json",
    "launch_command.txt",
    "logs/scenario_dry_run.stdout",
    "logs/scenario_dry_run.stderr",
    "summary.json"
  ],
  "warnings": []
}
