Running HBESC scenario: /home/mattb/dsim-lab/experiments/hbesc_gaussian_fill_study/results/runs/20260609T223633Z_phase2_smoke_quartic_baseline_execute/configs/scenario_used.json
Scenario name: phase2_smoke_quartic_baseline
Description: Short Phase 2 smoke scenario scaffold for baseline HBESC on the quartic bowl. stop_rule_sec is metadata until the Phase 2 harness enforces sim-time termination.
Starting >>> ros_esc
Starting >>> ros_esc_interfaces
Starting >>> turtlebot3_rotating_sensor
Finished <<< turtlebot3_rotating_sensor [0.39s]
Finished <<< ros_esc_interfaces [0.81s]
Finished <<< ros_esc [1.08s]

Summary: 3 packages finished [1.38s]
[INFO] [launch]: All log files can be found below /home/mattb/dsim-lab/experiments/hbesc_gaussian_fill_study/results/runs/20260609T223633Z_phase2_smoke_quartic_baseline_execute/logs/ros/2026-06-09-15-36-35-784790-ubuntu-ssd-16908
[INFO] [launch]: Default logging verbosity is set to INFO
[INFO] [gazebo-1]: process started with pid [16910]
[INFO] [robot_state_publisher-2]: process started with pid [16912]
[INFO] [spawner-3]: process started with pid [16914]
[INFO] [spawner-4]: process started with pid [16916]
[INFO] [spawn_entity.py-5]: process started with pid [16918]
[INFO] [ros2-6]: process started with pid [16920]
[INFO] [ros2-7]: process started with pid [16922]
[INFO] [ros2-8]: process started with pid [16924]
[INFO] [ros2-9]: process started with pid [16926]
[INFO] [ros2-10]: process started with pid [16928]
[INFO] [ros2-11]: process started with pid [16930]
[INFO] [ros2-12]: process started with pid [16932]
[robot_state_publisher-2] [INFO] [1781044596.128939914] [robot_state_publisher_node]: got segment base_footprint
[robot_state_publisher-2] [INFO] [1781044596.129066913] [robot_state_publisher_node]: got segment base_link
[robot_state_publisher-2] [INFO] [1781044596.129084430] [robot_state_publisher_node]: got segment base_scan
[robot_state_publisher-2] [INFO] [1781044596.129093573] [robot_state_publisher_node]: got segment caster_wheel
[robot_state_publisher-2] [INFO] [1781044596.129101366] [robot_state_publisher_node]: got segment imu_link
[robot_state_publisher-2] [INFO] [1781044596.129109088] [robot_state_publisher_node]: got segment rotating_frame_link
[robot_state_publisher-2] [INFO] [1781044596.129117421] [robot_state_publisher_node]: got segment sensor_link
[robot_state_publisher-2] [INFO] [1781044596.129124810] [robot_state_publisher_node]: got segment wheel_left_link
[robot_state_publisher-2] [INFO] [1781044596.129133102] [robot_state_publisher_node]: got segment wheel_right_link
[spawner-3] [INFO] [1781044596.647709171] [spawner_joint_state_broadcaster]: waiting for service /controller_manager/list_controllers to become available...
[spawner-4] [INFO] [1781044596.781054861] [spawner_velocity_controller]: waiting for service /controller_manager/list_controllers to become available...
[spawn_entity.py-5] [INFO] [1781044596.800212449] [spawn_entity]: Spawn Entity started
[spawn_entity.py-5] [INFO] [1781044596.802981796] [spawn_entity]: Loading entity published on topic /robot_description
[spawn_entity.py-5] [INFO] [1781044596.807195211] [spawn_entity]: Waiting for entity xml on /robot_description
[spawn_entity.py-5] [INFO] [1781044596.822266427] [spawn_entity]: Waiting for service /spawn_entity, timeout = 30
[spawn_entity.py-5] [INFO] [1781044596.822880106] [spawn_entity]: Waiting for service /spawn_entity
[gazebo-1] Gazebo multi-robot simulator, version 11.10.2
[gazebo-1] Copyright (C) 2012 Open Source Robotics Foundation.
[gazebo-1] Released under the Apache 2 License.
[gazebo-1] http://gazebosim.org
[gazebo-1] 
[gazebo-1] Gazebo multi-robot simulator, version 11.10.2
[gazebo-1] Copyright (C) 2012 Open Source Robotics Foundation.
[gazebo-1] Released under the Apache 2 License.
[gazebo-1] http://gazebosim.org
[gazebo-1] 
[gazebo-1] [1;33m[Wrn] [gazebo_ros_init.cpp:178] [0m[1;33m
[gazebo-1] #     # ####### ####### ###  #####  #######
[gazebo-1] ##    # #     #    #     #  #     # #
[gazebo-1] # #   # #     #    #     #  #       #
[gazebo-1] #  #  # #     #    #     #  #       #####
[gazebo-1] #   # # #     #    #     #  #       #
[gazebo-1] #    ## #     #    #     #  #     # #
[gazebo-1] #     # #######    #    ###  #####  #######
[gazebo-1] 
[gazebo-1] This version of Gazebo, now called Gazebo classic, reaches end-of-life
[gazebo-1] in January 2025. Users are highly encouraged to migrate to the new Gazebo
[gazebo-1] using our migration guides (https://gazebosim.org/docs/latest/gazebo_classic_migration?utm_source=gazebo_ros_pkgs&utm_medium=cli)
[gazebo-1] 
[gazebo-1] [0m[1;33m
[gazebo-1] [0m[1;33m[0m[1;33m[0m[WARN] [1781044597.188152075] [gazebo]: New subscription discovered on topic '/clock', requesting incompatible QoS. No messages will be sent to it. Last incompatible policy: RELIABILITY_QOS_POLICY
[gazebo-1] [1;32m[Msg] [0m[1;32mWaiting for master.[0m[1;32m
[gazebo-1] [0m[1;32m[0m[1;32m[0m[1;32m[Msg] [0m[1;32mConnected to gazebo master @ [0m[1;32mhttp://127.0.0.1:11345[0m[1;32m
[gazebo-1] [0m[1;32m[0m[1;32m[0m[1;32m[Msg] [0m[1;32mPublicized address: [0m[1;32m192.168.44.106[0m[1;32m
[gazebo-1] [1;33m[Wrn] [FuelModelDatabase.cc:313] [0m[1;33mURI not supported by Fuel [[0m[1;33mworlds/gazebo_empty.world[0m[1;33m][0m[1;33m
[gazebo-1] [0m[1;33m[0m[1;33m[0m[1;33m[Wrn] [SystemPaths.cc:459] [0m[1;33mFile or path does not exist [[0m[1;33m""[0m[1;33m] [[0m[1;33mworlds/gazebo_empty.world[0m[1;33m][0m[1;33m
[gazebo-1] [0m[1;33m[0m[1;33m[0m[1;31m[Err] [Server.cc:472] [0m[1;31mCould not open file[[0m[1;31mworlds/gazebo_empty.world[0m[1;31m]
[gazebo-1] [0m[1;33m[Wrn] [Server.cc:381] [0m[1;33mFalling back on worlds/empty.world
[spawn_entity.py-5] [INFO] [1781044598.085614642] [spawn_entity]: Calling service /spawn_entity
[spawn_entity.py-5] [INFO] [1781044598.318050904] [spawn_entity]: Spawn status: SpawnEntity: Successfully spawned entity [turtlebot3]
[gazebo-1] [0m[INFO] [1781044598.348862167] [turtlebot3_diff_drive]: Wheel pair 1 separation set to [0.160000m]
[gazebo-1] [INFO] [1781044598.348954047] [turtlebot3_diff_drive]: Wheel pair 1 diameter set to [0.066000m]
[gazebo-1] [INFO] [1781044598.350914525] [turtlebot3_diff_drive]: Subscribed to [/cmd_vel]
[gazebo-1] [INFO] [1781044598.355082748] [turtlebot3_diff_drive]: Advertise odometry on [/odom]
[gazebo-1] [INFO] [1781044598.358546111] [turtlebot3_diff_drive]: Publishing odom transforms between [odom] and [base_footprint]
[gazebo-1] [INFO] [1781044598.372836054] [turtlebot3_joint_state]: Going to publish joint [rotating_frame_joint]
[gazebo-1] [INFO] [1781044598.407860905] [gazebo_ros2_control]: Loading gazebo_ros2_control plugin
[gazebo-1] [INFO] [1781044598.413607418] [gazebo_ros2_control]: Starting gazebo_ros2_control plugin in namespace: /
[gazebo-1] [INFO] [1781044598.413652748] [gazebo_ros2_control]: Starting gazebo_ros2_control plugin in ros 2 node: gazebo_ros2_control
[gazebo-1] [INFO] [1781044598.418201710] [gazebo_ros2_control]: connected to service!! /robot_state_publisher_node
[gazebo-1] [INFO] [1781044598.418783163] [gazebo_ros2_control]: Received urdf from param server, parsing...
[gazebo-1] [INFO] [1781044598.418823636] [gazebo_ros2_control]: Loading parameter files /home/mattb/dsim-lab/ros2_ws/install/turtlebot3_rotating_sensor/share/turtlebot3_rotating_sensor/controller_config/joint_controller.yaml
[gazebo-1] [INFO] [1781044598.439018586] [gazebo_ros2_control]: Loading joint: rotating_frame_joint
[gazebo-1] [INFO] [1781044598.439053223] [gazebo_ros2_control]: 	State:
[gazebo-1] [INFO] [1781044598.439087705] [gazebo_ros2_control]: 		 position
[gazebo-1] [INFO] [1781044598.439104734] [gazebo_ros2_control]: 			 found initial value: 0.000000
[gazebo-1] [INFO] [1781044598.439138207] [gazebo_ros2_control]: 		 velocity
[gazebo-1] [INFO] [1781044598.439148195] [gazebo_ros2_control]: 			 found initial value: 0.000000
[gazebo-1] [INFO] [1781044598.439160630] [gazebo_ros2_control]: 	Command:
[gazebo-1] [INFO] [1781044598.439730876] [gazebo_ros2_control]: 		 velocity
[gazebo-1] [INFO] [1781044598.439970626] [resource_manager]: Initialize hardware 'GazeboSystem' 
[gazebo-1] [INFO] [1781044598.440186457] [resource_manager]: Successful initialization of hardware 'GazeboSystem'
[gazebo-1] [INFO] [1781044598.440289648] [resource_manager]: 'configure' hardware 'GazeboSystem' 
[gazebo-1] [INFO] [1781044598.440311080] [resource_manager]: Successful 'configure' of hardware 'GazeboSystem'
[gazebo-1] [INFO] [1781044598.440316859] [resource_manager]: 'activate' hardware 'GazeboSystem' 
[gazebo-1] [INFO] [1781044598.440322526] [resource_manager]: Successful 'activate' of hardware 'GazeboSystem'
[gazebo-1] [INFO] [1781044598.440400556] [gazebo_ros2_control]: Loading controller_manager
[INFO] [spawn_entity.py-5]: process has finished cleanly [pid 16918]
[gazebo-1] [WARN] [1781044598.490596443] [gazebo_ros2_control]:  Desired controller update period (0.01 s) is slower than the gazebo simulation period (0.001 s).
[gazebo-1] [INFO] [1781044598.490820739] [gazebo_ros2_control]: Loaded gazebo_ros2_control.
[gazebo-1] [INFO] [1781044598.535406030] [controller_manager]: Loading controller 'velocity_controller'
[spawner-4] [INFO] [1781044598.567223438] [spawner_velocity_controller]: [94mLoaded [1mvelocity_controller[0m
[gazebo-1] [INFO] [1781044598.568410532] [controller_manager]: Configuring controller 'velocity_controller'
[gazebo-1] [INFO] [1781044598.570290463] [velocity_controller]: configure successful
[gazebo-1] [INFO] [1781044598.586523887] [velocity_controller]: activate successful
[spawner-4] [INFO] [1781044598.597456158] [spawner_velocity_controller]: [92mConfigured and activated [1mvelocity_controller[0m
[INFO] [ros2-12]: process has finished cleanly [pid 16932]
[gazebo-1] [INFO] [1781044598.652142728] [controller_manager]: Loading controller 'joint_state_broadcaster'
[spawner-3] [INFO] [1781044598.667210151] [spawner_joint_state_broadcaster]: [94mLoaded [1mjoint_state_broadcaster[0m
[gazebo-1] [INFO] [1781044598.668294441] [controller_manager]: Configuring controller 'joint_state_broadcaster'
[gazebo-1] [INFO] [1781044598.668454981] [joint_state_broadcaster]: 'joints' or 'interfaces' parameter is empty. All available state interfaces will be published
[gazebo-1] [0m[1;32m[0m[1;32m[0m[1;32m[Msg] [0m[1;32mWaiting for master.[0m[1;32m
[gazebo-1] [0m[1;32m[0m[1;32m[0m[1;32m[Msg] [0m[1;32mConnected to gazebo master @ [0m[1;32mhttp://127.0.0.1:11345[0m[1;32m
[gazebo-1] [0m[1;32m[0m[1;32m[0m[1;32m[Msg] [0m[1;32mPublicized address: [0m[1;32m192.168.44.106[0m[1;32m
[gazebo-1] [0m[1;32m[0m[1;32m[0m[1;32m[Msg] [0m[1;32mWarning: Ignoring XDG_SESSION_TYPE=wayland on Gnome. Use QT_QPA_PLATFORM=wayland to run on Wayland anyway.[0m[1;32m
[gazebo-1] [1;33m[Wrn] [Event.cc:61] [0m[1;33mWarning: Deleting a connection right after creation. [0m[1;33mMake sure to save the ConnectionPtr from a Connect call
[spawner-3] [INFO] [1781044598.708929958] [spawner_joint_state_broadcaster]: [92mConfigured and activated [1mjoint_state_broadcaster[0m
[INFO] [spawner-4]: process has finished cleanly [pid 16916]
[INFO] [spawner-3]: process has finished cleanly [pid 16914]
[gazebo-1] [0m[1;32m[0m[1;32m[0m[1;32m[Msg] [0m[1;32mLoading world file [[0m[1;32m/usr/share/gazebo-11/worlds/empty.world[0m[1;32m][0m[1;32m
