Running HBESC scenario: /home/mattb/dsim-lab/experiments/hbesc_gaussian_fill_study/results/runs/20260609T230734Z_phase3_qrt_a_hb_execute/configs/scenario_used.json
Scenario name: phase3_qrt_a_hb
Description: Phase 3 minimal quartic matrix continuation: baseline HBESC success candidate on the convex quartic bowl, extended from the successful 60-second Phase 2 smoke run.
Starting >>> ros_esc
Starting >>> ros_esc_interfaces
Starting >>> turtlebot3_rotating_sensor
Finished <<< turtlebot3_rotating_sensor [0.42s]
Finished <<< ros_esc_interfaces [0.84s]
Finished <<< ros_esc [1.13s]

Summary: 3 packages finished [1.48s]
[INFO] [launch]: All log files can be found below /home/mattb/dsim-lab/experiments/hbesc_gaussian_fill_study/results/runs/20260609T230734Z_phase3_qrt_a_hb_execute/logs/ros/2026-06-09-16-07-37-365938-ubuntu-ssd-22704
[INFO] [launch]: Default logging verbosity is set to INFO
[INFO] [gazebo-1]: process started with pid [22706]
[INFO] [robot_state_publisher-2]: process started with pid [22708]
[INFO] [spawner-3]: process started with pid [22710]
[INFO] [spawner-4]: process started with pid [22712]
[INFO] [spawn_entity.py-5]: process started with pid [22714]
[INFO] [ros2-6]: process started with pid [22716]
[INFO] [ros2-7]: process started with pid [22718]
[INFO] [ros2-8]: process started with pid [22720]
[INFO] [ros2-9]: process started with pid [22722]
[INFO] [ros2-10]: process started with pid [22724]
[INFO] [ros2-11]: process started with pid [22726]
[INFO] [ros2-12]: process started with pid [22728]
[robot_state_publisher-2] [INFO] [1781046457.788042663] [robot_state_publisher_node]: got segment base_footprint
[robot_state_publisher-2] [INFO] [1781046457.788203913] [robot_state_publisher_node]: got segment base_link
[robot_state_publisher-2] [INFO] [1781046457.788222134] [robot_state_publisher_node]: got segment base_scan
[robot_state_publisher-2] [INFO] [1781046457.788231622] [robot_state_publisher_node]: got segment caster_wheel
[robot_state_publisher-2] [INFO] [1781046457.788239840] [robot_state_publisher_node]: got segment imu_link
[robot_state_publisher-2] [INFO] [1781046457.788247567] [robot_state_publisher_node]: got segment rotating_frame_link
[robot_state_publisher-2] [INFO] [1781046457.788255490] [robot_state_publisher_node]: got segment sensor_link
[robot_state_publisher-2] [INFO] [1781046457.788263005] [robot_state_publisher_node]: got segment wheel_left_link
[robot_state_publisher-2] [INFO] [1781046457.788271656] [robot_state_publisher_node]: got segment wheel_right_link
[spawner-3] [INFO] [1781046458.359260443] [spawner_joint_state_broadcaster]: waiting for service /controller_manager/list_controllers to become available...
[spawner-4] [INFO] [1781046458.379488230] [spawner_velocity_controller]: waiting for service /controller_manager/list_controllers to become available...
[gazebo-1] Gazebo multi-robot simulator, version 11.10.2
[gazebo-1] Copyright (C) 2012 Open Source Robotics Foundation.
[gazebo-1] Released under the Apache 2 License.
[gazebo-1] http://gazebosim.org
[gazebo-1] 
[gazebo-1] Gazebo multi-robot simulator, version 11.10.2
[gazebo-1] Copyright (C) 2012 Open Source Robotics Foundation.
[gazebo-1] Released under the Apache 2 License.
[gazebo-1] http://gazebosim.org
[gazebo-1] 
[spawn_entity.py-5] [INFO] [1781046458.738329411] [spawn_entity]: Spawn Entity started
[spawn_entity.py-5] [INFO] [1781046458.739070020] [spawn_entity]: Loading entity published on topic /robot_description
[gazebo-1] [1;33m[Wrn] [gazebo_ros_init.cpp:178] [0m[1;33m
[gazebo-1] #     # ####### ####### ###  #####  #######
[gazebo-1] ##    # #     #    #     #  #     # #
[gazebo-1] # #   # #     #    #     #  #       #
[gazebo-1] #  #  # #     #    #     #  #       #####
[gazebo-1] #   # # #     #    #     #  #       #
[gazebo-1] #    ## #     #    #     #  #     # #
[gazebo-1] #     # #######    #    ###  #####  #######
[gazebo-1] 
[gazebo-1] This version of Gazebo, now called Gazebo classic, reaches end-of-life
[gazebo-1] in January 2025. Users are highly encouraged to migrate to the new Gazebo
[gazebo-1] using our migration guides (https://gazebosim.org/docs/latest/gazebo_classic_migration?utm_source=gazebo_ros_pkgs&utm_medium=cli)
[gazebo-1] 
[gazebo-1] [0m[1;33m
[spawn_entity.py-5] [INFO] [1781046459.069277239] [spawn_entity]: Waiting for entity xml on /robot_description
[gazebo-1] [1;32m[Msg] [0m[1;32mWaiting for master.[0m[1;32m
[gazebo-1] [0m[1;32m[0m[1;32m[0m[1;32m[Msg] [0m[1;32mConnected to gazebo master @ [0m[1;32mhttp://127.0.0.1:11687[0m[1;32m
[gazebo-1] [0m[1;32m[0m[1;32m[0m[1;32m[Msg] [0m[1;32mPublicized address: [0m[1;32m192.168.44.106[0m[1;32m
[gazebo-1] [0m[1;33m[0m[1;33m[0m[1;33m[Wrn] [FuelModelDatabase.cc:313] [0m[1;33mURI not supported by Fuel [[0m[1;33mworlds/gazebo_empty.world[0m[1;33m][0m[1;33m
[gazebo-1] [0m[1;33m[0m[1;33m[0m[1;33m[Wrn] [SystemPaths.cc:459] [0m[1;33mFile or path does not exist [[0m[1;33m""[0m[1;33m] [[0m[1;33mworlds/gazebo_empty.world[0m[1;33m][0m[1;33m
[gazebo-1] [0m[1;33m[0m[1;33m[0m[1;31m[Err] [Server.cc:472] [0m[1;31mCould not open file[[0m[1;31mworlds/gazebo_empty.world[0m[1;31m]
[gazebo-1] [0m[1;33m[Wrn] [Server.cc:381] [0m[1;33mFalling back on worlds/empty.world
[spawn_entity.py-5] [INFO] [1781046459.162147511] [spawn_entity]: Waiting for service /spawn_entity, timeout = 30
[spawn_entity.py-5] [INFO] [1781046459.163531304] [spawn_entity]: Waiting for service /spawn_entity
[spawn_entity.py-5] [INFO] [1781046459.670621326] [spawn_entity]: Calling service /spawn_entity
[spawn_entity.py-5] [INFO] [1781046459.794187513] [spawn_entity]: Spawn status: SpawnEntity: Successfully spawned entity [turtlebot3]
[gazebo-1] [0m[INFO] [1781046459.825012254] [turtlebot3_diff_drive]: Wheel pair 1 separation set to [0.160000m]
[gazebo-1] [INFO] [1781046459.825582204] [turtlebot3_diff_drive]: Wheel pair 1 diameter set to [0.066000m]
[gazebo-1] [INFO] [1781046459.827663800] [turtlebot3_diff_drive]: Subscribed to [/cmd_vel]
[gazebo-1] [INFO] [1781046459.830994396] [turtlebot3_diff_drive]: Advertise odometry on [/odom]
[gazebo-1] [INFO] [1781046459.834110740] [turtlebot3_diff_drive]: Publishing odom transforms between [odom] and [base_footprint]
[gazebo-1] [INFO] [1781046459.847259059] [turtlebot3_joint_state]: Going to publish joint [rotating_frame_joint]
[gazebo-1] [INFO] [1781046459.873360575] [gazebo_ros2_control]: Loading gazebo_ros2_control plugin
[gazebo-1] [INFO] [1781046459.879558611] [gazebo_ros2_control]: Starting gazebo_ros2_control plugin in namespace: /
[gazebo-1] [INFO] [1781046459.879617597] [gazebo_ros2_control]: Starting gazebo_ros2_control plugin in ros 2 node: gazebo_ros2_control
[gazebo-1] [INFO] [1781046459.884302808] [gazebo_ros2_control]: connected to service!! /robot_state_publisher_node
[gazebo-1] [INFO] [1781046459.884858730] [gazebo_ros2_control]: Received urdf from param server, parsing...
[gazebo-1] [INFO] [1781046459.884896750] [gazebo_ros2_control]: Loading parameter files /home/mattb/dsim-lab/ros2_ws/install/turtlebot3_rotating_sensor/share/turtlebot3_rotating_sensor/controller_config/joint_controller.yaml
[gazebo-1] [INFO] [1781046459.903187536] [gazebo_ros2_control]: Loading joint: rotating_frame_joint
[gazebo-1] [INFO] [1781046459.903241286] [gazebo_ros2_control]: 	State:
[gazebo-1] [INFO] [1781046459.903254257] [gazebo_ros2_control]: 		 position
[gazebo-1] [INFO] [1781046459.903266947] [gazebo_ros2_control]: 			 found initial value: 0.000000
[gazebo-1] [INFO] [1781046459.903282387] [gazebo_ros2_control]: 		 velocity
[gazebo-1] [INFO] [1781046459.903291559] [gazebo_ros2_control]: 			 found initial value: 0.000000
[gazebo-1] [INFO] [1781046459.903309813] [gazebo_ros2_control]: 	Command:
[gazebo-1] [INFO] [1781046459.903332354] [gazebo_ros2_control]: 		 velocity
[gazebo-1] [INFO] [1781046459.903619899] [resource_manager]: Initialize hardware 'GazeboSystem' 
[gazebo-1] [INFO] [1781046459.903903419] [resource_manager]: Successful initialization of hardware 'GazeboSystem'
[gazebo-1] [INFO] [1781046459.904045481] [resource_manager]: 'configure' hardware 'GazeboSystem' 
[gazebo-1] [INFO] [1781046459.904061411] [resource_manager]: Successful 'configure' of hardware 'GazeboSystem'
[gazebo-1] [INFO] [1781046459.904070110] [resource_manager]: 'activate' hardware 'GazeboSystem' 
[gazebo-1] [INFO] [1781046459.904078663] [resource_manager]: Successful 'activate' of hardware 'GazeboSystem'
[gazebo-1] [INFO] [1781046459.904166191] [gazebo_ros2_control]: Loading controller_manager
[gazebo-1] [WARN] [1781046459.931248743] [gazebo_ros2_control]:  Desired controller update period (0.01 s) is slower than the gazebo simulation period (0.001 s).
[gazebo-1] [INFO] [1781046459.931494194] [gazebo_ros2_control]: Loaded gazebo_ros2_control.
[INFO] [spawn_entity.py-5]: process has finished cleanly [pid 22714]
[gazebo-1] [INFO] [1781046460.118628813] [controller_manager]: Loading controller 'joint_state_broadcaster'
[spawner-3] [INFO] [1781046460.144287239] [spawner_joint_state_broadcaster]: [94mLoaded [1mjoint_state_broadcaster[0m
[gazebo-1] [INFO] [1781046460.145674148] [controller_manager]: Loading controller 'velocity_controller'
[gazebo-1] [INFO] [1781046460.163219130] [controller_manager]: Configuring controller 'joint_state_broadcaster'
[gazebo-1] [INFO] [1781046460.163571079] [joint_state_broadcaster]: 'joints' or 'interfaces' parameter is empty. All available state interfaces will be published
[spawner-4] [INFO] [1781046460.164366431] [spawner_velocity_controller]: [94mLoaded [1mvelocity_controller[0m
[gazebo-1] [INFO] [1781046460.173287542] [controller_manager]: Configuring controller 'velocity_controller'
[gazebo-1] [INFO] [1781046460.174953425] [velocity_controller]: configure successful
[spawner-3] [INFO] [1781046460.204186963] [spawner_joint_state_broadcaster]: [92mConfigured and activated [1mjoint_state_broadcaster[0m
[gazebo-1] [INFO] [1781046460.213292229] [velocity_controller]: activate successful
[spawner-4] [INFO] [1781046460.224779895] [spawner_velocity_controller]: [92mConfigured and activated [1mvelocity_controller[0m
[INFO] [spawner-3]: process has finished cleanly [pid 22710]
[INFO] [spawner-4]: process has finished cleanly [pid 22712]
[gazebo-1] [0m[1;32m[0m[1;32m[0m[1;32m[Msg] [0m[1;32mWaiting for master.[0m[1;32m
[gazebo-1] [0m[1;32m[0m[1;32m[0m[1;32m[Msg] [0m[1;32mConnected to gazebo master @ [0m[1;32mhttp://127.0.0.1:11687[0m[1;32m
[gazebo-1] [0m[1;32m[0m[1;32m[0m[1;32m[Msg] [0m[1;32mPublicized address: [0m[1;32m192.168.44.106[0m[1;32m
[gazebo-1] [0m[1;32m[0m[1;32m[0m[1;32m[Msg] [0m[1;32mWarning: Ignoring XDG_SESSION_TYPE=wayland on Gnome. Use QT_QPA_PLATFORM=wayland to run on Wayland anyway.[0m[1;32m
[gazebo-1] [1;33m[Wrn] [Event.cc:61] [0m[1;33mWarning: Deleting a connection right after creation. [0m[1;33mMake sure to save the ConnectionPtr from a Connect call
[ros2-12] No artists with labels found to put in legend.  Note that artists whose label start with an underscore are ignored when legend() is called with no argument.
[gazebo-1] [0m[1;32m[0m[1;32m[0m[1;32m[Msg] [0m[1;32mLoading world file [[0m[1;32m/usr/share/gazebo-11/worlds/empty.world[0m[1;32m][0m[1;32m
