[0.244s] Invoking command in '/home/mattb/ros2_ws/build/turtlebot3_rotating_sensor': CMAKE_PREFIX_PATH=${CMAKE_PREFIX_PATH}:/home/mattb/ros2_ws/install/ros_esc:/opt/ros/humble /usr/bin/cmake /home/mattb/ros2_ws/src/turtlebot3_rotating_sensor -DCMAKE_INSTALL_PREFIX=/home/mattb/ros2_ws/install/turtlebot3_rotating_sensor
[0.253s] -- Found ament_cmake: 1.3.12 (/opt/ros/humble/share/ament_cmake/cmake)
[0.384s] -- Found urdf: 2.6.1 (/opt/ros/humble/share/urdf/cmake)
[0.420s] -- Found rclpy: 3.3.17 (/opt/ros/humble/share/rclpy/cmake)
[0.420s] -- Found gazebo_ros: 3.9.0 (/opt/ros/humble/share/gazebo_ros/cmake)
[0.439s] -- Found rosidl_generator_c: 3.1.7 (/opt/ros/humble/share/rosidl_generator_c/cmake)
[0.441s] -- Found rosidl_adapter: 3.1.7 (/opt/ros/humble/share/rosidl_adapter/cmake)
[0.446s] -- Found rosidl_generator_cpp: 3.1.7 (/opt/ros/humble/share/rosidl_generator_cpp/cmake)
[0.455s] -- Using all available rosidl_typesupport_c: rosidl_typesupport_fastrtps_c;rosidl_typesupport_introspection_c
[0.464s] -- Using all available rosidl_typesupport_cpp: rosidl_typesupport_fastrtps_cpp;rosidl_typesupport_introspection_cpp
[0.492s] -- Found rmw_implementation_cmake: 6.1.2 (/opt/ros/humble/share/rmw_implementation_cmake/cmake)
[0.493s] -- Found rmw_fastrtps_cpp: 6.2.9 (/opt/ros/humble/share/rmw_fastrtps_cpp/cmake)
[0.513s] -- Found TinyXML2 via Config file: TinyXML2_DIR-NOTFOUND
[0.521s] -- Found TinyXML2 via Config file: TinyXML2_DIR-NOTFOUND
[0.535s] -- Found TinyXML2 via Config file: TinyXML2_DIR-NOTFOUND
[0.542s] -- Found TinyXML2 via Config file: TinyXML2_DIR-NOTFOUND
[0.552s] -- Using RMW implementation 'rmw_fastrtps_cpp' as default
[0.649s] -- Found DART: /usr/include (Required is at least version "6.6") found components: dart 
[0.674s] -- Found Protobuf: /usr/lib/x86_64-linux-gnu/libprotobuf.so (found version "3.12.4") 
[0.676s] -- Looking for ignition-math6 -- found version 6.15.1
[0.681s] -- Searching for dependencies of ignition-math6
[0.682s] -- Looking for OGRE...
[0.689s] -- Found Ogre Ghadamon (1.9.0)
[0.689s] -- Found OGRE: optimized;/usr/lib/x86_64-linux-gnu/libOgreMain.so;debug;/usr/lib/x86_64-linux-gnu/libOgreMain.so
[0.698s] -- Looking for OGRE_Paging...
[0.698s] -- Found OGRE_Paging: optimized;/usr/lib/x86_64-linux-gnu/libOgrePaging.so;debug;/usr/lib/x86_64-linux-gnu/libOgrePaging.so
[0.699s] -- Looking for OGRE_Terrain...
[0.699s] -- Found OGRE_Terrain: optimized;/usr/lib/x86_64-linux-gnu/libOgreTerrain.so;debug;/usr/lib/x86_64-linux-gnu/libOgreTerrain.so
[0.699s] -- Looking for OGRE_Property...
[0.699s] -- Found OGRE_Property: optimized;/usr/lib/x86_64-linux-gnu/libOgreProperty.so;debug;/usr/lib/x86_64-linux-gnu/libOgreProperty.so
[0.699s] -- Looking for OGRE_RTShaderSystem...
[0.699s] -- Found OGRE_RTShaderSystem: optimized;/usr/lib/x86_64-linux-gnu/libOgreRTShaderSystem.so;debug;/usr/lib/x86_64-linux-gnu/libOgreRTShaderSystem.so
[0.699s] -- Looking for OGRE_Volume...
[0.699s] -- Found OGRE_Volume: optimized;/usr/lib/x86_64-linux-gnu/libOgreVolume.so;debug;/usr/lib/x86_64-linux-gnu/libOgreVolume.so
[0.699s] -- Looking for OGRE_Overlay...
[0.699s] -- Found OGRE_Overlay: optimized;/usr/lib/x86_64-linux-gnu/libOgreOverlay.so;debug;/usr/lib/x86_64-linux-gnu/libOgreOverlay.so
[0.797s] -- Looking for ignition-math6 -- found version 6.15.1
[0.798s] -- Looking for ignition-transport8 -- found version 8.2.1
[0.798s] -- Searching for dependencies of ignition-transport8
[0.815s] -- Found Protobuf: /usr/lib/x86_64-linux-gnu/libprotobuf.so (found suitable version "3.12.4", minimum required is "3") 
[0.824s] -- Config-file not installed for ZeroMQ -- checking for pkg-config
[0.828s] -- Checking for module 'libzmq >= 4'
[0.840s] --   Found libzmq , version 4.3.4
[0.874s] -- Checking for module 'uuid'
[0.885s] --   Found uuid, version 2.37.2
[0.916s] -- Looking for ignition-msgs5 -- found version 5.8.1
[0.917s] -- Searching for dependencies of ignition-msgs5
[0.933s] -- Looking for ignition-math6 -- found version 6.15.1
[0.939s] -- Looking for ignition-msgs5 -- found version 5.8.1
[0.939s] -- Looking for ignition-common3 -- found version 3.14.0
[0.940s] -- Searching for dependencies of ignition-common3
[0.940s] -- Looking for dlfcn.h - found
[0.940s] -- Looking for libdl - found
[0.949s] -- Searching for <ignition-common3> component [graphics]
[0.949s] -- Looking for ignition-common3-graphics -- found version 3.14.0
[0.949s] -- Searching for dependencies of ignition-common3-graphics
[0.950s] -- Looking for ignition-math6 -- found version 6.15.1
[0.951s] -- Looking for ignition-fuel_tools4 -- found version 4.4.0
[0.951s] -- Searching for dependencies of ignition-fuel_tools4
[0.981s] -- Checking for module 'jsoncpp'
[0.991s] --   Found jsoncpp, version 1.9.5
[1.026s] -- Checking for module 'libzip'
[1.036s] --   Found libzip, version 1.7.3
[1.062s] -- Looking for ignition-common3 -- found version 3.14.0
[1.062s] -- Looking for ignition-math6 -- found version 6.15.1
[1.063s] -- Looking for ignition-msgs5 -- found version 5.8.1
[1.064s] -- Gazebo version: 11.10
[1.066s] -- Found xacro: 2.1.1 (/opt/ros/humble/share/xacro/cmake)
[1.075s] [31mCMake Error at CMakeLists.txt:15 (find_package):
[1.076s]   By not providing "Findros2_control.cmake" in CMAKE_MODULE_PATH this project
[1.076s]   has asked CMake to find a package configuration file provided by
[1.076s]   "ros2_control", but CMake did not find one.
[1.076s] 
[1.076s]   Could not find a package configuration file provided by "ros2_control" with
[1.076s]   any of the following names:
[1.076s] 
[1.076s]     ros2_controlConfig.cmake
[1.076s]     ros2_control-config.cmake
[1.076s] 
[1.076s]   Add the installation prefix of "ros2_control" to CMAKE_PREFIX_PATH or set
[1.076s]   "ros2_control_DIR" to a directory containing one of the above files.  If
[1.076s]   "ros2_control" provides a separate development package or SDK, be sure it
[1.076s]   has been installed.
[1.076s] 
[1.076s] [0m
[1.076s] -- Configuring incomplete, errors occurred!
[1.076s] See also "/home/mattb/ros2_ws/build/turtlebot3_rotating_sensor/CMakeFiles/CMakeOutput.log".
[1.084s] Invoked command in '/home/mattb/ros2_ws/build/turtlebot3_rotating_sensor' returned '1': CMAKE_PREFIX_PATH=${CMAKE_PREFIX_PATH}:/home/mattb/ros2_ws/install/ros_esc:/opt/ros/humble /usr/bin/cmake /home/mattb/ros2_ws/src/turtlebot3_rotating_sensor -DCMAKE_INSTALL_PREFIX=/home/mattb/ros2_ws/install/turtlebot3_rotating_sensor
