{
  "run_dir": "/home/mattb/dsim-lab/experiments/hbesc_gaussian_fill_study/results/runs/20260610T211252Z_phase4_gain_beta_high_execute",
  "status": "pass",
  "missing": [],
  "present": [
    "trial_metadata.json",
    "configs/scenario_used.json",
    "launch_command.txt",
    "logs/scenario_dry_run.stdout",
    "logs/scenario_dry_run.stderr",
    "summary.json",
    "data_collection/Test_2026-06-10_14-12-57/odometry.csv",
    "data_collection/Test_2026-06-10_14-12-57/sensor_transform.csv",
    "data_collection/Test_2026-06-10_14-12-57/cost_value.csv",
    "data_collection/Test_2026-06-10_14-12-57/filter_value.csv",
    "data_collection/Test_2026-06-10_14-12-57/control_value.csv",
    "data_collection/Test_2026-06-10_14-12-57/comments.txt"
  ],
  "warnings": []
}
