Running HBESC scenario: /home/mattb/dsim-lab/experiments/hbesc_gaussian_fill_study/results/runs/20260610T211252Z_phase4_gain_beta_high_execute/configs/scenario_used.json
Scenario name: phase4_gain_beta_high
Description: Phase 4 one-at-a-time HBESC gain sensitivity: HeavyBall beta high on the representative convex quartic bowl.
Starting >>> ros_esc
Starting >>> ros_esc_interfaces
Starting >>> turtlebot3_rotating_sensor
Finished <<< turtlebot3_rotating_sensor [0.36s]
Finished <<< ros_esc_interfaces [0.71s]
Finished <<< ros_esc [1.03s]

Summary: 3 packages finished [1.35s]
[INFO] [launch]: All log files can be found below /home/mattb/dsim-lab/experiments/hbesc_gaussian_fill_study/results/runs/20260610T211252Z_phase4_gain_beta_high_execute/logs/ros/2026-06-10-14-12-54-403696-ubuntu-ssd-20923
[INFO] [launch]: Default logging verbosity is set to INFO
[INFO] [gzserver-1]: process started with pid [20925]
[INFO] [robot_state_publisher-2]: process started with pid [20927]
[INFO] [spawner-3]: process started with pid [20929]
[INFO] [spawner-4]: process started with pid [20931]
[INFO] [spawn_entity.py-5]: process started with pid [20933]
[INFO] [ros2-6]: process started with pid [20935]
[INFO] [ros2-7]: process started with pid [20937]
[INFO] [ros2-8]: process started with pid [20939]
[INFO] [ros2-9]: process started with pid [20941]
[INFO] [ros2-10]: process started with pid [20943]
[INFO] [ros2-11]: process started with pid [20945]
[INFO] [ros2-12]: process started with pid [20947]
[robot_state_publisher-2] [INFO] [1781125974.762400001] [robot_state_publisher_node]: got segment base_footprint
[robot_state_publisher-2] [INFO] [1781125974.762517738] [robot_state_publisher_node]: got segment base_link
[robot_state_publisher-2] [INFO] [1781125974.762534597] [robot_state_publisher_node]: got segment base_scan
[robot_state_publisher-2] [INFO] [1781125974.762544314] [robot_state_publisher_node]: got segment caster_wheel
[robot_state_publisher-2] [INFO] [1781125974.762554363] [robot_state_publisher_node]: got segment imu_link
[robot_state_publisher-2] [INFO] [1781125974.762562969] [robot_state_publisher_node]: got segment rotating_frame_link
[robot_state_publisher-2] [INFO] [1781125974.762572804] [robot_state_publisher_node]: got segment sensor_link
[robot_state_publisher-2] [INFO] [1781125974.762581311] [robot_state_publisher_node]: got segment wheel_left_link
[robot_state_publisher-2] [INFO] [1781125974.762590736] [robot_state_publisher_node]: got segment wheel_right_link
[spawner-3] [INFO] [1781125975.261337493] [spawner_joint_state_broadcaster]: waiting for service /controller_manager/list_controllers to become available...
[spawner-4] [INFO] [1781125975.376541832] [spawner_velocity_controller]: waiting for service /controller_manager/list_controllers to become available...
[gzserver-1] Gazebo multi-robot simulator, version 11.10.2
[gzserver-1] Copyright (C) 2012 Open Source Robotics Foundation.
[gzserver-1] Released under the Apache 2 License.
[gzserver-1] http://gazebosim.org
[gzserver-1] 
[spawn_entity.py-5] [INFO] [1781125975.397536791] [spawn_entity]: Spawn Entity started
[spawn_entity.py-5] [INFO] [1781125975.398476982] [spawn_entity]: Loading entity published on topic /robot_description
[spawn_entity.py-5] [INFO] [1781125975.402322718] [spawn_entity]: Waiting for entity xml on /robot_description
[gzserver-1] [1;33m[Wrn] [gazebo_ros_init.cpp:178] [0m[1;33m
[gzserver-1] #     # ####### ####### ###  #####  #######
[gzserver-1] ##    # #     #    #     #  #     # #
[gzserver-1] # #   # #     #    #     #  #       #
[gzserver-1] #  #  # #     #    #     #  #       #####
[gzserver-1] #   # # #     #    #     #  #       #
[gzserver-1] #    ## #     #    #     #  #     # #
[gzserver-1] #     # #######    #    ###  #####  #######
[gzserver-1] 
[gzserver-1] This version of Gazebo, now called Gazebo classic, reaches end-of-life
[gzserver-1] in January 2025. Users are highly encouraged to migrate to the new Gazebo
[gzserver-1] using our migration guides (https://gazebosim.org/docs/latest/gazebo_classic_migration?utm_source=gazebo_ros_pkgs&utm_medium=cli)
[gzserver-1] 
[gzserver-1] [0m[1;33m
[spawn_entity.py-5] [INFO] [1781125975.659442466] [spawn_entity]: Waiting for service /spawn_entity, timeout = 30
[spawn_entity.py-5] [INFO] [1781125975.660075010] [spawn_entity]: Waiting for service /spawn_entity
[gzserver-1] [1;32m[Msg] [0m[1;32mWaiting for master.[0m[1;32m
[gzserver-1] [0m[1;32m[0m[1;32m[0m[1;32m[Msg] [0m[1;32mConnected to gazebo master @ [0m[1;32mhttp://127.0.0.1:12275[0m[1;32m
[gzserver-1] [0m[1;32m[0m[1;32m[0m[1;32m[Msg] [0m[1;32mPublicized address: [0m[1;32m10.130.191.118[0m[1;32m
[gzserver-1] [0m[1;33m[0m[1;33m[0m[1;33m[Wrn] [FuelModelDatabase.cc:313] [0m[1;33mURI not supported by Fuel [[0m[1;33mworlds/gazebo_empty.world[0m[1;33m][0m[1;33m
[gzserver-1] [0m[1;33m[0m[1;33m[0m[1;33m[Wrn] [SystemPaths.cc:459] [0m[1;33mFile or path does not exist [[0m[1;33m""[0m[1;33m] [[0m[1;33mworlds/gazebo_empty.world[0m[1;33m][0m[1;33m
[gzserver-1] [0m[1;33m[0m[1;33m[0m[1;31m[Err] [Server.cc:472] [0m[1;31mCould not open file[[0m[1;31mworlds/gazebo_empty.world[0m[1;31m]
[gzserver-1] [0m[1;33m[Wrn] [Server.cc:381] [0m[1;33mFalling back on worlds/empty.world
[spawn_entity.py-5] [INFO] [1781125976.415530619] [spawn_entity]: Calling service /spawn_entity
[spawn_entity.py-5] [INFO] [1781125976.623693797] [spawn_entity]: Spawn status: SpawnEntity: Successfully spawned entity [turtlebot3]
[gzserver-1] [0m[INFO] [1781125976.643354407] [turtlebot3_diff_drive]: Wheel pair 1 separation set to [0.160000m]
[gzserver-1] [INFO] [1781125976.643837531] [turtlebot3_diff_drive]: Wheel pair 1 diameter set to [0.066000m]
[gzserver-1] [INFO] [1781125976.645394841] [turtlebot3_diff_drive]: Subscribed to [/cmd_vel]
[gzserver-1] [INFO] [1781125976.647495792] [turtlebot3_diff_drive]: Advertise odometry on [/odom]
[gzserver-1] [INFO] [1781125976.650164224] [turtlebot3_diff_drive]: Publishing odom transforms between [odom] and [base_footprint]
[gzserver-1] [INFO] [1781125976.661912757] [turtlebot3_joint_state]: Going to publish joint [rotating_frame_joint]
[gzserver-1] [INFO] [1781125976.683717543] [gazebo_ros2_control]: Loading gazebo_ros2_control plugin
[gzserver-1] [INFO] [1781125976.690223240] [gazebo_ros2_control]: Starting gazebo_ros2_control plugin in namespace: /
[gzserver-1] [INFO] [1781125976.690274620] [gazebo_ros2_control]: Starting gazebo_ros2_control plugin in ros 2 node: gazebo_ros2_control
[gzserver-1] [INFO] [1781125976.694766813] [gazebo_ros2_control]: connected to service!! /robot_state_publisher_node
[gzserver-1] [INFO] [1781125976.695419308] [gazebo_ros2_control]: Received urdf from param server, parsing...
[gzserver-1] [INFO] [1781125976.695458002] [gazebo_ros2_control]: Loading parameter files /home/mattb/dsim-lab/ros2_ws/install/turtlebot3_rotating_sensor/share/turtlebot3_rotating_sensor/controller_config/joint_controller.yaml
[gzserver-1] [INFO] [1781125976.705278207] [gazebo_ros2_control]: Loading joint: rotating_frame_joint
[gzserver-1] [INFO] [1781125976.705314138] [gazebo_ros2_control]: 	State:
[gzserver-1] [INFO] [1781125976.705359093] [gazebo_ros2_control]: 		 position
[gzserver-1] [INFO] [1781125976.705376773] [gazebo_ros2_control]: 			 found initial value: 0.000000
[gzserver-1] [INFO] [1781125976.705399076] [gazebo_ros2_control]: 		 velocity
[gzserver-1] [INFO] [1781125976.705410369] [gazebo_ros2_control]: 			 found initial value: 0.000000
[gzserver-1] [INFO] [1781125976.705421530] [gazebo_ros2_control]: 	Command:
[gzserver-1] [INFO] [1781125976.705447616] [gazebo_ros2_control]: 		 velocity
[gzserver-1] [INFO] [1781125976.705735730] [resource_manager]: Initialize hardware 'GazeboSystem' 
[gzserver-1] [INFO] [1781125976.705899855] [resource_manager]: Successful initialization of hardware 'GazeboSystem'
[gzserver-1] [INFO] [1781125976.705977727] [resource_manager]: 'configure' hardware 'GazeboSystem' 
[gzserver-1] [INFO] [1781125976.705986053] [resource_manager]: Successful 'configure' of hardware 'GazeboSystem'
[gzserver-1] [INFO] [1781125976.705991021] [resource_manager]: 'activate' hardware 'GazeboSystem' 
[gzserver-1] [INFO] [1781125976.705995732] [resource_manager]: Successful 'activate' of hardware 'GazeboSystem'
[gzserver-1] [INFO] [1781125976.706053822] [gazebo_ros2_control]: Loading controller_manager
[gzserver-1] [WARN] [1781125976.728515210] [gazebo_ros2_control]:  Desired controller update period (0.01 s) is slower than the gazebo simulation period (0.001 s).
[gzserver-1] [INFO] [1781125976.728717308] [gazebo_ros2_control]: Loaded gazebo_ros2_control.
[INFO] [spawn_entity.py-5]: process has finished cleanly [pid 20933]
[gzserver-1] [INFO] [1781125976.767647589] [controller_manager]: Loading controller 'joint_state_broadcaster'
[spawner-3] [INFO] [1781125976.789846905] [spawner_joint_state_broadcaster]: [94mLoaded [1mjoint_state_broadcaster[0m
[gzserver-1] [INFO] [1781125976.790908635] [controller_manager]: Configuring controller 'joint_state_broadcaster'
[gzserver-1] [INFO] [1781125976.791228228] [joint_state_broadcaster]: 'joints' or 'interfaces' parameter is empty. All available state interfaces will be published
[spawner-3] [INFO] [1781125976.819858297] [spawner_joint_state_broadcaster]: [92mConfigured and activated [1mjoint_state_broadcaster[0m
[gzserver-1] [INFO] [1781125976.880961572] [controller_manager]: Loading controller 'velocity_controller'
[spawner-4] [INFO] [1781125976.900884927] [spawner_velocity_controller]: [94mLoaded [1mvelocity_controller[0m
[gzserver-1] [INFO] [1781125976.901992724] [controller_manager]: Configuring controller 'velocity_controller'
[gzserver-1] [INFO] [1781125976.903552088] [velocity_controller]: configure successful
[gzserver-1] [INFO] [1781125976.919901682] [velocity_controller]: activate successful
[spawner-4] [INFO] [1781125976.930977472] [spawner_velocity_controller]: [92mConfigured and activated [1mvelocity_controller[0m
[INFO] [spawner-3]: process has finished cleanly [pid 20929]
[INFO] [spawner-4]: process has finished cleanly [pid 20931]
[gzserver-1] [0m[1;32m[0m[1;32m[0m[1;32m[Msg] [0m[1;32mLoading world file [[0m[1;32m/usr/share/gazebo-11/worlds/empty.world[0m[1;32m][0m[1;32m
