[INFO] [1781122360.913176466] [turtlebot3_diff_drive]: Wheel pair 1 separation set to [0.160000m]
[INFO] [1781122360.913616609] [turtlebot3_diff_drive]: Wheel pair 1 diameter set to [0.066000m]
[INFO] [1781122360.915839253] [turtlebot3_diff_drive]: Subscribed to [/cmd_vel]
[INFO] [1781122360.918389533] [turtlebot3_diff_drive]: Advertise odometry on [/odom]
[INFO] [1781122360.921371788] [turtlebot3_diff_drive]: Publishing odom transforms between [odom] and [base_footprint]
[INFO] [1781122360.934166799] [turtlebot3_joint_state]: Going to publish joint [rotating_frame_joint]
[INFO] [1781122360.957316905] [gazebo_ros2_control]: Loading gazebo_ros2_control plugin
[INFO] [1781122360.962844160] [gazebo_ros2_control]: Starting gazebo_ros2_control plugin in namespace: /
[INFO] [1781122360.962891681] [gazebo_ros2_control]: Starting gazebo_ros2_control plugin in ros 2 node: gazebo_ros2_control
[INFO] [1781122360.967193598] [gazebo_ros2_control]: connected to service!! /robot_state_publisher_node
[INFO] [1781122360.967673123] [gazebo_ros2_control]: Received urdf from param server, parsing...
[INFO] [1781122360.967717272] [gazebo_ros2_control]: Loading parameter files /home/mattb/dsim-lab/ros2_ws/install/turtlebot3_rotating_sensor/share/turtlebot3_rotating_sensor/controller_config/joint_controller.yaml
[INFO] [1781122360.976708484] [gazebo_ros2_control]: Loading joint: rotating_frame_joint
[INFO] [1781122360.976761430] [gazebo_ros2_control]: 	State:
[INFO] [1781122360.976770324] [gazebo_ros2_control]: 		 position
[INFO] [1781122360.976778362] [gazebo_ros2_control]: 			 found initial value: 0.000000
[INFO] [1781122360.976799132] [gazebo_ros2_control]: 		 velocity
[INFO] [1781122360.976826524] [gazebo_ros2_control]: 			 found initial value: 0.000000
[INFO] [1781122360.976840756] [gazebo_ros2_control]: 	Command:
[INFO] [1781122360.976898257] [gazebo_ros2_control]: 		 velocity
[INFO] [1781122360.977222526] [resource_manager]: Initialize hardware 'GazeboSystem' 
[INFO] [1781122360.977373288] [resource_manager]: Successful initialization of hardware 'GazeboSystem'
[INFO] [1781122360.977478311] [resource_manager]: 'configure' hardware 'GazeboSystem' 
[INFO] [1781122360.977489351] [resource_manager]: Successful 'configure' of hardware 'GazeboSystem'
[INFO] [1781122360.977496899] [resource_manager]: 'activate' hardware 'GazeboSystem' 
[INFO] [1781122360.977504438] [resource_manager]: Successful 'activate' of hardware 'GazeboSystem'
[INFO] [1781122360.977600745] [gazebo_ros2_control]: Loading controller_manager
[WARN] [1781122361.000850064] [gazebo_ros2_control]:  Desired controller update period (0.01 s) is slower than the gazebo simulation period (0.001 s).
[INFO] [1781122361.001064288] [gazebo_ros2_control]: Loaded gazebo_ros2_control.
[INFO] [1781122361.162256532] [controller_manager]: Loading controller 'joint_state_broadcaster'
[INFO] [1781122361.184063396] [controller_manager]: Configuring controller 'joint_state_broadcaster'
[INFO] [1781122361.184497583] [joint_state_broadcaster]: 'joints' or 'interfaces' parameter is empty. All available state interfaces will be published
[INFO] [1781122361.295801535] [controller_manager]: Loading controller 'velocity_controller'
[INFO] [1781122361.315490716] [controller_manager]: Configuring controller 'velocity_controller'
[INFO] [1781122361.317209017] [velocity_controller]: configure successful
[INFO] [1781122361.332896807] [velocity_controller]: activate successful
[INFO] [1781122861.501454504] [rclcpp]: signal_handler(SIGINT/SIGTERM)
[INFO] [1781122861.501572175] [controller_manager]: Shutdown request received....
[INFO] [1781122861.501671206] [controller_manager]: Shutting down all controllers in the controller manager.
[INFO] [1781122861.501717761] [controller_manager]: Deactivating controller 'joint_state_broadcaster'
[INFO] [1781122861.501800885] [controller_manager]: Shutting down controller 'joint_state_broadcaster'
[INFO] [1781122861.501888540] [controller_manager]: Deactivating controller 'velocity_controller'
[INFO] [1781122861.501943715] [controller_manager]: Shutting down controller 'velocity_controller'
[INFO] [1781122861.502005556] [resource_manager]: 'deactivate' hardware 'GazeboSystem' 
[INFO] [1781122861.502024627] [resource_manager]: Successful 'deactivate' of hardware 'GazeboSystem'
[INFO] [1781122861.502034455] [resource_manager]: 'shutdown' hardware 'GazeboSystem' 
[INFO] [1781122861.502046397] [resource_manager]: Successful 'shutdown' of hardware 'GazeboSystem'
[INFO] [1781122861.502056485] [controller_manager]: Shutting down the controller manager.
