{
  "run_dir": "/home/mattb/dsim-lab/experiments/hbesc_gaussian_fill_study/results/runs/20260610T013008Z_phase3_qrt_b_hb_execute",
  "status": "pass",
  "missing": [],
  "present": [
    "trial_metadata.json",
    "configs/scenario_used.json",
    "launch_command.txt",
    "logs/scenario_dry_run.stdout",
    "logs/scenario_dry_run.stderr",
    "summary.json",
    "data_collection/Test_2026-06-09_18-30-13/odometry.csv",
    "data_collection/Test_2026-06-09_18-30-13/sensor_transform.csv",
    "data_collection/Test_2026-06-09_18-30-13/cost_value.csv",
    "data_collection/Test_2026-06-09_18-30-13/filter_value.csv",
    "data_collection/Test_2026-06-09_18-30-13/control_value.csv",
    "data_collection/Test_2026-06-09_18-30-13/comments.txt"
  ],
  "warnings": []
}
