[INFO] [1781125976.643354407] [turtlebot3_diff_drive]: Wheel pair 1 separation set to [0.160000m]
[INFO] [1781125976.643837531] [turtlebot3_diff_drive]: Wheel pair 1 diameter set to [0.066000m]
[INFO] [1781125976.645394841] [turtlebot3_diff_drive]: Subscribed to [/cmd_vel]
[INFO] [1781125976.647495792] [turtlebot3_diff_drive]: Advertise odometry on [/odom]
[INFO] [1781125976.650164224] [turtlebot3_diff_drive]: Publishing odom transforms between [odom] and [base_footprint]
[INFO] [1781125976.661912757] [turtlebot3_joint_state]: Going to publish joint [rotating_frame_joint]
[INFO] [1781125976.683717543] [gazebo_ros2_control]: Loading gazebo_ros2_control plugin
[INFO] [1781125976.690223240] [gazebo_ros2_control]: Starting gazebo_ros2_control plugin in namespace: /
[INFO] [1781125976.690274620] [gazebo_ros2_control]: Starting gazebo_ros2_control plugin in ros 2 node: gazebo_ros2_control
[INFO] [1781125976.694766813] [gazebo_ros2_control]: connected to service!! /robot_state_publisher_node
[INFO] [1781125976.695419308] [gazebo_ros2_control]: Received urdf from param server, parsing...
[INFO] [1781125976.695458002] [gazebo_ros2_control]: Loading parameter files /home/mattb/dsim-lab/ros2_ws/install/turtlebot3_rotating_sensor/share/turtlebot3_rotating_sensor/controller_config/joint_controller.yaml
[INFO] [1781125976.705278207] [gazebo_ros2_control]: Loading joint: rotating_frame_joint
[INFO] [1781125976.705314138] [gazebo_ros2_control]: 	State:
[INFO] [1781125976.705359093] [gazebo_ros2_control]: 		 position
[INFO] [1781125976.705376773] [gazebo_ros2_control]: 			 found initial value: 0.000000
[INFO] [1781125976.705399076] [gazebo_ros2_control]: 		 velocity
[INFO] [1781125976.705410369] [gazebo_ros2_control]: 			 found initial value: 0.000000
[INFO] [1781125976.705421530] [gazebo_ros2_control]: 	Command:
[INFO] [1781125976.705447616] [gazebo_ros2_control]: 		 velocity
[INFO] [1781125976.705735730] [resource_manager]: Initialize hardware 'GazeboSystem' 
[INFO] [1781125976.705899855] [resource_manager]: Successful initialization of hardware 'GazeboSystem'
[INFO] [1781125976.705977727] [resource_manager]: 'configure' hardware 'GazeboSystem' 
[INFO] [1781125976.705986053] [resource_manager]: Successful 'configure' of hardware 'GazeboSystem'
[INFO] [1781125976.705991021] [resource_manager]: 'activate' hardware 'GazeboSystem' 
[INFO] [1781125976.705995732] [resource_manager]: Successful 'activate' of hardware 'GazeboSystem'
[INFO] [1781125976.706053822] [gazebo_ros2_control]: Loading controller_manager
[WARN] [1781125976.728515210] [gazebo_ros2_control]:  Desired controller update period (0.01 s) is slower than the gazebo simulation period (0.001 s).
[INFO] [1781125976.728717308] [gazebo_ros2_control]: Loaded gazebo_ros2_control.
[INFO] [1781125976.767647589] [controller_manager]: Loading controller 'joint_state_broadcaster'
[INFO] [1781125976.790908635] [controller_manager]: Configuring controller 'joint_state_broadcaster'
[INFO] [1781125976.791228228] [joint_state_broadcaster]: 'joints' or 'interfaces' parameter is empty. All available state interfaces will be published
[INFO] [1781125976.880961572] [controller_manager]: Loading controller 'velocity_controller'
[INFO] [1781125976.901992724] [controller_manager]: Configuring controller 'velocity_controller'
[INFO] [1781125976.903552088] [velocity_controller]: configure successful
[INFO] [1781125976.919901682] [velocity_controller]: activate successful
[INFO] [1781126477.232281300] [rclcpp]: signal_handler(SIGINT/SIGTERM)
[INFO] [1781126477.232431038] [controller_manager]: Shutdown request received....
[INFO] [1781126477.232536316] [controller_manager]: Shutting down all controllers in the controller manager.
[INFO] [1781126477.232598236] [controller_manager]: Deactivating controller 'joint_state_broadcaster'
[INFO] [1781126477.232666173] [controller_manager]: Shutting down controller 'joint_state_broadcaster'
[INFO] [1781126477.232773144] [controller_manager]: Deactivating controller 'velocity_controller'
[INFO] [1781126477.232832892] [controller_manager]: Shutting down controller 'velocity_controller'
[INFO] [1781126477.232945846] [resource_manager]: 'deactivate' hardware 'GazeboSystem' 
[INFO] [1781126477.232966601] [resource_manager]: Successful 'deactivate' of hardware 'GazeboSystem'
[INFO] [1781126477.232976852] [resource_manager]: 'shutdown' hardware 'GazeboSystem' 
[INFO] [1781126477.232989216] [resource_manager]: Successful 'shutdown' of hardware 'GazeboSystem'
[INFO] [1781126477.232999802] [controller_manager]: Shutting down the controller manager.
