[0.288s] Invoking command in '/home/mattb/ros2_ws/build/ros_esc_interfaces': CMAKE_PREFIX_PATH=${CMAKE_PREFIX_PATH}:/home/mattb/ros2_ws/install/ros_esc:/opt/ros/humble /usr/bin/cmake --build /home/mattb/ros2_ws/build/ros_esc_interfaces -- -j12 -l12
[0.385s] [  1%] Built target ros_esc_interfaces__cpp
[0.404s] [ 12%] Built target ros_esc_interfaces__rosidl_generator_c
[0.411s] [ 12%] Built target ament_cmake_python_copy_ros_esc_interfaces
[0.428s] [ 23%] Built target ros_esc_interfaces__rosidl_typesupport_cpp
[0.429s] [ 34%] Built target ros_esc_interfaces__rosidl_typesupport_fastrtps_cpp
[0.430s] [ 46%] Built target ros_esc_interfaces__rosidl_typesupport_introspection_cpp
[0.439s] [ 57%] Built target ros_esc_interfaces__rosidl_typesupport_c
[0.440s] [ 68%] Built target ros_esc_interfaces__rosidl_typesupport_introspection_c
[0.440s] [ 79%] Built target ros_esc_interfaces__rosidl_typesupport_fastrtps_c
[0.461s] [ 79%] Built target ros_esc_interfaces
[0.484s] [ 80%] Built target ros_esc_interfaces__py
[0.524s] [ 90%] Built target ros_esc_interfaces__rosidl_generator_py
[0.549s] [100%] Built target ros_esc_interfaces__rosidl_typesupport_introspection_c__pyext
[0.549s] [100%] Built target ros_esc_interfaces__rosidl_typesupport_fastrtps_c__pyext
[0.550s] [100%] Built target ros_esc_interfaces__rosidl_typesupport_c__pyext
[0.701s] running egg_info
[0.702s] writing ros_esc_interfaces.egg-info/PKG-INFO
[0.702s] writing dependency_links to ros_esc_interfaces.egg-info/dependency_links.txt
[0.702s] writing top-level names to ros_esc_interfaces.egg-info/top_level.txt
[0.706s] reading manifest file 'ros_esc_interfaces.egg-info/SOURCES.txt'
[0.707s] writing manifest file 'ros_esc_interfaces.egg-info/SOURCES.txt'
[0.733s] [100%] Built target ament_cmake_python_build_ros_esc_interfaces_egg
[0.743s] Invoked command in '/home/mattb/ros2_ws/build/ros_esc_interfaces' returned '0': CMAKE_PREFIX_PATH=${CMAKE_PREFIX_PATH}:/home/mattb/ros2_ws/install/ros_esc:/opt/ros/humble /usr/bin/cmake --build /home/mattb/ros2_ws/build/ros_esc_interfaces -- -j12 -l12
[0.746s] Invoking command in '/home/mattb/ros2_ws/build/ros_esc_interfaces': CMAKE_PREFIX_PATH=${CMAKE_PREFIX_PATH}:/home/mattb/ros2_ws/install/ros_esc:/opt/ros/humble /usr/bin/cmake --install /home/mattb/ros2_ws/build/ros_esc_interfaces
[0.753s] -- Install configuration: ""
[0.753s] -- Up-to-date: /home/mattb/ros2_ws/install/ros_esc_interfaces/share/ament_index/resource_index/rosidl_interfaces/ros_esc_interfaces
[0.753s] -- Up-to-date: /home/mattb/ros2_ws/install/ros_esc_interfaces/include/ros_esc_interfaces/ros_esc_interfaces
[0.753s] -- Up-to-date: /home/mattb/ros2_ws/install/ros_esc_interfaces/include/ros_esc_interfaces/ros_esc_interfaces/msg
[0.753s] -- Up-to-date: /home/mattb/ros2_ws/install/ros_esc_interfaces/include/ros_esc_interfaces/ros_esc_interfaces/msg/stamped_float64_multi_array.h
[0.753s] -- Up-to-date: /home/mattb/ros2_ws/install/ros_esc_interfaces/include/ros_esc_interfaces/ros_esc_interfaces/msg/rosidl_generator_c__visibility_control.h
[0.753s] -- Up-to-date: /home/mattb/ros2_ws/install/ros_esc_interfaces/include/ros_esc_interfaces/ros_esc_interfaces/msg/stamped_string.h
[0.754s] -- Up-to-date: /home/mattb/ros2_ws/install/ros_esc_interfaces/include/ros_esc_interfaces/ros_esc_interfaces/msg/stamped_transform_multi_array.h
[0.754s] -- Up-to-date: /home/mattb/ros2_ws/install/ros_esc_interfaces/include/ros_esc_interfaces/ros_esc_interfaces/msg/stamped_float64.h
[0.754s] -- Up-to-date: /home/mattb/ros2_ws/install/ros_esc_interfaces/include/ros_esc_interfaces/ros_esc_interfaces/msg/timekeeper.h
[0.754s] -- Up-to-date: /home/mattb/ros2_ws/install/ros_esc_interfaces/include/ros_esc_interfaces/ros_esc_interfaces/msg/detail
[0.754s] -- Up-to-date: /home/mattb/ros2_ws/install/ros_esc_interfaces/include/ros_esc_interfaces/ros_esc_interfaces/msg/detail/stamped_transform_multi_array__type_support.h
[0.754s] -- Up-to-date: /home/mattb/ros2_ws/install/ros_esc_interfaces/include/ros_esc_interfaces/ros_esc_interfaces/msg/detail/stamped_string__functions.c
[0.754s] -- Up-to-date: /home/mattb/ros2_ws/install/ros_esc_interfaces/include/ros_esc_interfaces/ros_esc_interfaces/msg/detail/stamped_float64_multi_array__struct.h
[0.754s] -- Up-to-date: /home/mattb/ros2_ws/install/ros_esc_interfaces/include/ros_esc_interfaces/ros_esc_interfaces/msg/detail/stamped_float64_multi_array__type_support.h
[0.754s] -- Up-to-date: /home/mattb/ros2_ws/install/ros_esc_interfaces/include/ros_esc_interfaces/ros_esc_interfaces/msg/detail/timekeeper__struct.h
[0.754s] -- Up-to-date: /home/mattb/ros2_ws/install/ros_esc_interfaces/include/ros_esc_interfaces/ros_esc_interfaces/msg/detail/stamped_transform_multi_array__struct.h
[0.754s] -- Up-to-date: /home/mattb/ros2_ws/install/ros_esc_interfaces/include/ros_esc_interfaces/ros_esc_interfaces/msg/detail/stamped_string__struct.h
[0.754s] -- Up-to-date: /home/mattb/ros2_ws/install/ros_esc_interfaces/include/ros_esc_interfaces/ros_esc_interfaces/msg/detail/timekeeper__functions.h
[0.754s] -- Up-to-date: /home/mattb/ros2_ws/install/ros_esc_interfaces/include/ros_esc_interfaces/ros_esc_interfaces/msg/detail/stamped_string__type_support.h
[0.755s] -- Up-to-date: /home/mattb/ros2_ws/install/ros_esc_interfaces/include/ros_esc_interfaces/ros_esc_interfaces/msg/detail/timekeeper__type_support.h
[0.755s] -- Up-to-date: /home/mattb/ros2_ws/install/ros_esc_interfaces/include/ros_esc_interfaces/ros_esc_interfaces/msg/detail/stamped_float64__type_support.h
[0.755s] -- Up-to-date: /home/mattb/ros2_ws/install/ros_esc_interfaces/include/ros_esc_interfaces/ros_esc_interfaces/msg/detail/stamped_string__functions.h
[0.755s] -- Up-to-date: /home/mattb/ros2_ws/install/ros_esc_interfaces/include/ros_esc_interfaces/ros_esc_interfaces/msg/detail/stamped_transform_multi_array__functions.c
[0.755s] -- Up-to-date: /home/mattb/ros2_ws/install/ros_esc_interfaces/include/ros_esc_interfaces/ros_esc_interfaces/msg/detail/stamped_float64__functions.c
[0.755s] -- Up-to-date: /home/mattb/ros2_ws/install/ros_esc_interfaces/include/ros_esc_interfaces/ros_esc_interfaces/msg/detail/stamped_transform_multi_array__functions.h
[0.755s] -- Up-to-date: /home/mattb/ros2_ws/install/ros_esc_interfaces/include/ros_esc_interfaces/ros_esc_interfaces/msg/detail/stamped_float64_multi_array__functions.c
[0.755s] -- Up-to-date: /home/mattb/ros2_ws/install/ros_esc_interfaces/include/ros_esc_interfaces/ros_esc_interfaces/msg/detail/timekeeper__functions.c
[0.755s] -- Up-to-date: /home/mattb/ros2_ws/install/ros_esc_interfaces/include/ros_esc_interfaces/ros_esc_interfaces/msg/detail/stamped_float64_multi_array__functions.h
[0.755s] -- Up-to-date: /home/mattb/ros2_ws/install/ros_esc_interfaces/include/ros_esc_interfaces/ros_esc_interfaces/msg/detail/stamped_float64__functions.h
[0.755s] -- Up-to-date: /home/mattb/ros2_ws/install/ros_esc_interfaces/include/ros_esc_interfaces/ros_esc_interfaces/msg/detail/stamped_float64__struct.h
[0.755s] -- Up-to-date: /home/mattb/ros2_ws/install/ros_esc_interfaces/share/ros_esc_interfaces/environment/library_path.sh
[0.755s] -- Up-to-date: /home/mattb/ros2_ws/install/ros_esc_interfaces/share/ros_esc_interfaces/environment/library_path.dsv
[0.755s] -- Up-to-date: /home/mattb/ros2_ws/install/ros_esc_interfaces/lib/libros_esc_interfaces__rosidl_generator_c.so
[0.755s] -- Up-to-date: /home/mattb/ros2_ws/install/ros_esc_interfaces/include/ros_esc_interfaces/ros_esc_interfaces
[0.756s] -- Up-to-date: /home/mattb/ros2_ws/install/ros_esc_interfaces/include/ros_esc_interfaces/ros_esc_interfaces/msg
[0.756s] -- Up-to-date: /home/mattb/ros2_ws/install/ros_esc_interfaces/include/ros_esc_interfaces/ros_esc_interfaces/msg/rosidl_typesupport_fastrtps_c__visibility_control.h
[0.756s] -- Up-to-date: /home/mattb/ros2_ws/install/ros_esc_interfaces/include/ros_esc_interfaces/ros_esc_interfaces/msg/detail
[0.756s] -- Up-to-date: /home/mattb/ros2_ws/install/ros_esc_interfaces/include/ros_esc_interfaces/ros_esc_interfaces/msg/detail/stamped_float64_multi_array__rosidl_typesupport_fastrtps_c.h
[0.756s] -- Up-to-date: /home/mattb/ros2_ws/install/ros_esc_interfaces/include/ros_esc_interfaces/ros_esc_interfaces/msg/detail/stamped_string__rosidl_typesupport_fastrtps_c.h
[0.756s] -- Up-to-date: /home/mattb/ros2_ws/install/ros_esc_interfaces/include/ros_esc_interfaces/ros_esc_interfaces/msg/detail/stamped_transform_multi_array__rosidl_typesupport_fastrtps_c.h
[0.756s] -- Up-to-date: /home/mattb/ros2_ws/install/ros_esc_interfaces/include/ros_esc_interfaces/ros_esc_interfaces/msg/detail/timekeeper__rosidl_typesupport_fastrtps_c.h
[0.756s] -- Up-to-date: /home/mattb/ros2_ws/install/ros_esc_interfaces/include/ros_esc_interfaces/ros_esc_interfaces/msg/detail/stamped_float64__rosidl_typesupport_fastrtps_c.h
[0.756s] -- Up-to-date: /home/mattb/ros2_ws/install/ros_esc_interfaces/lib/libros_esc_interfaces__rosidl_typesupport_fastrtps_c.so
[0.756s] -- Up-to-date: /home/mattb/ros2_ws/install/ros_esc_interfaces/include/ros_esc_interfaces/ros_esc_interfaces
[0.756s] -- Up-to-date: /home/mattb/ros2_ws/install/ros_esc_interfaces/include/ros_esc_interfaces/ros_esc_interfaces/msg
[0.756s] -- Up-to-date: /home/mattb/ros2_ws/install/ros_esc_interfaces/include/ros_esc_interfaces/ros_esc_interfaces/msg/stamped_float64_multi_array.hpp
[0.756s] -- Up-to-date: /home/mattb/ros2_ws/install/ros_esc_interfaces/include/ros_esc_interfaces/ros_esc_interfaces/msg/stamped_float64.hpp
[0.756s] -- Up-to-date: /home/mattb/ros2_ws/install/ros_esc_interfaces/include/ros_esc_interfaces/ros_esc_interfaces/msg/detail
[0.757s] -- Up-to-date: /home/mattb/ros2_ws/install/ros_esc_interfaces/include/ros_esc_interfaces/ros_esc_interfaces/msg/detail/stamped_string__builder.hpp
[0.757s] -- Up-to-date: /home/mattb/ros2_ws/install/ros_esc_interfaces/include/ros_esc_interfaces/ros_esc_interfaces/msg/detail/stamped_transform_multi_array__type_support.hpp
[0.757s] -- Up-to-date: /home/mattb/ros2_ws/install/ros_esc_interfaces/include/ros_esc_interfaces/ros_esc_interfaces/msg/detail/stamped_string__struct.hpp
[0.757s] -- Up-to-date: /home/mattb/ros2_ws/install/ros_esc_interfaces/include/ros_esc_interfaces/ros_esc_interfaces/msg/detail/timekeeper__builder.hpp
[0.757s] -- Up-to-date: /home/mattb/ros2_ws/install/ros_esc_interfaces/include/ros_esc_interfaces/ros_esc_interfaces/msg/detail/stamped_transform_multi_array__builder.hpp
[0.757s] -- Up-to-date: /home/mattb/ros2_ws/install/ros_esc_interfaces/include/ros_esc_interfaces/ros_esc_interfaces/msg/detail/stamped_float64_multi_array__traits.hpp
[0.757s] -- Up-to-date: /home/mattb/ros2_ws/install/ros_esc_interfaces/include/ros_esc_interfaces/ros_esc_interfaces/msg/detail/stamped_float64__traits.hpp
[0.757s] -- Up-to-date: /home/mattb/ros2_ws/install/ros_esc_interfaces/include/ros_esc_interfaces/ros_esc_interfaces/msg/detail/stamped_float64__builder.hpp
[0.757s] -- Up-to-date: /home/mattb/ros2_ws/install/ros_esc_interfaces/include/ros_esc_interfaces/ros_esc_interfaces/msg/detail/stamped_string__type_support.hpp
[0.757s] -- Up-to-date: /home/mattb/ros2_ws/install/ros_esc_interfaces/include/ros_esc_interfaces/ros_esc_interfaces/msg/detail/stamped_float64_multi_array__builder.hpp
[0.757s] -- Up-to-date: /home/mattb/ros2_ws/install/ros_esc_interfaces/include/ros_esc_interfaces/ros_esc_interfaces/msg/detail/stamped_float64_multi_array__type_support.hpp
[0.757s] -- Up-to-date: /home/mattb/ros2_ws/install/ros_esc_interfaces/include/ros_esc_interfaces/ros_esc_interfaces/msg/detail/stamped_float64__struct.hpp
[0.757s] -- Up-to-date: /home/mattb/ros2_ws/install/ros_esc_interfaces/include/ros_esc_interfaces/ros_esc_interfaces/msg/detail/timekeeper__struct.hpp
[0.758s] -- Up-to-date: /home/mattb/ros2_ws/install/ros_esc_interfaces/include/ros_esc_interfaces/ros_esc_interfaces/msg/detail/timekeeper__traits.hpp
[0.758s] -- Up-to-date: /home/mattb/ros2_ws/install/ros_esc_interfaces/include/ros_esc_interfaces/ros_esc_interfaces/msg/detail/stamped_float64__type_support.hpp
[0.758s] -- Up-to-date: /home/mattb/ros2_ws/install/ros_esc_interfaces/include/ros_esc_interfaces/ros_esc_interfaces/msg/detail/stamped_transform_multi_array__traits.hpp
[0.758s] -- Up-to-date: /home/mattb/ros2_ws/install/ros_esc_interfaces/include/ros_esc_interfaces/ros_esc_interfaces/msg/detail/stamped_string__traits.hpp
[0.758s] -- Up-to-date: /home/mattb/ros2_ws/install/ros_esc_interfaces/include/ros_esc_interfaces/ros_esc_interfaces/msg/detail/timekeeper__type_support.hpp
[0.758s] -- Up-to-date: /home/mattb/ros2_ws/install/ros_esc_interfaces/include/ros_esc_interfaces/ros_esc_interfaces/msg/detail/stamped_float64_multi_array__struct.hpp
[0.758s] -- Up-to-date: /home/mattb/ros2_ws/install/ros_esc_interfaces/include/ros_esc_interfaces/ros_esc_interfaces/msg/detail/stamped_transform_multi_array__struct.hpp
[0.758s] -- Up-to-date: /home/mattb/ros2_ws/install/ros_esc_interfaces/include/ros_esc_interfaces/ros_esc_interfaces/msg/rosidl_generator_cpp__visibility_control.hpp
[0.758s] -- Up-to-date: /home/mattb/ros2_ws/install/ros_esc_interfaces/include/ros_esc_interfaces/ros_esc_interfaces/msg/timekeeper.hpp
[0.758s] -- Up-to-date: /home/mattb/ros2_ws/install/ros_esc_interfaces/include/ros_esc_interfaces/ros_esc_interfaces/msg/stamped_transform_multi_array.hpp
[0.758s] -- Up-to-date: /home/mattb/ros2_ws/install/ros_esc_interfaces/include/ros_esc_interfaces/ros_esc_interfaces/msg/stamped_string.hpp
[0.758s] -- Up-to-date: /home/mattb/ros2_ws/install/ros_esc_interfaces/include/ros_esc_interfaces/ros_esc_interfaces
[0.758s] -- Up-to-date: /home/mattb/ros2_ws/install/ros_esc_interfaces/include/ros_esc_interfaces/ros_esc_interfaces/msg
[0.758s] -- Up-to-date: /home/mattb/ros2_ws/install/ros_esc_interfaces/include/ros_esc_interfaces/ros_esc_interfaces/msg/detail
[0.758s] -- Up-to-date: /home/mattb/ros2_ws/install/ros_esc_interfaces/include/ros_esc_interfaces/ros_esc_interfaces/msg/detail/dds_fastrtps
[0.758s] -- Up-to-date: /home/mattb/ros2_ws/install/ros_esc_interfaces/include/ros_esc_interfaces/ros_esc_interfaces/msg/detail/stamped_float64__rosidl_typesupport_fastrtps_cpp.hpp
[0.759s] -- Up-to-date: /home/mattb/ros2_ws/install/ros_esc_interfaces/include/ros_esc_interfaces/ros_esc_interfaces/msg/detail/stamped_string__rosidl_typesupport_fastrtps_cpp.hpp
[0.759s] -- Up-to-date: /home/mattb/ros2_ws/install/ros_esc_interfaces/include/ros_esc_interfaces/ros_esc_interfaces/msg/detail/timekeeper__rosidl_typesupport_fastrtps_cpp.hpp
[0.759s] -- Up-to-date: /home/mattb/ros2_ws/install/ros_esc_interfaces/include/ros_esc_interfaces/ros_esc_interfaces/msg/detail/stamped_float64_multi_array__rosidl_typesupport_fastrtps_cpp.hpp
[0.759s] -- Up-to-date: /home/mattb/ros2_ws/install/ros_esc_interfaces/include/ros_esc_interfaces/ros_esc_interfaces/msg/detail/stamped_transform_multi_array__rosidl_typesupport_fastrtps_cpp.hpp
[0.759s] -- Up-to-date: /home/mattb/ros2_ws/install/ros_esc_interfaces/include/ros_esc_interfaces/ros_esc_interfaces/msg/rosidl_typesupport_fastrtps_cpp__visibility_control.h
[0.759s] -- Up-to-date: /home/mattb/ros2_ws/install/ros_esc_interfaces/lib/libros_esc_interfaces__rosidl_typesupport_fastrtps_cpp.so
[0.759s] -- Up-to-date: /home/mattb/ros2_ws/install/ros_esc_interfaces/include/ros_esc_interfaces/ros_esc_interfaces
[0.759s] -- Up-to-date: /home/mattb/ros2_ws/install/ros_esc_interfaces/include/ros_esc_interfaces/ros_esc_interfaces/msg
[0.759s] -- Up-to-date: /home/mattb/ros2_ws/install/ros_esc_interfaces/include/ros_esc_interfaces/ros_esc_interfaces/msg/detail
[0.759s] -- Up-to-date: /home/mattb/ros2_ws/install/ros_esc_interfaces/include/ros_esc_interfaces/ros_esc_interfaces/msg/detail/stamped_float64_multi_array__rosidl_typesupport_introspection_c.h
[0.759s] -- Up-to-date: /home/mattb/ros2_ws/install/ros_esc_interfaces/include/ros_esc_interfaces/ros_esc_interfaces/msg/detail/stamped_float64__type_support.c
[0.759s] -- Up-to-date: /home/mattb/ros2_ws/install/ros_esc_interfaces/include/ros_esc_interfaces/ros_esc_interfaces/msg/detail/stamped_transform_multi_array__rosidl_typesupport_introspection_c.h
[0.759s] -- Up-to-date: /home/mattb/ros2_ws/install/ros_esc_interfaces/include/ros_esc_interfaces/ros_esc_interfaces/msg/detail/timekeeper__type_support.c
[0.759s] -- Up-to-date: /home/mattb/ros2_ws/install/ros_esc_interfaces/include/ros_esc_interfaces/ros_esc_interfaces/msg/detail/stamped_float64__rosidl_typesupport_introspection_c.h
[0.759s] -- Up-to-date: /home/mattb/ros2_ws/install/ros_esc_interfaces/include/ros_esc_interfaces/ros_esc_interfaces/msg/detail/stamped_string__type_support.c
[0.760s] -- Up-to-date: /home/mattb/ros2_ws/install/ros_esc_interfaces/include/ros_esc_interfaces/ros_esc_interfaces/msg/detail/stamped_transform_multi_array__type_support.c
[0.760s] -- Up-to-date: /home/mattb/ros2_ws/install/ros_esc_interfaces/include/ros_esc_interfaces/ros_esc_interfaces/msg/detail/timekeeper__rosidl_typesupport_introspection_c.h
[0.761s] -- Up-to-date: /home/mattb/ros2_ws/install/ros_esc_interfaces/include/ros_esc_interfaces/ros_esc_interfaces/msg/detail/stamped_float64_multi_array__type_support.c
[0.761s] -- Up-to-date: /home/mattb/ros2_ws/install/ros_esc_interfaces/include/ros_esc_interfaces/ros_esc_interfaces/msg/detail/stamped_string__rosidl_typesupport_introspection_c.h
[0.761s] -- Up-to-date: /home/mattb/ros2_ws/install/ros_esc_interfaces/include/ros_esc_interfaces/ros_esc_interfaces/msg/rosidl_typesupport_introspection_c__visibility_control.h
[0.761s] -- Up-to-date: /home/mattb/ros2_ws/install/ros_esc_interfaces/lib/libros_esc_interfaces__rosidl_typesupport_introspection_c.so
[0.761s] -- Up-to-date: /home/mattb/ros2_ws/install/ros_esc_interfaces/lib/libros_esc_interfaces__rosidl_typesupport_c.so
[0.761s] -- Up-to-date: /home/mattb/ros2_ws/install/ros_esc_interfaces/include/ros_esc_interfaces/ros_esc_interfaces
[0.761s] -- Up-to-date: /home/mattb/ros2_ws/install/ros_esc_interfaces/include/ros_esc_interfaces/ros_esc_interfaces/msg
[0.761s] -- Up-to-date: /home/mattb/ros2_ws/install/ros_esc_interfaces/include/ros_esc_interfaces/ros_esc_interfaces/msg/detail
[0.762s] -- Up-to-date: /home/mattb/ros2_ws/install/ros_esc_interfaces/include/ros_esc_interfaces/ros_esc_interfaces/msg/detail/stamped_float64__type_support.cpp
[0.763s] -- Up-to-date: /home/mattb/ros2_ws/install/ros_esc_interfaces/include/ros_esc_interfaces/ros_esc_interfaces/msg/detail/stamped_float64_multi_array__type_support.cpp
[0.763s] -- Up-to-date: /home/mattb/ros2_ws/install/ros_esc_interfaces/include/ros_esc_interfaces/ros_esc_interfaces/msg/detail/stamped_transform_multi_array__type_support.cpp
[0.764s] -- Up-to-date: /home/mattb/ros2_ws/install/ros_esc_interfaces/include/ros_esc_interfaces/ros_esc_interfaces/msg/detail/timekeeper__type_support.cpp
[0.764s] -- Up-to-date: /home/mattb/ros2_ws/install/ros_esc_interfaces/include/ros_esc_interfaces/ros_esc_interfaces/msg/detail/stamped_transform_multi_array__rosidl_typesupport_introspection_cpp.hpp
[0.764s] -- Up-to-date: /home/mattb/ros2_ws/install/ros_esc_interfaces/include/ros_esc_interfaces/ros_esc_interfaces/msg/detail/stamped_float64_multi_array__rosidl_typesupport_introspection_cpp.hpp
[0.764s] -- Up-to-date: /home/mattb/ros2_ws/install/ros_esc_interfaces/include/ros_esc_interfaces/ros_esc_interfaces/msg/detail/stamped_string__rosidl_typesupport_introspection_cpp.hpp
[0.764s] -- Up-to-date: /home/mattb/ros2_ws/install/ros_esc_interfaces/include/ros_esc_interfaces/ros_esc_interfaces/msg/detail/timekeeper__rosidl_typesupport_introspection_cpp.hpp
[0.764s] -- Up-to-date: /home/mattb/ros2_ws/install/ros_esc_interfaces/include/ros_esc_interfaces/ros_esc_interfaces/msg/detail/stamped_string__type_support.cpp
[0.764s] -- Up-to-date: /home/mattb/ros2_ws/install/ros_esc_interfaces/include/ros_esc_interfaces/ros_esc_interfaces/msg/detail/stamped_float64__rosidl_typesupport_introspection_cpp.hpp
[0.764s] -- Up-to-date: /home/mattb/ros2_ws/install/ros_esc_interfaces/lib/libros_esc_interfaces__rosidl_typesupport_introspection_cpp.so
[0.765s] -- Up-to-date: /home/mattb/ros2_ws/install/ros_esc_interfaces/lib/libros_esc_interfaces__rosidl_typesupport_cpp.so
[0.765s] -- Up-to-date: /home/mattb/ros2_ws/install/ros_esc_interfaces/share/ros_esc_interfaces/environment/pythonpath.sh
[0.765s] -- Up-to-date: /home/mattb/ros2_ws/install/ros_esc_interfaces/share/ros_esc_interfaces/environment/pythonpath.dsv
[0.766s] -- Up-to-date: /home/mattb/ros2_ws/install/ros_esc_interfaces/local/lib/python3.10/dist-packages/ros_esc_interfaces-0.0.0-py3.10.egg-info
[0.766s] -- Installing: /home/mattb/ros2_ws/install/ros_esc_interfaces/local/lib/python3.10/dist-packages/ros_esc_interfaces-0.0.0-py3.10.egg-info/SOURCES.txt
[0.766s] -- Installing: /home/mattb/ros2_ws/install/ros_esc_interfaces/local/lib/python3.10/dist-packages/ros_esc_interfaces-0.0.0-py3.10.egg-info/top_level.txt
[0.766s] -- Installing: /home/mattb/ros2_ws/install/ros_esc_interfaces/local/lib/python3.10/dist-packages/ros_esc_interfaces-0.0.0-py3.10.egg-info/dependency_links.txt
[0.766s] -- Installing: /home/mattb/ros2_ws/install/ros_esc_interfaces/local/lib/python3.10/dist-packages/ros_esc_interfaces-0.0.0-py3.10.egg-info/PKG-INFO
[0.766s] -- Up-to-date: /home/mattb/ros2_ws/install/ros_esc_interfaces/local/lib/python3.10/dist-packages/ros_esc_interfaces
[0.766s] -- Up-to-date: /home/mattb/ros2_ws/install/ros_esc_interfaces/local/lib/python3.10/dist-packages/ros_esc_interfaces/libros_esc_interfaces__rosidl_generator_py.so
[0.766s] -- Up-to-date: /home/mattb/ros2_ws/install/ros_esc_interfaces/local/lib/python3.10/dist-packages/ros_esc_interfaces/_ros_esc_interfaces_s.ep.rosidl_typesupport_introspection_c.c
[0.766s] -- Up-to-date: /home/mattb/ros2_ws/install/ros_esc_interfaces/local/lib/python3.10/dist-packages/ros_esc_interfaces/ros_esc_interfaces_s__rosidl_typesupport_fastrtps_c.cpython-310-x86_64-linux-gnu.so
[0.766s] -- Up-to-date: /home/mattb/ros2_ws/install/ros_esc_interfaces/local/lib/python3.10/dist-packages/ros_esc_interfaces/__init__.py
[0.766s] -- Up-to-date: /home/mattb/ros2_ws/install/ros_esc_interfaces/local/lib/python3.10/dist-packages/ros_esc_interfaces/_ros_esc_interfaces_s.ep.rosidl_typesupport_c.c
[0.766s] -- Up-to-date: /home/mattb/ros2_ws/install/ros_esc_interfaces/local/lib/python3.10/dist-packages/ros_esc_interfaces/ros_esc_interfaces_s__rosidl_typesupport_introspection_c.cpython-310-x86_64-linux-gnu.so
[0.767s] -- Up-to-date: /home/mattb/ros2_ws/install/ros_esc_interfaces/local/lib/python3.10/dist-packages/ros_esc_interfaces/_ros_esc_interfaces_s.ep.rosidl_typesupport_fastrtps_c.c
[0.767s] -- Up-to-date: /home/mattb/ros2_ws/install/ros_esc_interfaces/local/lib/python3.10/dist-packages/ros_esc_interfaces/ros_esc_interfaces_s__rosidl_typesupport_c.cpython-310-x86_64-linux-gnu.so
[0.767s] -- Up-to-date: /home/mattb/ros2_ws/install/ros_esc_interfaces/local/lib/python3.10/dist-packages/ros_esc_interfaces/msg
[0.767s] -- Up-to-date: /home/mattb/ros2_ws/install/ros_esc_interfaces/local/lib/python3.10/dist-packages/ros_esc_interfaces/msg/_stamped_float64_s.c
[0.767s] -- Up-to-date: /home/mattb/ros2_ws/install/ros_esc_interfaces/local/lib/python3.10/dist-packages/ros_esc_interfaces/msg/_stamped_transform_multi_array.py
[0.767s] -- Up-to-date: /home/mattb/ros2_ws/install/ros_esc_interfaces/local/lib/python3.10/dist-packages/ros_esc_interfaces/msg/_stamped_float64_multi_array.py
[0.767s] -- Up-to-date: /home/mattb/ros2_ws/install/ros_esc_interfaces/local/lib/python3.10/dist-packages/ros_esc_interfaces/msg/_stamped_float64.py
[0.767s] -- Up-to-date: /home/mattb/ros2_ws/install/ros_esc_interfaces/local/lib/python3.10/dist-packages/ros_esc_interfaces/msg/__init__.py
[0.767s] -- Up-to-date: /home/mattb/ros2_ws/install/ros_esc_interfaces/local/lib/python3.10/dist-packages/ros_esc_interfaces/msg/_timekeeper.py
[0.767s] -- Up-to-date: /home/mattb/ros2_ws/install/ros_esc_interfaces/local/lib/python3.10/dist-packages/ros_esc_interfaces/msg/_stamped_transform_multi_array_s.c
[0.767s] -- Up-to-date: /home/mattb/ros2_ws/install/ros_esc_interfaces/local/lib/python3.10/dist-packages/ros_esc_interfaces/msg/_stamped_float64_multi_array_s.c
[0.767s] -- Up-to-date: /home/mattb/ros2_ws/install/ros_esc_interfaces/local/lib/python3.10/dist-packages/ros_esc_interfaces/msg/_stamped_string.py
[0.767s] -- Up-to-date: /home/mattb/ros2_ws/install/ros_esc_interfaces/local/lib/python3.10/dist-packages/ros_esc_interfaces/msg/_stamped_string_s.c
[0.767s] -- Up-to-date: /home/mattb/ros2_ws/install/ros_esc_interfaces/local/lib/python3.10/dist-packages/ros_esc_interfaces/msg/_timekeeper_s.c
[0.794s] Listing '/home/mattb/ros2_ws/install/ros_esc_interfaces/local/lib/python3.10/dist-packages/ros_esc_interfaces'...
[0.794s] Listing '/home/mattb/ros2_ws/install/ros_esc_interfaces/local/lib/python3.10/dist-packages/ros_esc_interfaces/msg'...
[0.803s] -- Up-to-date: /home/mattb/ros2_ws/install/ros_esc_interfaces/local/lib/python3.10/dist-packages/ros_esc_interfaces/ros_esc_interfaces_s__rosidl_typesupport_fastrtps_c.cpython-310-x86_64-linux-gnu.so
[0.804s] -- Up-to-date: /home/mattb/ros2_ws/install/ros_esc_interfaces/local/lib/python3.10/dist-packages/ros_esc_interfaces/ros_esc_interfaces_s__rosidl_typesupport_introspection_c.cpython-310-x86_64-linux-gnu.so
[0.805s] -- Up-to-date: /home/mattb/ros2_ws/install/ros_esc_interfaces/local/lib/python3.10/dist-packages/ros_esc_interfaces/ros_esc_interfaces_s__rosidl_typesupport_c.cpython-310-x86_64-linux-gnu.so
[0.805s] -- Up-to-date: /home/mattb/ros2_ws/install/ros_esc_interfaces/lib/libros_esc_interfaces__rosidl_generator_py.so
[0.805s] -- Up-to-date: /home/mattb/ros2_ws/install/ros_esc_interfaces/share/ros_esc_interfaces/msg/Timekeeper.idl
[0.806s] -- Up-to-date: /home/mattb/ros2_ws/install/ros_esc_interfaces/share/ros_esc_interfaces/msg/StampedFloat64.idl
[0.806s] -- Up-to-date: /home/mattb/ros2_ws/install/ros_esc_interfaces/share/ros_esc_interfaces/msg/StampedFloat64MultiArray.idl
[0.806s] -- Up-to-date: /home/mattb/ros2_ws/install/ros_esc_interfaces/share/ros_esc_interfaces/msg/StampedString.idl
[0.806s] -- Up-to-date: /home/mattb/ros2_ws/install/ros_esc_interfaces/share/ros_esc_interfaces/msg/StampedTransformMultiArray.idl
[0.806s] -- Up-to-date: /home/mattb/ros2_ws/install/ros_esc_interfaces/share/ros_esc_interfaces/msg/Timekeeper.msg
[0.806s] -- Up-to-date: /home/mattb/ros2_ws/install/ros_esc_interfaces/share/ros_esc_interfaces/msg/StampedFloat64.msg
[0.807s] -- Up-to-date: /home/mattb/ros2_ws/install/ros_esc_interfaces/share/ros_esc_interfaces/msg/StampedFloat64MultiArray.msg
[0.807s] -- Up-to-date: /home/mattb/ros2_ws/install/ros_esc_interfaces/share/ros_esc_interfaces/msg/StampedString.msg
[0.807s] -- Up-to-date: /home/mattb/ros2_ws/install/ros_esc_interfaces/share/ros_esc_interfaces/msg/StampedTransformMultiArray.msg
[0.807s] -- Up-to-date: /home/mattb/ros2_ws/install/ros_esc_interfaces/share/ament_index/resource_index/package_run_dependencies/ros_esc_interfaces
[0.807s] -- Up-to-date: /home/mattb/ros2_ws/install/ros_esc_interfaces/share/ament_index/resource_index/parent_prefix_path/ros_esc_interfaces
[0.807s] -- Up-to-date: /home/mattb/ros2_ws/install/ros_esc_interfaces/share/ros_esc_interfaces/environment/ament_prefix_path.sh
[0.807s] -- Up-to-date: /home/mattb/ros2_ws/install/ros_esc_interfaces/share/ros_esc_interfaces/environment/ament_prefix_path.dsv
[0.807s] -- Up-to-date: /home/mattb/ros2_ws/install/ros_esc_interfaces/share/ros_esc_interfaces/environment/path.sh
[0.807s] -- Up-to-date: /home/mattb/ros2_ws/install/ros_esc_interfaces/share/ros_esc_interfaces/environment/path.dsv
[0.807s] -- Up-to-date: /home/mattb/ros2_ws/install/ros_esc_interfaces/share/ros_esc_interfaces/local_setup.bash
[0.807s] -- Up-to-date: /home/mattb/ros2_ws/install/ros_esc_interfaces/share/ros_esc_interfaces/local_setup.sh
[0.807s] -- Up-to-date: /home/mattb/ros2_ws/install/ros_esc_interfaces/share/ros_esc_interfaces/local_setup.zsh
[0.807s] -- Up-to-date: /home/mattb/ros2_ws/install/ros_esc_interfaces/share/ros_esc_interfaces/local_setup.dsv
[0.807s] -- Installing: /home/mattb/ros2_ws/install/ros_esc_interfaces/share/ros_esc_interfaces/package.dsv
[0.808s] -- Up-to-date: /home/mattb/ros2_ws/install/ros_esc_interfaces/share/ament_index/resource_index/packages/ros_esc_interfaces
[0.808s] -- Up-to-date: /home/mattb/ros2_ws/install/ros_esc_interfaces/share/ros_esc_interfaces/cmake/export_ros_esc_interfaces__rosidl_generator_cExport.cmake
[0.808s] -- Up-to-date: /home/mattb/ros2_ws/install/ros_esc_interfaces/share/ros_esc_interfaces/cmake/export_ros_esc_interfaces__rosidl_generator_cExport-noconfig.cmake
[0.809s] -- Up-to-date: /home/mattb/ros2_ws/install/ros_esc_interfaces/share/ros_esc_interfaces/cmake/export_ros_esc_interfaces__rosidl_typesupport_fastrtps_cExport.cmake
[0.809s] -- Up-to-date: /home/mattb/ros2_ws/install/ros_esc_interfaces/share/ros_esc_interfaces/cmake/export_ros_esc_interfaces__rosidl_typesupport_fastrtps_cExport-noconfig.cmake
[0.809s] -- Up-to-date: /home/mattb/ros2_ws/install/ros_esc_interfaces/share/ros_esc_interfaces/cmake/export_ros_esc_interfaces__rosidl_generator_cppExport.cmake
[0.810s] -- Up-to-date: /home/mattb/ros2_ws/install/ros_esc_interfaces/share/ros_esc_interfaces/cmake/export_ros_esc_interfaces__rosidl_typesupport_fastrtps_cppExport.cmake
[0.810s] -- Up-to-date: /home/mattb/ros2_ws/install/ros_esc_interfaces/share/ros_esc_interfaces/cmake/export_ros_esc_interfaces__rosidl_typesupport_fastrtps_cppExport-noconfig.cmake
[0.811s] -- Up-to-date: /home/mattb/ros2_ws/install/ros_esc_interfaces/share/ros_esc_interfaces/cmake/ros_esc_interfaces__rosidl_typesupport_introspection_cExport.cmake
[0.811s] -- Up-to-date: /home/mattb/ros2_ws/install/ros_esc_interfaces/share/ros_esc_interfaces/cmake/ros_esc_interfaces__rosidl_typesupport_introspection_cExport-noconfig.cmake
[0.811s] -- Up-to-date: /home/mattb/ros2_ws/install/ros_esc_interfaces/share/ros_esc_interfaces/cmake/ros_esc_interfaces__rosidl_typesupport_cExport.cmake
[0.811s] -- Up-to-date: /home/mattb/ros2_ws/install/ros_esc_interfaces/share/ros_esc_interfaces/cmake/ros_esc_interfaces__rosidl_typesupport_cExport-noconfig.cmake
[0.812s] -- Up-to-date: /home/mattb/ros2_ws/install/ros_esc_interfaces/share/ros_esc_interfaces/cmake/ros_esc_interfaces__rosidl_typesupport_introspection_cppExport.cmake
[0.812s] -- Up-to-date: /home/mattb/ros2_ws/install/ros_esc_interfaces/share/ros_esc_interfaces/cmake/ros_esc_interfaces__rosidl_typesupport_introspection_cppExport-noconfig.cmake
[0.813s] -- Up-to-date: /home/mattb/ros2_ws/install/ros_esc_interfaces/share/ros_esc_interfaces/cmake/ros_esc_interfaces__rosidl_typesupport_cppExport.cmake
[0.813s] -- Up-to-date: /home/mattb/ros2_ws/install/ros_esc_interfaces/share/ros_esc_interfaces/cmake/ros_esc_interfaces__rosidl_typesupport_cppExport-noconfig.cmake
[0.813s] -- Up-to-date: /home/mattb/ros2_ws/install/ros_esc_interfaces/share/ros_esc_interfaces/cmake/export_ros_esc_interfaces__rosidl_generator_pyExport.cmake
[0.813s] -- Up-to-date: /home/mattb/ros2_ws/install/ros_esc_interfaces/share/ros_esc_interfaces/cmake/export_ros_esc_interfaces__rosidl_generator_pyExport-noconfig.cmake
[0.814s] -- Up-to-date: /home/mattb/ros2_ws/install/ros_esc_interfaces/share/ros_esc_interfaces/cmake/rosidl_cmake-extras.cmake
[0.814s] -- Up-to-date: /home/mattb/ros2_ws/install/ros_esc_interfaces/share/ros_esc_interfaces/cmake/ament_cmake_export_dependencies-extras.cmake
[0.814s] -- Up-to-date: /home/mattb/ros2_ws/install/ros_esc_interfaces/share/ros_esc_interfaces/cmake/ament_cmake_export_include_directories-extras.cmake
[0.814s] -- Up-to-date: /home/mattb/ros2_ws/install/ros_esc_interfaces/share/ros_esc_interfaces/cmake/ament_cmake_export_libraries-extras.cmake
[0.814s] -- Up-to-date: /home/mattb/ros2_ws/install/ros_esc_interfaces/share/ros_esc_interfaces/cmake/ament_cmake_export_targets-extras.cmake
[0.814s] -- Up-to-date: /home/mattb/ros2_ws/install/ros_esc_interfaces/share/ros_esc_interfaces/cmake/rosidl_cmake_export_typesupport_targets-extras.cmake
[0.814s] -- Up-to-date: /home/mattb/ros2_ws/install/ros_esc_interfaces/share/ros_esc_interfaces/cmake/rosidl_cmake_export_typesupport_libraries-extras.cmake
[0.814s] -- Up-to-date: /home/mattb/ros2_ws/install/ros_esc_interfaces/share/ros_esc_interfaces/cmake/ros_esc_interfacesConfig.cmake
[0.814s] -- Up-to-date: /home/mattb/ros2_ws/install/ros_esc_interfaces/share/ros_esc_interfaces/cmake/ros_esc_interfacesConfig-version.cmake
[0.814s] -- Up-to-date: /home/mattb/ros2_ws/install/ros_esc_interfaces/share/ros_esc_interfaces/package.xml
[0.816s] Invoked command in '/home/mattb/ros2_ws/build/ros_esc_interfaces' returned '0': CMAKE_PREFIX_PATH=${CMAKE_PREFIX_PATH}:/home/mattb/ros2_ws/install/ros_esc:/opt/ros/humble /usr/bin/cmake --install /home/mattb/ros2_ws/build/ros_esc_interfaces
