{
  "run_dir": "/home/mattb/dsim-lab/experiments/hbesc_gaussian_fill_study/results/runs/20260610T002850Z_phase3_qrt_c_fast_execute",
  "status": "pass",
  "missing": [],
  "present": [
    "trial_metadata.json",
    "configs/scenario_used.json",
    "launch_command.txt",
    "logs/scenario_dry_run.stdout",
    "logs/scenario_dry_run.stderr",
    "summary.json",
    "data_collection/Test_2026-06-09_17-29-02/odometry.csv",
    "data_collection/Test_2026-06-09_17-29-02/sensor_transform.csv",
    "data_collection/Test_2026-06-09_17-29-02/cost_value.csv",
    "data_collection/Test_2026-06-09_17-29-02/filter_value.csv",
    "data_collection/Test_2026-06-09_17-29-02/control_value.csv",
    "data_collection/Test_2026-06-09_17-29-02/comments.txt"
  ],
  "warnings": []
}
