Running HBESC scenario: /home/mattb/dsim-lab/experiments/hbesc_gaussian_fill_study/results/runs/20260610T002850Z_phase3_qrt_c_fast_execute/configs/scenario_used.json
Scenario name: phase3_qrt_c_fast
Description: Phase 3 simulation-only upper-bound on representative convex quartic.
Starting >>> ros_esc
Starting >>> ros_esc_interfaces
Starting >>> turtlebot3_rotating_sensor
Finished <<< turtlebot3_rotating_sensor [0.86s]
Finished <<< ros_esc_interfaces [1.67s]
Finished <<< ros_esc [2.34s]

Summary: 3 packages finished [3.07s]
[INFO] [launch]: All log files can be found below /home/mattb/dsim-lab/experiments/hbesc_gaussian_fill_study/results/runs/20260610T002850Z_phase3_qrt_c_fast_execute/logs/ros/2026-06-09-17-28-55-518151-ubuntu-ssd-33676
[INFO] [launch]: Default logging verbosity is set to INFO
[INFO] [gazebo-1]: process started with pid [33688]
[INFO] [robot_state_publisher-2]: process started with pid [33690]
[INFO] [spawner-3]: process started with pid [33692]
[INFO] [spawner-4]: process started with pid [33694]
[INFO] [spawn_entity.py-5]: process started with pid [33696]
[INFO] [ros2-6]: process started with pid [33698]
[INFO] [ros2-7]: process started with pid [33700]
[INFO] [ros2-8]: process started with pid [33702]
[INFO] [ros2-9]: process started with pid [33704]
[INFO] [ros2-10]: process started with pid [33708]
[INFO] [ros2-11]: process started with pid [33711]
[INFO] [ros2-12]: process started with pid [33716]
[robot_state_publisher-2] [INFO] [1781051336.413977149] [robot_state_publisher_node]: got segment base_footprint
[robot_state_publisher-2] [INFO] [1781051336.414183159] [robot_state_publisher_node]: got segment base_link
[robot_state_publisher-2] [INFO] [1781051336.414203941] [robot_state_publisher_node]: got segment base_scan
[robot_state_publisher-2] [INFO] [1781051336.414213591] [robot_state_publisher_node]: got segment caster_wheel
[robot_state_publisher-2] [INFO] [1781051336.414222329] [robot_state_publisher_node]: got segment imu_link
[robot_state_publisher-2] [INFO] [1781051336.414231272] [robot_state_publisher_node]: got segment rotating_frame_link
[robot_state_publisher-2] [INFO] [1781051336.414239851] [robot_state_publisher_node]: got segment sensor_link
[robot_state_publisher-2] [INFO] [1781051336.414248285] [robot_state_publisher_node]: got segment wheel_left_link
[robot_state_publisher-2] [INFO] [1781051336.414256819] [robot_state_publisher_node]: got segment wheel_right_link
[spawner-4] [INFO] [1781051337.233446821] [spawner_velocity_controller]: waiting for service /controller_manager/list_controllers to become available...
[gazebo-1] Gazebo multi-robot simulator, version 11.10.2
[gazebo-1] Copyright (C) 2012 Open Source Robotics Foundation.
[gazebo-1] Released under the Apache 2 License.
[gazebo-1] http://gazebosim.org
[gazebo-1] 
[spawner-3] [INFO] [1781051337.871563729] [spawner_joint_state_broadcaster]: waiting for service /controller_manager/list_controllers to become available...
[spawn_entity.py-5] [INFO] [1781051337.925426352] [spawn_entity]: Spawn Entity started
[spawn_entity.py-5] [INFO] [1781051337.927405645] [spawn_entity]: Loading entity published on topic /robot_description
[spawn_entity.py-5] [INFO] [1781051337.933071360] [spawn_entity]: Waiting for entity xml on /robot_description
[gazebo-1] Gazebo multi-robot simulator, version 11.10.2
[gazebo-1] Copyright (C) 2012 Open Source Robotics Foundation.
[gazebo-1] Released under the Apache 2 License.
[gazebo-1] http://gazebosim.org
[gazebo-1] 
[spawn_entity.py-5] [INFO] [1781051338.167873787] [spawn_entity]: Waiting for service /spawn_entity, timeout = 30
[spawn_entity.py-5] [INFO] [1781051338.168588327] [spawn_entity]: Waiting for service /spawn_entity
[gazebo-1] [1;33m[Wrn] [gazebo_ros_init.cpp:178] [0m[1;33m
[gazebo-1] #     # ####### ####### ###  #####  #######
[gazebo-1] ##    # #     #    #     #  #     # #
[gazebo-1] # #   # #     #    #     #  #       #
[gazebo-1] #  #  # #     #    #     #  #       #####
[gazebo-1] #   # # #     #    #     #  #       #
[gazebo-1] #    ## #     #    #     #  #     # #
[gazebo-1] #     # #######    #    ###  #####  #######
[gazebo-1] 
[gazebo-1] This version of Gazebo, now called Gazebo classic, reaches end-of-life
[gazebo-1] in January 2025. Users are highly encouraged to migrate to the new Gazebo
[gazebo-1] using our migration guides (https://gazebosim.org/docs/latest/gazebo_classic_migration?utm_source=gazebo_ros_pkgs&utm_medium=cli)
[gazebo-1] 
[gazebo-1] [0m[1;33m
[gazebo-1] [1;32m[Msg] [0m[1;32mWaiting for master.[0m[1;32m
[gazebo-1] [0m[1;32m[0m[1;32m[0m[1;32m[Msg] [0m[1;32mConnected to gazebo master @ [0m[1;32mhttp://127.0.0.1:11905[0m[1;32m
[gazebo-1] [0m[1;32m[0m[1;32m[0m[1;32m[Msg] [0m[1;32mPublicized address: [0m[1;32m192.168.44.106[0m[1;32m
[gazebo-1] [0m[1;33m[0m[1;33m[0m[1;33m[Wrn] [FuelModelDatabase.cc:313] [0m[1;33mURI not supported by Fuel [[0m[1;33mworlds/gazebo_empty.world[0m[1;33m][0m[1;33m
[gazebo-1] [0m[1;33m[0m[1;33m[0m[1;33m[Wrn] [SystemPaths.cc:459] [0m[1;33mFile or path does not exist [[0m[1;33m""[0m[1;33m] [[0m[1;33mworlds/gazebo_empty.world[0m[1;33m][0m[1;33m
[gazebo-1] [0m[1;33m[0m[1;33m[0m[1;31m[Err] [Server.cc:472] [0m[1;31mCould not open file[[0m[1;31mworlds/gazebo_empty.world[0m[1;31m]
[gazebo-1] [0m[1;33m[Wrn] [Server.cc:381] [0m[1;33mFalling back on worlds/empty.world
[spawn_entity.py-5] [INFO] [1781051339.937888133] [spawn_entity]: Calling service /spawn_entity
[spawn_entity.py-5] [INFO] [1781051340.246032959] [spawn_entity]: Spawn status: SpawnEntity: Successfully spawned entity [turtlebot3]
[gazebo-1] [0m[INFO] [1781051340.296421165] [turtlebot3_diff_drive]: Wheel pair 1 separation set to [0.160000m]
[gazebo-1] [INFO] [1781051340.297268887] [turtlebot3_diff_drive]: Wheel pair 1 diameter set to [0.066000m]
[gazebo-1] [INFO] [1781051340.300542902] [turtlebot3_diff_drive]: Subscribed to [/cmd_vel]
[gazebo-1] [INFO] [1781051340.306539146] [turtlebot3_diff_drive]: Advertise odometry on [/odom]
[gazebo-1] [INFO] [1781051340.315889523] [turtlebot3_diff_drive]: Publishing odom transforms between [odom] and [base_footprint]
[gazebo-1] [INFO] [1781051340.343899910] [turtlebot3_joint_state]: Going to publish joint [rotating_frame_joint]
[gazebo-1] [INFO] [1781051340.413182150] [gazebo_ros2_control]: Loading gazebo_ros2_control plugin
[gazebo-1] [INFO] [1781051340.427563685] [gazebo_ros2_control]: Starting gazebo_ros2_control plugin in namespace: /
[gazebo-1] [INFO] [1781051340.427655036] [gazebo_ros2_control]: Starting gazebo_ros2_control plugin in ros 2 node: gazebo_ros2_control
[gazebo-1] [INFO] [1781051340.436157232] [gazebo_ros2_control]: connected to service!! /robot_state_publisher_node
[gazebo-1] [INFO] [1781051340.437812858] [gazebo_ros2_control]: Received urdf from param server, parsing...
[gazebo-1] [INFO] [1781051340.441338561] [gazebo_ros2_control]: Loading parameter files /home/mattb/dsim-lab/ros2_ws/install/turtlebot3_rotating_sensor/share/turtlebot3_rotating_sensor/controller_config/joint_controller.yaml
[gazebo-1] [INFO] [1781051340.459756214] [gazebo_ros2_control]: Loading joint: rotating_frame_joint
[gazebo-1] [INFO] [1781051340.459843901] [gazebo_ros2_control]: 	State:
[gazebo-1] [INFO] [1781051340.459870019] [gazebo_ros2_control]: 		 position
[gazebo-1] [INFO] [1781051340.459896039] [gazebo_ros2_control]: 			 found initial value: 0.000000
[gazebo-1] [INFO] [1781051340.459914851] [gazebo_ros2_control]: 		 velocity
[gazebo-1] [INFO] [1781051340.459926227] [gazebo_ros2_control]: 			 found initial value: 0.000000
[gazebo-1] [INFO] [1781051340.459939923] [gazebo_ros2_control]: 	Command:
[gazebo-1] [INFO] [1781051340.459966871] [gazebo_ros2_control]: 		 velocity
[gazebo-1] [INFO] [1781051340.460447878] [resource_manager]: Initialize hardware 'GazeboSystem' 
[gazebo-1] [INFO] [1781051340.460799826] [resource_manager]: Successful initialization of hardware 'GazeboSystem'
[gazebo-1] [INFO] [1781051340.460937906] [resource_manager]: 'configure' hardware 'GazeboSystem' 
[gazebo-1] [INFO] [1781051340.460958962] [resource_manager]: Successful 'configure' of hardware 'GazeboSystem'
[gazebo-1] [INFO] [1781051340.460970378] [resource_manager]: 'activate' hardware 'GazeboSystem' 
[gazebo-1] [INFO] [1781051340.460982297] [resource_manager]: Successful 'activate' of hardware 'GazeboSystem'
[gazebo-1] [INFO] [1781051340.461258981] [gazebo_ros2_control]: Loading controller_manager
[INFO] [spawn_entity.py-5]: process has finished cleanly [pid 33696]
[gazebo-1] [WARN] [1781051340.518948939] [gazebo_ros2_control]:  Desired controller update period (0.01 s) is slower than the gazebo simulation period (0.001 s).
[gazebo-1] [INFO] [1781051340.519324355] [gazebo_ros2_control]: Loaded gazebo_ros2_control.
[gazebo-1] [INFO] [1781051340.636559559] [controller_manager]: Loading controller 'joint_state_broadcaster'
[spawner-3] [INFO] [1781051340.688598538] [spawner_joint_state_broadcaster]: [94mLoaded [1mjoint_state_broadcaster[0m
[gazebo-1] [INFO] [1781051340.691153001] [controller_manager]: Configuring controller 'joint_state_broadcaster'
[gazebo-1] [INFO] [1781051340.692121131] [joint_state_broadcaster]: 'joints' or 'interfaces' parameter is empty. All available state interfaces will be published
[spawner-3] [INFO] [1781051340.738818567] [spawner_joint_state_broadcaster]: [92mConfigured and activated [1mjoint_state_broadcaster[0m
[gazebo-1] [INFO] [1781051340.756698719] [controller_manager]: Loading controller 'velocity_controller'
[spawner-4] [INFO] [1781051340.815790959] [spawner_velocity_controller]: [94mLoaded [1mvelocity_controller[0m
[gazebo-1] [INFO] [1781051340.822899252] [controller_manager]: Configuring controller 'velocity_controller'
[gazebo-1] [INFO] [1781051340.827314722] [velocity_controller]: configure successful
[gazebo-1] [INFO] [1781051340.844643520] [velocity_controller]: activate successful
[spawner-4] [INFO] [1781051340.860989420] [spawner_velocity_controller]: [92mConfigured and activated [1mvelocity_controller[0m
[INFO] [spawner-3]: process has finished cleanly [pid 33692]
[INFO] [spawner-4]: process has finished cleanly [pid 33694]
[ros2-12] No artists with labels found to put in legend.  Note that artists whose label start with an underscore are ignored when legend() is called with no argument.
[gazebo-1] [0m[1;32m[0m[1;32m[0m[1;32m[Msg] [0m[1;32mLoading world file [[0m[1;32m/usr/share/gazebo-11/worlds/empty.world[0m[1;32m][0m[1;32m
[ros2-8] /home/mattb/dsim-lab/ros2_ws/install/ros_esc/lib/python3.10/site-packages/ros_esc/sensor_pose_node/sensor_pose_node_script.py:253: RuntimeWarning: invalid value encountered in sqrt
[ros2-8]   mag_q2 = np.sqrt((1-r11+r22-r33)/4)
