[INFO] [1781121844.499426094] [turtlebot3_diff_drive]: Wheel pair 1 separation set to [0.160000m]
[INFO] [1781121844.499995930] [turtlebot3_diff_drive]: Wheel pair 1 diameter set to [0.066000m]
[INFO] [1781121844.501616994] [turtlebot3_diff_drive]: Subscribed to [/cmd_vel]
[INFO] [1781121844.505436166] [turtlebot3_diff_drive]: Advertise odometry on [/odom]
[INFO] [1781121844.508530154] [turtlebot3_diff_drive]: Publishing odom transforms between [odom] and [base_footprint]
[INFO] [1781121844.521094118] [turtlebot3_joint_state]: Going to publish joint [rotating_frame_joint]
[INFO] [1781121844.550366910] [gazebo_ros2_control]: Loading gazebo_ros2_control plugin
[INFO] [1781121844.556640089] [gazebo_ros2_control]: Starting gazebo_ros2_control plugin in namespace: /
[INFO] [1781121844.556691393] [gazebo_ros2_control]: Starting gazebo_ros2_control plugin in ros 2 node: gazebo_ros2_control
[INFO] [1781121844.560866571] [gazebo_ros2_control]: connected to service!! /robot_state_publisher_node
[INFO] [1781121844.561428136] [gazebo_ros2_control]: Received urdf from param server, parsing...
[INFO] [1781121844.561483397] [gazebo_ros2_control]: Loading parameter files /home/mattb/dsim-lab/ros2_ws/install/turtlebot3_rotating_sensor/share/turtlebot3_rotating_sensor/controller_config/joint_controller.yaml
[INFO] [1781121844.586667919] [gazebo_ros2_control]: Loading joint: rotating_frame_joint
[INFO] [1781121844.586737745] [gazebo_ros2_control]: 	State:
[INFO] [1781121844.586751916] [gazebo_ros2_control]: 		 position
[INFO] [1781121844.586765398] [gazebo_ros2_control]: 			 found initial value: 0.000000
[INFO] [1781121844.586781612] [gazebo_ros2_control]: 		 velocity
[INFO] [1781121844.586807987] [gazebo_ros2_control]: 			 found initial value: 0.000000
[INFO] [1781121844.586834690] [gazebo_ros2_control]: 	Command:
[INFO] [1781121844.587500611] [gazebo_ros2_control]: 		 velocity
[INFO] [1781121844.587823510] [resource_manager]: Initialize hardware 'GazeboSystem' 
[INFO] [1781121844.588065309] [resource_manager]: Successful initialization of hardware 'GazeboSystem'
[INFO] [1781121844.588227563] [resource_manager]: 'configure' hardware 'GazeboSystem' 
[INFO] [1781121844.588243759] [resource_manager]: Successful 'configure' of hardware 'GazeboSystem'
[INFO] [1781121844.588252609] [resource_manager]: 'activate' hardware 'GazeboSystem' 
[INFO] [1781121844.588261869] [resource_manager]: Successful 'activate' of hardware 'GazeboSystem'
[INFO] [1781121844.588397573] [gazebo_ros2_control]: Loading controller_manager
[WARN] [1781121844.635473530] [gazebo_ros2_control]:  Desired controller update period (0.01 s) is slower than the gazebo simulation period (0.001 s).
[INFO] [1781121844.635710192] [gazebo_ros2_control]: Loaded gazebo_ros2_control.
[INFO] [1781121844.691491706] [controller_manager]: Loading controller 'joint_state_broadcaster'
[INFO] [1781121844.718686479] [controller_manager]: Configuring controller 'joint_state_broadcaster'
[INFO] [1781121844.719015246] [joint_state_broadcaster]: 'joints' or 'interfaces' parameter is empty. All available state interfaces will be published
[INFO] [1781121844.864488070] [controller_manager]: Loading controller 'velocity_controller'
[INFO] [1781121844.891639234] [controller_manager]: Configuring controller 'velocity_controller'
[INFO] [1781121844.893178899] [velocity_controller]: configure successful
[INFO] [1781121844.910243761] [velocity_controller]: activate successful
[INFO] [1781122345.151962149] [rclcpp]: signal_handler(SIGINT/SIGTERM)
[INFO] [1781122345.152094552] [controller_manager]: Shutdown request received....
[INFO] [1781122345.152192480] [controller_manager]: Shutting down all controllers in the controller manager.
[INFO] [1781122345.152241520] [controller_manager]: Deactivating controller 'joint_state_broadcaster'
[INFO] [1781122345.152316361] [controller_manager]: Shutting down controller 'joint_state_broadcaster'
[INFO] [1781122345.152397774] [controller_manager]: Deactivating controller 'velocity_controller'
[INFO] [1781122345.152454167] [controller_manager]: Shutting down controller 'velocity_controller'
[INFO] [1781122345.152516930] [resource_manager]: 'deactivate' hardware 'GazeboSystem' 
[INFO] [1781122345.152536225] [resource_manager]: Successful 'deactivate' of hardware 'GazeboSystem'
[INFO] [1781122345.152546456] [resource_manager]: 'shutdown' hardware 'GazeboSystem' 
[INFO] [1781122345.152558649] [resource_manager]: Successful 'shutdown' of hardware 'GazeboSystem'
[INFO] [1781122345.152568917] [controller_manager]: Shutting down the controller manager.
