Running HBESC scenario: /home/mattb/dsim-lab/experiments/hbesc_gaussian_fill_study/results/runs/20260610T221608Z_phase5_curv_shallow_real_execute/configs/scenario_used.json
Scenario name: phase5_curv_shallow_real
Description: Phase 5 bounded curvature sweep: shallow convex quartic with real-speed HBESC authority.
Starting >>> ros_esc
Starting >>> ros_esc_interfaces
Starting >>> turtlebot3_rotating_sensor
Finished <<< turtlebot3_rotating_sensor [0.36s]
Finished <<< ros_esc_interfaces [0.96s]
Finished <<< ros_esc [1.01s]

Summary: 3 packages finished [1.32s]
[INFO] [launch]: All log files can be found below /home/mattb/dsim-lab/experiments/hbesc_gaussian_fill_study/results/runs/20260610T221608Z_phase5_curv_shallow_real_execute/logs/ros/2026-06-10-15-16-10-237627-ubuntu-ssd-243
[INFO] [launch]: Default logging verbosity is set to INFO
[INFO] [gzserver-1]: process started with pid [245]
[INFO] [robot_state_publisher-2]: process started with pid [247]
[INFO] [spawner-3]: process started with pid [249]
[INFO] [spawner-4]: process started with pid [251]
[INFO] [spawn_entity.py-5]: process started with pid [253]
[INFO] [ros2-6]: process started with pid [255]
[INFO] [ros2-7]: process started with pid [257]
[INFO] [ros2-8]: process started with pid [259]
[INFO] [ros2-9]: process started with pid [261]
[INFO] [ros2-10]: process started with pid [263]
[INFO] [ros2-11]: process started with pid [265]
[INFO] [ros2-12]: process started with pid [267]
[robot_state_publisher-2] getifaddrs: Operation not permitted
[robot_state_publisher-2] getifaddrs: Operation not permitted
[robot_state_publisher-2] getifaddrs: Operation not permitted
[robot_state_publisher-2] [37;1m2026-06-10 15:16:10.567 [31;1m[[37;1mTRANSPORT_UDP[31;1m Error] [37mError creating socket: Operation not permitted[34;1m -> Function [36minit[m
[robot_state_publisher-2] [37;1m2026-06-10 15:16:10.567 [31;1m[[37;1mRTPS_PARTICIPANT[31;1m Error] [37mUser transport failed to register.[34;1m -> Function [36mRTPSParticipantImpl[m
[robot_state_publisher-2] [INFO] [1781129770.590778114] [robot_state_publisher_node]: got segment base_footprint
[robot_state_publisher-2] [INFO] [1781129770.591624564] [robot_state_publisher_node]: got segment base_link
[robot_state_publisher-2] [INFO] [1781129770.592747054] [robot_state_publisher_node]: got segment base_scan
[robot_state_publisher-2] [INFO] [1781129770.592765087] [robot_state_publisher_node]: got segment caster_wheel
[robot_state_publisher-2] [INFO] [1781129770.592775871] [robot_state_publisher_node]: got segment imu_link
[robot_state_publisher-2] [INFO] [1781129770.592785841] [robot_state_publisher_node]: got segment rotating_frame_link
[robot_state_publisher-2] [INFO] [1781129770.592794771] [robot_state_publisher_node]: got segment sensor_link
[robot_state_publisher-2] [INFO] [1781129770.592804335] [robot_state_publisher_node]: got segment wheel_left_link
[robot_state_publisher-2] [INFO] [1781129770.592812734] [robot_state_publisher_node]: got segment wheel_right_link
[spawner-3] getifaddrs: Operation not permitted
[spawner-3] getifaddrs: Operation not permitted
[spawner-3] getifaddrs: Operation not permitted
[spawner-3] [37;1m2026-06-10 15:16:11.003 [31;1m[[37;1mTRANSPORT_UDP[31;1m Error] [37mError creating socket: Operation not permitted[34;1m -> Function [36minit[m
[spawner-3] [37;1m2026-06-10 15:16:11.003 [31;1m[[37;1mRTPS_PARTICIPANT[31;1m Error] [37mUser transport failed to register.[34;1m -> Function [36mRTPSParticipantImpl[m
[spawner-4] getifaddrs: Operation not permitted
[spawner-4] getifaddrs: Operation not permitted
[spawner-4] getifaddrs: Operation not permitted
[spawner-4] [37;1m2026-06-10 15:16:11.041 [31;1m[[37;1mTRANSPORT_UDP[31;1m Error] [37mError creating socket: Operation not permitted[34;1m -> Function [36minit[m
[spawner-4] [37;1m2026-06-10 15:16:11.041 [31;1m[[37;1mRTPS_PARTICIPANT[31;1m Error] [37mUser transport failed to register.[34;1m -> Function [36mRTPSParticipantImpl[m
[spawner-3] [INFO] [1781129771.119663967] [spawner_joint_state_broadcaster]: waiting for service /controller_manager/list_controllers to become available...
[spawn_entity.py-5] getifaddrs: Operation not permitted
[spawn_entity.py-5] getifaddrs: Operation not permitted
[spawn_entity.py-5] getifaddrs: Operation not permitted
[spawn_entity.py-5] [37;1m2026-06-10 15:16:11.136 [31;1m[[37;1mTRANSPORT_UDP[31;1m Error] [37mError creating socket: Operation not permitted[34;1m -> Function [36minit[m
[spawn_entity.py-5] [37;1m2026-06-10 15:16:11.136 [31;1m[[37;1mRTPS_PARTICIPANT[31;1m Error] [37mUser transport failed to register.[34;1m -> Function [36mRTPSParticipantImpl[m
[gzserver-1] terminate called after throwing an instance of 'boost::filesystem::filesystem_error'
[gzserver-1]   what():  boost::filesystem::create_directory: Read-only file system: "/home/mattb/.gazebo/server-11669"
[spawner-4] [INFO] [1781129771.180699556] [spawner_velocity_controller]: waiting for service /controller_manager/list_controllers to become available...
[spawn_entity.py-5] [INFO] [1781129771.258428972] [spawn_entity]: Spawn Entity started
[spawn_entity.py-5] [INFO] [1781129771.259873073] [spawn_entity]: Loading entity published on topic /robot_description
[spawn_entity.py-5] [INFO] [1781129771.263611114] [spawn_entity]: Waiting for entity xml on /robot_description
[spawn_entity.py-5] [INFO] [1781129771.274694911] [spawn_entity]: Waiting for service /spawn_entity, timeout = 30
[spawn_entity.py-5] [INFO] [1781129771.276609251] [spawn_entity]: Waiting for service /spawn_entity
[ros2-6] getifaddrs: Operation not permitted
[ros2-6] getifaddrs: Operation not permitted
[ros2-6] getifaddrs: Operation not permitted
[ros2-7] getifaddrs: Operation not permitted
[ros2-7] getifaddrs: Operation not permitted
[ERROR] [gzserver-1]: process has died [pid 245, exit code -6, cmd 'gzserver --verbose -s libgazebo_ros_init.so -s libgazebo_ros_factory.so /home/mattb/dsim-lab/ros2_ws/src/turtlebot3_rotating_sensor/worlds/gazebo_empty.world'].
[ros2-7] getifaddrs: Operation not permitted
[ros2-9] getifaddrs: Operation not permitted
[ros2-9] getifaddrs: Operation not permitted
[ros2-9] getifaddrs: Operation not permitted
[ros2-11] getifaddrs: Operation not permitted
[ros2-11] getifaddrs: Operation not permitted
[ros2-11] getifaddrs: Operation not permitted
[ros2-10] getifaddrs: Operation not permitted
[ros2-10] getifaddrs: Operation not permitted
[ros2-10] getifaddrs: Operation not permitted
[ros2-8] getifaddrs: Operation not permitted
[ros2-8] getifaddrs: Operation not permitted
[ros2-8] getifaddrs: Operation not permitted
[ros2-12] getifaddrs: Operation not permitted
[ros2-12] getifaddrs: Operation not permitted
[ros2-12] getifaddrs: Operation not permitted
[spawner-3] [WARN] [1781129781.139105429] [spawner_joint_state_broadcaster]: Could not contact service /controller_manager/list_controllers
[spawner-3] [INFO] [1781129781.139670311] [spawner_joint_state_broadcaster]: waiting for service /controller_manager/list_controllers to become available...
[spawner-4] [WARN] [1781129781.228562956] [spawner_velocity_controller]: Could not contact service /controller_manager/list_controllers
[spawner-4] [INFO] [1781129781.228931399] [spawner_velocity_controller]: waiting for service /controller_manager/list_controllers to become available...
[spawner-3] [WARN] [1781129791.161407285] [spawner_joint_state_broadcaster]: Could not contact service /controller_manager/list_controllers
[spawner-3] [INFO] [1781129791.161753245] [spawner_joint_state_broadcaster]: waiting for service /controller_manager/list_controllers to become available...
[spawner-4] [WARN] [1781129791.251824629] [spawner_velocity_controller]: Could not contact service /controller_manager/list_controllers
[spawner-4] [INFO] [1781129791.252207551] [spawner_velocity_controller]: waiting for service /controller_manager/list_controllers to become available...
[spawner-3] [WARN] [1781129801.182276648] [spawner_joint_state_broadcaster]: Could not contact service /controller_manager/list_controllers
[spawner-3] [INFO] [1781129801.182731524] [spawner_joint_state_broadcaster]: waiting for service /controller_manager/list_controllers to become available...
[spawner-4] [WARN] [1781129801.272578249] [spawner_velocity_controller]: Could not contact service /controller_manager/list_controllers
[spawner-4] [INFO] [1781129801.272924857] [spawner_velocity_controller]: waiting for service /controller_manager/list_controllers to become available...
[spawn_entity.py-5] [ERROR] [1781129801.338831905] [spawn_entity]: Service /spawn_entity unavailable. Was Gazebo started with GazeboRosFactory?
[spawn_entity.py-5] [ERROR] [1781129801.339325107] [spawn_entity]: Spawn service failed. Exiting.
[ERROR] [spawn_entity.py-5]: process has died [pid 253, exit code 1, cmd '/opt/ros/humble/lib/gazebo_ros/spawn_entity.py -topic=/robot_description -entity turtlebot3 -x 0 -y 0 -z 0 -R 0 -P 0 -Y 0 --ros-args -r __node:=spawn_entity'].
[spawner-3] [WARN] [1781129811.205306581] [spawner_joint_state_broadcaster]: Could not contact service /controller_manager/list_controllers
[spawner-3] [INFO] [1781129811.205693542] [spawner_joint_state_broadcaster]: waiting for service /controller_manager/list_controllers to become available...
[spawner-4] [WARN] [1781129811.292261667] [spawner_velocity_controller]: Could not contact service /controller_manager/list_controllers
[spawner-4] [INFO] [1781129811.292630572] [spawner_velocity_controller]: waiting for service /controller_manager/list_controllers to become available...
[spawner-3] [WARN] [1781129821.226558903] [spawner_joint_state_broadcaster]: Could not contact service /controller_manager/list_controllers
[spawner-3] [INFO] [1781129821.226884736] [spawner_joint_state_broadcaster]: waiting for service /controller_manager/list_controllers to become available...
[spawner-4] [WARN] [1781129821.313674340] [spawner_velocity_controller]: Could not contact service /controller_manager/list_controllers
[spawner-4] [INFO] [1781129821.314047348] [spawner_velocity_controller]: waiting for service /controller_manager/list_controllers to become available...
[spawner-3] [WARN] [1781129831.247337173] [spawner_joint_state_broadcaster]: Could not contact service /controller_manager/list_controllers
[spawner-3] [INFO] [1781129831.247659228] [spawner_joint_state_broadcaster]: waiting for service /controller_manager/list_controllers to become available...
[spawner-4] [WARN] [1781129831.332549246] [spawner_velocity_controller]: Could not contact service /controller_manager/list_controllers
[spawner-4] [INFO] [1781129831.332962715] [spawner_velocity_controller]: waiting for service /controller_manager/list_controllers to become available...
[spawner-3] [WARN] [1781129841.266554151] [spawner_joint_state_broadcaster]: Could not contact service /controller_manager/list_controllers
[spawner-3] [INFO] [1781129841.267077587] [spawner_joint_state_broadcaster]: waiting for service /controller_manager/list_controllers to become available...
[spawner-4] [WARN] [1781129841.352175463] [spawner_velocity_controller]: Could not contact service /controller_manager/list_controllers
[spawner-4] [INFO] [1781129841.352499254] [spawner_velocity_controller]: waiting for service /controller_manager/list_controllers to become available...
[spawner-3] [WARN] [1781129851.287326228] [spawner_joint_state_broadcaster]: Could not contact service /controller_manager/list_controllers
[spawner-3] [INFO] [1781129851.287647212] [spawner_joint_state_broadcaster]: waiting for service /controller_manager/list_controllers to become available...
[spawner-4] [WARN] [1781129851.375586795] [spawner_velocity_controller]: Could not contact service /controller_manager/list_controllers
[spawner-4] [INFO] [1781129851.375955312] [spawner_velocity_controller]: waiting for service /controller_manager/list_controllers to become available...
[spawner-3] [WARN] [1781129861.306354595] [spawner_joint_state_broadcaster]: Could not contact service /controller_manager/list_controllers
[spawner-3] [INFO] [1781129861.306672077] [spawner_joint_state_broadcaster]: waiting for service /controller_manager/list_controllers to become available...
[spawner-4] [WARN] [1781129861.395261228] [spawner_velocity_controller]: Could not contact service /controller_manager/list_controllers
[spawner-4] [INFO] [1781129861.395588149] [spawner_velocity_controller]: waiting for service /controller_manager/list_controllers to become available...
[spawner-3] [WARN] [1781129871.328606390] [spawner_joint_state_broadcaster]: Could not contact service /controller_manager/list_controllers
[spawner-3] [INFO] [1781129871.329076022] [spawner_joint_state_broadcaster]: waiting for service /controller_manager/list_controllers to become available...
[spawner-4] [WARN] [1781129871.412591095] [spawner_velocity_controller]: Could not contact service /controller_manager/list_controllers
[spawner-4] [INFO] [1781129871.412964811] [spawner_velocity_controller]: waiting for service /controller_manager/list_controllers to become available...
[spawner-3] [WARN] [1781129881.354683310] [spawner_joint_state_broadcaster]: Could not contact service /controller_manager/list_controllers
[spawner-3] [INFO] [1781129881.355127291] [spawner_joint_state_broadcaster]: waiting for service /controller_manager/list_controllers to become available...
[spawner-4] [WARN] [1781129881.432604712] [spawner_velocity_controller]: Could not contact service /controller_manager/list_controllers
[spawner-4] [INFO] [1781129881.432977631] [spawner_velocity_controller]: waiting for service /controller_manager/list_controllers to become available...
[spawner-3] [WARN] [1781129891.375913997] [spawner_joint_state_broadcaster]: Could not contact service /controller_manager/list_controllers
[spawner-3] [INFO] [1781129891.376228877] [spawner_joint_state_broadcaster]: waiting for service /controller_manager/list_controllers to become available...
[spawner-4] [WARN] [1781129891.456547467] [spawner_velocity_controller]: Could not contact service /controller_manager/list_controllers
[spawner-4] [INFO] [1781129891.456912466] [spawner_velocity_controller]: waiting for service /controller_manager/list_controllers to become available...
[spawner-3] [WARN] [1781129901.396594359] [spawner_joint_state_broadcaster]: Could not contact service /controller_manager/list_controllers
[spawner-3] [INFO] [1781129901.397023695] [spawner_joint_state_broadcaster]: waiting for service /controller_manager/list_controllers to become available...
[spawner-4] [WARN] [1781129901.479060766] [spawner_velocity_controller]: Could not contact service /controller_manager/list_controllers
[spawner-4] [INFO] [1781129901.479529019] [spawner_velocity_controller]: waiting for service /controller_manager/list_controllers to become available...
[spawner-3] [WARN] [1781129911.415604829] [spawner_joint_state_broadcaster]: Could not contact service /controller_manager/list_controllers
[spawner-3] [INFO] [1781129911.415941707] [spawner_joint_state_broadcaster]: waiting for service /controller_manager/list_controllers to become available...
[spawner-4] [WARN] [1781129911.500580713] [spawner_velocity_controller]: Could not contact service /controller_manager/list_controllers
[spawner-4] [INFO] [1781129911.500914382] [spawner_velocity_controller]: waiting for service /controller_manager/list_controllers to become available...
[spawner-3] [WARN] [1781129921.440068233] [spawner_joint_state_broadcaster]: Could not contact service /controller_manager/list_controllers
[spawner-3] [INFO] [1781129921.440687023] [spawner_joint_state_broadcaster]: waiting for service /controller_manager/list_controllers to become available...
[spawner-4] [WARN] [1781129921.522191395] [spawner_velocity_controller]: Could not contact service /controller_manager/list_controllers
[spawner-4] [INFO] [1781129921.522512262] [spawner_velocity_controller]: waiting for service /controller_manager/list_controllers to become available...
[spawner-3] [WARN] [1781129931.461600896] [spawner_joint_state_broadcaster]: Could not contact service /controller_manager/list_controllers
[spawner-3] [INFO] [1781129931.461979263] [spawner_joint_state_broadcaster]: waiting for service /controller_manager/list_controllers to become available...
[spawner-4] [WARN] [1781129931.543094100] [spawner_velocity_controller]: Could not contact service /controller_manager/list_controllers
[spawner-4] [INFO] [1781129931.543409262] [spawner_velocity_controller]: waiting for service /controller_manager/list_controllers to become available...
[spawner-3] [WARN] [1781129941.482382664] [spawner_joint_state_broadcaster]: Could not contact service /controller_manager/list_controllers
[spawner-3] [INFO] [1781129941.482718447] [spawner_joint_state_broadcaster]: waiting for service /controller_manager/list_controllers to become available...
[spawner-4] [WARN] [1781129941.564282225] [spawner_velocity_controller]: Could not contact service /controller_manager/list_controllers
[spawner-4] [INFO] [1781129941.564615313] [spawner_velocity_controller]: waiting for service /controller_manager/list_controllers to become available...
[spawner-3] [WARN] [1781129951.503559707] [spawner_joint_state_broadcaster]: Could not contact service /controller_manager/list_controllers
[spawner-3] [INFO] [1781129951.503899721] [spawner_joint_state_broadcaster]: waiting for service /controller_manager/list_controllers to become available...
[spawner-4] [WARN] [1781129951.587906009] [spawner_velocity_controller]: Could not contact service /controller_manager/list_controllers
[spawner-4] [INFO] [1781129951.588250878] [spawner_velocity_controller]: waiting for service /controller_manager/list_controllers to become available...
[spawner-3] [WARN] [1781129961.523334574] [spawner_joint_state_broadcaster]: Could not contact service /controller_manager/list_controllers
[spawner-3] [INFO] [1781129961.523874470] [spawner_joint_state_broadcaster]: waiting for service /controller_manager/list_controllers to become available...
[spawner-4] [WARN] [1781129961.606287441] [spawner_velocity_controller]: Could not contact service /controller_manager/list_controllers
[spawner-4] [INFO] [1781129961.606620004] [spawner_velocity_controller]: waiting for service /controller_manager/list_controllers to become available...
[spawner-3] [WARN] [1781129971.547199890] [spawner_joint_state_broadcaster]: Could not contact service /controller_manager/list_controllers
[spawner-3] [INFO] [1781129971.547814161] [spawner_joint_state_broadcaster]: waiting for service /controller_manager/list_controllers to become available...
[spawner-4] [WARN] [1781129971.627347742] [spawner_velocity_controller]: Could not contact service /controller_manager/list_controllers
[spawner-4] [INFO] [1781129971.627691316] [spawner_velocity_controller]: waiting for service /controller_manager/list_controllers to become available...
[spawner-3] [WARN] [1781129981.570316122] [spawner_joint_state_broadcaster]: Could not contact service /controller_manager/list_controllers
[spawner-3] [INFO] [1781129981.570636082] [spawner_joint_state_broadcaster]: waiting for service /controller_manager/list_controllers to become available...
[spawner-4] [WARN] [1781129981.646515633] [spawner_velocity_controller]: Could not contact service /controller_manager/list_controllers
[spawner-4] [INFO] [1781129981.646925668] [spawner_velocity_controller]: waiting for service /controller_manager/list_controllers to become available...
[spawner-3] [WARN] [1781129991.592616666] [spawner_joint_state_broadcaster]: Could not contact service /controller_manager/list_controllers
[spawner-3] [INFO] [1781129991.593010134] [spawner_joint_state_broadcaster]: waiting for service /controller_manager/list_controllers to become available...
[spawner-4] [WARN] [1781129991.671842889] [spawner_velocity_controller]: Could not contact service /controller_manager/list_controllers
[spawner-4] [INFO] [1781129991.672250935] [spawner_velocity_controller]: waiting for service /controller_manager/list_controllers to become available...
[spawner-3] [WARN] [1781130001.614572233] [spawner_joint_state_broadcaster]: Could not contact service /controller_manager/list_controllers
[spawner-3] [INFO] [1781130001.614935096] [spawner_joint_state_broadcaster]: waiting for service /controller_manager/list_controllers to become available...
[spawner-4] [WARN] [1781130001.695233502] [spawner_velocity_controller]: Could not contact service /controller_manager/list_controllers
[spawner-4] [INFO] [1781130001.695688959] [spawner_velocity_controller]: waiting for service /controller_manager/list_controllers to become available...
[spawner-3] [WARN] [1781130011.633352184] [spawner_joint_state_broadcaster]: Could not contact service /controller_manager/list_controllers
[spawner-3] [INFO] [1781130011.633679398] [spawner_joint_state_broadcaster]: waiting for service /controller_manager/list_controllers to become available...
[spawner-4] [WARN] [1781130011.714620151] [spawner_velocity_controller]: Could not contact service /controller_manager/list_controllers
[spawner-4] [INFO] [1781130011.715033285] [spawner_velocity_controller]: waiting for service /controller_manager/list_controllers to become available...
[spawner-3] [WARN] [1781130021.654560904] [spawner_joint_state_broadcaster]: Could not contact service /controller_manager/list_controllers
[spawner-3] [INFO] [1781130021.654943418] [spawner_joint_state_broadcaster]: waiting for service /controller_manager/list_controllers to become available...
[spawner-4] [WARN] [1781130021.738581624] [spawner_velocity_controller]: Could not contact service /controller_manager/list_controllers
[spawner-4] [INFO] [1781130021.738953440] [spawner_velocity_controller]: waiting for service /controller_manager/list_controllers to become available...
[spawner-3] [WARN] [1781130031.673403777] [spawner_joint_state_broadcaster]: Could not contact service /controller_manager/list_controllers
[spawner-3] [INFO] [1781130031.673719238] [spawner_joint_state_broadcaster]: waiting for service /controller_manager/list_controllers to become available...
[spawner-4] [WARN] [1781130031.758610021] [spawner_velocity_controller]: Could not contact service /controller_manager/list_controllers
[spawner-4] [INFO] [1781130031.758989282] [spawner_velocity_controller]: waiting for service /controller_manager/list_controllers to become available...
[spawner-3] [WARN] [1781130041.692706867] [spawner_joint_state_broadcaster]: Could not contact service /controller_manager/list_controllers
[spawner-3] [INFO] [1781130041.693087601] [spawner_joint_state_broadcaster]: waiting for service /controller_manager/list_controllers to become available...
[spawner-4] [WARN] [1781130041.780605170] [spawner_velocity_controller]: Could not contact service /controller_manager/list_controllers
[spawner-4] [INFO] [1781130041.781021504] [spawner_velocity_controller]: waiting for service /controller_manager/list_controllers to become available...
[spawner-3] [WARN] [1781130051.714043219] [spawner_joint_state_broadcaster]: Could not contact service /controller_manager/list_controllers
[spawner-3] [INFO] [1781130051.714364230] [spawner_joint_state_broadcaster]: waiting for service /controller_manager/list_controllers to become available...
[spawner-4] [WARN] [1781130051.802237425] [spawner_velocity_controller]: Could not contact service /controller_manager/list_controllers
[spawner-4] [INFO] [1781130051.802557742] [spawner_velocity_controller]: waiting for service /controller_manager/list_controllers to become available...
[spawner-3] [WARN] [1781130061.735556641] [spawner_joint_state_broadcaster]: Could not contact service /controller_manager/list_controllers
[spawner-3] [INFO] [1781130061.735878611] [spawner_joint_state_broadcaster]: waiting for service /controller_manager/list_controllers to become available...
[spawner-4] [WARN] [1781130061.824634420] [spawner_velocity_controller]: Could not contact service /controller_manager/list_controllers
[spawner-4] [INFO] [1781130061.825032796] [spawner_velocity_controller]: waiting for service /controller_manager/list_controllers to become available...
[spawner-3] [WARN] [1781130071.753358878] [spawner_joint_state_broadcaster]: Could not contact service /controller_manager/list_controllers
[spawner-3] [INFO] [1781130071.753834416] [spawner_joint_state_broadcaster]: waiting for service /controller_manager/list_controllers to become available...
[spawner-4] [WARN] [1781130071.844945323] [spawner_velocity_controller]: Could not contact service /controller_manager/list_controllers
[spawner-4] [INFO] [1781130071.845280310] [spawner_velocity_controller]: waiting for service /controller_manager/list_controllers to become available...
[spawner-3] [WARN] [1781130081.775225228] [spawner_joint_state_broadcaster]: Could not contact service /controller_manager/list_controllers
[spawner-3] [INFO] [1781130081.775547121] [spawner_joint_state_broadcaster]: waiting for service /controller_manager/list_controllers to become available...
[spawner-4] [WARN] [1781130081.867929252] [spawner_velocity_controller]: Could not contact service /controller_manager/list_controllers
[spawner-4] [INFO] [1781130081.868269443] [spawner_velocity_controller]: waiting for service /controller_manager/list_controllers to become available...
[spawner-3] [WARN] [1781130091.795266796] [spawner_joint_state_broadcaster]: Could not contact service /controller_manager/list_controllers
[spawner-3] [INFO] [1781130091.795596802] [spawner_joint_state_broadcaster]: waiting for service /controller_manager/list_controllers to become available...
[spawner-4] [WARN] [1781130091.891633957] [spawner_velocity_controller]: Could not contact service /controller_manager/list_controllers
[spawner-4] [INFO] [1781130091.891994178] [spawner_velocity_controller]: waiting for service /controller_manager/list_controllers to become available...
[spawner-3] [WARN] [1781130101.816127200] [spawner_joint_state_broadcaster]: Could not contact service /controller_manager/list_controllers
[spawner-3] [INFO] [1781130101.816442723] [spawner_joint_state_broadcaster]: waiting for service /controller_manager/list_controllers to become available...
[spawner-4] [WARN] [1781130101.910300813] [spawner_velocity_controller]: Could not contact service /controller_manager/list_controllers
[spawner-4] [INFO] [1781130101.910639533] [spawner_velocity_controller]: waiting for service /controller_manager/list_controllers to become available...
[spawner-3] [WARN] [1781130111.835424076] [spawner_joint_state_broadcaster]: Could not contact service /controller_manager/list_controllers
[spawner-3] [INFO] [1781130111.835773448] [spawner_joint_state_broadcaster]: waiting for service /controller_manager/list_controllers to become available...
[spawner-4] [WARN] [1781130111.934160765] [spawner_velocity_controller]: Could not contact service /controller_manager/list_controllers
[spawner-4] [INFO] [1781130111.934527201] [spawner_velocity_controller]: waiting for service /controller_manager/list_controllers to become available...
[spawner-3] [WARN] [1781130121.856579087] [spawner_joint_state_broadcaster]: Could not contact service /controller_manager/list_controllers
[spawner-3] [INFO] [1781130121.856938478] [spawner_joint_state_broadcaster]: waiting for service /controller_manager/list_controllers to become available...
[spawner-4] [WARN] [1781130121.957613669] [spawner_velocity_controller]: Could not contact service /controller_manager/list_controllers
[spawner-4] [INFO] [1781130121.957983568] [spawner_velocity_controller]: waiting for service /controller_manager/list_controllers to become available...
[spawner-3] [WARN] [1781130131.877313312] [spawner_joint_state_broadcaster]: Could not contact service /controller_manager/list_controllers
[spawner-3] [INFO] [1781130131.877670356] [spawner_joint_state_broadcaster]: waiting for service /controller_manager/list_controllers to become available...
[spawner-4] [WARN] [1781130131.979591915] [spawner_velocity_controller]: Could not contact service /controller_manager/list_controllers
[spawner-4] [INFO] [1781130131.979961914] [spawner_velocity_controller]: waiting for service /controller_manager/list_controllers to become available...
[spawner-3] [WARN] [1781130141.898905445] [spawner_joint_state_broadcaster]: Could not contact service /controller_manager/list_controllers
[spawner-3] [INFO] [1781130141.899238822] [spawner_joint_state_broadcaster]: waiting for service /controller_manager/list_controllers to become available...
[spawner-4] [WARN] [1781130142.002461498] [spawner_velocity_controller]: Could not contact service /controller_manager/list_controllers
[spawner-4] [INFO] [1781130142.002884413] [spawner_velocity_controller]: waiting for service /controller_manager/list_controllers to become available...
[spawner-3] [WARN] [1781130151.920584843] [spawner_joint_state_broadcaster]: Could not contact service /controller_manager/list_controllers
[spawner-3] [INFO] [1781130151.920974382] [spawner_joint_state_broadcaster]: waiting for service /controller_manager/list_controllers to become available...
[spawner-4] [WARN] [1781130152.024571488] [spawner_velocity_controller]: Could not contact service /controller_manager/list_controllers
[spawner-4] [INFO] [1781130152.024930613] [spawner_velocity_controller]: waiting for service /controller_manager/list_controllers to become available...
[spawner-3] [WARN] [1781130161.944248933] [spawner_joint_state_broadcaster]: Could not contact service /controller_manager/list_controllers
[spawner-3] [INFO] [1781130161.944571139] [spawner_joint_state_broadcaster]: waiting for service /controller_manager/list_controllers to become available...
[spawner-4] [WARN] [1781130162.047691959] [spawner_velocity_controller]: Could not contact service /controller_manager/list_controllers
[spawner-4] [INFO] [1781130162.048098056] [spawner_velocity_controller]: waiting for service /controller_manager/list_controllers to become available...
[spawner-3] [WARN] [1781130171.963541867] [spawner_joint_state_broadcaster]: Could not contact service /controller_manager/list_controllers
[spawner-3] [INFO] [1781130171.963877252] [spawner_joint_state_broadcaster]: waiting for service /controller_manager/list_controllers to become available...
[spawner-4] [WARN] [1781130172.073632412] [spawner_velocity_controller]: Could not contact service /controller_manager/list_controllers
[spawner-4] [INFO] [1781130172.073993516] [spawner_velocity_controller]: waiting for service /controller_manager/list_controllers to become available...
[spawner-3] [WARN] [1781130181.982571978] [spawner_joint_state_broadcaster]: Could not contact service /controller_manager/list_controllers
[spawner-3] [INFO] [1781130181.982944240] [spawner_joint_state_broadcaster]: waiting for service /controller_manager/list_controllers to become available...
[spawner-4] [WARN] [1781130182.093586906] [spawner_velocity_controller]: Could not contact service /controller_manager/list_controllers
[spawner-4] [INFO] [1781130182.093952157] [spawner_velocity_controller]: waiting for service /controller_manager/list_controllers to become available...
[spawner-3] [WARN] [1781130192.002558696] [spawner_joint_state_broadcaster]: Could not contact service /controller_manager/list_controllers
[spawner-3] [INFO] [1781130192.002876792] [spawner_joint_state_broadcaster]: waiting for service /controller_manager/list_controllers to become available...
[spawner-4] [WARN] [1781130192.117234206] [spawner_velocity_controller]: Could not contact service /controller_manager/list_controllers
[spawner-4] [INFO] [1781130192.117552914] [spawner_velocity_controller]: waiting for service /controller_manager/list_controllers to become available...
[spawner-3] [WARN] [1781130202.027112030] [spawner_joint_state_broadcaster]: Could not contact service /controller_manager/list_controllers
[spawner-3] [INFO] [1781130202.027440502] [spawner_joint_state_broadcaster]: waiting for service /controller_manager/list_controllers to become available...
[spawner-4] [WARN] [1781130202.139529692] [spawner_velocity_controller]: Could not contact service /controller_manager/list_controllers
[spawner-4] [INFO] [1781130202.139892252] [spawner_velocity_controller]: waiting for service /controller_manager/list_controllers to become available...
[spawner-3] [WARN] [1781130212.046555428] [spawner_joint_state_broadcaster]: Could not contact service /controller_manager/list_controllers
[spawner-3] [INFO] [1781130212.046918692] [spawner_joint_state_broadcaster]: waiting for service /controller_manager/list_controllers to become available...
[spawner-4] [WARN] [1781130212.158612175] [spawner_velocity_controller]: Could not contact service /controller_manager/list_controllers
[spawner-4] [INFO] [1781130212.159011075] [spawner_velocity_controller]: waiting for service /controller_manager/list_controllers to become available...
[spawner-3] [WARN] [1781130222.067233016] [spawner_joint_state_broadcaster]: Could not contact service /controller_manager/list_controllers
[spawner-3] [INFO] [1781130222.067671165] [spawner_joint_state_broadcaster]: waiting for service /controller_manager/list_controllers to become available...
[spawner-4] [WARN] [1781130222.179123961] [spawner_velocity_controller]: Could not contact service /controller_manager/list_controllers
[spawner-4] [INFO] [1781130222.179441860] [spawner_velocity_controller]: waiting for service /controller_manager/list_controllers to become available...
[spawner-3] [WARN] [1781130232.088544928] [spawner_joint_state_broadcaster]: Could not contact service /controller_manager/list_controllers
[spawner-3] [INFO] [1781130232.088863014] [spawner_joint_state_broadcaster]: waiting for service /controller_manager/list_controllers to become available...
[spawner-4] [WARN] [1781130232.198508925] [spawner_velocity_controller]: Could not contact service /controller_manager/list_controllers
[spawner-4] [INFO] [1781130232.198913891] [spawner_velocity_controller]: waiting for service /controller_manager/list_controllers to become available...
[spawner-3] [WARN] [1781130242.109842059] [spawner_joint_state_broadcaster]: Could not contact service /controller_manager/list_controllers
[spawner-3] [INFO] [1781130242.110272176] [spawner_joint_state_broadcaster]: waiting for service /controller_manager/list_controllers to become available...
[spawner-4] [WARN] [1781130242.216575172] [spawner_velocity_controller]: Could not contact service /controller_manager/list_controllers
[spawner-4] [INFO] [1781130242.216906781] [spawner_velocity_controller]: waiting for service /controller_manager/list_controllers to become available...
[spawner-3] [WARN] [1781130252.129534574] [spawner_joint_state_broadcaster]: Could not contact service /controller_manager/list_controllers
[spawner-3] [INFO] [1781130252.129853692] [spawner_joint_state_broadcaster]: waiting for service /controller_manager/list_controllers to become available...
[spawner-4] [WARN] [1781130252.237558003] [spawner_velocity_controller]: Could not contact service /controller_manager/list_controllers
[spawner-4] [INFO] [1781130252.238013386] [spawner_velocity_controller]: waiting for service /controller_manager/list_controllers to become available...
[spawner-3] [WARN] [1781130262.153119827] [spawner_joint_state_broadcaster]: Could not contact service /controller_manager/list_controllers
[spawner-3] [INFO] [1781130262.153525693] [spawner_joint_state_broadcaster]: waiting for service /controller_manager/list_controllers to become available...
[spawner-4] [WARN] [1781130262.254577167] [spawner_velocity_controller]: Could not contact service /controller_manager/list_controllers
[spawner-4] [INFO] [1781130262.254929963] [spawner_velocity_controller]: waiting for service /controller_manager/list_controllers to become available...
[spawner-3] [WARN] [1781130272.174123050] [spawner_joint_state_broadcaster]: Could not contact service /controller_manager/list_controllers
[spawner-3] [INFO] [1781130272.174459052] [spawner_joint_state_broadcaster]: waiting for service /controller_manager/list_controllers to become available...
[spawner-4] [WARN] [1781130272.277430368] [spawner_velocity_controller]: Could not contact service /controller_manager/list_controllers
[spawner-4] [INFO] [1781130272.277770614] [spawner_velocity_controller]: waiting for service /controller_manager/list_controllers to become available...
[spawner-3] [WARN] [1781130282.194492010] [spawner_joint_state_broadcaster]: Could not contact service /controller_manager/list_controllers
[spawner-3] [INFO] [1781130282.194877063] [spawner_joint_state_broadcaster]: waiting for service /controller_manager/list_controllers to become available...
[spawner-4] [WARN] [1781130282.296596654] [spawner_velocity_controller]: Could not contact service /controller_manager/list_controllers
[spawner-4] [INFO] [1781130282.296937538] [spawner_velocity_controller]: waiting for service /controller_manager/list_controllers to become available...
[spawner-3] [WARN] [1781130292.217349195] [spawner_joint_state_broadcaster]: Could not contact service /controller_manager/list_controllers
[spawner-3] [INFO] [1781130292.217657317] [spawner_joint_state_broadcaster]: waiting for service /controller_manager/list_controllers to become available...
[spawner-4] [WARN] [1781130292.319141901] [spawner_velocity_controller]: Could not contact service /controller_manager/list_controllers
[spawner-4] [INFO] [1781130292.319657801] [spawner_velocity_controller]: waiting for service /controller_manager/list_controllers to become available...
[spawner-3] [WARN] [1781130302.238276446] [spawner_joint_state_broadcaster]: Could not contact service /controller_manager/list_controllers
[spawner-3] [INFO] [1781130302.238601654] [spawner_joint_state_broadcaster]: waiting for service /controller_manager/list_controllers to become available...
[spawner-4] [WARN] [1781130302.341547883] [spawner_velocity_controller]: Could not contact service /controller_manager/list_controllers
[spawner-4] [INFO] [1781130302.341909520] [spawner_velocity_controller]: waiting for service /controller_manager/list_controllers to become available...
[spawner-3] [WARN] [1781130312.260851835] [spawner_joint_state_broadcaster]: Could not contact service /controller_manager/list_controllers
[spawner-3] [INFO] [1781130312.261224064] [spawner_joint_state_broadcaster]: waiting for service /controller_manager/list_controllers to become available...
[spawner-4] [WARN] [1781130312.362518127] [spawner_velocity_controller]: Could not contact service /controller_manager/list_controllers
[spawner-4] [INFO] [1781130312.362987730] [spawner_velocity_controller]: waiting for service /controller_manager/list_controllers to become available...
[spawner-3] [WARN] [1781130322.280244640] [spawner_joint_state_broadcaster]: Could not contact service /controller_manager/list_controllers
[spawner-3] [INFO] [1781130322.280562319] [spawner_joint_state_broadcaster]: waiting for service /controller_manager/list_controllers to become available...
[spawner-4] [WARN] [1781130322.384153856] [spawner_velocity_controller]: Could not contact service /controller_manager/list_controllers
[spawner-4] [INFO] [1781130322.384476090] [spawner_velocity_controller]: waiting for service /controller_manager/list_controllers to become available...
[spawner-3] [WARN] [1781130332.304443320] [spawner_joint_state_broadcaster]: Could not contact service /controller_manager/list_controllers
[spawner-3] [INFO] [1781130332.304918069] [spawner_joint_state_broadcaster]: waiting for service /controller_manager/list_controllers to become available...
[spawner-4] [WARN] [1781130332.406954009] [spawner_velocity_controller]: Could not contact service /controller_manager/list_controllers
[spawner-4] [INFO] [1781130332.407269897] [spawner_velocity_controller]: waiting for service /controller_manager/list_controllers to become available...
[spawner-3] [WARN] [1781130342.324549294] [spawner_joint_state_broadcaster]: Could not contact service /controller_manager/list_controllers
[spawner-3] [INFO] [1781130342.324870514] [spawner_joint_state_broadcaster]: waiting for service /controller_manager/list_controllers to become available...
[spawner-4] [WARN] [1781130342.429217679] [spawner_velocity_controller]: Could not contact service /controller_manager/list_controllers
[spawner-4] [INFO] [1781130342.429573904] [spawner_velocity_controller]: waiting for service /controller_manager/list_controllers to become available...
[spawner-3] [WARN] [1781130352.345468853] [spawner_joint_state_broadcaster]: Could not contact service /controller_manager/list_controllers
[spawner-3] [INFO] [1781130352.345932418] [spawner_joint_state_broadcaster]: waiting for service /controller_manager/list_controllers to become available...
[spawner-4] [WARN] [1781130352.446197998] [spawner_velocity_controller]: Could not contact service /controller_manager/list_controllers
[spawner-4] [INFO] [1781130352.446518310] [spawner_velocity_controller]: waiting for service /controller_manager/list_controllers to become available...
[spawner-3] [WARN] [1781130362.369208145] [spawner_joint_state_broadcaster]: Could not contact service /controller_manager/list_controllers
[spawner-3] [INFO] [1781130362.369553693] [spawner_joint_state_broadcaster]: waiting for service /controller_manager/list_controllers to become available...
[spawner-4] [WARN] [1781130362.466374847] [spawner_velocity_controller]: Could not contact service /controller_manager/list_controllers
[spawner-4] [INFO] [1781130362.466732672] [spawner_velocity_controller]: waiting for service /controller_manager/list_controllers to become available...
[spawner-3] [WARN] [1781130372.389174430] [spawner_joint_state_broadcaster]: Could not contact service /controller_manager/list_controllers
[spawner-3] [INFO] [1781130372.389491170] [spawner_joint_state_broadcaster]: waiting for service /controller_manager/list_controllers to become available...
[spawner-4] [WARN] [1781130372.487173805] [spawner_velocity_controller]: Could not contact service /controller_manager/list_controllers
[spawner-4] [INFO] [1781130372.487513566] [spawner_velocity_controller]: waiting for service /controller_manager/list_controllers to become available...
[spawner-3] [WARN] [1781130382.409685400] [spawner_joint_state_broadcaster]: Could not contact service /controller_manager/list_controllers
[spawner-3] [INFO] [1781130382.410067222] [spawner_joint_state_broadcaster]: waiting for service /controller_manager/list_controllers to become available...
[spawner-4] [WARN] [1781130382.507587688] [spawner_velocity_controller]: Could not contact service /controller_manager/list_controllers
[spawner-4] [INFO] [1781130382.507950747] [spawner_velocity_controller]: waiting for service /controller_manager/list_controllers to become available...
[spawner-3] [WARN] [1781130392.430554321] [spawner_joint_state_broadcaster]: Could not contact service /controller_manager/list_controllers
[spawner-3] [INFO] [1781130392.430908215] [spawner_joint_state_broadcaster]: waiting for service /controller_manager/list_controllers to become available...
[spawner-4] [WARN] [1781130392.529790972] [spawner_velocity_controller]: Could not contact service /controller_manager/list_controllers
[spawner-4] [INFO] [1781130392.530109018] [spawner_velocity_controller]: waiting for service /controller_manager/list_controllers to become available...
[spawner-3] [WARN] [1781130402.453387616] [spawner_joint_state_broadcaster]: Could not contact service /controller_manager/list_controllers
[spawner-3] [INFO] [1781130402.453704320] [spawner_joint_state_broadcaster]: waiting for service /controller_manager/list_controllers to become available...
[spawner-4] [WARN] [1781130402.552328891] [spawner_velocity_controller]: Could not contact service /controller_manager/list_controllers
[spawner-4] [INFO] [1781130402.552677313] [spawner_velocity_controller]: waiting for service /controller_manager/list_controllers to become available...
[spawner-3] [WARN] [1781130412.474194844] [spawner_joint_state_broadcaster]: Could not contact service /controller_manager/list_controllers
[spawner-3] [INFO] [1781130412.474515766] [spawner_joint_state_broadcaster]: waiting for service /controller_manager/list_controllers to become available...
[spawner-4] [WARN] [1781130412.574125362] [spawner_velocity_controller]: Could not contact service /controller_manager/list_controllers
[spawner-4] [INFO] [1781130412.574480001] [spawner_velocity_controller]: waiting for service /controller_manager/list_controllers to become available...
[spawner-3] [WARN] [1781130422.495962141] [spawner_joint_state_broadcaster]: Could not contact service /controller_manager/list_controllers
[spawner-3] [INFO] [1781130422.496272223] [spawner_joint_state_broadcaster]: waiting for service /controller_manager/list_controllers to become available...
[spawner-4] [WARN] [1781130422.596712494] [spawner_velocity_controller]: Could not contact service /controller_manager/list_controllers
[spawner-4] [INFO] [1781130422.597081852] [spawner_velocity_controller]: waiting for service /controller_manager/list_controllers to become available...
[spawner-3] [WARN] [1781130432.516016064] [spawner_joint_state_broadcaster]: Could not contact service /controller_manager/list_controllers
[spawner-3] [INFO] [1781130432.516340023] [spawner_joint_state_broadcaster]: waiting for service /controller_manager/list_controllers to become available...
[spawner-4] [WARN] [1781130432.616551255] [spawner_velocity_controller]: Could not contact service /controller_manager/list_controllers
[spawner-4] [INFO] [1781130432.616877631] [spawner_velocity_controller]: waiting for service /controller_manager/list_controllers to become available...
[spawner-3] [WARN] [1781130442.537528931] [spawner_joint_state_broadcaster]: Could not contact service /controller_manager/list_controllers
[spawner-3] [INFO] [1781130442.537914329] [spawner_joint_state_broadcaster]: waiting for service /controller_manager/list_controllers to become available...
[spawner-4] [WARN] [1781130442.639752333] [spawner_velocity_controller]: Could not contact service /controller_manager/list_controllers
[spawner-4] [INFO] [1781130442.640141613] [spawner_velocity_controller]: waiting for service /controller_manager/list_controllers to become available...
[spawner-3] [WARN] [1781130452.559213738] [spawner_joint_state_broadcaster]: Could not contact service /controller_manager/list_controllers
[spawner-3] [INFO] [1781130452.559519717] [spawner_joint_state_broadcaster]: waiting for service /controller_manager/list_controllers to become available...
[spawner-4] [WARN] [1781130452.661804329] [spawner_velocity_controller]: Could not contact service /controller_manager/list_controllers
[spawner-4] [INFO] [1781130452.662151081] [spawner_velocity_controller]: waiting for service /controller_manager/list_controllers to become available...
[spawner-3] [WARN] [1781130462.581250558] [spawner_joint_state_broadcaster]: Could not contact service /controller_manager/list_controllers
[spawner-3] [INFO] [1781130462.581616766] [spawner_joint_state_broadcaster]: waiting for service /controller_manager/list_controllers to become available...
[spawner-4] [WARN] [1781130462.683879313] [spawner_velocity_controller]: Could not contact service /controller_manager/list_controllers
[spawner-4] [INFO] [1781130462.684205835] [spawner_velocity_controller]: waiting for service /controller_manager/list_controllers to become available...
[spawner-3] [WARN] [1781130472.602590088] [spawner_joint_state_broadcaster]: Could not contact service /controller_manager/list_controllers
[spawner-3] [INFO] [1781130472.602973239] [spawner_joint_state_broadcaster]: waiting for service /controller_manager/list_controllers to become available...
[spawner-4] [WARN] [1781130472.709523438] [spawner_velocity_controller]: Could not contact service /controller_manager/list_controllers
[spawner-4] [INFO] [1781130472.709996652] [spawner_velocity_controller]: waiting for service /controller_manager/list_controllers to become available...
[spawner-3] [WARN] [1781130482.623537532] [spawner_joint_state_broadcaster]: Could not contact service /controller_manager/list_controllers
[spawner-3] [INFO] [1781130482.623869257] [spawner_joint_state_broadcaster]: waiting for service /controller_manager/list_controllers to become available...
[spawner-4] [WARN] [1781130482.734587392] [spawner_velocity_controller]: Could not contact service /controller_manager/list_controllers
[spawner-4] [INFO] [1781130482.735012882] [spawner_velocity_controller]: waiting for service /controller_manager/list_controllers to become available...
[spawner-3] [WARN] [1781130492.644760639] [spawner_joint_state_broadcaster]: Could not contact service /controller_manager/list_controllers
[spawner-3] [INFO] [1781130492.645099989] [spawner_joint_state_broadcaster]: waiting for service /controller_manager/list_controllers to become available...
[spawner-4] [WARN] [1781130492.755189635] [spawner_velocity_controller]: Could not contact service /controller_manager/list_controllers
[spawner-4] [INFO] [1781130492.755509847] [spawner_velocity_controller]: waiting for service /controller_manager/list_controllers to become available...
[spawner-3] [WARN] [1781130502.664421865] [spawner_joint_state_broadcaster]: Could not contact service /controller_manager/list_controllers
[spawner-3] [INFO] [1781130502.664747708] [spawner_joint_state_broadcaster]: waiting for service /controller_manager/list_controllers to become available...
[spawner-4] [WARN] [1781130502.777330742] [spawner_velocity_controller]: Could not contact service /controller_manager/list_controllers
[spawner-4] [INFO] [1781130502.777652469] [spawner_velocity_controller]: waiting for service /controller_manager/list_controllers to become available...
[spawner-3] [WARN] [1781130512.694174254] [spawner_joint_state_broadcaster]: Could not contact service /controller_manager/list_controllers
[spawner-3] [INFO] [1781130512.694523974] [spawner_joint_state_broadcaster]: waiting for service /controller_manager/list_controllers to become available...
[spawner-4] [WARN] [1781130512.805644355] [spawner_velocity_controller]: Could not contact service /controller_manager/list_controllers
[spawner-4] [INFO] [1781130512.806059501] [spawner_velocity_controller]: waiting for service /controller_manager/list_controllers to become available...
[spawner-3] [WARN] [1781130522.730432674] [spawner_joint_state_broadcaster]: Could not contact service /controller_manager/list_controllers
[spawner-3] [INFO] [1781130522.730831550] [spawner_joint_state_broadcaster]: waiting for service /controller_manager/list_controllers to become available...
[spawner-4] [WARN] [1781130522.839662377] [spawner_velocity_controller]: Could not contact service /controller_manager/list_controllers
[spawner-4] [INFO] [1781130522.840070401] [spawner_velocity_controller]: waiting for service /controller_manager/list_controllers to become available...
[spawner-3] [WARN] [1781130532.767344041] [spawner_joint_state_broadcaster]: Could not contact service /controller_manager/list_controllers
[spawner-3] [INFO] [1781130532.767677917] [spawner_joint_state_broadcaster]: waiting for service /controller_manager/list_controllers to become available...
[spawner-4] [WARN] [1781130532.877716302] [spawner_velocity_controller]: Could not contact service /controller_manager/list_controllers
[spawner-4] [INFO] [1781130532.878087510] [spawner_velocity_controller]: waiting for service /controller_manager/list_controllers to become available...
[spawner-3] [WARN] [1781130542.809595773] [spawner_joint_state_broadcaster]: Could not contact service /controller_manager/list_controllers
[spawner-3] [INFO] [1781130542.810008615] [spawner_joint_state_broadcaster]: waiting for service /controller_manager/list_controllers to become available...
[spawner-4] [WARN] [1781130542.915918554] [spawner_velocity_controller]: Could not contact service /controller_manager/list_controllers
[spawner-4] [INFO] [1781130542.916276700] [spawner_velocity_controller]: waiting for service /controller_manager/list_controllers to become available...
[spawner-3] [WARN] [1781130552.846929525] [spawner_joint_state_broadcaster]: Could not contact service /controller_manager/list_controllers
[spawner-3] [INFO] [1781130552.847888605] [spawner_joint_state_broadcaster]: waiting for service /controller_manager/list_controllers to become available...
[spawner-4] [WARN] [1781130552.952506566] [spawner_velocity_controller]: Could not contact service /controller_manager/list_controllers
[spawner-4] [INFO] [1781130552.953362100] [spawner_velocity_controller]: waiting for service /controller_manager/list_controllers to become available...
[spawner-3] [WARN] [1781130562.868225594] [spawner_joint_state_broadcaster]: Could not contact service /controller_manager/list_controllers
[spawner-3] [INFO] [1781130562.868535217] [spawner_joint_state_broadcaster]: waiting for service /controller_manager/list_controllers to become available...
[spawner-4] [WARN] [1781130562.970140191] [spawner_velocity_controller]: Could not contact service /controller_manager/list_controllers
[spawner-4] [INFO] [1781130562.970460632] [spawner_velocity_controller]: waiting for service /controller_manager/list_controllers to become available...
[spawner-3] [WARN] [1781130572.891277770] [spawner_joint_state_broadcaster]: Could not contact service /controller_manager/list_controllers
[spawner-3] [INFO] [1781130572.891590141] [spawner_joint_state_broadcaster]: waiting for service /controller_manager/list_controllers to become available...
[spawner-4] [WARN] [1781130572.990108674] [spawner_velocity_controller]: Could not contact service /controller_manager/list_controllers
[spawner-4] [INFO] [1781130572.990422029] [spawner_velocity_controller]: waiting for service /controller_manager/list_controllers to become available...
[spawner-3] [WARN] [1781130582.912531588] [spawner_joint_state_broadcaster]: Could not contact service /controller_manager/list_controllers
[spawner-3] [INFO] [1781130582.912849920] [spawner_joint_state_broadcaster]: waiting for service /controller_manager/list_controllers to become available...
[spawner-4] [WARN] [1781130583.008238659] [spawner_velocity_controller]: Could not contact service /controller_manager/list_controllers
[spawner-4] [INFO] [1781130583.008555439] [spawner_velocity_controller]: waiting for service /controller_manager/list_controllers to become available...
[spawner-3] [WARN] [1781130592.933220157] [spawner_joint_state_broadcaster]: Could not contact service /controller_manager/list_controllers
[spawner-3] [INFO] [1781130592.933564735] [spawner_joint_state_broadcaster]: waiting for service /controller_manager/list_controllers to become available...
[spawner-4] [WARN] [1781130593.030682996] [spawner_velocity_controller]: Could not contact service /controller_manager/list_controllers
[spawner-4] [INFO] [1781130593.031085662] [spawner_velocity_controller]: waiting for service /controller_manager/list_controllers to become available...
[spawner-3] [WARN] [1781130602.959925252] [spawner_joint_state_broadcaster]: Could not contact service /controller_manager/list_controllers
[spawner-3] [INFO] [1781130602.960245645] [spawner_joint_state_broadcaster]: waiting for service /controller_manager/list_controllers to become available...
[spawner-4] [WARN] [1781130603.052756231] [spawner_velocity_controller]: Could not contact service /controller_manager/list_controllers
[spawner-4] [INFO] [1781130603.053099980] [spawner_velocity_controller]: waiting for service /controller_manager/list_controllers to become available...
[spawner-3] [WARN] [1781130612.982570769] [spawner_joint_state_broadcaster]: Could not contact service /controller_manager/list_controllers
[spawner-3] [INFO] [1781130612.982923656] [spawner_joint_state_broadcaster]: waiting for service /controller_manager/list_controllers to become available...
[spawner-4] [WARN] [1781130613.072673824] [spawner_velocity_controller]: Could not contact service /controller_manager/list_controllers
[spawner-4] [INFO] [1781130613.073054083] [spawner_velocity_controller]: waiting for service /controller_manager/list_controllers to become available...
[spawner-3] [WARN] [1781130623.005177080] [spawner_joint_state_broadcaster]: Could not contact service /controller_manager/list_controllers
[spawner-3] [INFO] [1781130623.005493993] [spawner_joint_state_broadcaster]: waiting for service /controller_manager/list_controllers to become available...
[spawner-4] [WARN] [1781130623.093637836] [spawner_velocity_controller]: Could not contact service /controller_manager/list_controllers
[spawner-4] [INFO] [1781130623.093991940] [spawner_velocity_controller]: waiting for service /controller_manager/list_controllers to become available...
[spawner-3] [WARN] [1781130633.027436197] [spawner_joint_state_broadcaster]: Could not contact service /controller_manager/list_controllers
[spawner-3] [INFO] [1781130633.027841560] [spawner_joint_state_broadcaster]: waiting for service /controller_manager/list_controllers to become available...
[spawner-4] [WARN] [1781130633.115446689] [spawner_velocity_controller]: Could not contact service /controller_manager/list_controllers
[spawner-4] [INFO] [1781130633.115815108] [spawner_velocity_controller]: waiting for service /controller_manager/list_controllers to become available...
[spawner-3] [WARN] [1781130643.048564840] [spawner_joint_state_broadcaster]: Could not contact service /controller_manager/list_controllers
[spawner-3] [INFO] [1781130643.048887336] [spawner_joint_state_broadcaster]: waiting for service /controller_manager/list_controllers to become available...
[spawner-4] [WARN] [1781130643.138332390] [spawner_velocity_controller]: Could not contact service /controller_manager/list_controllers
[spawner-4] [INFO] [1781130643.138681341] [spawner_velocity_controller]: waiting for service /controller_manager/list_controllers to become available...
[spawner-3] [WARN] [1781130653.072231561] [spawner_joint_state_broadcaster]: Could not contact service /controller_manager/list_controllers
[spawner-3] [INFO] [1781130653.072614432] [spawner_joint_state_broadcaster]: waiting for service /controller_manager/list_controllers to become available...
[spawner-4] [WARN] [1781130653.161229305] [spawner_velocity_controller]: Could not contact service /controller_manager/list_controllers
[spawner-4] [INFO] [1781130653.161539685] [spawner_velocity_controller]: waiting for service /controller_manager/list_controllers to become available...
[spawner-3] [WARN] [1781130663.094314808] [spawner_joint_state_broadcaster]: Could not contact service /controller_manager/list_controllers
[spawner-3] [INFO] [1781130663.094653426] [spawner_joint_state_broadcaster]: waiting for service /controller_manager/list_controllers to become available...
[spawner-4] [WARN] [1781130663.182039175] [spawner_velocity_controller]: Could not contact service /controller_manager/list_controllers
[spawner-4] [INFO] [1781130663.182481554] [spawner_velocity_controller]: waiting for service /controller_manager/list_controllers to become available...
