[INFO] [1781045008.280748727] [turtlebot3_diff_drive]: Wheel pair 1 separation set to [0.160000m]
[INFO] [1781045008.281094029] [turtlebot3_diff_drive]: Wheel pair 1 diameter set to [0.066000m]
[INFO] [1781045008.282468740] [turtlebot3_diff_drive]: Subscribed to [/cmd_vel]
[INFO] [1781045008.284910960] [turtlebot3_diff_drive]: Advertise odometry on [/odom]
[INFO] [1781045008.287522831] [turtlebot3_diff_drive]: Publishing odom transforms between [odom] and [base_footprint]
[INFO] [1781045008.300363902] [turtlebot3_joint_state]: Going to publish joint [rotating_frame_joint]
[INFO] [1781045008.325866022] [gazebo_ros2_control]: Loading gazebo_ros2_control plugin
[INFO] [1781045008.332107293] [gazebo_ros2_control]: Starting gazebo_ros2_control plugin in namespace: /
[INFO] [1781045008.332152290] [gazebo_ros2_control]: Starting gazebo_ros2_control plugin in ros 2 node: gazebo_ros2_control
[INFO] [1781045008.336662511] [gazebo_ros2_control]: connected to service!! /robot_state_publisher_node
[INFO] [1781045008.337151016] [gazebo_ros2_control]: Received urdf from param server, parsing...
[INFO] [1781045008.337207965] [gazebo_ros2_control]: Loading parameter files /home/mattb/dsim-lab/ros2_ws/install/turtlebot3_rotating_sensor/share/turtlebot3_rotating_sensor/controller_config/joint_controller.yaml
[INFO] [1781045008.348364671] [gazebo_ros2_control]: Loading joint: rotating_frame_joint
[INFO] [1781045008.348414380] [gazebo_ros2_control]: 	State:
[INFO] [1781045008.348424776] [gazebo_ros2_control]: 		 position
[INFO] [1781045008.348433864] [gazebo_ros2_control]: 			 found initial value: 0.000000
[INFO] [1781045008.348443515] [gazebo_ros2_control]: 		 velocity
[INFO] [1781045008.348450185] [gazebo_ros2_control]: 			 found initial value: 0.000000
[INFO] [1781045008.348456895] [gazebo_ros2_control]: 	Command:
[INFO] [1781045008.348476212] [gazebo_ros2_control]: 		 velocity
[INFO] [1781045008.348692103] [resource_manager]: Initialize hardware 'GazeboSystem' 
[INFO] [1781045008.348838854] [resource_manager]: Successful initialization of hardware 'GazeboSystem'
[INFO] [1781045008.348940383] [resource_manager]: 'configure' hardware 'GazeboSystem' 
[INFO] [1781045008.348955380] [resource_manager]: Successful 'configure' of hardware 'GazeboSystem'
[INFO] [1781045008.348965388] [resource_manager]: 'activate' hardware 'GazeboSystem' 
[INFO] [1781045008.348976777] [resource_manager]: Successful 'activate' of hardware 'GazeboSystem'
[INFO] [1781045008.349054062] [gazebo_ros2_control]: Loading controller_manager
[WARN] [1781045008.374871829] [gazebo_ros2_control]:  Desired controller update period (0.01 s) is slower than the gazebo simulation period (0.001 s).
[INFO] [1781045008.375065790] [gazebo_ros2_control]: Loaded gazebo_ros2_control.
[INFO] [1781045008.498627995] [controller_manager]: Loading controller 'velocity_controller'
[INFO] [1781045008.528117855] [controller_manager]: Loading controller 'joint_state_broadcaster'
[INFO] [1781045008.546542884] [controller_manager]: Configuring controller 'velocity_controller'
[INFO] [1781045008.548462819] [velocity_controller]: configure successful
[INFO] [1781045008.556503094] [controller_manager]: Configuring controller 'joint_state_broadcaster'
[INFO] [1781045008.556585110] [joint_state_broadcaster]: 'joints' or 'interfaces' parameter is empty. All available state interfaces will be published
[INFO] [1781045008.576430459] [velocity_controller]: activate successful
