Running HBESC scenario: /home/mattb/dsim-lab/experiments/hbesc_gaussian_fill_study/results/runs/20260610T231444Z_phase5_barrier_high_real_execute/configs/scenario_used.json
Scenario name: phase5_barrier_high_real
Description: Phase 5 bounded barrier-speed slice: high-alpha quartic double-well with real-speed HBESC authority.
Starting >>> ros_esc
Starting >>> ros_esc_interfaces
Starting >>> turtlebot3_rotating_sensor
Finished <<< turtlebot3_rotating_sensor [0.38s]
Finished <<< ros_esc_interfaces [0.77s]
Finished <<< ros_esc [1.07s]

Summary: 3 packages finished [1.43s]
[INFO] [launch]: All log files can be found below /home/mattb/dsim-lab/experiments/hbesc_gaussian_fill_study/results/runs/20260610T231444Z_phase5_barrier_high_real_execute/logs/ros/2026-06-10-16-14-47-257012-ubuntu-ssd-39481
[INFO] [launch]: Default logging verbosity is set to INFO
[INFO] [gzserver-1]: process started with pid [39483]
[INFO] [robot_state_publisher-2]: process started with pid [39485]
[INFO] [spawner-3]: process started with pid [39487]
[INFO] [spawner-4]: process started with pid [39489]
[INFO] [spawn_entity.py-5]: process started with pid [39491]
[INFO] [ros2-6]: process started with pid [39493]
[INFO] [ros2-7]: process started with pid [39495]
[INFO] [ros2-8]: process started with pid [39497]
[INFO] [ros2-9]: process started with pid [39499]
[INFO] [ros2-10]: process started with pid [39501]
[INFO] [ros2-11]: process started with pid [39503]
[INFO] [ros2-12]: process started with pid [39505]
[robot_state_publisher-2] [INFO] [1781133287.615447728] [robot_state_publisher_node]: got segment base_footprint
[robot_state_publisher-2] [INFO] [1781133287.615641569] [robot_state_publisher_node]: got segment base_link
[robot_state_publisher-2] [INFO] [1781133287.615663019] [robot_state_publisher_node]: got segment base_scan
[robot_state_publisher-2] [INFO] [1781133287.615672825] [robot_state_publisher_node]: got segment caster_wheel
[robot_state_publisher-2] [INFO] [1781133287.615681746] [robot_state_publisher_node]: got segment imu_link
[robot_state_publisher-2] [INFO] [1781133287.615689572] [robot_state_publisher_node]: got segment rotating_frame_link
[robot_state_publisher-2] [INFO] [1781133287.615698018] [robot_state_publisher_node]: got segment sensor_link
[robot_state_publisher-2] [INFO] [1781133287.615706513] [robot_state_publisher_node]: got segment wheel_left_link
[robot_state_publisher-2] [INFO] [1781133287.615714578] [robot_state_publisher_node]: got segment wheel_right_link
[spawner-3] [INFO] [1781133288.109700423] [spawner_joint_state_broadcaster]: waiting for service /controller_manager/list_controllers to become available...
[spawner-4] [INFO] [1781133288.166850785] [spawner_velocity_controller]: waiting for service /controller_manager/list_controllers to become available...
[gzserver-1] Gazebo multi-robot simulator, version 11.10.2
[gzserver-1] Copyright (C) 2012 Open Source Robotics Foundation.
[gzserver-1] Released under the Apache 2 License.
[gzserver-1] http://gazebosim.org
[gzserver-1] 
[spawn_entity.py-5] [INFO] [1781133288.326994692] [spawn_entity]: Spawn Entity started
[spawn_entity.py-5] [INFO] [1781133288.328758067] [spawn_entity]: Loading entity published on topic /robot_description
[spawn_entity.py-5] [INFO] [1781133288.333373173] [spawn_entity]: Waiting for entity xml on /robot_description
[spawn_entity.py-5] [INFO] [1781133288.587638337] [spawn_entity]: Waiting for service /spawn_entity, timeout = 30
[spawn_entity.py-5] [INFO] [1781133288.588228274] [spawn_entity]: Waiting for service /spawn_entity
[gzserver-1] [1;33m[Wrn] [gazebo_ros_init.cpp:178] [0m[1;33m
[gzserver-1] #     # ####### ####### ###  #####  #######
[gzserver-1] ##    # #     #    #     #  #     # #
[gzserver-1] # #   # #     #    #     #  #       #
[gzserver-1] #  #  # #     #    #     #  #       #####
[gzserver-1] #   # # #     #    #     #  #       #
[gzserver-1] #    ## #     #    #     #  #     # #
[gzserver-1] #     # #######    #    ###  #####  #######
[gzserver-1] 
[gzserver-1] This version of Gazebo, now called Gazebo classic, reaches end-of-life
[gzserver-1] in January 2025. Users are highly encouraged to migrate to the new Gazebo
[gzserver-1] using our migration guides (https://gazebosim.org/docs/latest/gazebo_classic_migration?utm_source=gazebo_ros_pkgs&utm_medium=cli)
[gzserver-1] 
[gzserver-1] [0m[1;33m
[spawn_entity.py-5] [INFO] [1781133289.344245521] [spawn_entity]: Calling service /spawn_entity
[spawn_entity.py-5] [INFO] [1781133289.524860324] [spawn_entity]: Spawn status: SpawnEntity: Successfully spawned entity [turtlebot3]
[gzserver-1] [0m[1;33m[0m[1;33m[0m[INFO] [1781133289.545915186] [turtlebot3_diff_drive]: Wheel pair 1 separation set to [0.160000m]
[gzserver-1] [INFO] [1781133289.546444512] [turtlebot3_diff_drive]: Wheel pair 1 diameter set to [0.066000m]
[gzserver-1] [INFO] [1781133289.548298811] [turtlebot3_diff_drive]: Subscribed to [/cmd_vel]
[gzserver-1] [INFO] [1781133289.550758152] [turtlebot3_diff_drive]: Advertise odometry on [/odom]
[gzserver-1] [INFO] [1781133289.553705903] [turtlebot3_diff_drive]: Publishing odom transforms between [odom] and [base_footprint]
[gzserver-1] [INFO] [1781133289.565604884] [turtlebot3_joint_state]: Going to publish joint [rotating_frame_joint]
[gzserver-1] [INFO] [1781133289.590476342] [gazebo_ros2_control]: Loading gazebo_ros2_control plugin
[gzserver-1] [INFO] [1781133289.595305306] [gazebo_ros2_control]: Starting gazebo_ros2_control plugin in namespace: /
[gzserver-1] [INFO] [1781133289.595342826] [gazebo_ros2_control]: Starting gazebo_ros2_control plugin in ros 2 node: gazebo_ros2_control
[gzserver-1] [INFO] [1781133289.599874979] [gazebo_ros2_control]: connected to service!! /robot_state_publisher_node
[gzserver-1] [INFO] [1781133289.600415692] [gazebo_ros2_control]: Received urdf from param server, parsing...
[gzserver-1] [INFO] [1781133289.601857146] [gazebo_ros2_control]: Loading parameter files /home/mattb/dsim-lab/ros2_ws/install/turtlebot3_rotating_sensor/share/turtlebot3_rotating_sensor/controller_config/joint_controller.yaml
[gzserver-1] [INFO] [1781133289.613238532] [gazebo_ros2_control]: Loading joint: rotating_frame_joint
[gzserver-1] [INFO] [1781133289.613285403] [gazebo_ros2_control]: 	State:
[gzserver-1] [INFO] [1781133289.613305006] [gazebo_ros2_control]: 		 position
[gzserver-1] [INFO] [1781133289.613323216] [gazebo_ros2_control]: 			 found initial value: 0.000000
[gzserver-1] [INFO] [1781133289.613341582] [gazebo_ros2_control]: 		 velocity
[gzserver-1] [INFO] [1781133289.613353848] [gazebo_ros2_control]: 			 found initial value: 0.000000
[gzserver-1] [INFO] [1781133289.613367010] [gazebo_ros2_control]: 	Command:
[gzserver-1] [INFO] [1781133289.613391648] [gazebo_ros2_control]: 		 velocity
[gzserver-1] [INFO] [1781133289.613598966] [resource_manager]: Initialize hardware 'GazeboSystem' 
[gzserver-1] [INFO] [1781133289.613755569] [resource_manager]: Successful initialization of hardware 'GazeboSystem'
[gzserver-1] [INFO] [1781133289.613851307] [resource_manager]: 'configure' hardware 'GazeboSystem' 
[gzserver-1] [INFO] [1781133289.613864339] [resource_manager]: Successful 'configure' of hardware 'GazeboSystem'
[gzserver-1] [INFO] [1781133289.613873188] [resource_manager]: 'activate' hardware 'GazeboSystem' 
[gzserver-1] [INFO] [1781133289.613882673] [resource_manager]: Successful 'activate' of hardware 'GazeboSystem'
[gzserver-1] [INFO] [1781133289.613947556] [gazebo_ros2_control]: Loading controller_manager
[gzserver-1] [WARN] [1781133289.636155371] [gazebo_ros2_control]:  Desired controller update period (0.01 s) is slower than the gazebo simulation period (0.001 s).
[gzserver-1] [INFO] [1781133289.636307770] [gazebo_ros2_control]: Loaded gazebo_ros2_control.
[INFO] [spawn_entity.py-5]: process has finished cleanly [pid 39491]
[gzserver-1] [INFO] [1781133289.670783309] [controller_manager]: Loading controller 'velocity_controller'
[spawner-4] [INFO] [1781133289.691124606] [spawner_velocity_controller]: [94mLoaded [1mvelocity_controller[0m
[gzserver-1] [INFO] [1781133289.692097920] [controller_manager]: Configuring controller 'velocity_controller'
[gzserver-1] [INFO] [1781133289.693868390] [velocity_controller]: configure successful
[gzserver-1] [INFO] [1781133289.700504915] [velocity_controller]: activate successful
[spawner-4] [INFO] [1781133289.704545728] [spawner_velocity_controller]: [92mConfigured and activated [1mvelocity_controller[0m
[INFO] [spawner-4]: process has finished cleanly [pid 39489]
[gzserver-1] [INFO] [1781133289.864527892] [controller_manager]: Loading controller 'joint_state_broadcaster'
[spawner-3] [INFO] [1781133289.878308019] [spawner_joint_state_broadcaster]: [94mLoaded [1mjoint_state_broadcaster[0m
[gzserver-1] [INFO] [1781133289.879472876] [controller_manager]: Configuring controller 'joint_state_broadcaster'
[gzserver-1] [INFO] [1781133289.879587910] [joint_state_broadcaster]: 'joints' or 'interfaces' parameter is empty. All available state interfaces will be published
[spawner-3] [INFO] [1781133289.894511553] [spawner_joint_state_broadcaster]: [92mConfigured and activated [1mjoint_state_broadcaster[0m
[INFO] [spawner-3]: process has finished cleanly [pid 39487]
[gzserver-1] [1;32m[Msg] [0m[1;32mWaiting for master.[0m[1;32m
[gzserver-1] [0m[1;32m[0m[1;32m[0m[1;32m[Msg] [0m[1;32mConnected to gazebo master @ [0m[1;32mhttp://127.0.0.1:11617[0m[1;32m
[gzserver-1] [0m[1;32m[0m[1;32m[0m[1;32m[Msg] [0m[1;32mPublicized address: [0m[1;32m10.130.191.118[0m[1;32m
[gzserver-1] [0m[1;32m[0m[1;32m[0m[1;32m[Msg] [0m[1;32mLoading world file [[0m[1;32m/home/mattb/dsim-lab/ros2_ws/src/turtlebot3_rotating_sensor/worlds/gazebo_empty.world[0m[1;32m][0m[1;32m
[ros2-8] /home/mattb/dsim-lab/ros2_ws/install/ros_esc/lib/python3.10/site-packages/ros_esc/sensor_pose_node/sensor_pose_node_script.py:252: RuntimeWarning: invalid value encountered in sqrt
[ros2-8]   mag_q1 = np.sqrt((1+r11-r22-r33)/4)
