Running HBESC scenario: /home/mattb/dsim-lab/experiments/hbesc_gaussian_fill_study/results/runs/20260610T000449Z_phase3_qrt_c_slow_execute/configs/scenario_used.json
Scenario name: phase3_qrt_c_slow
Description: Phase 3 physical-limit lower-bound on representative convex quartic.
Starting >>> ros_esc
Starting >>> ros_esc_interfaces
Starting >>> turtlebot3_rotating_sensor
Finished <<< turtlebot3_rotating_sensor [0.78s]
Finished <<< ros_esc_interfaces [1.57s]
Finished <<< ros_esc [2.10s]

Summary: 3 packages finished [2.79s]
[INFO] [launch]: All log files can be found below /home/mattb/dsim-lab/experiments/hbesc_gaussian_fill_study/results/runs/20260610T000449Z_phase3_qrt_c_slow_execute/logs/ros/2026-06-09-17-04-53-963274-ubuntu-ssd-30846
[INFO] [launch]: Default logging verbosity is set to INFO
[INFO] [gazebo-1]: process started with pid [30858]
[INFO] [robot_state_publisher-2]: process started with pid [30860]
[INFO] [spawner-3]: process started with pid [30862]
[INFO] [spawner-4]: process started with pid [30864]
[INFO] [spawn_entity.py-5]: process started with pid [30866]
[INFO] [ros2-6]: process started with pid [30868]
[INFO] [ros2-7]: process started with pid [30870]
[INFO] [ros2-8]: process started with pid [30872]
[INFO] [ros2-9]: process started with pid [30874]
[INFO] [ros2-10]: process started with pid [30876]
[INFO] [ros2-11]: process started with pid [30878]
[INFO] [ros2-12]: process started with pid [30882]
[robot_state_publisher-2] [INFO] [1781049894.731554343] [robot_state_publisher_node]: got segment base_footprint
[robot_state_publisher-2] [INFO] [1781049894.731780490] [robot_state_publisher_node]: got segment base_link
[robot_state_publisher-2] [INFO] [1781049894.731797398] [robot_state_publisher_node]: got segment base_scan
[robot_state_publisher-2] [INFO] [1781049894.731808274] [robot_state_publisher_node]: got segment caster_wheel
[robot_state_publisher-2] [INFO] [1781049894.731818685] [robot_state_publisher_node]: got segment imu_link
[robot_state_publisher-2] [INFO] [1781049894.731827196] [robot_state_publisher_node]: got segment rotating_frame_link
[robot_state_publisher-2] [INFO] [1781049894.731835239] [robot_state_publisher_node]: got segment sensor_link
[robot_state_publisher-2] [INFO] [1781049894.731843663] [robot_state_publisher_node]: got segment wheel_left_link
[robot_state_publisher-2] [INFO] [1781049894.731854526] [robot_state_publisher_node]: got segment wheel_right_link
[spawner-3] [INFO] [1781049895.664473854] [spawner_joint_state_broadcaster]: waiting for service /controller_manager/list_controllers to become available...
[spawner-4] [INFO] [1781049895.981826022] [spawner_velocity_controller]: waiting for service /controller_manager/list_controllers to become available...
[spawn_entity.py-5] [INFO] [1781049896.012119252] [spawn_entity]: Spawn Entity started
[spawn_entity.py-5] [INFO] [1781049896.012892359] [spawn_entity]: Loading entity published on topic /robot_description
[spawn_entity.py-5] [INFO] [1781049896.020447606] [spawn_entity]: Waiting for entity xml on /robot_description
[gazebo-1] Gazebo multi-robot simulator, version 11.10.2
[gazebo-1] Copyright (C) 2012 Open Source Robotics Foundation.
[gazebo-1] Released under the Apache 2 License.
[gazebo-1] http://gazebosim.org
[gazebo-1] 
[gazebo-1] Gazebo multi-robot simulator, version 11.10.2
[gazebo-1] Copyright (C) 2012 Open Source Robotics Foundation.
[gazebo-1] Released under the Apache 2 License.
[gazebo-1] http://gazebosim.org
[gazebo-1] 
[spawn_entity.py-5] [INFO] [1781049896.492681706] [spawn_entity]: Waiting for service /spawn_entity, timeout = 30
[spawn_entity.py-5] [INFO] [1781049896.497933672] [spawn_entity]: Waiting for service /spawn_entity
[gazebo-1] [1;33m[Wrn] [gazebo_ros_init.cpp:178] [0m[1;33m
[gazebo-1] #     # ####### ####### ###  #####  #######
[gazebo-1] ##    # #     #    #     #  #     # #
[gazebo-1] # #   # #     #    #     #  #       #
[gazebo-1] #  #  # #     #    #     #  #       #####
[gazebo-1] #   # # #     #    #     #  #       #
[gazebo-1] #    ## #     #    #     #  #     # #
[gazebo-1] #     # #######    #    ###  #####  #######
[gazebo-1] 
[gazebo-1] This version of Gazebo, now called Gazebo classic, reaches end-of-life
[gazebo-1] in January 2025. Users are highly encouraged to migrate to the new Gazebo
[gazebo-1] using our migration guides (https://gazebosim.org/docs/latest/gazebo_classic_migration?utm_source=gazebo_ros_pkgs&utm_medium=cli)
[gazebo-1] 
[gazebo-1] [0m[1;33m
[gazebo-1] [1;32m[Msg] [0m[1;32mWaiting for master.[0m[1;32m
[gazebo-1] [0m[1;32m[0m[1;32m[0m[1;32m[Msg] [0m[1;32mConnected to gazebo master @ [0m[1;32mhttp://127.0.0.1:11930[0m[1;32m
[gazebo-1] [0m[1;32m[0m[1;32m[0m[1;32m[Msg] [0m[1;32mPublicized address: [0m[1;32m192.168.44.106[0m[1;32m
[gazebo-1] [0m[1;33m[0m[1;33m[0m[1;33m[Wrn] [FuelModelDatabase.cc:313] [0m[1;33mURI not supported by Fuel [[0m[1;33mworlds/gazebo_empty.world[0m[1;33m][0m[1;33m
[gazebo-1] [0m[1;33m[0m[1;33m[0m[1;33m[Wrn] [SystemPaths.cc:459] [0m[1;33mFile or path does not exist [[0m[1;33m""[0m[1;33m] [[0m[1;33mworlds/gazebo_empty.world[0m[1;33m][0m[1;33m
[gazebo-1] [0m[1;33m[0m[1;33m[0m[1;31m[Err] [Server.cc:472] [0m[1;31mCould not open file[[0m[1;31mworlds/gazebo_empty.world[0m[1;31m]
[gazebo-1] [0m[1;33m[Wrn] [Server.cc:381] [0m[1;33mFalling back on worlds/empty.world
[spawn_entity.py-5] [INFO] [1781049897.769293934] [spawn_entity]: Calling service /spawn_entity
[spawn_entity.py-5] [INFO] [1781049898.119455770] [spawn_entity]: Spawn status: SpawnEntity: Successfully spawned entity [turtlebot3]
[gazebo-1] [0m[INFO] [1781049898.160466957] [turtlebot3_diff_drive]: Wheel pair 1 separation set to [0.160000m]
[gazebo-1] [INFO] [1781049898.161044498] [turtlebot3_diff_drive]: Wheel pair 1 diameter set to [0.066000m]
[gazebo-1] [INFO] [1781049898.162829593] [turtlebot3_diff_drive]: Subscribed to [/cmd_vel]
[gazebo-1] [INFO] [1781049898.168941191] [turtlebot3_diff_drive]: Advertise odometry on [/odom]
[gazebo-1] [INFO] [1781049898.173450582] [turtlebot3_diff_drive]: Publishing odom transforms between [odom] and [base_footprint]
[gazebo-1] [INFO] [1781049898.198068359] [turtlebot3_joint_state]: Going to publish joint [rotating_frame_joint]
[gazebo-1] [INFO] [1781049898.244873562] [gazebo_ros2_control]: Loading gazebo_ros2_control plugin
[gazebo-1] [INFO] [1781049898.256644056] [gazebo_ros2_control]: Starting gazebo_ros2_control plugin in namespace: /
[gazebo-1] [INFO] [1781049898.256715796] [gazebo_ros2_control]: Starting gazebo_ros2_control plugin in ros 2 node: gazebo_ros2_control
[gazebo-1] [INFO] [1781049898.264892914] [gazebo_ros2_control]: connected to service!! /robot_state_publisher_node
[gazebo-1] [INFO] [1781049898.267171950] [gazebo_ros2_control]: Received urdf from param server, parsing...
[gazebo-1] [INFO] [1781049898.267662423] [gazebo_ros2_control]: Loading parameter files /home/mattb/dsim-lab/ros2_ws/install/turtlebot3_rotating_sensor/share/turtlebot3_rotating_sensor/controller_config/joint_controller.yaml
[gazebo-1] [INFO] [1781049898.284188383] [gazebo_ros2_control]: Loading joint: rotating_frame_joint
[gazebo-1] [INFO] [1781049898.284321498] [gazebo_ros2_control]: 	State:
[gazebo-1] [INFO] [1781049898.284350484] [gazebo_ros2_control]: 		 position
[gazebo-1] [INFO] [1781049898.284373270] [gazebo_ros2_control]: 			 found initial value: 0.000000
[gazebo-1] [INFO] [1781049898.284396670] [gazebo_ros2_control]: 		 velocity
[gazebo-1] [INFO] [1781049898.284409995] [gazebo_ros2_control]: 			 found initial value: 0.000000
[gazebo-1] [INFO] [1781049898.284423954] [gazebo_ros2_control]: 	Command:
[gazebo-1] [INFO] [1781049898.284457361] [gazebo_ros2_control]: 		 velocity
[gazebo-1] [INFO] [1781049898.285019514] [resource_manager]: Initialize hardware 'GazeboSystem' 
[gazebo-1] [INFO] [1781049898.285283216] [resource_manager]: Successful initialization of hardware 'GazeboSystem'
[gazebo-1] [INFO] [1781049898.285445061] [resource_manager]: 'configure' hardware 'GazeboSystem' 
[gazebo-1] [INFO] [1781049898.285464611] [resource_manager]: Successful 'configure' of hardware 'GazeboSystem'
[gazebo-1] [INFO] [1781049898.285475608] [resource_manager]: 'activate' hardware 'GazeboSystem' 
[gazebo-1] [INFO] [1781049898.285486622] [resource_manager]: Successful 'activate' of hardware 'GazeboSystem'
[gazebo-1] [INFO] [1781049898.285593916] [gazebo_ros2_control]: Loading controller_manager
[gazebo-1] [WARN] [1781049898.332039162] [gazebo_ros2_control]:  Desired controller update period (0.01 s) is slower than the gazebo simulation period (0.001 s).
[gazebo-1] [INFO] [1781049898.333527041] [gazebo_ros2_control]: Loaded gazebo_ros2_control.
[INFO] [spawn_entity.py-5]: process has finished cleanly [pid 30866]
[gazebo-1] [INFO] [1781049898.424007229] [controller_manager]: Loading controller 'joint_state_broadcaster'
[spawner-3] [INFO] [1781049898.459925659] [spawner_joint_state_broadcaster]: [94mLoaded [1mjoint_state_broadcaster[0m
[gazebo-1] [INFO] [1781049898.462142538] [controller_manager]: Configuring controller 'joint_state_broadcaster'
[gazebo-1] [INFO] [1781049898.463140874] [joint_state_broadcaster]: 'joints' or 'interfaces' parameter is empty. All available state interfaces will be published
[spawner-3] [INFO] [1781049898.500425794] [spawner_joint_state_broadcaster]: [92mConfigured and activated [1mjoint_state_broadcaster[0m
[gazebo-1] [INFO] [1781049898.503373967] [controller_manager]: Loading controller 'velocity_controller'
[spawner-4] [INFO] [1781049898.555738966] [spawner_velocity_controller]: [94mLoaded [1mvelocity_controller[0m
[gazebo-1] [INFO] [1781049898.557766863] [controller_manager]: Configuring controller 'velocity_controller'
[gazebo-1] [INFO] [1781049898.563674437] [velocity_controller]: configure successful
[gazebo-1] [INFO] [1781049898.585724043] [velocity_controller]: activate successful
[spawner-4] [INFO] [1781049898.598804102] [spawner_velocity_controller]: [92mConfigured and activated [1mvelocity_controller[0m
[INFO] [spawner-3]: process has finished cleanly [pid 30862]
[INFO] [spawner-4]: process has finished cleanly [pid 30864]
[ros2-12] No artists with labels found to put in legend.  Note that artists whose label start with an underscore are ignored when legend() is called with no argument.
[gazebo-1] [0m[1;32m[0m[1;32m[0m[1;32m[Msg] [0m[1;32mLoading world file [[0m[1;32m/usr/share/gazebo-11/worlds/empty.world[0m[1;32m][0m[1;32m
[ros2-8] /home/mattb/dsim-lab/ros2_ws/install/ros_esc/lib/python3.10/site-packages/ros_esc/sensor_pose_node/sensor_pose_node_script.py:253: RuntimeWarning: invalid value encountered in sqrt
[ros2-8]   mag_q2 = np.sqrt((1-r11+r22-r33)/4)
[ros2-8] /home/mattb/dsim-lab/ros2_ws/install/ros_esc/lib/python3.10/site-packages/ros_esc/sensor_pose_node/sensor_pose_node_script.py:252: RuntimeWarning: invalid value encountered in sqrt
[ros2-8]   mag_q1 = np.sqrt((1+r11-r22-r33)/4)
