[0.243s] Invoking command in '/home/mattb/ros2_ws/build/turtlebot3_rotating_sensor': CMAKE_PREFIX_PATH=${CMAKE_PREFIX_PATH}:/home/mattb/ros2_ws/install/ros_esc:/opt/ros/humble /usr/bin/cmake /home/mattb/ros2_ws/src/turtlebot3_rotating_sensor -DCMAKE_INSTALL_PREFIX=/home/mattb/ros2_ws/install/turtlebot3_rotating_sensor
[0.252s] -- Found ament_cmake: 1.3.12 (/opt/ros/humble/share/ament_cmake/cmake)
[0.391s] -- Found urdf: 2.6.1 (/opt/ros/humble/share/urdf/cmake)
[0.427s] -- Found rclpy: 3.3.17 (/opt/ros/humble/share/rclpy/cmake)
[0.427s] -- Found gazebo_ros: 3.9.0 (/opt/ros/humble/share/gazebo_ros/cmake)
[0.445s] -- Found rosidl_generator_c: 3.1.7 (/opt/ros/humble/share/rosidl_generator_c/cmake)
[0.447s] -- Found rosidl_adapter: 3.1.7 (/opt/ros/humble/share/rosidl_adapter/cmake)
[0.452s] -- Found rosidl_generator_cpp: 3.1.7 (/opt/ros/humble/share/rosidl_generator_cpp/cmake)
[0.460s] -- Using all available rosidl_typesupport_c: rosidl_typesupport_fastrtps_c;rosidl_typesupport_introspection_c
[0.469s] -- Using all available rosidl_typesupport_cpp: rosidl_typesupport_fastrtps_cpp;rosidl_typesupport_introspection_cpp
[0.499s] -- Found rmw_implementation_cmake: 6.1.2 (/opt/ros/humble/share/rmw_implementation_cmake/cmake)
[0.501s] -- Found rmw_fastrtps_cpp: 6.2.9 (/opt/ros/humble/share/rmw_fastrtps_cpp/cmake)
[0.522s] -- Found TinyXML2 via Config file: TinyXML2_DIR-NOTFOUND
[0.530s] -- Found TinyXML2 via Config file: TinyXML2_DIR-NOTFOUND
[0.544s] -- Found TinyXML2 via Config file: TinyXML2_DIR-NOTFOUND
[0.551s] -- Found TinyXML2 via Config file: TinyXML2_DIR-NOTFOUND
[0.561s] -- Using RMW implementation 'rmw_fastrtps_cpp' as default
[0.647s] -- Found DART: /usr/include (Required is at least version "6.6") found components: dart 
[0.676s] -- Found Protobuf: /usr/lib/x86_64-linux-gnu/libprotobuf.so (found version "3.12.4") 
[0.678s] -- Looking for ignition-math6 -- found version 6.15.1
[0.681s] -- Searching for dependencies of ignition-math6
[0.682s] -- Looking for OGRE...
[0.687s] -- Found Ogre Ghadamon (1.9.0)
[0.688s] -- Found OGRE: optimized;/usr/lib/x86_64-linux-gnu/libOgreMain.so;debug;/usr/lib/x86_64-linux-gnu/libOgreMain.so
[0.697s] -- Looking for OGRE_Paging...
[0.698s] -- Found OGRE_Paging: optimized;/usr/lib/x86_64-linux-gnu/libOgrePaging.so;debug;/usr/lib/x86_64-linux-gnu/libOgrePaging.so
[0.698s] -- Looking for OGRE_Terrain...
[0.698s] -- Found OGRE_Terrain: optimized;/usr/lib/x86_64-linux-gnu/libOgreTerrain.so;debug;/usr/lib/x86_64-linux-gnu/libOgreTerrain.so
[0.698s] -- Looking for OGRE_Property...
[0.698s] -- Found OGRE_Property: optimized;/usr/lib/x86_64-linux-gnu/libOgreProperty.so;debug;/usr/lib/x86_64-linux-gnu/libOgreProperty.so
[0.698s] -- Looking for OGRE_RTShaderSystem...
[0.698s] -- Found OGRE_RTShaderSystem: optimized;/usr/lib/x86_64-linux-gnu/libOgreRTShaderSystem.so;debug;/usr/lib/x86_64-linux-gnu/libOgreRTShaderSystem.so
[0.698s] -- Looking for OGRE_Volume...
[0.698s] -- Found OGRE_Volume: optimized;/usr/lib/x86_64-linux-gnu/libOgreVolume.so;debug;/usr/lib/x86_64-linux-gnu/libOgreVolume.so
[0.699s] -- Looking for OGRE_Overlay...
[0.699s] -- Found OGRE_Overlay: optimized;/usr/lib/x86_64-linux-gnu/libOgreOverlay.so;debug;/usr/lib/x86_64-linux-gnu/libOgreOverlay.so
[0.793s] -- Looking for ignition-math6 -- found version 6.15.1
[0.793s] -- Looking for ignition-transport8 -- found version 8.2.1
[0.794s] -- Searching for dependencies of ignition-transport8
[0.811s] -- Found Protobuf: /usr/lib/x86_64-linux-gnu/libprotobuf.so (found suitable version "3.12.4", minimum required is "3") 
[0.821s] -- Config-file not installed for ZeroMQ -- checking for pkg-config
[0.825s] -- Checking for module 'libzmq >= 4'
[0.836s] --   Found libzmq , version 4.3.4
[0.869s] -- Checking for module 'uuid'
[0.880s] --   Found uuid, version 2.37.2
[0.913s] -- Looking for ignition-msgs5 -- found version 5.8.1
[0.914s] -- Searching for dependencies of ignition-msgs5
[0.931s] -- Looking for ignition-math6 -- found version 6.15.1
[0.938s] -- Looking for ignition-msgs5 -- found version 5.8.1
[0.939s] -- Looking for ignition-common3 -- found version 3.14.0
[0.939s] -- Searching for dependencies of ignition-common3
[0.940s] -- Looking for dlfcn.h - found
[0.940s] -- Looking for libdl - found
[0.950s] -- Searching for <ignition-common3> component [graphics]
[0.950s] -- Looking for ignition-common3-graphics -- found version 3.14.0
[0.951s] -- Searching for dependencies of ignition-common3-graphics
[0.951s] -- Looking for ignition-math6 -- found version 6.15.1
[0.952s] -- Looking for ignition-fuel_tools4 -- found version 4.4.0
[0.953s] -- Searching for dependencies of ignition-fuel_tools4
[0.984s] -- Checking for module 'jsoncpp'
[0.994s] --   Found jsoncpp, version 1.9.5
[1.029s] -- Checking for module 'libzip'
[1.039s] --   Found libzip, version 1.7.3
[1.065s] -- Looking for ignition-common3 -- found version 3.14.0
[1.065s] -- Looking for ignition-math6 -- found version 6.15.1
[1.066s] -- Looking for ignition-msgs5 -- found version 5.8.1
[1.067s] -- Gazebo version: 11.10
[1.068s] -- Found xacro: 2.1.1 (/opt/ros/humble/share/xacro/cmake)
[1.069s] -- Found ros2_control: 2.52.0 (/opt/ros/humble/share/ros2_control/cmake)
[1.070s] -- Found gazebo_ros2_control: 0.4.10 (/opt/ros/humble/share/gazebo_ros2_control/cmake)
[1.233s] -- Found joint_state_broadcaster: 2.50.1 (/opt/ros/humble/share/joint_state_broadcaster/cmake)
[1.255s] -- Found joint_trajectory_controller: 2.50.1 (/opt/ros/humble/share/joint_trajectory_controller/cmake)
[1.280s] -- Found velocity_controllers: 2.50.1 (/opt/ros/humble/share/velocity_controllers/cmake)
[1.292s] -- Found ament_lint_auto: 0.12.14 (/opt/ros/humble/share/ament_lint_auto/cmake)
[1.363s] -- Added test 'flake8' to check Python code syntax and style conventions
[1.364s] -- Added test 'lint_cmake' to check CMake code style
[1.365s] -- Added test 'pep257' to check Python code against some of the docstring style conventions in PEP 257
[1.369s] -- Added test 'xmllint' to check XML markup files
[1.370s] -- Configuring done
[1.376s] -- Generating done
[1.379s] -- Build files have been written to: /home/mattb/ros2_ws/build/turtlebot3_rotating_sensor
[1.390s] Invoked command in '/home/mattb/ros2_ws/build/turtlebot3_rotating_sensor' returned '0': CMAKE_PREFIX_PATH=${CMAKE_PREFIX_PATH}:/home/mattb/ros2_ws/install/ros_esc:/opt/ros/humble /usr/bin/cmake /home/mattb/ros2_ws/src/turtlebot3_rotating_sensor -DCMAKE_INSTALL_PREFIX=/home/mattb/ros2_ws/install/turtlebot3_rotating_sensor
[1.390s] Invoking command in '/home/mattb/ros2_ws/build/turtlebot3_rotating_sensor': CMAKE_PREFIX_PATH=${CMAKE_PREFIX_PATH}:/home/mattb/ros2_ws/install/ros_esc:/opt/ros/humble /usr/bin/cmake --build /home/mattb/ros2_ws/build/turtlebot3_rotating_sensor -- -j12 -l12
[1.431s] Invoked command in '/home/mattb/ros2_ws/build/turtlebot3_rotating_sensor' returned '0': CMAKE_PREFIX_PATH=${CMAKE_PREFIX_PATH}:/home/mattb/ros2_ws/install/ros_esc:/opt/ros/humble /usr/bin/cmake --build /home/mattb/ros2_ws/build/turtlebot3_rotating_sensor -- -j12 -l12
[1.433s] Invoking command in '/home/mattb/ros2_ws/build/turtlebot3_rotating_sensor': CMAKE_PREFIX_PATH=${CMAKE_PREFIX_PATH}:/home/mattb/ros2_ws/install/ros_esc:/opt/ros/humble /usr/bin/cmake --install /home/mattb/ros2_ws/build/turtlebot3_rotating_sensor
[1.439s] -- Install configuration: ""
[1.439s] -- Installing: /home/mattb/ros2_ws/install/turtlebot3_rotating_sensor/share/turtlebot3_rotating_sensor/urdf
[1.439s] -- Installing: /home/mattb/ros2_ws/install/turtlebot3_rotating_sensor/share/turtlebot3_rotating_sensor/urdf/turtlebot3_rotating_sensor.urdf
[1.439s] -- Installing: /home/mattb/ros2_ws/install/turtlebot3_rotating_sensor/share/turtlebot3_rotating_sensor/rviz_config
[1.439s] -- Installing: /home/mattb/ros2_ws/install/turtlebot3_rotating_sensor/share/turtlebot3_rotating_sensor/rviz_config/README.md
[1.440s] -- Installing: /home/mattb/ros2_ws/install/turtlebot3_rotating_sensor/share/turtlebot3_rotating_sensor/rviz_config/urdf_vis.rviz
[1.440s] -- Installing: /home/mattb/ros2_ws/install/turtlebot3_rotating_sensor/share/turtlebot3_rotating_sensor/launch
[1.440s] -- Installing: /home/mattb/ros2_ws/install/turtlebot3_rotating_sensor/share/turtlebot3_rotating_sensor/launch/gazebo.launch.xml
[1.440s] -- Installing: /home/mattb/ros2_ws/install/turtlebot3_rotating_sensor/share/turtlebot3_rotating_sensor/launch/robot_description.launch.py
[1.440s] -- Installing: /home/mattb/ros2_ws/install/turtlebot3_rotating_sensor/share/turtlebot3_rotating_sensor/launch/control.launch.py
[1.440s] -- Installing: /home/mattb/ros2_ws/install/turtlebot3_rotating_sensor/share/turtlebot3_rotating_sensor/launch/empty_world.launch.py
[1.440s] -- Installing: /home/mattb/ros2_ws/install/turtlebot3_rotating_sensor/share/turtlebot3_rotating_sensor/launch/rviz.launch.xml
[1.440s] -- Installing: /home/mattb/ros2_ws/install/turtlebot3_rotating_sensor/share/turtlebot3_rotating_sensor/launch/rviz.launch.py
[1.440s] -- Installing: /home/mattb/ros2_ws/install/turtlebot3_rotating_sensor/share/turtlebot3_rotating_sensor/controller_config
[1.440s] -- Installing: /home/mattb/ros2_ws/install/turtlebot3_rotating_sensor/share/turtlebot3_rotating_sensor/controller_config/README.md
[1.440s] -- Installing: /home/mattb/ros2_ws/install/turtlebot3_rotating_sensor/share/turtlebot3_rotating_sensor/controller_config/joint_controller.yaml
[1.440s] -- Installing: /home/mattb/ros2_ws/install/turtlebot3_rotating_sensor/share/turtlebot3_rotating_sensor/worlds
[1.440s] -- Installing: /home/mattb/ros2_ws/install/turtlebot3_rotating_sensor/share/turtlebot3_rotating_sensor/worlds/gazebo_empty.world
[1.440s] -- Installing: /home/mattb/ros2_ws/install/turtlebot3_rotating_sensor/share/turtlebot3_rotating_sensor/models
[1.441s] -- Installing: /home/mattb/ros2_ws/install/turtlebot3_rotating_sensor/share/turtlebot3_rotating_sensor/models/model.config
[1.441s] -- Installing: /home/mattb/ros2_ws/install/turtlebot3_rotating_sensor/share/turtlebot3_rotating_sensor/meshes
[1.441s] -- Installing: /home/mattb/ros2_ws/install/turtlebot3_rotating_sensor/share/turtlebot3_rotating_sensor/meshes/rotating_frame_assembly.dae
[1.442s] -- Installing: /home/mattb/ros2_ws/install/turtlebot3_rotating_sensor/share/turtlebot3_rotating_sensor/meshes/turtlebot_vehicle_model.dae
[1.447s] -- Installing: /home/mattb/ros2_ws/install/turtlebot3_rotating_sensor/share/turtlebot3_rotating_sensor/meshes/lds.dae
[1.447s] -- Installing: /home/mattb/ros2_ws/install/turtlebot3_rotating_sensor/share/turtlebot3_rotating_sensor/meshes/tire.dae
[1.447s] -- Installing: /home/mattb/ros2_ws/install/turtlebot3_rotating_sensor/share/ament_index/resource_index/package_run_dependencies/turtlebot3_rotating_sensor
[1.447s] -- Installing: /home/mattb/ros2_ws/install/turtlebot3_rotating_sensor/share/ament_index/resource_index/parent_prefix_path/turtlebot3_rotating_sensor
[1.448s] -- Installing: /home/mattb/ros2_ws/install/turtlebot3_rotating_sensor/share/turtlebot3_rotating_sensor/environment/ament_prefix_path.sh
[1.448s] -- Installing: /home/mattb/ros2_ws/install/turtlebot3_rotating_sensor/share/turtlebot3_rotating_sensor/environment/ament_prefix_path.dsv
[1.448s] -- Installing: /home/mattb/ros2_ws/install/turtlebot3_rotating_sensor/share/turtlebot3_rotating_sensor/environment/path.sh
[1.448s] -- Installing: /home/mattb/ros2_ws/install/turtlebot3_rotating_sensor/share/turtlebot3_rotating_sensor/environment/path.dsv
[1.448s] -- Installing: /home/mattb/ros2_ws/install/turtlebot3_rotating_sensor/share/turtlebot3_rotating_sensor/local_setup.bash
[1.448s] -- Installing: /home/mattb/ros2_ws/install/turtlebot3_rotating_sensor/share/turtlebot3_rotating_sensor/local_setup.sh
[1.448s] -- Installing: /home/mattb/ros2_ws/install/turtlebot3_rotating_sensor/share/turtlebot3_rotating_sensor/local_setup.zsh
[1.448s] -- Installing: /home/mattb/ros2_ws/install/turtlebot3_rotating_sensor/share/turtlebot3_rotating_sensor/local_setup.dsv
[1.448s] -- Installing: /home/mattb/ros2_ws/install/turtlebot3_rotating_sensor/share/turtlebot3_rotating_sensor/package.dsv
[1.449s] -- Installing: /home/mattb/ros2_ws/install/turtlebot3_rotating_sensor/share/ament_index/resource_index/packages/turtlebot3_rotating_sensor
[1.449s] -- Installing: /home/mattb/ros2_ws/install/turtlebot3_rotating_sensor/share/turtlebot3_rotating_sensor/cmake/turtlebot3_rotating_sensorConfig.cmake
[1.449s] -- Installing: /home/mattb/ros2_ws/install/turtlebot3_rotating_sensor/share/turtlebot3_rotating_sensor/cmake/turtlebot3_rotating_sensorConfig-version.cmake
[1.449s] -- Installing: /home/mattb/ros2_ws/install/turtlebot3_rotating_sensor/share/turtlebot3_rotating_sensor/package.xml
[1.451s] Invoked command in '/home/mattb/ros2_ws/build/turtlebot3_rotating_sensor' returned '0': CMAKE_PREFIX_PATH=${CMAKE_PREFIX_PATH}:/home/mattb/ros2_ws/install/ros_esc:/opt/ros/humble /usr/bin/cmake --install /home/mattb/ros2_ws/build/turtlebot3_rotating_sensor
