Running HBESC scenario: /home/mattb/dsim-lab/experiments/hbesc_gaussian_fill_study/results/runs/20260610T005820Z_phase3_qrt_vwz_low_vx_real_wz_execute/configs/scenario_used.json
Scenario name: phase3_qrt_vwz_low_vx_real_wz
Description: Phase 3 vx/wz sensitivity: low vx limit with real angular limit on representative convex quartic.
Starting >>> ros_esc
Starting >>> ros_esc_interfaces
Starting >>> turtlebot3_rotating_sensor
Finished <<< turtlebot3_rotating_sensor [0.99s]
Finished <<< ros_esc_interfaces [2.80s]
Finished <<< ros_esc [2.86s]

Summary: 3 packages finished [3.82s]
[INFO] [launch]: All log files can be found below /home/mattb/dsim-lab/experiments/hbesc_gaussian_fill_study/results/runs/20260610T005820Z_phase3_qrt_vwz_low_vx_real_wz_execute/logs/ros/2026-06-09-17-58-27-667115-ubuntu-ssd-37834
[INFO] [launch]: Default logging verbosity is set to INFO
[INFO] [gazebo-1]: process started with pid [37867]
[INFO] [robot_state_publisher-2]: process started with pid [37869]
[INFO] [spawner-3]: process started with pid [37871]
[INFO] [spawner-4]: process started with pid [37873]
[INFO] [spawn_entity.py-5]: process started with pid [37875]
[INFO] [ros2-6]: process started with pid [37877]
[INFO] [ros2-7]: process started with pid [37879]
[INFO] [ros2-8]: process started with pid [37881]
[INFO] [ros2-9]: process started with pid [37885]
[INFO] [ros2-10]: process started with pid [37887]
[INFO] [ros2-11]: process started with pid [37889]
[INFO] [ros2-12]: process started with pid [37891]
[robot_state_publisher-2] [INFO] [1781053108.946386960] [robot_state_publisher_node]: got segment base_footprint
[robot_state_publisher-2] [INFO] [1781053108.946691524] [robot_state_publisher_node]: got segment base_link
[robot_state_publisher-2] [INFO] [1781053108.950605791] [robot_state_publisher_node]: got segment base_scan
[robot_state_publisher-2] [INFO] [1781053108.950652901] [robot_state_publisher_node]: got segment caster_wheel
[robot_state_publisher-2] [INFO] [1781053108.950666122] [robot_state_publisher_node]: got segment imu_link
[robot_state_publisher-2] [INFO] [1781053108.950677672] [robot_state_publisher_node]: got segment rotating_frame_link
[robot_state_publisher-2] [INFO] [1781053108.950693797] [robot_state_publisher_node]: got segment sensor_link
[robot_state_publisher-2] [INFO] [1781053108.950705163] [robot_state_publisher_node]: got segment wheel_left_link
[robot_state_publisher-2] [INFO] [1781053108.950715578] [robot_state_publisher_node]: got segment wheel_right_link
[gazebo-1] Gazebo multi-robot simulator, version 11.10.2
[gazebo-1] Copyright (C) 2012 Open Source Robotics Foundation.
[gazebo-1] Released under the Apache 2 License.
[gazebo-1] http://gazebosim.org
[gazebo-1] 
[spawner-3] [INFO] [1781053111.618037156] [spawner_joint_state_broadcaster]: waiting for service /controller_manager/list_controllers to become available...
[spawner-4] [INFO] [1781053111.639386449] [spawner_velocity_controller]: waiting for service /controller_manager/list_controllers to become available...
[spawn_entity.py-5] [INFO] [1781053111.683055369] [spawn_entity]: Spawn Entity started
[spawn_entity.py-5] [INFO] [1781053111.688911110] [spawn_entity]: Loading entity published on topic /robot_description
[spawn_entity.py-5] [INFO] [1781053111.698199238] [spawn_entity]: Waiting for entity xml on /robot_description
[spawn_entity.py-5] [INFO] [1781053111.712144246] [spawn_entity]: Waiting for service /spawn_entity, timeout = 30
[spawn_entity.py-5] [INFO] [1781053111.712919659] [spawn_entity]: Waiting for service /spawn_entity
[gazebo-1] Gazebo multi-robot simulator, version 11.10.2
[gazebo-1] Copyright (C) 2012 Open Source Robotics Foundation.
[gazebo-1] Released under the Apache 2 License.
[gazebo-1] http://gazebosim.org
[gazebo-1] 
[gazebo-1] [1;33m[Wrn] [gazebo_ros_init.cpp:178] [0m[1;33m
[gazebo-1] #     # ####### ####### ###  #####  #######
[gazebo-1] ##    # #     #    #     #  #     # #
[gazebo-1] # #   # #     #    #     #  #       #
[gazebo-1] #  #  # #     #    #     #  #       #####
[gazebo-1] #   # # #     #    #     #  #       #
[gazebo-1] #    ## #     #    #     #  #     # #
[gazebo-1] #     # #######    #    ###  #####  #######
[gazebo-1] 
[gazebo-1] This version of Gazebo, now called Gazebo classic, reaches end-of-life
[gazebo-1] in January 2025. Users are highly encouraged to migrate to the new Gazebo
[gazebo-1] using our migration guides (https://gazebosim.org/docs/latest/gazebo_classic_migration?utm_source=gazebo_ros_pkgs&utm_medium=cli)
[gazebo-1] 
[gazebo-1] [0m[1;33m
[gazebo-1] [1;32m[Msg] [0m[1;32mWaiting for master.[0m[1;32m
[gazebo-1] [0m[1;32m[0m[1;32m[0m[1;32m[Msg] [0m[1;32mConnected to gazebo master @ [0m[1;32mhttp://127.0.0.1:12257[0m[1;32m
[gazebo-1] [0m[1;32m[0m[1;32m[0m[1;32m[Msg] [0m[1;32mPublicized address: [0m[1;32m192.168.44.106[0m[1;32m
[gazebo-1] [0m[1;33m[0m[1;33m[0m[1;33m[Wrn] [FuelModelDatabase.cc:313] [0m[1;33mURI not supported by Fuel [[0m[1;33mworlds/gazebo_empty.world[0m[1;33m][0m[1;33m
[gazebo-1] [0m[1;33m[0m[1;33m[0m[1;33m[Wrn] [SystemPaths.cc:459] [0m[1;33mFile or path does not exist [[0m[1;33m""[0m[1;33m] [[0m[1;33mworlds/gazebo_empty.world[0m[1;33m][0m[1;33m
[gazebo-1] [0m[1;33m[0m[1;33m[0m[1;31m[Err] [Server.cc:472] [0m[1;31mCould not open file[[0m[1;31mworlds/gazebo_empty.world[0m[1;31m]
[gazebo-1] [0m[1;33m[Wrn] [Server.cc:381] [0m[1;33mFalling back on worlds/empty.world
[spawn_entity.py-5] [INFO] [1781053113.978868737] [spawn_entity]: Calling service /spawn_entity
[spawn_entity.py-5] [INFO] [1781053114.643022908] [spawn_entity]: Spawn status: SpawnEntity: Successfully spawned entity [turtlebot3]
[gazebo-1] [0m[INFO] [1781053114.708742442] [turtlebot3_diff_drive]: Wheel pair 1 separation set to [0.160000m]
[gazebo-1] [INFO] [1781053114.709652939] [turtlebot3_diff_drive]: Wheel pair 1 diameter set to [0.066000m]
[gazebo-1] [INFO] [1781053114.712801733] [turtlebot3_diff_drive]: Subscribed to [/cmd_vel]
[gazebo-1] [INFO] [1781053114.719128209] [turtlebot3_diff_drive]: Advertise odometry on [/odom]
[gazebo-1] [INFO] [1781053114.726595352] [turtlebot3_diff_drive]: Publishing odom transforms between [odom] and [base_footprint]
[gazebo-1] [INFO] [1781053114.763842457] [turtlebot3_joint_state]: Going to publish joint [rotating_frame_joint]
[gazebo-1] [INFO] [1781053114.847084793] [gazebo_ros2_control]: Loading gazebo_ros2_control plugin
[gazebo-1] [INFO] [1781053114.870798800] [gazebo_ros2_control]: Starting gazebo_ros2_control plugin in namespace: /
[gazebo-1] [INFO] [1781053114.870887233] [gazebo_ros2_control]: Starting gazebo_ros2_control plugin in ros 2 node: gazebo_ros2_control
[gazebo-1] [INFO] [1781053114.888831720] [gazebo_ros2_control]: connected to service!! /robot_state_publisher_node
[gazebo-1] [INFO] [1781053114.890890677] [gazebo_ros2_control]: Received urdf from param server, parsing...
[gazebo-1] [INFO] [1781053114.891042877] [gazebo_ros2_control]: Loading parameter files /home/mattb/dsim-lab/ros2_ws/install/turtlebot3_rotating_sensor/share/turtlebot3_rotating_sensor/controller_config/joint_controller.yaml
[gazebo-1] [INFO] [1781053114.919362258] [gazebo_ros2_control]: Loading joint: rotating_frame_joint
[gazebo-1] [INFO] [1781053114.919431884] [gazebo_ros2_control]: 	State:
[gazebo-1] [INFO] [1781053114.919451367] [gazebo_ros2_control]: 		 position
[gazebo-1] [INFO] [1781053114.919471028] [gazebo_ros2_control]: 			 found initial value: 0.000000
[gazebo-1] [INFO] [1781053114.919493917] [gazebo_ros2_control]: 		 velocity
[gazebo-1] [INFO] [1781053114.919505906] [gazebo_ros2_control]: 			 found initial value: 0.000000
[gazebo-1] [INFO] [1781053114.919517568] [gazebo_ros2_control]: 	Command:
[gazebo-1] [INFO] [1781053114.919548272] [gazebo_ros2_control]: 		 velocity
[gazebo-1] [INFO] [1781053114.921882996] [resource_manager]: Initialize hardware 'GazeboSystem' 
[gazebo-1] [INFO] [1781053114.922312387] [resource_manager]: Successful initialization of hardware 'GazeboSystem'
[gazebo-1] [INFO] [1781053114.922513536] [resource_manager]: 'configure' hardware 'GazeboSystem' 
[gazebo-1] [INFO] [1781053114.922533896] [resource_manager]: Successful 'configure' of hardware 'GazeboSystem'
[gazebo-1] [INFO] [1781053114.922544755] [resource_manager]: 'activate' hardware 'GazeboSystem' 
[gazebo-1] [INFO] [1781053114.922555497] [resource_manager]: Successful 'activate' of hardware 'GazeboSystem'
[gazebo-1] [INFO] [1781053114.922704989] [gazebo_ros2_control]: Loading controller_manager
[INFO] [spawn_entity.py-5]: process has finished cleanly [pid 37875]
[gazebo-1] [WARN] [1781053115.005415004] [gazebo_ros2_control]:  Desired controller update period (0.01 s) is slower than the gazebo simulation period (0.001 s).
[gazebo-1] [INFO] [1781053115.005772188] [gazebo_ros2_control]: Loaded gazebo_ros2_control.
[gazebo-1] [INFO] [1781053115.137263885] [controller_manager]: Loading controller 'joint_state_broadcaster'
[spawner-3] [INFO] [1781053115.219546837] [spawner_joint_state_broadcaster]: [94mLoaded [1mjoint_state_broadcaster[0m
[gazebo-1] [INFO] [1781053115.224958508] [controller_manager]: Configuring controller 'joint_state_broadcaster'
[gazebo-1] [INFO] [1781053115.226279161] [joint_state_broadcaster]: 'joints' or 'interfaces' parameter is empty. All available state interfaces will be published
[gazebo-1] [INFO] [1781053115.252407085] [controller_manager]: Loading controller 'velocity_controller'
[spawner-4] [INFO] [1781053115.314615442] [spawner_velocity_controller]: [94mLoaded [1mvelocity_controller[0m
[gazebo-1] [INFO] [1781053115.319056979] [controller_manager]: Configuring controller 'velocity_controller'
[gazebo-1] [INFO] [1781053115.325841904] [velocity_controller]: configure successful
[gazebo-1] [INFO] [1781053115.343689743] [velocity_controller]: activate successful
[spawner-4] [INFO] [1781053115.369997527] [spawner_velocity_controller]: [92mConfigured and activated [1mvelocity_controller[0m
[spawner-3] [INFO] [1781053115.398551807] [spawner_joint_state_broadcaster]: [92mConfigured and activated [1mjoint_state_broadcaster[0m
[INFO] [spawner-3]: process has finished cleanly [pid 37871]
[INFO] [spawner-4]: process has finished cleanly [pid 37873]
[gazebo-1] [0m[1;32m[0m[1;32m[0m[1;32m[Msg] [0m[1;32mLoading world file [[0m[1;32m/usr/share/gazebo-11/worlds/empty.world[0m[1;32m][0m[1;32m
[ros2-12] No artists with labels found to put in legend.  Note that artists whose label start with an underscore are ignored when legend() is called with no argument.
[ros2-12] Exception in Tkinter callback
[ros2-12] Traceback (most recent call last):
[ros2-12]   File "/usr/lib/python3.10/tkinter/__init__.py", line 1921, in __call__
[ros2-12]     return self.func(*args)
[ros2-12]   File "/usr/lib/python3.10/tkinter/__init__.py", line 839, in callit
[ros2-12]     func(*args)
[ros2-12]   File "/usr/lib/python3/dist-packages/matplotlib/backends/_backend_tk.py", line 141, in _on_timer
[ros2-12]     super()._on_timer()
[ros2-12]   File "/usr/lib/python3/dist-packages/matplotlib/backend_bases.py", line 1198, in _on_timer
[ros2-12]     ret = func(*args, **kwargs)
[ros2-12]   File "/usr/lib/python3/dist-packages/matplotlib/animation.py", line 1408, in _step
[ros2-12]     still_going = super()._step(*args)
[ros2-12]   File "/usr/lib/python3/dist-packages/matplotlib/animation.py", line 1107, in _step
[ros2-12]     self._draw_next_frame(framedata, self._blit)
[ros2-12]   File "/usr/lib/python3/dist-packages/matplotlib/animation.py", line 1126, in _draw_next_frame
[ros2-12]     self._draw_frame(framedata)
[ros2-12]   File "/usr/lib/python3/dist-packages/matplotlib/animation.py", line 1720, in _draw_frame
[ros2-12]     self._drawn_artists = self._func(framedata, *self._args)
[ros2-12]   File "/home/mattb/dsim-lab/ros2_ws/install/ros_esc/lib/python3.10/site-packages/ros_esc/data_collection_node/live_plot_animation.py", line 184, in update_plot
[ros2-12]     live_plot_data["ax3"].relim()
[ros2-12]   File "/usr/lib/python3/dist-packages/matplotlib/axes/_base.py", line 2451, in relim
[ros2-12]     self._update_line_limits(artist)
[ros2-12]   File "/usr/lib/python3/dist-packages/matplotlib/axes/_base.py", line 2306, in _update_line_limits
[ros2-12]     path = line.get_path()
[ros2-12]   File "/usr/lib/python3/dist-packages/matplotlib/lines.py", line 999, in get_path
[ros2-12]     self.recache()
[ros2-12]   File "/usr/lib/python3/dist-packages/matplotlib/lines.py", line 661, in recache
[ros2-12]     self._xy = np.column_stack(np.broadcast_arrays(x, y)).astype(float)
[ros2-12]   File "<__array_function__ internals>", line 200, in broadcast_arrays
[ros2-12]   File "/home/mattb/.local/lib/python3.10/site-packages/numpy/lib/stride_tricks.py", line 540, in broadcast_arrays
[ros2-12]     shape = _broadcast_shape(*args)
[ros2-12]   File "/home/mattb/.local/lib/python3.10/site-packages/numpy/lib/stride_tricks.py", line 422, in _broadcast_shape
[ros2-12]     b = np.broadcast(*args[:32])
[ros2-12] ValueError: shape mismatch: objects cannot be broadcast to a single shape.  Mismatch is between arg 0 with shape (7693,) and arg 1 with shape (7694,).
