Running HBESC scenario: /home/mattb/dsim-lab/experiments/hbesc_gaussian_fill_study/results/runs/20260610T230621Z_phase5_barrier_low_real_execute/configs/scenario_used.json
Scenario name: phase5_barrier_low_real
Description: Phase 5 bounded barrier-speed slice: low-alpha quartic double-well with real-speed HBESC authority.
Starting >>> ros_esc
Starting >>> ros_esc_interfaces
Starting >>> turtlebot3_rotating_sensor
Finished <<< turtlebot3_rotating_sensor [0.65s]
Finished <<< ros_esc_interfaces [1.20s]
Finished <<< ros_esc [1.63s]

Summary: 3 packages finished [2.07s]
[INFO] [launch]: All log files can be found below /home/mattb/dsim-lab/experiments/hbesc_gaussian_fill_study/results/runs/20260610T230621Z_phase5_barrier_low_real_execute/logs/ros/2026-06-10-16-06-24-884583-ubuntu-ssd-37721
[INFO] [launch]: Default logging verbosity is set to INFO
[INFO] [gzserver-1]: process started with pid [37723]
[INFO] [robot_state_publisher-2]: process started with pid [37725]
[INFO] [spawner-3]: process started with pid [37727]
[INFO] [spawner-4]: process started with pid [37729]
[INFO] [spawn_entity.py-5]: process started with pid [37731]
[INFO] [ros2-6]: process started with pid [37733]
[INFO] [ros2-7]: process started with pid [37735]
[INFO] [ros2-8]: process started with pid [37737]
[INFO] [ros2-9]: process started with pid [37739]
[INFO] [ros2-10]: process started with pid [37741]
[INFO] [ros2-11]: process started with pid [37743]
[INFO] [ros2-12]: process started with pid [37745]
[robot_state_publisher-2] [INFO] [1781132785.413801674] [robot_state_publisher_node]: got segment base_footprint
[robot_state_publisher-2] [INFO] [1781132785.414172513] [robot_state_publisher_node]: got segment base_link
[robot_state_publisher-2] [INFO] [1781132785.414196019] [robot_state_publisher_node]: got segment base_scan
[robot_state_publisher-2] [INFO] [1781132785.414205828] [robot_state_publisher_node]: got segment caster_wheel
[robot_state_publisher-2] [INFO] [1781132785.414215533] [robot_state_publisher_node]: got segment imu_link
[robot_state_publisher-2] [INFO] [1781132785.414240472] [robot_state_publisher_node]: got segment rotating_frame_link
[robot_state_publisher-2] [INFO] [1781132785.414250220] [robot_state_publisher_node]: got segment sensor_link
[robot_state_publisher-2] [INFO] [1781132785.414260011] [robot_state_publisher_node]: got segment wheel_left_link
[robot_state_publisher-2] [INFO] [1781132785.414268446] [robot_state_publisher_node]: got segment wheel_right_link
[gzserver-1] Gazebo multi-robot simulator, version 11.10.2
[gzserver-1] Copyright (C) 2012 Open Source Robotics Foundation.
[gzserver-1] Released under the Apache 2 License.
[gzserver-1] http://gazebosim.org
[gzserver-1] 
[spawner-3] [INFO] [1781132786.076276991] [spawner_joint_state_broadcaster]: waiting for service /controller_manager/list_controllers to become available...
[spawner-4] [INFO] [1781132786.163487268] [spawner_velocity_controller]: waiting for service /controller_manager/list_controllers to become available...
[gzserver-1] [1;33m[Wrn] [gazebo_ros_init.cpp:178] [0m[1;33m
[gzserver-1] #     # ####### ####### ###  #####  #######
[gzserver-1] ##    # #     #    #     #  #     # #
[gzserver-1] # #   # #     #    #     #  #       #
[gzserver-1] #  #  # #     #    #     #  #       #####
[gzserver-1] #   # # #     #    #     #  #       #
[gzserver-1] #    ## #     #    #     #  #     # #
[gzserver-1] #     # #######    #    ###  #####  #######
[gzserver-1] 
[gzserver-1] This version of Gazebo, now called Gazebo classic, reaches end-of-life
[gzserver-1] in January 2025. Users are highly encouraged to migrate to the new Gazebo
[gzserver-1] using our migration guides (https://gazebosim.org/docs/latest/gazebo_classic_migration?utm_source=gazebo_ros_pkgs&utm_medium=cli)
[gzserver-1] 
[gzserver-1] [0m[1;33m
[spawn_entity.py-5] [INFO] [1781132786.562574672] [spawn_entity]: Spawn Entity started
[spawn_entity.py-5] [INFO] [1781132786.564124156] [spawn_entity]: Loading entity published on topic /robot_description
[spawn_entity.py-5] [INFO] [1781132786.569946948] [spawn_entity]: Waiting for entity xml on /robot_description
[spawn_entity.py-5] [INFO] [1781132787.327220557] [spawn_entity]: Waiting for service /spawn_entity, timeout = 30
[spawn_entity.py-5] [INFO] [1781132787.327950177] [spawn_entity]: Waiting for service /spawn_entity
[spawn_entity.py-5] [INFO] [1781132787.355353006] [spawn_entity]: Calling service /spawn_entity
[spawn_entity.py-5] [INFO] [1781132787.670199254] [spawn_entity]: Spawn status: SpawnEntity: Successfully spawned entity [turtlebot3]
[gzserver-1] [0m[1;33m[0m[1;33m[0m[INFO] [1781132787.697080138] [turtlebot3_diff_drive]: Wheel pair 1 separation set to [0.160000m]
[gzserver-1] [INFO] [1781132787.697691258] [turtlebot3_diff_drive]: Wheel pair 1 diameter set to [0.066000m]
[gzserver-1] [INFO] [1781132787.700155040] [turtlebot3_diff_drive]: Subscribed to [/cmd_vel]
[gzserver-1] [INFO] [1781132787.704213199] [turtlebot3_diff_drive]: Advertise odometry on [/odom]
[gzserver-1] [INFO] [1781132787.709417461] [turtlebot3_diff_drive]: Publishing odom transforms between [odom] and [base_footprint]
[gzserver-1] [INFO] [1781132787.725076665] [turtlebot3_joint_state]: Going to publish joint [rotating_frame_joint]
[gzserver-1] [INFO] [1781132787.758843768] [gazebo_ros2_control]: Loading gazebo_ros2_control plugin
[gzserver-1] [INFO] [1781132787.765212012] [gazebo_ros2_control]: Starting gazebo_ros2_control plugin in namespace: /
[gzserver-1] [INFO] [1781132787.765286231] [gazebo_ros2_control]: Starting gazebo_ros2_control plugin in ros 2 node: gazebo_ros2_control
[gzserver-1] [INFO] [1781132787.771640881] [gazebo_ros2_control]: connected to service!! /robot_state_publisher_node
[gzserver-1] [INFO] [1781132787.772207064] [gazebo_ros2_control]: Received urdf from param server, parsing...
[gzserver-1] [INFO] [1781132787.772274505] [gazebo_ros2_control]: Loading parameter files /home/mattb/dsim-lab/ros2_ws/install/turtlebot3_rotating_sensor/share/turtlebot3_rotating_sensor/controller_config/joint_controller.yaml
[gzserver-1] [INFO] [1781132787.787934202] [gazebo_ros2_control]: Loading joint: rotating_frame_joint
[gzserver-1] [INFO] [1781132787.787991266] [gazebo_ros2_control]: 	State:
[gzserver-1] [INFO] [1781132787.788006720] [gazebo_ros2_control]: 		 position
[gzserver-1] [INFO] [1781132787.788021472] [gazebo_ros2_control]: 			 found initial value: 0.000000
[gzserver-1] [INFO] [1781132787.788037557] [gazebo_ros2_control]: 		 velocity
[gzserver-1] [INFO] [1781132787.788048267] [gazebo_ros2_control]: 			 found initial value: 0.000000
[gzserver-1] [INFO] [1781132787.788059405] [gazebo_ros2_control]: 	Command:
[gzserver-1] [INFO] [1781132787.788086003] [gazebo_ros2_control]: 		 velocity
[gzserver-1] [INFO] [1781132787.789903543] [resource_manager]: Initialize hardware 'GazeboSystem' 
[gzserver-1] [INFO] [1781132787.790176917] [resource_manager]: Successful initialization of hardware 'GazeboSystem'
[gzserver-1] [INFO] [1781132787.790337380] [resource_manager]: 'configure' hardware 'GazeboSystem' 
[gzserver-1] [INFO] [1781132787.790353711] [resource_manager]: Successful 'configure' of hardware 'GazeboSystem'
[gzserver-1] [INFO] [1781132787.790363184] [resource_manager]: 'activate' hardware 'GazeboSystem' 
[gzserver-1] [INFO] [1781132787.790372463] [resource_manager]: Successful 'activate' of hardware 'GazeboSystem'
[gzserver-1] [INFO] [1781132787.790465540] [gazebo_ros2_control]: Loading controller_manager
[gzserver-1] [WARN] [1781132787.826007145] [gazebo_ros2_control]:  Desired controller update period (0.01 s) is slower than the gazebo simulation period (0.001 s).
[gzserver-1] [INFO] [1781132787.826314133] [gazebo_ros2_control]: Loaded gazebo_ros2_control.
[INFO] [spawn_entity.py-5]: process has finished cleanly [pid 37731]
[gzserver-1] [INFO] [1781132787.923135232] [controller_manager]: Loading controller 'velocity_controller'
[gzserver-1] [INFO] [1781132787.949340331] [controller_manager]: Loading controller 'joint_state_broadcaster'
[spawner-4] [INFO] [1781132787.950634521] [spawner_velocity_controller]: [94mLoaded [1mvelocity_controller[0m
[spawner-3] [INFO] [1781132787.969304997] [spawner_joint_state_broadcaster]: [94mLoaded [1mjoint_state_broadcaster[0m
[gzserver-1] [INFO] [1781132787.971678076] [controller_manager]: Configuring controller 'joint_state_broadcaster'
[gzserver-1] [INFO] [1781132787.972168267] [joint_state_broadcaster]: 'joints' or 'interfaces' parameter is empty. All available state interfaces will be published
[spawner-3] [INFO] [1781132787.996000961] [spawner_joint_state_broadcaster]: [92mConfigured and activated [1mjoint_state_broadcaster[0m
[gzserver-1] [INFO] [1781132788.033023914] [controller_manager]: Configuring controller 'velocity_controller'
[gzserver-1] [INFO] [1781132788.035732694] [velocity_controller]: configure successful
[gzserver-1] [INFO] [1781132788.126017517] [velocity_controller]: activate successful
[spawner-4] [INFO] [1781132788.130519185] [spawner_velocity_controller]: [92mConfigured and activated [1mvelocity_controller[0m
[INFO] [spawner-3]: process has finished cleanly [pid 37727]
[INFO] [spawner-4]: process has finished cleanly [pid 37729]
[gzserver-1] [1;32m[Msg] [0m[1;32mWaiting for master.[0m[1;32m
[gzserver-1] [0m[1;32m[0m[1;32m[0m[1;32m[Msg] [0m[1;32mConnected to gazebo master @ [0m[1;32mhttp://127.0.0.1:11535[0m[1;32m
[gzserver-1] [0m[1;32m[0m[1;32m[0m[1;32m[Msg] [0m[1;32mPublicized address: [0m[1;32m10.130.191.118[0m[1;32m
[gzserver-1] [0m[1;32m[0m[1;32m[0m[1;32m[Msg] [0m[1;32mLoading world file [[0m[1;32m/home/mattb/dsim-lab/ros2_ws/src/turtlebot3_rotating_sensor/worlds/gazebo_empty.world[0m[1;32m][0m[1;32m
