Running HBESC scenario: /home/mattb/dsim-lab/experiments/hbesc_gaussian_fill_study/results/runs/20260610T205538Z_phase4_gain_hb_k_high_execute/configs/scenario_used.json
Scenario name: phase4_gain_hb_k_high
Description: Phase 4 one-at-a-time HBESC gain sensitivity: HeavyBall k high on the representative convex quartic bowl.
Starting >>> ros_esc
Starting >>> ros_esc_interfaces
Starting >>> turtlebot3_rotating_sensor
Finished <<< turtlebot3_rotating_sensor [0.36s]
Finished <<< ros_esc_interfaces [0.72s]
Finished <<< ros_esc [1.03s]

Summary: 3 packages finished [1.33s]
[INFO] [launch]: All log files can be found below /home/mattb/dsim-lab/experiments/hbesc_gaussian_fill_study/results/runs/20260610T205538Z_phase4_gain_hb_k_high_execute/logs/ros/2026-06-10-13-55-40-886257-ubuntu-ssd-19303
[INFO] [launch]: Default logging verbosity is set to INFO
[INFO] [gzserver-1]: process started with pid [19305]
[INFO] [robot_state_publisher-2]: process started with pid [19307]
[INFO] [spawner-3]: process started with pid [19309]
[INFO] [spawner-4]: process started with pid [19311]
[INFO] [spawn_entity.py-5]: process started with pid [19313]
[INFO] [ros2-6]: process started with pid [19315]
[INFO] [ros2-7]: process started with pid [19317]
[INFO] [ros2-8]: process started with pid [19319]
[INFO] [ros2-9]: process started with pid [19321]
[INFO] [ros2-10]: process started with pid [19323]
[INFO] [ros2-11]: process started with pid [19325]
[INFO] [ros2-12]: process started with pid [19327]
[robot_state_publisher-2] [INFO] [1781124941.233993754] [robot_state_publisher_node]: got segment base_footprint
[robot_state_publisher-2] [INFO] [1781124941.234141081] [robot_state_publisher_node]: got segment base_link
[robot_state_publisher-2] [INFO] [1781124941.234160495] [robot_state_publisher_node]: got segment base_scan
[robot_state_publisher-2] [INFO] [1781124941.234173813] [robot_state_publisher_node]: got segment caster_wheel
[robot_state_publisher-2] [INFO] [1781124941.234187118] [robot_state_publisher_node]: got segment imu_link
[robot_state_publisher-2] [INFO] [1781124941.234197761] [robot_state_publisher_node]: got segment rotating_frame_link
[robot_state_publisher-2] [INFO] [1781124941.234210733] [robot_state_publisher_node]: got segment sensor_link
[robot_state_publisher-2] [INFO] [1781124941.234222448] [robot_state_publisher_node]: got segment wheel_left_link
[robot_state_publisher-2] [INFO] [1781124941.234233813] [robot_state_publisher_node]: got segment wheel_right_link
[gzserver-1] Gazebo multi-robot simulator, version 11.10.2
[gzserver-1] Copyright (C) 2012 Open Source Robotics Foundation.
[gzserver-1] Released under the Apache 2 License.
[gzserver-1] http://gazebosim.org
[gzserver-1] 
[spawner-3] [INFO] [1781124941.773153424] [spawner_joint_state_broadcaster]: waiting for service /controller_manager/list_controllers to become available...
[spawner-4] [INFO] [1781124941.789711725] [spawner_velocity_controller]: waiting for service /controller_manager/list_controllers to become available...
[spawn_entity.py-5] [INFO] [1781124941.905678881] [spawn_entity]: Spawn Entity started
[spawn_entity.py-5] [INFO] [1781124941.906984730] [spawn_entity]: Loading entity published on topic /robot_description
[spawn_entity.py-5] [INFO] [1781124941.910687803] [spawn_entity]: Waiting for entity xml on /robot_description
[spawn_entity.py-5] [INFO] [1781124941.920910753] [spawn_entity]: Waiting for service /spawn_entity, timeout = 30
[spawn_entity.py-5] [INFO] [1781124941.921593955] [spawn_entity]: Waiting for service /spawn_entity
[gzserver-1] [1;33m[Wrn] [gazebo_ros_init.cpp:178] [0m[1;33m
[gzserver-1] #     # ####### ####### ###  #####  #######
[gzserver-1] ##    # #     #    #     #  #     # #
[gzserver-1] # #   # #     #    #     #  #       #
[gzserver-1] #  #  # #     #    #     #  #       #####
[gzserver-1] #   # # #     #    #     #  #       #
[gzserver-1] #    ## #     #    #     #  #     # #
[gzserver-1] #     # #######    #    ###  #####  #######
[gzserver-1] 
[gzserver-1] This version of Gazebo, now called Gazebo classic, reaches end-of-life
[gzserver-1] in January 2025. Users are highly encouraged to migrate to the new Gazebo
[gzserver-1] using our migration guides (https://gazebosim.org/docs/latest/gazebo_classic_migration?utm_source=gazebo_ros_pkgs&utm_medium=cli)
[gzserver-1] 
[gzserver-1] [0m[1;33m
[gzserver-1] [1;32m[Msg] [0m[1;32mWaiting for master.[0m[1;32m
[gzserver-1] [0m[1;32m[0m[1;32m[0m[1;32m[Msg] [0m[1;32mConnected to gazebo master @ [0m[1;32mhttp://127.0.0.1:12277[0m[1;32m
[gzserver-1] [0m[1;32m[0m[1;32m[0m[1;32m[Msg] [0m[1;32mPublicized address: [0m[1;32m10.130.191.118[0m[1;32m
[gzserver-1] [0m[1;33m[0m[1;33m[0m[1;33m[Wrn] [FuelModelDatabase.cc:313] [0m[1;33mURI not supported by Fuel [[0m[1;33mworlds/gazebo_empty.world[0m[1;33m][0m[1;33m
[gzserver-1] [0m[1;33m[0m[1;33m[0m[1;33m[Wrn] [SystemPaths.cc:459] [0m[1;33mFile or path does not exist [[0m[1;33m""[0m[1;33m] [[0m[1;33mworlds/gazebo_empty.world[0m[1;33m][0m[1;33m
[gzserver-1] [0m[1;33m[0m[1;33m[0m[1;31m[Err] [Server.cc:472] [0m[1;31mCould not open file[[0m[1;31mworlds/gazebo_empty.world[0m[1;31m]
[gzserver-1] [0m[1;33m[Wrn] [Server.cc:381] [0m[1;33mFalling back on worlds/empty.world
[spawn_entity.py-5] [INFO] [1781124942.929945698] [spawn_entity]: Calling service /spawn_entity
[spawn_entity.py-5] [INFO] [1781124943.140446982] [spawn_entity]: Spawn status: SpawnEntity: Successfully spawned entity [turtlebot3]
[gzserver-1] [0m[INFO] [1781124943.168831683] [turtlebot3_diff_drive]: Wheel pair 1 separation set to [0.160000m]
[gzserver-1] [INFO] [1781124943.169351470] [turtlebot3_diff_drive]: Wheel pair 1 diameter set to [0.066000m]
[gzserver-1] [INFO] [1781124943.170871272] [turtlebot3_diff_drive]: Subscribed to [/cmd_vel]
[gzserver-1] [INFO] [1781124943.173463199] [turtlebot3_diff_drive]: Advertise odometry on [/odom]
[gzserver-1] [INFO] [1781124943.176558875] [turtlebot3_diff_drive]: Publishing odom transforms between [odom] and [base_footprint]
[gzserver-1] [INFO] [1781124943.187090603] [turtlebot3_joint_state]: Going to publish joint [rotating_frame_joint]
[gzserver-1] [INFO] [1781124943.210893862] [gazebo_ros2_control]: Loading gazebo_ros2_control plugin
[gzserver-1] [INFO] [1781124943.216350931] [gazebo_ros2_control]: Starting gazebo_ros2_control plugin in namespace: /
[gzserver-1] [INFO] [1781124943.216399104] [gazebo_ros2_control]: Starting gazebo_ros2_control plugin in ros 2 node: gazebo_ros2_control
[gzserver-1] [INFO] [1781124943.220685634] [gazebo_ros2_control]: connected to service!! /robot_state_publisher_node
[gzserver-1] [INFO] [1781124943.221219116] [gazebo_ros2_control]: Received urdf from param server, parsing...
[gzserver-1] [INFO] [1781124943.221275057] [gazebo_ros2_control]: Loading parameter files /home/mattb/dsim-lab/ros2_ws/install/turtlebot3_rotating_sensor/share/turtlebot3_rotating_sensor/controller_config/joint_controller.yaml
[gzserver-1] [INFO] [1781124943.230795490] [gazebo_ros2_control]: Loading joint: rotating_frame_joint
[gzserver-1] [INFO] [1781124943.230829231] [gazebo_ros2_control]: 	State:
[gzserver-1] [INFO] [1781124943.230836823] [gazebo_ros2_control]: 		 position
[gzserver-1] [INFO] [1781124943.230844785] [gazebo_ros2_control]: 			 found initial value: 0.000000
[gzserver-1] [INFO] [1781124943.230853497] [gazebo_ros2_control]: 		 velocity
[gzserver-1] [INFO] [1781124943.230859293] [gazebo_ros2_control]: 			 found initial value: 0.000000
[gzserver-1] [INFO] [1781124943.230901794] [gazebo_ros2_control]: 	Command:
[gzserver-1] [INFO] [1781124943.230927478] [gazebo_ros2_control]: 		 velocity
[gzserver-1] [INFO] [1781124943.231134873] [resource_manager]: Initialize hardware 'GazeboSystem' 
[gzserver-1] [INFO] [1781124943.231332629] [resource_manager]: Successful initialization of hardware 'GazeboSystem'
[gzserver-1] [INFO] [1781124943.231479138] [resource_manager]: 'configure' hardware 'GazeboSystem' 
[gzserver-1] [INFO] [1781124943.231494192] [resource_manager]: Successful 'configure' of hardware 'GazeboSystem'
[gzserver-1] [INFO] [1781124943.231499959] [resource_manager]: 'activate' hardware 'GazeboSystem' 
[gzserver-1] [INFO] [1781124943.231505312] [resource_manager]: Successful 'activate' of hardware 'GazeboSystem'
[gzserver-1] [INFO] [1781124943.231569306] [gazebo_ros2_control]: Loading controller_manager
[gzserver-1] [WARN] [1781124943.255223254] [gazebo_ros2_control]:  Desired controller update period (0.01 s) is slower than the gazebo simulation period (0.001 s).
[gzserver-1] [INFO] [1781124943.255416803] [gazebo_ros2_control]: Loaded gazebo_ros2_control.
[gzserver-1] [INFO] [1781124943.277237879] [controller_manager]: Loading controller 'joint_state_broadcaster'
[INFO] [spawn_entity.py-5]: process has finished cleanly [pid 19313]
[spawner-3] [INFO] [1781124943.296287266] [spawner_joint_state_broadcaster]: [94mLoaded [1mjoint_state_broadcaster[0m
[gzserver-1] [INFO] [1781124943.297073361] [controller_manager]: Loading controller 'velocity_controller'
[gzserver-1] [INFO] [1781124943.315355339] [controller_manager]: Configuring controller 'joint_state_broadcaster'
[gzserver-1] [INFO] [1781124943.315607597] [joint_state_broadcaster]: 'joints' or 'interfaces' parameter is empty. All available state interfaces will be published
[spawner-4] [INFO] [1781124943.316385355] [spawner_velocity_controller]: [94mLoaded [1mvelocity_controller[0m
[gzserver-1] [INFO] [1781124943.325353952] [controller_manager]: Configuring controller 'velocity_controller'
[gzserver-1] [INFO] [1781124943.327048757] [velocity_controller]: configure successful
[spawner-3] [INFO] [1781124943.356527669] [spawner_joint_state_broadcaster]: [92mConfigured and activated [1mjoint_state_broadcaster[0m
[gzserver-1] [INFO] [1781124943.365243820] [velocity_controller]: activate successful
[spawner-4] [INFO] [1781124943.376549454] [spawner_velocity_controller]: [92mConfigured and activated [1mvelocity_controller[0m
[INFO] [spawner-3]: process has finished cleanly [pid 19309]
[INFO] [spawner-4]: process has finished cleanly [pid 19311]
[gzserver-1] [0m[1;32m[0m[1;32m[0m[1;32m[Msg] [0m[1;32mLoading world file [[0m[1;32m/usr/share/gazebo-11/worlds/empty.world[0m[1;32m][0m[1;32m
