{
  "run_dir": "/home/mattb/dsim-lab/experiments/hbesc_gaussian_fill_study/results/runs/20260610T231033Z_phase5_barrier_high_lowvx_execute",
  "status": "pass",
  "missing": [],
  "present": [
    "trial_metadata.json",
    "configs/scenario_used.json",
    "launch_command.txt",
    "logs/scenario_dry_run.stdout",
    "logs/scenario_dry_run.stderr",
    "summary.json",
    "data_collection/Test_2026-06-10_16-10-39/odometry.csv",
    "data_collection/Test_2026-06-10_16-10-39/sensor_transform.csv",
    "data_collection/Test_2026-06-10_16-10-39/cost_value.csv",
    "data_collection/Test_2026-06-10_16-10-39/filter_value.csv",
    "data_collection/Test_2026-06-10_16-10-39/control_value.csv",
    "data_collection/Test_2026-06-10_16-10-39/comments.txt"
  ],
  "warnings": []
}
