Running HBESC scenario: /home/mattb/dsim-lab/experiments/hbesc_gaussian_fill_study/results/runs/20260610T231033Z_phase5_barrier_high_lowvx_execute/configs/scenario_used.json
Scenario name: phase5_barrier_high_lowvx
Description: Phase 5 bounded barrier-speed slice: high-alpha quartic double-well with low forward speed and real yaw authority.
Starting >>> ros_esc
Starting >>> ros_esc_interfaces
Starting >>> turtlebot3_rotating_sensor
Finished <<< turtlebot3_rotating_sensor [0.37s]
Finished <<< ros_esc_interfaces [0.74s]
Finished <<< ros_esc [0.99s]

Summary: 3 packages finished [1.31s]
[INFO] [launch]: All log files can be found below /home/mattb/dsim-lab/experiments/hbesc_gaussian_fill_study/results/runs/20260610T231033Z_phase5_barrier_high_lowvx_execute/logs/ros/2026-06-10-16-10-36-174700-ubuntu-ssd-38446
[INFO] [launch]: Default logging verbosity is set to INFO
[INFO] [gzserver-1]: process started with pid [38448]
[INFO] [robot_state_publisher-2]: process started with pid [38450]
[INFO] [spawner-3]: process started with pid [38452]
[INFO] [spawner-4]: process started with pid [38454]
[INFO] [spawn_entity.py-5]: process started with pid [38456]
[INFO] [ros2-6]: process started with pid [38458]
[INFO] [ros2-7]: process started with pid [38460]
[INFO] [ros2-8]: process started with pid [38462]
[INFO] [ros2-9]: process started with pid [38464]
[INFO] [ros2-10]: process started with pid [38466]
[INFO] [ros2-11]: process started with pid [38468]
[INFO] [ros2-12]: process started with pid [38470]
[robot_state_publisher-2] [INFO] [1781133036.532700108] [robot_state_publisher_node]: got segment base_footprint
[robot_state_publisher-2] [INFO] [1781133036.533501277] [robot_state_publisher_node]: got segment base_link
[robot_state_publisher-2] [INFO] [1781133036.533547561] [robot_state_publisher_node]: got segment base_scan
[robot_state_publisher-2] [INFO] [1781133036.533569449] [robot_state_publisher_node]: got segment caster_wheel
[robot_state_publisher-2] [INFO] [1781133036.533586486] [robot_state_publisher_node]: got segment imu_link
[robot_state_publisher-2] [INFO] [1781133036.533602067] [robot_state_publisher_node]: got segment rotating_frame_link
[robot_state_publisher-2] [INFO] [1781133036.533617790] [robot_state_publisher_node]: got segment sensor_link
[robot_state_publisher-2] [INFO] [1781133036.533633586] [robot_state_publisher_node]: got segment wheel_left_link
[robot_state_publisher-2] [INFO] [1781133036.533649269] [robot_state_publisher_node]: got segment wheel_right_link
[gzserver-1] Gazebo multi-robot simulator, version 11.10.2
[gzserver-1] Copyright (C) 2012 Open Source Robotics Foundation.
[gzserver-1] Released under the Apache 2 License.
[gzserver-1] http://gazebosim.org
[gzserver-1] 
[spawner-3] [INFO] [1781133037.061242753] [spawner_joint_state_broadcaster]: waiting for service /controller_manager/list_controllers to become available...
[spawner-4] [INFO] [1781133037.160299624] [spawner_velocity_controller]: waiting for service /controller_manager/list_controllers to become available...
[spawn_entity.py-5] [INFO] [1781133037.264707360] [spawn_entity]: Spawn Entity started
[spawn_entity.py-5] [INFO] [1781133037.265763859] [spawn_entity]: Loading entity published on topic /robot_description
[spawn_entity.py-5] [INFO] [1781133037.269555992] [spawn_entity]: Waiting for entity xml on /robot_description
[spawn_entity.py-5] [INFO] [1781133037.280877564] [spawn_entity]: Waiting for service /spawn_entity, timeout = 30
[spawn_entity.py-5] [INFO] [1781133037.281478726] [spawn_entity]: Waiting for service /spawn_entity
[gzserver-1] [1;33m[Wrn] [gazebo_ros_init.cpp:178] [0m[1;33m
[gzserver-1] #     # ####### ####### ###  #####  #######
[gzserver-1] ##    # #     #    #     #  #     # #
[gzserver-1] # #   # #     #    #     #  #       #
[gzserver-1] #  #  # #     #    #     #  #       #####
[gzserver-1] #   # # #     #    #     #  #       #
[gzserver-1] #    ## #     #    #     #  #     # #
[gzserver-1] #     # #######    #    ###  #####  #######
[gzserver-1] 
[gzserver-1] This version of Gazebo, now called Gazebo classic, reaches end-of-life
[gzserver-1] in January 2025. Users are highly encouraged to migrate to the new Gazebo
[gzserver-1] using our migration guides (https://gazebosim.org/docs/latest/gazebo_classic_migration?utm_source=gazebo_ros_pkgs&utm_medium=cli)
[gzserver-1] 
[gzserver-1] [0m[1;33m
[spawn_entity.py-5] [INFO] [1781133038.037635796] [spawn_entity]: Calling service /spawn_entity
[spawn_entity.py-5] [INFO] [1781133038.287893296] [spawn_entity]: Spawn status: SpawnEntity: Successfully spawned entity [turtlebot3]
[gzserver-1] [0m[1;33m[0m[1;33m[0m[INFO] [1781133038.311786940] [turtlebot3_diff_drive]: Wheel pair 1 separation set to [0.160000m]
[gzserver-1] [INFO] [1781133038.312192983] [turtlebot3_diff_drive]: Wheel pair 1 diameter set to [0.066000m]
[gzserver-1] [INFO] [1781133038.313833242] [turtlebot3_diff_drive]: Subscribed to [/cmd_vel]
[gzserver-1] [INFO] [1781133038.316811478] [turtlebot3_diff_drive]: Advertise odometry on [/odom]
[gzserver-1] [INFO] [1781133038.320596627] [turtlebot3_diff_drive]: Publishing odom transforms between [odom] and [base_footprint]
[gzserver-1] [INFO] [1781133038.335859166] [turtlebot3_joint_state]: Going to publish joint [rotating_frame_joint]
[gzserver-1] [INFO] [1781133038.361136979] [gazebo_ros2_control]: Loading gazebo_ros2_control plugin
[gzserver-1] [INFO] [1781133038.366807929] [gazebo_ros2_control]: Starting gazebo_ros2_control plugin in namespace: /
[gzserver-1] [INFO] [1781133038.366857517] [gazebo_ros2_control]: Starting gazebo_ros2_control plugin in ros 2 node: gazebo_ros2_control
[gzserver-1] [INFO] [1781133038.371988926] [gazebo_ros2_control]: connected to service!! /robot_state_publisher_node
[gzserver-1] [INFO] [1781133038.372606803] [gazebo_ros2_control]: Received urdf from param server, parsing...
[gzserver-1] [INFO] [1781133038.372661336] [gazebo_ros2_control]: Loading parameter files /home/mattb/dsim-lab/ros2_ws/install/turtlebot3_rotating_sensor/share/turtlebot3_rotating_sensor/controller_config/joint_controller.yaml
[gzserver-1] [INFO] [1781133038.388778421] [gazebo_ros2_control]: Loading joint: rotating_frame_joint
[gzserver-1] [INFO] [1781133038.388832917] [gazebo_ros2_control]: 	State:
[gzserver-1] [INFO] [1781133038.388851089] [gazebo_ros2_control]: 		 position
[gzserver-1] [INFO] [1781133038.388867279] [gazebo_ros2_control]: 			 found initial value: 0.000000
[gzserver-1] [INFO] [1781133038.388881964] [gazebo_ros2_control]: 		 velocity
[gzserver-1] [INFO] [1781133038.388891596] [gazebo_ros2_control]: 			 found initial value: 0.000000
[gzserver-1] [INFO] [1781133038.388901564] [gazebo_ros2_control]: 	Command:
[gzserver-1] [INFO] [1781133038.388927550] [gazebo_ros2_control]: 		 velocity
[gzserver-1] [INFO] [1781133038.389362895] [resource_manager]: Initialize hardware 'GazeboSystem' 
[gzserver-1] [INFO] [1781133038.389589042] [resource_manager]: Successful initialization of hardware 'GazeboSystem'
[gzserver-1] [INFO] [1781133038.389737964] [resource_manager]: 'configure' hardware 'GazeboSystem' 
[gzserver-1] [INFO] [1781133038.389755324] [resource_manager]: Successful 'configure' of hardware 'GazeboSystem'
[gzserver-1] [INFO] [1781133038.389764439] [resource_manager]: 'activate' hardware 'GazeboSystem' 
[gzserver-1] [INFO] [1781133038.389773102] [resource_manager]: Successful 'activate' of hardware 'GazeboSystem'
[gzserver-1] [INFO] [1781133038.389862076] [gazebo_ros2_control]: Loading controller_manager
[gzserver-1] [WARN] [1781133038.418796539] [gazebo_ros2_control]:  Desired controller update period (0.01 s) is slower than the gazebo simulation period (0.001 s).
[gzserver-1] [INFO] [1781133038.419251428] [gazebo_ros2_control]: Loaded gazebo_ros2_control.
[gzserver-1] [INFO] [1781133038.421320397] [controller_manager]: Loading controller 'velocity_controller'
[INFO] [spawn_entity.py-5]: process has finished cleanly [pid 38456]
[spawner-4] [INFO] [1781133038.444348288] [spawner_velocity_controller]: [94mLoaded [1mvelocity_controller[0m
[gzserver-1] [INFO] [1781133038.445738992] [controller_manager]: Configuring controller 'velocity_controller'
[gzserver-1] [INFO] [1781133038.447828985] [velocity_controller]: configure successful
[gzserver-1] [INFO] [1781133038.452954910] [velocity_controller]: activate successful
[spawner-4] [INFO] [1781133038.457251463] [spawner_velocity_controller]: [92mConfigured and activated [1mvelocity_controller[0m
[gzserver-1] [INFO] [1781133038.565371803] [controller_manager]: Loading controller 'joint_state_broadcaster'
[spawner-3] [INFO] [1781133038.581147802] [spawner_joint_state_broadcaster]: [94mLoaded [1mjoint_state_broadcaster[0m
[gzserver-1] [INFO] [1781133038.582233904] [controller_manager]: Configuring controller 'joint_state_broadcaster'
[gzserver-1] [INFO] [1781133038.582343055] [joint_state_broadcaster]: 'joints' or 'interfaces' parameter is empty. All available state interfaces will be published
[spawner-3] [INFO] [1781133038.597168355] [spawner_joint_state_broadcaster]: [92mConfigured and activated [1mjoint_state_broadcaster[0m
[INFO] [spawner-4]: process has finished cleanly [pid 38454]
[INFO] [spawner-3]: process has finished cleanly [pid 38452]
[gzserver-1] [1;32m[Msg] [0m[1;32mWaiting for master.[0m[1;32m
[gzserver-1] [0m[1;32m[0m[1;32m[0m[1;32m[Msg] [0m[1;32mConnected to gazebo master @ [0m[1;32mhttp://127.0.0.1:11767[0m[1;32m
[gzserver-1] [0m[1;32m[0m[1;32m[0m[1;32m[Msg] [0m[1;32mPublicized address: [0m[1;32m10.130.191.118[0m[1;32m
[gzserver-1] [0m[1;32m[0m[1;32m[0m[1;32m[Msg] [0m[1;32mLoading world file [[0m[1;32m/home/mattb/dsim-lab/ros2_ws/src/turtlebot3_rotating_sensor/worlds/gazebo_empty.world[0m[1;32m][0m[1;32m
