{
  "run_dir": "/home/mattb/dsim-lab/experiments/hbesc_gaussian_fill_study/results/runs/20260610T011816Z_phase3_qrt_vwz_real_vx_low_wz_execute",
  "status": "pass",
  "missing": [],
  "present": [
    "trial_metadata.json",
    "configs/scenario_used.json",
    "launch_command.txt",
    "logs/scenario_dry_run.stdout",
    "logs/scenario_dry_run.stderr",
    "summary.json",
    "data_collection/Test_2026-06-09_18-18-21/odometry.csv",
    "data_collection/Test_2026-06-09_18-18-21/sensor_transform.csv",
    "data_collection/Test_2026-06-09_18-18-21/cost_value.csv",
    "data_collection/Test_2026-06-09_18-18-21/filter_value.csv",
    "data_collection/Test_2026-06-09_18-18-21/control_value.csv",
    "data_collection/Test_2026-06-09_18-18-21/comments.txt"
  ],
  "warnings": []
}
