[0.113s] DEBUG:colcon:Command line arguments: ['/usr/bin/colcon', 'build', '--packages-select', 'turtlebot3_rotating_sensor', 'ros_esc', 'ros_esc_interfaces']
[0.113s] DEBUG:colcon:Parsed command line arguments: Namespace(log_base=None, log_level=None, verb_name='build', build_base='build', install_base='install', merge_install=False, symlink_install=False, test_result_base=None, continue_on_error=False, executor='parallel', parallel_workers=12, event_handlers=None, ignore_user_meta=False, metas=['./colcon.meta'], base_paths=['.'], packages_ignore=None, packages_ignore_regex=None, paths=None, packages_up_to=None, packages_up_to_regex=None, packages_above=None, packages_above_and_dependencies=None, packages_above_depth=None, packages_select_by_dep=None, packages_skip_by_dep=None, packages_skip_up_to=None, packages_select_build_failed=False, packages_skip_build_finished=False, packages_select_test_failures=False, packages_skip_test_passed=False, packages_select=['turtlebot3_rotating_sensor', 'ros_esc', 'ros_esc_interfaces'], packages_skip=None, packages_select_regex=None, packages_skip_regex=None, packages_start=None, packages_end=None, allow_overriding=[], cmake_args=None, cmake_target=None, cmake_target_skip_unavailable=False, cmake_clean_cache=False, cmake_clean_first=False, cmake_force_configure=False, ament_cmake_args=None, catkin_cmake_args=None, catkin_skip_building_tests=False, mixin_files=None, mixin=None, verb_parser=<colcon_mixin.mixin.mixin_argument.MixinArgumentDecorator object at 0x777de99928f0>, verb_extension=<colcon_core.verb.build.BuildVerb object at 0x777de9992440>, main=<bound method BuildVerb.main of <colcon_core.verb.build.BuildVerb object at 0x777de9992440>>, mixin_verb=('build',))
[0.255s] Level 1:colcon.colcon_core.package_discovery:discover_packages(colcon_meta) check parameters
[0.255s] Level 1:colcon.colcon_core.package_discovery:discover_packages(recursive) check parameters
[0.255s] Level 1:colcon.colcon_core.package_discovery:discover_packages(ignore) check parameters
[0.255s] Level 1:colcon.colcon_core.package_discovery:discover_packages(path) check parameters
[0.255s] Level 1:colcon.colcon_core.package_discovery:discover_packages(colcon_meta) discover
[0.255s] Level 1:colcon.colcon_core.package_discovery:discover_packages(recursive) discover
[0.255s] INFO:colcon.colcon_core.package_discovery:Crawling recursively for packages in '/home/mattb/ros2_ws'
[0.255s] Level 1:colcon.colcon_core.package_identification:_identify(.) by extensions ['ignore', 'ignore_ament_install']
[0.255s] Level 1:colcon.colcon_core.package_identification:_identify(.) by extension 'ignore'
[0.256s] Level 1:colcon.colcon_core.package_identification:_identify(.) by extension 'ignore_ament_install'
[0.256s] Level 1:colcon.colcon_core.package_identification:_identify(.) by extensions ['colcon_pkg']
[0.256s] Level 1:colcon.colcon_core.package_identification:_identify(.) by extension 'colcon_pkg'
[0.256s] Level 1:colcon.colcon_core.package_identification:_identify(.) by extensions ['colcon_meta']
[0.256s] Level 1:colcon.colcon_core.package_identification:_identify(.) by extension 'colcon_meta'
[0.256s] Level 1:colcon.colcon_core.package_identification:_identify(.) by extensions ['ros']
[0.256s] Level 1:colcon.colcon_core.package_identification:_identify(.) by extension 'ros'
[0.271s] Level 1:colcon.colcon_core.package_identification:_identify(.) by extensions ['cmake', 'python']
[0.271s] Level 1:colcon.colcon_core.package_identification:_identify(.) by extension 'cmake'
[0.271s] Level 1:colcon.colcon_core.package_identification:_identify(.) by extension 'python'
[0.271s] Level 1:colcon.colcon_core.package_identification:_identify(.) by extensions ['python_setup_py']
[0.271s] Level 1:colcon.colcon_core.package_identification:_identify(.) by extension 'python_setup_py'
[0.272s] Level 1:colcon.colcon_core.package_identification:_identify(build) by extensions ['ignore', 'ignore_ament_install']
[0.272s] Level 1:colcon.colcon_core.package_identification:_identify(build) by extension 'ignore'
[0.272s] Level 1:colcon.colcon_core.package_identification:_identify(build) ignored
[0.272s] Level 1:colcon.colcon_core.package_identification:_identify(install) by extensions ['ignore', 'ignore_ament_install']
[0.272s] Level 1:colcon.colcon_core.package_identification:_identify(install) by extension 'ignore'
[0.273s] Level 1:colcon.colcon_core.package_identification:_identify(install) ignored
[0.273s] Level 1:colcon.colcon_core.package_identification:_identify(log) by extensions ['ignore', 'ignore_ament_install']
[0.273s] Level 1:colcon.colcon_core.package_identification:_identify(log) by extension 'ignore'
[0.273s] Level 1:colcon.colcon_core.package_identification:_identify(log) ignored
[0.273s] Level 1:colcon.colcon_core.package_identification:_identify(src) by extensions ['ignore', 'ignore_ament_install']
[0.273s] Level 1:colcon.colcon_core.package_identification:_identify(src) by extension 'ignore'
[0.273s] Level 1:colcon.colcon_core.package_identification:_identify(src) by extension 'ignore_ament_install'
[0.273s] Level 1:colcon.colcon_core.package_identification:_identify(src) by extensions ['colcon_pkg']
[0.273s] Level 1:colcon.colcon_core.package_identification:_identify(src) by extension 'colcon_pkg'
[0.273s] Level 1:colcon.colcon_core.package_identification:_identify(src) by extensions ['colcon_meta']
[0.273s] Level 1:colcon.colcon_core.package_identification:_identify(src) by extension 'colcon_meta'
[0.273s] Level 1:colcon.colcon_core.package_identification:_identify(src) by extensions ['ros']
[0.273s] Level 1:colcon.colcon_core.package_identification:_identify(src) by extension 'ros'
[0.273s] Level 1:colcon.colcon_core.package_identification:_identify(src) by extensions ['cmake', 'python']
[0.274s] Level 1:colcon.colcon_core.package_identification:_identify(src) by extension 'cmake'
[0.274s] Level 1:colcon.colcon_core.package_identification:_identify(src) by extension 'python'
[0.274s] Level 1:colcon.colcon_core.package_identification:_identify(src) by extensions ['python_setup_py']
[0.274s] Level 1:colcon.colcon_core.package_identification:_identify(src) by extension 'python_setup_py'
[0.274s] Level 1:colcon.colcon_core.package_identification:_identify(src/ros_esc) by extensions ['ignore', 'ignore_ament_install']
[0.274s] Level 1:colcon.colcon_core.package_identification:_identify(src/ros_esc) by extension 'ignore'
[0.274s] Level 1:colcon.colcon_core.package_identification:_identify(src/ros_esc) by extension 'ignore_ament_install'
[0.274s] Level 1:colcon.colcon_core.package_identification:_identify(src/ros_esc) by extensions ['colcon_pkg']
[0.274s] Level 1:colcon.colcon_core.package_identification:_identify(src/ros_esc) by extension 'colcon_pkg'
[0.274s] Level 1:colcon.colcon_core.package_identification:_identify(src/ros_esc) by extensions ['colcon_meta']
[0.274s] Level 1:colcon.colcon_core.package_identification:_identify(src/ros_esc) by extension 'colcon_meta'
[0.274s] Level 1:colcon.colcon_core.package_identification:_identify(src/ros_esc) by extensions ['ros']
[0.274s] Level 1:colcon.colcon_core.package_identification:_identify(src/ros_esc) by extension 'ros'
[0.276s] DEBUG:colcon.colcon_core.package_identification:Package 'src/ros_esc' with type 'ros.ament_python' and name 'ros_esc'
[0.276s] Level 1:colcon.colcon_core.package_identification:_identify(src/ros_esc_interfaces) by extensions ['ignore', 'ignore_ament_install']
[0.277s] Level 1:colcon.colcon_core.package_identification:_identify(src/ros_esc_interfaces) by extension 'ignore'
[0.277s] Level 1:colcon.colcon_core.package_identification:_identify(src/ros_esc_interfaces) by extension 'ignore_ament_install'
[0.277s] Level 1:colcon.colcon_core.package_identification:_identify(src/ros_esc_interfaces) by extensions ['colcon_pkg']
[0.277s] Level 1:colcon.colcon_core.package_identification:_identify(src/ros_esc_interfaces) by extension 'colcon_pkg'
[0.277s] Level 1:colcon.colcon_core.package_identification:_identify(src/ros_esc_interfaces) by extensions ['colcon_meta']
[0.277s] Level 1:colcon.colcon_core.package_identification:_identify(src/ros_esc_interfaces) by extension 'colcon_meta'
[0.277s] Level 1:colcon.colcon_core.package_identification:_identify(src/ros_esc_interfaces) by extensions ['ros']
[0.277s] Level 1:colcon.colcon_core.package_identification:_identify(src/ros_esc_interfaces) by extension 'ros'
[0.278s] DEBUG:colcon.colcon_core.package_identification:Package 'src/ros_esc_interfaces' with type 'ros.ament_cmake' and name 'ros_esc_interfaces'
[0.278s] Level 1:colcon.colcon_core.package_identification:_identify(src/turtlebot3_rotating_sensor) by extensions ['ignore', 'ignore_ament_install']
[0.278s] Level 1:colcon.colcon_core.package_identification:_identify(src/turtlebot3_rotating_sensor) by extension 'ignore'
[0.278s] Level 1:colcon.colcon_core.package_identification:_identify(src/turtlebot3_rotating_sensor) by extension 'ignore_ament_install'
[0.278s] Level 1:colcon.colcon_core.package_identification:_identify(src/turtlebot3_rotating_sensor) by extensions ['colcon_pkg']
[0.278s] Level 1:colcon.colcon_core.package_identification:_identify(src/turtlebot3_rotating_sensor) by extension 'colcon_pkg'
[0.278s] Level 1:colcon.colcon_core.package_identification:_identify(src/turtlebot3_rotating_sensor) by extensions ['colcon_meta']
[0.278s] Level 1:colcon.colcon_core.package_identification:_identify(src/turtlebot3_rotating_sensor) by extension 'colcon_meta'
[0.278s] Level 1:colcon.colcon_core.package_identification:_identify(src/turtlebot3_rotating_sensor) by extensions ['ros']
[0.278s] Level 1:colcon.colcon_core.package_identification:_identify(src/turtlebot3_rotating_sensor) by extension 'ros'
[0.279s] DEBUG:colcon.colcon_core.package_identification:Package 'src/turtlebot3_rotating_sensor' with type 'ros.ament_cmake' and name 'turtlebot3_rotating_sensor'
[0.279s] Level 1:colcon.colcon_core.package_discovery:discover_packages(recursive) using defaults
[0.279s] Level 1:colcon.colcon_core.package_discovery:discover_packages(ignore) discover
[0.279s] Level 1:colcon.colcon_core.package_discovery:discover_packages(ignore) using defaults
[0.279s] Level 1:colcon.colcon_core.package_discovery:discover_packages(path) discover
[0.279s] Level 1:colcon.colcon_core.package_discovery:discover_packages(path) using defaults
[0.295s] Level 1:colcon.colcon_core.package_discovery:discover_packages(prefix_path) check parameters
[0.295s] Level 1:colcon.colcon_core.package_discovery:discover_packages(prefix_path) discover
[0.296s] DEBUG:colcon.colcon_installed_package_information.package_discovery:Found 3 installed packages in /home/mattb/ros2_ws/install
[0.298s] DEBUG:colcon.colcon_installed_package_information.package_discovery:Found 279 installed packages in /opt/ros/humble
[0.299s] Level 1:colcon.colcon_core.package_discovery:discover_packages(prefix_path) using defaults
[0.329s] Level 5:colcon.colcon_core.verb:set package 'ros_esc' build argument 'cmake_args' from command line to 'None'
[0.329s] Level 5:colcon.colcon_core.verb:set package 'ros_esc' build argument 'cmake_target' from command line to 'None'
[0.329s] Level 5:colcon.colcon_core.verb:set package 'ros_esc' build argument 'cmake_target_skip_unavailable' from command line to 'False'
[0.329s] Level 5:colcon.colcon_core.verb:set package 'ros_esc' build argument 'cmake_clean_cache' from command line to 'False'
[0.329s] Level 5:colcon.colcon_core.verb:set package 'ros_esc' build argument 'cmake_clean_first' from command line to 'False'
[0.329s] Level 5:colcon.colcon_core.verb:set package 'ros_esc' build argument 'cmake_force_configure' from command line to 'False'
[0.329s] Level 5:colcon.colcon_core.verb:set package 'ros_esc' build argument 'ament_cmake_args' from command line to 'None'
[0.329s] Level 5:colcon.colcon_core.verb:set package 'ros_esc' build argument 'catkin_cmake_args' from command line to 'None'
[0.330s] Level 5:colcon.colcon_core.verb:set package 'ros_esc' build argument 'catkin_skip_building_tests' from command line to 'False'
[0.330s] DEBUG:colcon.colcon_core.verb:Building package 'ros_esc' with the following arguments: {'ament_cmake_args': None, 'build_base': '/home/mattb/ros2_ws/build/ros_esc', 'catkin_cmake_args': None, 'catkin_skip_building_tests': False, 'cmake_args': None, 'cmake_clean_cache': False, 'cmake_clean_first': False, 'cmake_force_configure': False, 'cmake_target': None, 'cmake_target_skip_unavailable': False, 'install_base': '/home/mattb/ros2_ws/install/ros_esc', 'merge_install': False, 'path': '/home/mattb/ros2_ws/src/ros_esc', 'symlink_install': False, 'test_result_base': None}
[0.330s] Level 5:colcon.colcon_core.verb:set package 'ros_esc_interfaces' build argument 'cmake_args' from command line to 'None'
[0.330s] Level 5:colcon.colcon_core.verb:set package 'ros_esc_interfaces' build argument 'cmake_target' from command line to 'None'
[0.330s] Level 5:colcon.colcon_core.verb:set package 'ros_esc_interfaces' build argument 'cmake_target_skip_unavailable' from command line to 'False'
[0.330s] Level 5:colcon.colcon_core.verb:set package 'ros_esc_interfaces' build argument 'cmake_clean_cache' from command line to 'False'
[0.330s] Level 5:colcon.colcon_core.verb:set package 'ros_esc_interfaces' build argument 'cmake_clean_first' from command line to 'False'
[0.330s] Level 5:colcon.colcon_core.verb:set package 'ros_esc_interfaces' build argument 'cmake_force_configure' from command line to 'False'
[0.330s] Level 5:colcon.colcon_core.verb:set package 'ros_esc_interfaces' build argument 'ament_cmake_args' from command line to 'None'
[0.330s] Level 5:colcon.colcon_core.verb:set package 'ros_esc_interfaces' build argument 'catkin_cmake_args' from command line to 'None'
[0.330s] Level 5:colcon.colcon_core.verb:set package 'ros_esc_interfaces' build argument 'catkin_skip_building_tests' from command line to 'False'
[0.330s] DEBUG:colcon.colcon_core.verb:Building package 'ros_esc_interfaces' with the following arguments: {'ament_cmake_args': None, 'build_base': '/home/mattb/ros2_ws/build/ros_esc_interfaces', 'catkin_cmake_args': None, 'catkin_skip_building_tests': False, 'cmake_args': None, 'cmake_clean_cache': False, 'cmake_clean_first': False, 'cmake_force_configure': False, 'cmake_target': None, 'cmake_target_skip_unavailable': False, 'install_base': '/home/mattb/ros2_ws/install/ros_esc_interfaces', 'merge_install': False, 'path': '/home/mattb/ros2_ws/src/ros_esc_interfaces', 'symlink_install': False, 'test_result_base': None}
[0.331s] Level 5:colcon.colcon_core.verb:set package 'turtlebot3_rotating_sensor' build argument 'cmake_args' from command line to 'None'
[0.331s] Level 5:colcon.colcon_core.verb:set package 'turtlebot3_rotating_sensor' build argument 'cmake_target' from command line to 'None'
[0.331s] Level 5:colcon.colcon_core.verb:set package 'turtlebot3_rotating_sensor' build argument 'cmake_target_skip_unavailable' from command line to 'False'
[0.331s] Level 5:colcon.colcon_core.verb:set package 'turtlebot3_rotating_sensor' build argument 'cmake_clean_cache' from command line to 'False'
[0.331s] Level 5:colcon.colcon_core.verb:set package 'turtlebot3_rotating_sensor' build argument 'cmake_clean_first' from command line to 'False'
[0.331s] Level 5:colcon.colcon_core.verb:set package 'turtlebot3_rotating_sensor' build argument 'cmake_force_configure' from command line to 'False'
[0.331s] Level 5:colcon.colcon_core.verb:set package 'turtlebot3_rotating_sensor' build argument 'ament_cmake_args' from command line to 'None'
[0.331s] Level 5:colcon.colcon_core.verb:set package 'turtlebot3_rotating_sensor' build argument 'catkin_cmake_args' from command line to 'None'
[0.331s] Level 5:colcon.colcon_core.verb:set package 'turtlebot3_rotating_sensor' build argument 'catkin_skip_building_tests' from command line to 'False'
[0.331s] DEBUG:colcon.colcon_core.verb:Building package 'turtlebot3_rotating_sensor' with the following arguments: {'ament_cmake_args': None, 'build_base': '/home/mattb/ros2_ws/build/turtlebot3_rotating_sensor', 'catkin_cmake_args': None, 'catkin_skip_building_tests': False, 'cmake_args': None, 'cmake_clean_cache': False, 'cmake_clean_first': False, 'cmake_force_configure': False, 'cmake_target': None, 'cmake_target_skip_unavailable': False, 'install_base': '/home/mattb/ros2_ws/install/turtlebot3_rotating_sensor', 'merge_install': False, 'path': '/home/mattb/ros2_ws/src/turtlebot3_rotating_sensor', 'symlink_install': False, 'test_result_base': None}
[0.331s] INFO:colcon.colcon_core.executor:Executing jobs using 'parallel' executor
[0.332s] DEBUG:colcon.colcon_parallel_executor.executor.parallel:run_until_complete
[0.333s] INFO:colcon.colcon_ros.task.ament_python.build:Building ROS package in '/home/mattb/ros2_ws/src/ros_esc' with build type 'ament_python'
[0.333s] Level 1:colcon.colcon_core.shell:create_environment_hook('ros_esc', 'ament_prefix_path')
[0.335s] INFO:colcon.colcon_core.plugin_system:Skipping extension 'colcon_core.shell.bat': Not used on non-Windows systems
[0.335s] INFO:colcon.colcon_core.shell:Creating environment hook '/home/mattb/ros2_ws/install/ros_esc/share/ros_esc/hook/ament_prefix_path.ps1'
[0.335s] INFO:colcon.colcon_core.shell:Creating environment descriptor '/home/mattb/ros2_ws/install/ros_esc/share/ros_esc/hook/ament_prefix_path.dsv'
[0.336s] INFO:colcon.colcon_core.shell:Creating environment hook '/home/mattb/ros2_ws/install/ros_esc/share/ros_esc/hook/ament_prefix_path.sh'
[0.337s] INFO:colcon.colcon_core.shell:Skip shell extension 'powershell' for command environment: Not usable outside of PowerShell
[0.337s] DEBUG:colcon.colcon_core.shell:Skip shell extension 'dsv' for command environment
[0.340s] INFO:colcon.colcon_ros.task.ament_cmake.build:Building ROS package in '/home/mattb/ros2_ws/src/ros_esc_interfaces' with build type 'ament_cmake'
[0.340s] INFO:colcon.colcon_cmake.task.cmake.build:Building CMake package in '/home/mattb/ros2_ws/src/ros_esc_interfaces'
[0.340s] INFO:colcon.colcon_core.shell:Skip shell extension 'powershell' for command environment: Not usable outside of PowerShell
[0.340s] DEBUG:colcon.colcon_core.shell:Skip shell extension 'dsv' for command environment
[0.343s] INFO:colcon.colcon_ros.task.ament_cmake.build:Building ROS package in '/home/mattb/ros2_ws/src/turtlebot3_rotating_sensor' with build type 'ament_cmake'
[0.343s] INFO:colcon.colcon_cmake.task.cmake.build:Building CMake package in '/home/mattb/ros2_ws/src/turtlebot3_rotating_sensor'
[0.344s] INFO:colcon.colcon_core.shell:Skip shell extension 'powershell' for command environment: Not usable outside of PowerShell
[0.344s] DEBUG:colcon.colcon_core.shell:Skip shell extension 'dsv' for command environment
[0.575s] INFO:colcon.colcon_core.task.python.build:Building Python package in '/home/mattb/ros2_ws/src/ros_esc'
[0.575s] INFO:colcon.colcon_core.shell:Skip shell extension 'powershell' for command environment: Not usable outside of PowerShell
[0.575s] DEBUG:colcon.colcon_core.shell:Skip shell extension 'dsv' for command environment
[0.583s] DEBUG:colcon.colcon_core.event_handler.log_command:Invoking command in '/home/mattb/ros2_ws/build/ros_esc_interfaces': CMAKE_PREFIX_PATH=${CMAKE_PREFIX_PATH}:/home/mattb/ros2_ws/install/ros_esc:/opt/ros/humble /usr/bin/cmake --build /home/mattb/ros2_ws/build/ros_esc_interfaces -- -j12 -l12
[0.588s] DEBUG:colcon.colcon_core.event_handler.log_command:Invoking command in '/home/mattb/ros2_ws/build/turtlebot3_rotating_sensor': CMAKE_PREFIX_PATH=${CMAKE_PREFIX_PATH}:/home/mattb/ros2_ws/install/ros_esc:/opt/ros/humble /usr/bin/cmake /home/mattb/ros2_ws/src/turtlebot3_rotating_sensor -DCMAKE_INSTALL_PREFIX=/home/mattb/ros2_ws/install/turtlebot3_rotating_sensor
[0.918s] DEBUG:colcon.colcon_core.event_handler.log_command:Invoked command in '/home/mattb/ros2_ws/build/ros_esc_interfaces' returned '0': CMAKE_PREFIX_PATH=${CMAKE_PREFIX_PATH}:/home/mattb/ros2_ws/install/ros_esc:/opt/ros/humble /usr/bin/cmake --build /home/mattb/ros2_ws/build/ros_esc_interfaces -- -j12 -l12
[0.927s] DEBUG:colcon.colcon_core.event_handler.log_command:Invoking command in '/home/mattb/ros2_ws/build/ros_esc_interfaces': CMAKE_PREFIX_PATH=${CMAKE_PREFIX_PATH}:/home/mattb/ros2_ws/install/ros_esc:/opt/ros/humble /usr/bin/cmake --install /home/mattb/ros2_ws/build/ros_esc_interfaces
[0.932s] DEBUG:colcon.colcon_core.event_handler.log_command:Invoking command in '/home/mattb/ros2_ws/src/ros_esc': PYTHONPATH=/home/mattb/ros2_ws/build/ros_esc/prefix_override:/usr/lib/python3/dist-packages/colcon_core/task/python/colcon_distutils_commands:/home/mattb/ros2_ws/install/ros_esc/lib/python3.10/site-packages:${PYTHONPATH} /usr/bin/python3 -W ignore:setup.py install is deprecated -W ignore:easy_install command is deprecated setup.py egg_info --egg-base ../../build/ros_esc build --build-base /home/mattb/ros2_ws/build/ros_esc/build install --record /home/mattb/ros2_ws/build/ros_esc/install.log --single-version-externally-managed install_data
[0.989s] Level 1:colcon.colcon_core.environment:create_environment_scripts_only(ros_esc_interfaces)
[0.990s] DEBUG:colcon.colcon_core.event_handler.log_command:Invoked command in '/home/mattb/ros2_ws/build/ros_esc_interfaces' returned '0': CMAKE_PREFIX_PATH=${CMAKE_PREFIX_PATH}:/home/mattb/ros2_ws/install/ros_esc:/opt/ros/humble /usr/bin/cmake --install /home/mattb/ros2_ws/build/ros_esc_interfaces
[0.992s] Level 1:colcon.colcon_core.environment:checking '/home/mattb/ros2_ws/install/ros_esc_interfaces' for CMake module files
[0.993s] Level 1:colcon.colcon_core.environment:checking '/home/mattb/ros2_ws/install/ros_esc_interfaces' for CMake config files
[0.994s] Level 1:colcon.colcon_core.shell:create_environment_hook('ros_esc_interfaces', 'cmake_prefix_path')
[0.994s] INFO:colcon.colcon_core.shell:Creating environment hook '/home/mattb/ros2_ws/install/ros_esc_interfaces/share/ros_esc_interfaces/hook/cmake_prefix_path.ps1'
[0.994s] INFO:colcon.colcon_core.shell:Creating environment descriptor '/home/mattb/ros2_ws/install/ros_esc_interfaces/share/ros_esc_interfaces/hook/cmake_prefix_path.dsv'
[0.994s] INFO:colcon.colcon_core.shell:Creating environment hook '/home/mattb/ros2_ws/install/ros_esc_interfaces/share/ros_esc_interfaces/hook/cmake_prefix_path.sh'
[0.995s] Level 1:colcon.colcon_core.environment:checking '/home/mattb/ros2_ws/install/ros_esc_interfaces/lib'
[0.995s] Level 1:colcon.colcon_core.shell:create_environment_hook('ros_esc_interfaces', 'ld_library_path_lib')
[0.995s] INFO:colcon.colcon_core.shell:Creating environment hook '/home/mattb/ros2_ws/install/ros_esc_interfaces/share/ros_esc_interfaces/hook/ld_library_path_lib.ps1'
[0.996s] INFO:colcon.colcon_core.shell:Creating environment descriptor '/home/mattb/ros2_ws/install/ros_esc_interfaces/share/ros_esc_interfaces/hook/ld_library_path_lib.dsv'
[0.996s] INFO:colcon.colcon_core.shell:Creating environment hook '/home/mattb/ros2_ws/install/ros_esc_interfaces/share/ros_esc_interfaces/hook/ld_library_path_lib.sh'
[0.996s] Level 1:colcon.colcon_core.environment:checking '/home/mattb/ros2_ws/install/ros_esc_interfaces/bin'
[0.996s] Level 1:colcon.colcon_core.environment:checking '/home/mattb/ros2_ws/install/ros_esc_interfaces/lib/pkgconfig/ros_esc_interfaces.pc'
[0.997s] Level 1:colcon.colcon_core.environment:checking '/home/mattb/ros2_ws/install/ros_esc_interfaces/lib/python3.10/site-packages'
[0.997s] Level 1:colcon.colcon_core.environment:checking '/home/mattb/ros2_ws/install/ros_esc_interfaces/bin'
[0.997s] INFO:colcon.colcon_core.shell:Creating package script '/home/mattb/ros2_ws/install/ros_esc_interfaces/share/ros_esc_interfaces/package.ps1'
[0.998s] INFO:colcon.colcon_core.shell:Creating package descriptor '/home/mattb/ros2_ws/install/ros_esc_interfaces/share/ros_esc_interfaces/package.dsv'
[0.999s] INFO:colcon.colcon_core.shell:Creating package script '/home/mattb/ros2_ws/install/ros_esc_interfaces/share/ros_esc_interfaces/package.sh'
[0.999s] INFO:colcon.colcon_core.shell:Creating package script '/home/mattb/ros2_ws/install/ros_esc_interfaces/share/ros_esc_interfaces/package.bash'
[1.000s] INFO:colcon.colcon_core.shell:Creating package script '/home/mattb/ros2_ws/install/ros_esc_interfaces/share/ros_esc_interfaces/package.zsh'
[1.000s] Level 1:colcon.colcon_core.environment:create_file_with_runtime_dependencies(/home/mattb/ros2_ws/install/ros_esc_interfaces/share/colcon-core/packages/ros_esc_interfaces)
[1.001s] Level 1:colcon.colcon_core.environment:create_environment_scripts_only(ros_esc_interfaces)
[1.001s] Level 1:colcon.colcon_core.environment:checking '/home/mattb/ros2_ws/install/ros_esc_interfaces' for CMake module files
[1.002s] Level 1:colcon.colcon_core.environment:checking '/home/mattb/ros2_ws/install/ros_esc_interfaces' for CMake config files
[1.002s] Level 1:colcon.colcon_core.shell:create_environment_hook('ros_esc_interfaces', 'cmake_prefix_path')
[1.003s] INFO:colcon.colcon_core.shell:Creating environment hook '/home/mattb/ros2_ws/install/ros_esc_interfaces/share/ros_esc_interfaces/hook/cmake_prefix_path.ps1'
[1.003s] INFO:colcon.colcon_core.shell:Creating environment descriptor '/home/mattb/ros2_ws/install/ros_esc_interfaces/share/ros_esc_interfaces/hook/cmake_prefix_path.dsv'
[1.003s] INFO:colcon.colcon_core.shell:Creating environment hook '/home/mattb/ros2_ws/install/ros_esc_interfaces/share/ros_esc_interfaces/hook/cmake_prefix_path.sh'
[1.004s] Level 1:colcon.colcon_core.environment:checking '/home/mattb/ros2_ws/install/ros_esc_interfaces/lib'
[1.004s] Level 1:colcon.colcon_core.shell:create_environment_hook('ros_esc_interfaces', 'ld_library_path_lib')
[1.004s] INFO:colcon.colcon_core.shell:Creating environment hook '/home/mattb/ros2_ws/install/ros_esc_interfaces/share/ros_esc_interfaces/hook/ld_library_path_lib.ps1'
[1.004s] INFO:colcon.colcon_core.shell:Creating environment descriptor '/home/mattb/ros2_ws/install/ros_esc_interfaces/share/ros_esc_interfaces/hook/ld_library_path_lib.dsv'
[1.005s] INFO:colcon.colcon_core.shell:Creating environment hook '/home/mattb/ros2_ws/install/ros_esc_interfaces/share/ros_esc_interfaces/hook/ld_library_path_lib.sh'
[1.005s] Level 1:colcon.colcon_core.environment:checking '/home/mattb/ros2_ws/install/ros_esc_interfaces/bin'
[1.005s] Level 1:colcon.colcon_core.environment:checking '/home/mattb/ros2_ws/install/ros_esc_interfaces/lib/pkgconfig/ros_esc_interfaces.pc'
[1.005s] Level 1:colcon.colcon_core.environment:checking '/home/mattb/ros2_ws/install/ros_esc_interfaces/lib/python3.10/site-packages'
[1.006s] Level 1:colcon.colcon_core.environment:checking '/home/mattb/ros2_ws/install/ros_esc_interfaces/bin'
[1.006s] INFO:colcon.colcon_core.shell:Creating package script '/home/mattb/ros2_ws/install/ros_esc_interfaces/share/ros_esc_interfaces/package.ps1'
[1.006s] INFO:colcon.colcon_core.shell:Creating package descriptor '/home/mattb/ros2_ws/install/ros_esc_interfaces/share/ros_esc_interfaces/package.dsv'
[1.007s] INFO:colcon.colcon_core.shell:Creating package script '/home/mattb/ros2_ws/install/ros_esc_interfaces/share/ros_esc_interfaces/package.sh'
[1.007s] INFO:colcon.colcon_core.shell:Creating package script '/home/mattb/ros2_ws/install/ros_esc_interfaces/share/ros_esc_interfaces/package.bash'
[1.007s] INFO:colcon.colcon_core.shell:Creating package script '/home/mattb/ros2_ws/install/ros_esc_interfaces/share/ros_esc_interfaces/package.zsh'
[1.008s] Level 1:colcon.colcon_core.environment:create_file_with_runtime_dependencies(/home/mattb/ros2_ws/install/ros_esc_interfaces/share/colcon-core/packages/ros_esc_interfaces)
[1.224s] Level 1:colcon.colcon_core.environment:checking '/home/mattb/ros2_ws/install/ros_esc' for CMake module files
[1.225s] DEBUG:colcon.colcon_core.event_handler.log_command:Invoked command in '/home/mattb/ros2_ws/src/ros_esc' returned '0': PYTHONPATH=/home/mattb/ros2_ws/build/ros_esc/prefix_override:/usr/lib/python3/dist-packages/colcon_core/task/python/colcon_distutils_commands:/home/mattb/ros2_ws/install/ros_esc/lib/python3.10/site-packages:${PYTHONPATH} /usr/bin/python3 -W ignore:setup.py install is deprecated -W ignore:easy_install command is deprecated setup.py egg_info --egg-base ../../build/ros_esc build --build-base /home/mattb/ros2_ws/build/ros_esc/build install --record /home/mattb/ros2_ws/build/ros_esc/install.log --single-version-externally-managed install_data
[1.225s] Level 1:colcon.colcon_core.environment:checking '/home/mattb/ros2_ws/install/ros_esc' for CMake config files
[1.226s] Level 1:colcon.colcon_core.environment:checking '/home/mattb/ros2_ws/install/ros_esc/lib'
[1.226s] Level 1:colcon.colcon_core.environment:checking '/home/mattb/ros2_ws/install/ros_esc/bin'
[1.226s] Level 1:colcon.colcon_core.environment:checking '/home/mattb/ros2_ws/install/ros_esc/lib/pkgconfig/ros_esc.pc'
[1.226s] Level 1:colcon.colcon_core.environment:checking '/home/mattb/ros2_ws/install/ros_esc/lib/python3.10/site-packages'
[1.227s] Level 1:colcon.colcon_core.shell:create_environment_hook('ros_esc', 'pythonpath')
[1.227s] INFO:colcon.colcon_core.shell:Creating environment hook '/home/mattb/ros2_ws/install/ros_esc/share/ros_esc/hook/pythonpath.ps1'
[1.227s] INFO:colcon.colcon_core.shell:Creating environment descriptor '/home/mattb/ros2_ws/install/ros_esc/share/ros_esc/hook/pythonpath.dsv'
[1.227s] INFO:colcon.colcon_core.shell:Creating environment hook '/home/mattb/ros2_ws/install/ros_esc/share/ros_esc/hook/pythonpath.sh'
[1.228s] Level 1:colcon.colcon_core.environment:checking '/home/mattb/ros2_ws/install/ros_esc/bin'
[1.228s] Level 1:colcon.colcon_core.environment:create_environment_scripts_only(ros_esc)
[1.228s] INFO:colcon.colcon_core.shell:Creating package script '/home/mattb/ros2_ws/install/ros_esc/share/ros_esc/package.ps1'
[1.229s] INFO:colcon.colcon_core.shell:Creating package descriptor '/home/mattb/ros2_ws/install/ros_esc/share/ros_esc/package.dsv'
[1.229s] INFO:colcon.colcon_core.shell:Creating package script '/home/mattb/ros2_ws/install/ros_esc/share/ros_esc/package.sh'
[1.230s] INFO:colcon.colcon_core.shell:Creating package script '/home/mattb/ros2_ws/install/ros_esc/share/ros_esc/package.bash'
[1.230s] INFO:colcon.colcon_core.shell:Creating package script '/home/mattb/ros2_ws/install/ros_esc/share/ros_esc/package.zsh'
[1.230s] Level 1:colcon.colcon_core.environment:create_file_with_runtime_dependencies(/home/mattb/ros2_ws/install/ros_esc/share/colcon-core/packages/ros_esc)
[1.428s] DEBUG:colcon.colcon_core.event_handler.log_command:Invoked command in '/home/mattb/ros2_ws/build/turtlebot3_rotating_sensor' returned '1': CMAKE_PREFIX_PATH=${CMAKE_PREFIX_PATH}:/home/mattb/ros2_ws/install/ros_esc:/opt/ros/humble /usr/bin/cmake /home/mattb/ros2_ws/src/turtlebot3_rotating_sensor -DCMAKE_INSTALL_PREFIX=/home/mattb/ros2_ws/install/turtlebot3_rotating_sensor
[1.439s] Level 1:colcon.colcon_core.environment:create_environment_scripts_only(turtlebot3_rotating_sensor)
[1.439s] Level 1:colcon.colcon_core.environment:checking '/home/mattb/ros2_ws/install/turtlebot3_rotating_sensor' for CMake module files
[1.439s] Level 1:colcon.colcon_core.environment:checking '/home/mattb/ros2_ws/install/turtlebot3_rotating_sensor' for CMake config files
[1.439s] Level 1:colcon.colcon_core.environment:checking '/home/mattb/ros2_ws/install/turtlebot3_rotating_sensor/bin'
[1.440s] Level 1:colcon.colcon_core.environment:checking '/home/mattb/ros2_ws/install/turtlebot3_rotating_sensor/lib/pkgconfig/turtlebot3_rotating_sensor.pc'
[1.440s] Level 1:colcon.colcon_core.environment:checking '/home/mattb/ros2_ws/install/turtlebot3_rotating_sensor/lib/python3.10/site-packages'
[1.440s] Level 1:colcon.colcon_core.environment:checking '/home/mattb/ros2_ws/install/turtlebot3_rotating_sensor/bin'
[1.441s] INFO:colcon.colcon_core.shell:Creating package script '/home/mattb/ros2_ws/install/turtlebot3_rotating_sensor/share/turtlebot3_rotating_sensor/package.ps1'
[1.441s] INFO:colcon.colcon_core.shell:Creating package descriptor '/home/mattb/ros2_ws/install/turtlebot3_rotating_sensor/share/turtlebot3_rotating_sensor/package.dsv'
[1.442s] INFO:colcon.colcon_core.shell:Creating package script '/home/mattb/ros2_ws/install/turtlebot3_rotating_sensor/share/turtlebot3_rotating_sensor/package.sh'
[1.442s] INFO:colcon.colcon_core.shell:Creating package script '/home/mattb/ros2_ws/install/turtlebot3_rotating_sensor/share/turtlebot3_rotating_sensor/package.bash'
[1.442s] INFO:colcon.colcon_core.shell:Creating package script '/home/mattb/ros2_ws/install/turtlebot3_rotating_sensor/share/turtlebot3_rotating_sensor/package.zsh'
[1.443s] Level 1:colcon.colcon_core.environment:create_file_with_runtime_dependencies(/home/mattb/ros2_ws/install/turtlebot3_rotating_sensor/share/colcon-core/packages/turtlebot3_rotating_sensor)
[1.453s] DEBUG:colcon.colcon_parallel_executor.executor.parallel:closing loop
[1.453s] DEBUG:colcon.colcon_parallel_executor.executor.parallel:loop closed
[1.453s] DEBUG:colcon.colcon_parallel_executor.executor.parallel:run_until_complete finished with '1'
[1.453s] DEBUG:colcon.colcon_core.event_reactor:joining thread
[1.458s] INFO:colcon.colcon_core.plugin_system:Skipping extension 'colcon_notification.desktop_notification.terminal_notifier': Not used on non-Darwin systems
[1.459s] INFO:colcon.colcon_core.plugin_system:Skipping extension 'colcon_notification.desktop_notification.win32': Not used on non-Windows systems
[1.459s] INFO:colcon.colcon_notification.desktop_notification:Sending desktop notification using 'notify2'
[1.469s] DEBUG:colcon.colcon_core.event_reactor:joined thread
[1.469s] INFO:colcon.colcon_core.shell:Creating prefix script '/home/mattb/ros2_ws/install/local_setup.ps1'
[1.470s] INFO:colcon.colcon_core.shell:Creating prefix util module '/home/mattb/ros2_ws/install/_local_setup_util_ps1.py'
[1.472s] INFO:colcon.colcon_core.shell:Creating prefix chain script '/home/mattb/ros2_ws/install/setup.ps1'
[1.473s] INFO:colcon.colcon_core.shell:Creating prefix script '/home/mattb/ros2_ws/install/local_setup.sh'
[1.473s] INFO:colcon.colcon_core.shell:Creating prefix util module '/home/mattb/ros2_ws/install/_local_setup_util_sh.py'
[1.474s] INFO:colcon.colcon_core.shell:Creating prefix chain script '/home/mattb/ros2_ws/install/setup.sh'
[1.475s] INFO:colcon.colcon_core.shell:Creating prefix script '/home/mattb/ros2_ws/install/local_setup.bash'
[1.475s] INFO:colcon.colcon_core.shell:Creating prefix chain script '/home/mattb/ros2_ws/install/setup.bash'
[1.476s] INFO:colcon.colcon_core.shell:Creating prefix script '/home/mattb/ros2_ws/install/local_setup.zsh'
[1.477s] INFO:colcon.colcon_core.shell:Creating prefix chain script '/home/mattb/ros2_ws/install/setup.zsh'
