[INFO] [1781131958.289102273] [turtlebot3_diff_drive]: Wheel pair 1 separation set to [0.160000m]
[INFO] [1781131958.289883212] [turtlebot3_diff_drive]: Wheel pair 1 diameter set to [0.066000m]
[INFO] [1781131958.292276262] [turtlebot3_diff_drive]: Subscribed to [/cmd_vel]
[INFO] [1781131958.296124924] [turtlebot3_diff_drive]: Advertise odometry on [/odom]
[INFO] [1781131958.300068879] [turtlebot3_diff_drive]: Publishing odom transforms between [odom] and [base_footprint]
[INFO] [1781131958.317025800] [turtlebot3_joint_state]: Going to publish joint [rotating_frame_joint]
[INFO] [1781131958.360850420] [gazebo_ros2_control]: Loading gazebo_ros2_control plugin
[INFO] [1781131958.367825848] [gazebo_ros2_control]: Starting gazebo_ros2_control plugin in namespace: /
[INFO] [1781131958.367886600] [gazebo_ros2_control]: Starting gazebo_ros2_control plugin in ros 2 node: gazebo_ros2_control
[INFO] [1781131958.374134487] [gazebo_ros2_control]: connected to service!! /robot_state_publisher_node
[INFO] [1781131958.374748525] [gazebo_ros2_control]: Received urdf from param server, parsing...
[INFO] [1781131958.374820981] [gazebo_ros2_control]: Loading parameter files /home/mattb/dsim-lab/ros2_ws/install/turtlebot3_rotating_sensor/share/turtlebot3_rotating_sensor/controller_config/joint_controller.yaml
[INFO] [1781131958.388404596] [gazebo_ros2_control]: Loading joint: rotating_frame_joint
[INFO] [1781131958.388482127] [gazebo_ros2_control]: 	State:
[INFO] [1781131958.388507112] [gazebo_ros2_control]: 		 position
[INFO] [1781131958.388526849] [gazebo_ros2_control]: 			 found initial value: 0.000000
[INFO] [1781131958.388553561] [gazebo_ros2_control]: 		 velocity
[INFO] [1781131958.388568045] [gazebo_ros2_control]: 			 found initial value: 0.000000
[INFO] [1781131958.388583379] [gazebo_ros2_control]: 	Command:
[INFO] [1781131958.388623682] [gazebo_ros2_control]: 		 velocity
[INFO] [1781131958.389166765] [resource_manager]: Initialize hardware 'GazeboSystem' 
[INFO] [1781131958.389371838] [resource_manager]: Successful initialization of hardware 'GazeboSystem'
[INFO] [1781131958.389480608] [resource_manager]: 'configure' hardware 'GazeboSystem' 
[INFO] [1781131958.389496384] [resource_manager]: Successful 'configure' of hardware 'GazeboSystem'
[INFO] [1781131958.389506460] [resource_manager]: 'activate' hardware 'GazeboSystem' 
[INFO] [1781131958.389516807] [resource_manager]: Successful 'activate' of hardware 'GazeboSystem'
[INFO] [1781131958.389648089] [gazebo_ros2_control]: Loading controller_manager
[WARN] [1781131958.420807479] [gazebo_ros2_control]:  Desired controller update period (0.01 s) is slower than the gazebo simulation period (0.001 s).
[INFO] [1781131958.421227687] [gazebo_ros2_control]: Loaded gazebo_ros2_control.
[INFO] [1781131958.516236667] [controller_manager]: Loading controller 'velocity_controller'
[INFO] [1781131958.551268943] [controller_manager]: Configuring controller 'velocity_controller'
[INFO] [1781131958.553296892] [velocity_controller]: configure successful
[INFO] [1781131958.559120202] [velocity_controller]: activate successful
[INFO] [1781131958.656302867] [controller_manager]: Loading controller 'joint_state_broadcaster'
[INFO] [1781131958.677322592] [controller_manager]: Configuring controller 'joint_state_broadcaster'
[INFO] [1781131958.677576726] [joint_state_broadcaster]: 'joints' or 'interfaces' parameter is empty. All available state interfaces will be published
[INFO] [1781132130.132883249] [rclcpp]: signal_handler(SIGINT/SIGTERM)
[INFO] [1781132130.133026212] [controller_manager]: Shutdown request received....
[INFO] [1781132130.133130031] [controller_manager]: Shutting down all controllers in the controller manager.
[INFO] [1781132130.133184305] [controller_manager]: Deactivating controller 'velocity_controller'
[INFO] [1781132130.133295533] [controller_manager]: Shutting down controller 'velocity_controller'
[INFO] [1781132130.133390894] [controller_manager]: Deactivating controller 'joint_state_broadcaster'
[INFO] [1781132130.133433640] [controller_manager]: Shutting down controller 'joint_state_broadcaster'
[INFO] [1781132130.133507716] [resource_manager]: 'deactivate' hardware 'GazeboSystem' 
[INFO] [1781132130.133531369] [resource_manager]: Successful 'deactivate' of hardware 'GazeboSystem'
[INFO] [1781132130.133544303] [resource_manager]: 'shutdown' hardware 'GazeboSystem' 
[INFO] [1781132130.133559486] [resource_manager]: Successful 'shutdown' of hardware 'GazeboSystem'
[INFO] [1781132130.133572819] [controller_manager]: Shutting down the controller manager.
