[0.013s] Invoking command in '/home/mattb/ros2_ws/build/ros_esc_interfaces': CMAKE_PREFIX_PATH=/opt/ros/humble /usr/bin/cmake /home/mattb/ros2_ws/src/ros_esc_interfaces -DCMAKE_INSTALL_PREFIX=/home/mattb/ros2_ws/install/ros_esc_interfaces
[0.281s] -- The C compiler identification is GNU 11.4.0
[0.490s] -- The CXX compiler identification is GNU 11.4.0
[0.501s] -- Detecting C compiler ABI info
[0.567s] -- Detecting C compiler ABI info - done
[0.574s] -- Check for working C compiler: /usr/bin/cc - skipped
[0.575s] -- Detecting C compile features
[0.575s] -- Detecting C compile features - done
[0.579s] -- Detecting CXX compiler ABI info
[0.651s] -- Detecting CXX compiler ABI info - done
[0.658s] -- Check for working CXX compiler: /usr/bin/c++ - skipped
[0.658s] -- Detecting CXX compile features
[0.658s] -- Detecting CXX compile features - done
[0.660s] -- Found ament_cmake: 1.3.12 (/opt/ros/humble/share/ament_cmake/cmake)
[0.786s] -- Found Python3: /usr/bin/python3 (found version "3.10.12") found components: Interpreter 
[0.858s] -- Found geometry_msgs: 4.9.0 (/opt/ros/humble/share/geometry_msgs/cmake)
[0.886s] -- Found rosidl_generator_c: 3.1.7 (/opt/ros/humble/share/rosidl_generator_c/cmake)
[0.890s] -- Found rosidl_adapter: 3.1.7 (/opt/ros/humble/share/rosidl_adapter/cmake)
[0.896s] -- Found rosidl_generator_cpp: 3.1.7 (/opt/ros/humble/share/rosidl_generator_cpp/cmake)
[0.906s] -- Using all available rosidl_typesupport_c: rosidl_typesupport_fastrtps_c;rosidl_typesupport_introspection_c
[0.920s] -- Using all available rosidl_typesupport_cpp: rosidl_typesupport_fastrtps_cpp;rosidl_typesupport_introspection_cpp
[0.954s] -- Found rclpy: 3.3.17 (/opt/ros/humble/share/rclpy/cmake)
[0.955s] -- Found rosidl_default_generators: 1.2.0 (/opt/ros/humble/share/rosidl_default_generators/cmake)
[1.211s] -- Found ament_cmake_ros: 0.10.0 (/opt/ros/humble/share/ament_cmake_ros/cmake)
[1.567s] -- Using all available rosidl_typesupport_c: rosidl_typesupport_fastrtps_c;rosidl_typesupport_introspection_c
[1.706s] -- Using all available rosidl_typesupport_cpp: rosidl_typesupport_fastrtps_cpp;rosidl_typesupport_introspection_cpp
[1.727s] -- Found PythonInterp: /usr/bin/python3 (found suitable version "3.10.12", minimum required is "3.6") 
[1.729s] -- Found python_cmake_module: 0.10.0 (/opt/ros/humble/share/python_cmake_module/cmake)
[1.751s] -- Found PythonLibs: /usr/lib/x86_64-linux-gnu/libpython3.10.so (found suitable version "3.10.12", minimum required is "3.5") 
[1.751s] -- Using PYTHON_EXECUTABLE: /usr/bin/python3
[1.752s] -- Using PYTHON_INCLUDE_DIRS: /usr/include/python3.10
[1.752s] -- Using PYTHON_LIBRARIES: /usr/lib/x86_64-linux-gnu/libpython3.10.so
[1.769s] -- Found PythonExtra: .so  
[1.819s] -- Found ament_lint_auto: 0.12.14 (/opt/ros/humble/share/ament_lint_auto/cmake)
[1.834s] -- Added test 'lint_cmake' to check CMake code style
[1.835s] -- Added test 'xmllint' to check XML markup files
[1.837s] -- Configuring done
[1.874s] -- Generating done
[1.884s] -- Build files have been written to: /home/mattb/ros2_ws/build/ros_esc_interfaces
[1.891s] Invoked command in '/home/mattb/ros2_ws/build/ros_esc_interfaces' returned '0': CMAKE_PREFIX_PATH=/opt/ros/humble /usr/bin/cmake /home/mattb/ros2_ws/src/ros_esc_interfaces -DCMAKE_INSTALL_PREFIX=/home/mattb/ros2_ws/install/ros_esc_interfaces
[1.893s] Invoking command in '/home/mattb/ros2_ws/build/ros_esc_interfaces': CMAKE_PREFIX_PATH=/opt/ros/humble /usr/bin/cmake --build /home/mattb/ros2_ws/build/ros_esc_interfaces -- -j12 -l12
[1.929s] [  1%] [34m[1mGenerating C code for ROS interfaces[0m
[1.938s] [  3%] [34m[1mGenerating C++ code for ROS interfaces[0m
[1.946s] [  3%] Built target ament_cmake_python_copy_ros_esc_interfaces
[2.167s] running egg_info
[2.167s] creating ros_esc_interfaces.egg-info
[2.167s] writing ros_esc_interfaces.egg-info/PKG-INFO
[2.167s] writing dependency_links to ros_esc_interfaces.egg-info/dependency_links.txt
[2.168s] writing top-level names to ros_esc_interfaces.egg-info/top_level.txt
[2.168s] writing manifest file 'ros_esc_interfaces.egg-info/SOURCES.txt'
[2.169s] reading manifest file 'ros_esc_interfaces.egg-info/SOURCES.txt'
[2.170s] writing manifest file 'ros_esc_interfaces.egg-info/SOURCES.txt'
[2.190s] [  3%] Built target ament_cmake_python_build_ros_esc_interfaces_egg
[2.478s] [  3%] Built target ros_esc_interfaces__cpp
[2.495s] [  4%] [34m[1mGenerating C++ type support dispatch for ROS interfaces[0m
[2.496s] [  6%] [34m[1mGenerating C++ type support for eProsima Fast-RTPS[0m
[2.501s] [  7%] [34m[1mGenerating C++ introspection for ROS interfaces[0m
[2.523s] [ 12%] [32mBuilding C object CMakeFiles/ros_esc_interfaces__rosidl_generator_c.dir/rosidl_generator_c/ros_esc_interfaces/msg/detail/stamped_float64_multi_array__functions.c.o[0m
[2.523s] [ 12%] [32mBuilding C object CMakeFiles/ros_esc_interfaces__rosidl_generator_c.dir/rosidl_generator_c/ros_esc_interfaces/msg/detail/stamped_float64__functions.c.o[0m
[2.523s] [ 12%] [32mBuilding C object CMakeFiles/ros_esc_interfaces__rosidl_generator_c.dir/rosidl_generator_c/ros_esc_interfaces/msg/detail/timekeeper__functions.c.o[0m
[2.526s] [ 14%] [32mBuilding C object CMakeFiles/ros_esc_interfaces__rosidl_generator_c.dir/rosidl_generator_c/ros_esc_interfaces/msg/detail/stamped_string__functions.c.o[0m
[2.526s] [ 15%] [32mBuilding C object CMakeFiles/ros_esc_interfaces__rosidl_generator_c.dir/rosidl_generator_c/ros_esc_interfaces/msg/detail/stamped_transform_multi_array__functions.c.o[0m
[2.603s] [ 17%] [32m[1mLinking C shared library libros_esc_interfaces__rosidl_generator_c.so[0m
[2.640s] [ 17%] Built target ros_esc_interfaces__rosidl_generator_c
[2.650s] [ 20%] [34m[1mGenerating C type support for eProsima Fast-RTPS[0m
[2.650s] [ 20%] [34m[1mGenerating C introspection for ROS interfaces[0m
[2.651s] [ 22%] [34m[1mGenerating C type support dispatch for ROS interfaces[0m
[3.011s] [ 23%] [32mBuilding CXX object CMakeFiles/ros_esc_interfaces__rosidl_typesupport_cpp.dir/rosidl_typesupport_cpp/ros_esc_interfaces/msg/timekeeper__type_support.cpp.o[0m
[3.013s] [ 25%] [32mBuilding CXX object CMakeFiles/ros_esc_interfaces__rosidl_typesupport_cpp.dir/rosidl_typesupport_cpp/ros_esc_interfaces/msg/stamped_float64__type_support.cpp.o[0m
[3.013s] [ 26%] [32mBuilding CXX object CMakeFiles/ros_esc_interfaces__rosidl_typesupport_cpp.dir/rosidl_typesupport_cpp/ros_esc_interfaces/msg/stamped_float64_multi_array__type_support.cpp.o[0m
[3.014s] [ 28%] [32mBuilding CXX object CMakeFiles/ros_esc_interfaces__rosidl_typesupport_cpp.dir/rosidl_typesupport_cpp/ros_esc_interfaces/msg/stamped_string__type_support.cpp.o[0m
[3.014s] [ 30%] [32mBuilding CXX object CMakeFiles/ros_esc_interfaces__rosidl_typesupport_cpp.dir/rosidl_typesupport_cpp/ros_esc_interfaces/msg/stamped_transform_multi_array__type_support.cpp.o[0m
[3.139s] [ 33%] [32mBuilding CXX object CMakeFiles/ros_esc_interfaces__rosidl_typesupport_introspection_cpp.dir/rosidl_typesupport_introspection_cpp/ros_esc_interfaces/msg/detail/stamped_float64__type_support.cpp.o[0m
[3.140s] [ 34%] [32mBuilding CXX object CMakeFiles/ros_esc_interfaces__rosidl_typesupport_introspection_cpp.dir/rosidl_typesupport_introspection_cpp/ros_esc_interfaces/msg/detail/timekeeper__type_support.cpp.o[0m
[3.140s] [ 34%] [32mBuilding CXX object CMakeFiles/ros_esc_interfaces__rosidl_typesupport_introspection_cpp.dir/rosidl_typesupport_introspection_cpp/ros_esc_interfaces/msg/detail/stamped_float64_multi_array__type_support.cpp.o[0m
[3.168s] [ 36%] [32mBuilding CXX object CMakeFiles/ros_esc_interfaces__rosidl_typesupport_fastrtps_cpp.dir/rosidl_typesupport_fastrtps_cpp/ros_esc_interfaces/msg/detail/dds_fastrtps/timekeeper__type_support.cpp.o[0m
[3.339s] [ 38%] [32mBuilding CXX object CMakeFiles/ros_esc_interfaces__rosidl_typesupport_c.dir/rosidl_typesupport_c/ros_esc_interfaces/msg/timekeeper__type_support.cpp.o[0m
[3.395s] [ 39%] [32mBuilding CXX object CMakeFiles/ros_esc_interfaces__rosidl_typesupport_c.dir/rosidl_typesupport_c/ros_esc_interfaces/msg/stamped_float64__type_support.cpp.o[0m
[3.444s] [ 41%] [32mBuilding CXX object CMakeFiles/ros_esc_interfaces__rosidl_typesupport_c.dir/rosidl_typesupport_c/ros_esc_interfaces/msg/stamped_float64_multi_array__type_support.cpp.o[0m
[3.493s] [ 42%] [32mBuilding CXX object CMakeFiles/ros_esc_interfaces__rosidl_typesupport_c.dir/rosidl_typesupport_c/ros_esc_interfaces/msg/stamped_string__type_support.cpp.o[0m
[3.543s] [ 46%] [32mBuilding CXX object CMakeFiles/ros_esc_interfaces__rosidl_typesupport_introspection_cpp.dir/rosidl_typesupport_introspection_cpp/ros_esc_interfaces/msg/detail/stamped_transform_multi_array__type_support.cpp.o[0m
[3.543s] [ 46%] [32mBuilding CXX object CMakeFiles/ros_esc_interfaces__rosidl_typesupport_c.dir/rosidl_typesupport_c/ros_esc_interfaces/msg/stamped_transform_multi_array__type_support.cpp.o[0m
[3.543s] [ 47%] [32mBuilding C object CMakeFiles/ros_esc_interfaces__rosidl_typesupport_introspection_c.dir/rosidl_typesupport_introspection_c/ros_esc_interfaces/msg/detail/timekeeper__type_support.c.o[0m
[3.543s] [ 49%] [32m[1mLinking CXX shared library libros_esc_interfaces__rosidl_typesupport_cpp.so[0m
[3.547s] [ 50%] [32mBuilding CXX object CMakeFiles/ros_esc_interfaces__rosidl_typesupport_introspection_cpp.dir/rosidl_typesupport_introspection_cpp/ros_esc_interfaces/msg/detail/stamped_string__type_support.cpp.o[0m
[3.548s] [ 52%] [32mBuilding CXX object CMakeFiles/ros_esc_interfaces__rosidl_typesupport_fastrtps_cpp.dir/rosidl_typesupport_fastrtps_cpp/ros_esc_interfaces/msg/detail/dds_fastrtps/stamped_float64__type_support.cpp.o[0m
[3.556s] [ 53%] [32mBuilding C object CMakeFiles/ros_esc_interfaces__rosidl_typesupport_introspection_c.dir/rosidl_typesupport_introspection_c/ros_esc_interfaces/msg/detail/stamped_float64__type_support.c.o[0m
[3.600s] [ 55%] [32m[1mLinking CXX shared library libros_esc_interfaces__rosidl_typesupport_c.so[0m
[3.601s] [ 57%] [32mBuilding CXX object CMakeFiles/ros_esc_interfaces__rosidl_typesupport_fastrtps_c.dir/rosidl_typesupport_fastrtps_c/ros_esc_interfaces/msg/detail/timekeeper__type_support_c.cpp.o[0m
[3.604s] [ 58%] [32mBuilding CXX object CMakeFiles/ros_esc_interfaces__rosidl_typesupport_fastrtps_c.dir/rosidl_typesupport_fastrtps_c/ros_esc_interfaces/msg/detail/stamped_float64__type_support_c.cpp.o[0m
[3.616s] [ 58%] Built target ros_esc_interfaces__rosidl_typesupport_cpp
[3.618s] [ 60%] [32mBuilding C object CMakeFiles/ros_esc_interfaces__rosidl_typesupport_introspection_c.dir/rosidl_typesupport_introspection_c/ros_esc_interfaces/msg/detail/stamped_float64_multi_array__type_support.c.o[0m
[3.639s] [ 61%] [32mBuilding C object CMakeFiles/ros_esc_interfaces__rosidl_typesupport_introspection_c.dir/rosidl_typesupport_introspection_c/ros_esc_interfaces/msg/detail/stamped_string__type_support.c.o[0m
[3.673s] [ 61%] Built target ros_esc_interfaces__rosidl_typesupport_c
[3.686s] [ 63%] [32mBuilding CXX object CMakeFiles/ros_esc_interfaces__rosidl_typesupport_fastrtps_cpp.dir/rosidl_typesupport_fastrtps_cpp/ros_esc_interfaces/msg/detail/dds_fastrtps/stamped_float64_multi_array__type_support.cpp.o[0m
[3.686s] [ 65%] [32mBuilding CXX object CMakeFiles/ros_esc_interfaces__rosidl_typesupport_fastrtps_cpp.dir/rosidl_typesupport_fastrtps_cpp/ros_esc_interfaces/msg/detail/dds_fastrtps/stamped_string__type_support.cpp.o[0m
[3.704s] [ 66%] [32mBuilding C object CMakeFiles/ros_esc_interfaces__rosidl_typesupport_introspection_c.dir/rosidl_typesupport_introspection_c/ros_esc_interfaces/msg/detail/stamped_transform_multi_array__type_support.c.o[0m
[3.768s] [ 68%] [32m[1mLinking C shared library libros_esc_interfaces__rosidl_typesupport_introspection_c.so[0m
[3.818s] [ 68%] Built target ros_esc_interfaces__rosidl_typesupport_introspection_c
[3.826s] [ 69%] [32mBuilding CXX object CMakeFiles/ros_esc_interfaces__rosidl_typesupport_fastrtps_c.dir/rosidl_typesupport_fastrtps_c/ros_esc_interfaces/msg/detail/stamped_float64_multi_array__type_support_c.cpp.o[0m
[3.837s] [ 71%] [32mBuilding CXX object CMakeFiles/ros_esc_interfaces__rosidl_typesupport_fastrtps_cpp.dir/rosidl_typesupport_fastrtps_cpp/ros_esc_interfaces/msg/detail/dds_fastrtps/stamped_transform_multi_array__type_support.cpp.o[0m
[3.844s] [ 73%] [32mBuilding CXX object CMakeFiles/ros_esc_interfaces__rosidl_typesupport_fastrtps_c.dir/rosidl_typesupport_fastrtps_c/ros_esc_interfaces/msg/detail/stamped_string__type_support_c.cpp.o[0m
[3.888s] [ 74%] [32mBuilding CXX object CMakeFiles/ros_esc_interfaces__rosidl_typesupport_fastrtps_c.dir/rosidl_typesupport_fastrtps_c/ros_esc_interfaces/msg/detail/stamped_transform_multi_array__type_support_c.cpp.o[0m
[4.225s] [ 76%] [32m[1mLinking CXX shared library libros_esc_interfaces__rosidl_typesupport_introspection_cpp.so[0m
[4.308s] [ 76%] Built target ros_esc_interfaces__rosidl_typesupport_introspection_cpp
[4.402s] [ 77%] [32m[1mLinking CXX shared library libros_esc_interfaces__rosidl_typesupport_fastrtps_c.so[0m
[4.474s] [ 77%] Built target ros_esc_interfaces__rosidl_typesupport_fastrtps_c
[4.481s] [ 79%] [32m[1mLinking CXX shared library libros_esc_interfaces__rosidl_typesupport_fastrtps_cpp.so[0m
[4.551s] [ 79%] Built target ros_esc_interfaces__rosidl_typesupport_fastrtps_cpp
[4.568s] [ 79%] Built target ros_esc_interfaces
[4.584s] [ 80%] [34m[1mGenerating Python code for ROS interfaces[0m
[5.403s] [ 80%] Built target ros_esc_interfaces__py
[5.420s] [ 84%] [32mBuilding C object CMakeFiles/ros_esc_interfaces__rosidl_generator_py.dir/rosidl_generator_py/ros_esc_interfaces/msg/_timekeeper_s.c.o[0m
[5.420s] [ 84%] [32mBuilding C object CMakeFiles/ros_esc_interfaces__rosidl_generator_py.dir/rosidl_generator_py/ros_esc_interfaces/msg/_stamped_float64_s.c.o[0m
[5.421s] [ 85%] [32mBuilding C object CMakeFiles/ros_esc_interfaces__rosidl_generator_py.dir/rosidl_generator_py/ros_esc_interfaces/msg/_stamped_float64_multi_array_s.c.o[0m
[5.421s] [ 87%] [32mBuilding C object CMakeFiles/ros_esc_interfaces__rosidl_generator_py.dir/rosidl_generator_py/ros_esc_interfaces/msg/_stamped_string_s.c.o[0m
[5.421s] [ 88%] [32mBuilding C object CMakeFiles/ros_esc_interfaces__rosidl_generator_py.dir/rosidl_generator_py/ros_esc_interfaces/msg/_stamped_transform_multi_array_s.c.o[0m
[5.565s] [ 90%] [32m[1mLinking C shared library rosidl_generator_py/ros_esc_interfaces/libros_esc_interfaces__rosidl_generator_py.so[0m
[5.602s] [ 90%] Built target ros_esc_interfaces__rosidl_generator_py
[5.619s] [ 95%] [32mBuilding C object CMakeFiles/ros_esc_interfaces__rosidl_typesupport_fastrtps_c__pyext.dir/rosidl_generator_py/ros_esc_interfaces/_ros_esc_interfaces_s.ep.rosidl_typesupport_fastrtps_c.c.o[0m
[5.619s] [ 95%] [32mBuilding C object CMakeFiles/ros_esc_interfaces__rosidl_typesupport_c__pyext.dir/rosidl_generator_py/ros_esc_interfaces/_ros_esc_interfaces_s.ep.rosidl_typesupport_c.c.o[0m
[5.619s] [ 95%] [32mBuilding C object CMakeFiles/ros_esc_interfaces__rosidl_typesupport_introspection_c__pyext.dir/rosidl_generator_py/ros_esc_interfaces/_ros_esc_interfaces_s.ep.rosidl_typesupport_introspection_c.c.o[0m
[5.721s] [ 98%] [32m[1mLinking C shared library rosidl_generator_py/ros_esc_interfaces/ros_esc_interfaces_s__rosidl_typesupport_introspection_c.cpython-310-x86_64-linux-gnu.so[0m
[5.721s] [ 98%] [32m[1mLinking C shared library rosidl_generator_py/ros_esc_interfaces/ros_esc_interfaces_s__rosidl_typesupport_fastrtps_c.cpython-310-x86_64-linux-gnu.so[0m
[5.726s] [100%] [32m[1mLinking C shared library rosidl_generator_py/ros_esc_interfaces/ros_esc_interfaces_s__rosidl_typesupport_c.cpython-310-x86_64-linux-gnu.so[0m
[5.763s] [100%] Built target ros_esc_interfaces__rosidl_typesupport_introspection_c__pyext
[5.763s] [100%] Built target ros_esc_interfaces__rosidl_typesupport_fastrtps_c__pyext
[5.765s] [100%] Built target ros_esc_interfaces__rosidl_typesupport_c__pyext
[5.776s] Invoked command in '/home/mattb/ros2_ws/build/ros_esc_interfaces' returned '0': CMAKE_PREFIX_PATH=/opt/ros/humble /usr/bin/cmake --build /home/mattb/ros2_ws/build/ros_esc_interfaces -- -j12 -l12
[5.784s] Invoking command in '/home/mattb/ros2_ws/build/ros_esc_interfaces': CMAKE_PREFIX_PATH=/opt/ros/humble /usr/bin/cmake --install /home/mattb/ros2_ws/build/ros_esc_interfaces
[5.791s] -- Install configuration: ""
[5.791s] -- Installing: /home/mattb/ros2_ws/install/ros_esc_interfaces/share/ament_index/resource_index/rosidl_interfaces/ros_esc_interfaces
[5.791s] -- Installing: /home/mattb/ros2_ws/install/ros_esc_interfaces/include/ros_esc_interfaces/ros_esc_interfaces
[5.791s] -- Installing: /home/mattb/ros2_ws/install/ros_esc_interfaces/include/ros_esc_interfaces/ros_esc_interfaces/msg
[5.791s] -- Installing: /home/mattb/ros2_ws/install/ros_esc_interfaces/include/ros_esc_interfaces/ros_esc_interfaces/msg/stamped_float64_multi_array.h
[5.792s] -- Installing: /home/mattb/ros2_ws/install/ros_esc_interfaces/include/ros_esc_interfaces/ros_esc_interfaces/msg/rosidl_generator_c__visibility_control.h
[5.792s] -- Installing: /home/mattb/ros2_ws/install/ros_esc_interfaces/include/ros_esc_interfaces/ros_esc_interfaces/msg/stamped_string.h
[5.792s] -- Installing: /home/mattb/ros2_ws/install/ros_esc_interfaces/include/ros_esc_interfaces/ros_esc_interfaces/msg/stamped_transform_multi_array.h
[5.792s] -- Installing: /home/mattb/ros2_ws/install/ros_esc_interfaces/include/ros_esc_interfaces/ros_esc_interfaces/msg/stamped_float64.h
[5.792s] -- Installing: /home/mattb/ros2_ws/install/ros_esc_interfaces/include/ros_esc_interfaces/ros_esc_interfaces/msg/timekeeper.h
[5.792s] -- Installing: /home/mattb/ros2_ws/install/ros_esc_interfaces/include/ros_esc_interfaces/ros_esc_interfaces/msg/detail
[5.792s] -- Installing: /home/mattb/ros2_ws/install/ros_esc_interfaces/include/ros_esc_interfaces/ros_esc_interfaces/msg/detail/stamped_transform_multi_array__type_support.h
[5.792s] -- Installing: /home/mattb/ros2_ws/install/ros_esc_interfaces/include/ros_esc_interfaces/ros_esc_interfaces/msg/detail/stamped_string__functions.c
[5.792s] -- Installing: /home/mattb/ros2_ws/install/ros_esc_interfaces/include/ros_esc_interfaces/ros_esc_interfaces/msg/detail/stamped_float64_multi_array__struct.h
[5.792s] -- Installing: /home/mattb/ros2_ws/install/ros_esc_interfaces/include/ros_esc_interfaces/ros_esc_interfaces/msg/detail/stamped_float64_multi_array__type_support.h
[5.792s] -- Installing: /home/mattb/ros2_ws/install/ros_esc_interfaces/include/ros_esc_interfaces/ros_esc_interfaces/msg/detail/timekeeper__struct.h
[5.792s] -- Installing: /home/mattb/ros2_ws/install/ros_esc_interfaces/include/ros_esc_interfaces/ros_esc_interfaces/msg/detail/stamped_transform_multi_array__struct.h
[5.793s] -- Installing: /home/mattb/ros2_ws/install/ros_esc_interfaces/include/ros_esc_interfaces/ros_esc_interfaces/msg/detail/stamped_string__struct.h
[5.793s] -- Installing: /home/mattb/ros2_ws/install/ros_esc_interfaces/include/ros_esc_interfaces/ros_esc_interfaces/msg/detail/timekeeper__functions.h
[5.793s] -- Installing: /home/mattb/ros2_ws/install/ros_esc_interfaces/include/ros_esc_interfaces/ros_esc_interfaces/msg/detail/stamped_string__type_support.h
[5.793s] -- Installing: /home/mattb/ros2_ws/install/ros_esc_interfaces/include/ros_esc_interfaces/ros_esc_interfaces/msg/detail/timekeeper__type_support.h
[5.793s] -- Installing: /home/mattb/ros2_ws/install/ros_esc_interfaces/include/ros_esc_interfaces/ros_esc_interfaces/msg/detail/stamped_float64__type_support.h
[5.793s] -- Installing: /home/mattb/ros2_ws/install/ros_esc_interfaces/include/ros_esc_interfaces/ros_esc_interfaces/msg/detail/stamped_string__functions.h
[5.793s] -- Installing: /home/mattb/ros2_ws/install/ros_esc_interfaces/include/ros_esc_interfaces/ros_esc_interfaces/msg/detail/stamped_transform_multi_array__functions.c
[5.793s] -- Installing: /home/mattb/ros2_ws/install/ros_esc_interfaces/include/ros_esc_interfaces/ros_esc_interfaces/msg/detail/stamped_float64__functions.c
[5.793s] -- Installing: /home/mattb/ros2_ws/install/ros_esc_interfaces/include/ros_esc_interfaces/ros_esc_interfaces/msg/detail/stamped_transform_multi_array__functions.h
[5.794s] -- Installing: /home/mattb/ros2_ws/install/ros_esc_interfaces/include/ros_esc_interfaces/ros_esc_interfaces/msg/detail/stamped_float64_multi_array__functions.c
[5.794s] -- Installing: /home/mattb/ros2_ws/install/ros_esc_interfaces/include/ros_esc_interfaces/ros_esc_interfaces/msg/detail/timekeeper__functions.c
[5.794s] -- Installing: /home/mattb/ros2_ws/install/ros_esc_interfaces/include/ros_esc_interfaces/ros_esc_interfaces/msg/detail/stamped_float64_multi_array__functions.h
[5.794s] -- Installing: /home/mattb/ros2_ws/install/ros_esc_interfaces/include/ros_esc_interfaces/ros_esc_interfaces/msg/detail/stamped_float64__functions.h
[5.794s] -- Installing: /home/mattb/ros2_ws/install/ros_esc_interfaces/include/ros_esc_interfaces/ros_esc_interfaces/msg/detail/stamped_float64__struct.h
[5.794s] -- Installing: /home/mattb/ros2_ws/install/ros_esc_interfaces/share/ros_esc_interfaces/environment/library_path.sh
[5.794s] -- Installing: /home/mattb/ros2_ws/install/ros_esc_interfaces/share/ros_esc_interfaces/environment/library_path.dsv
[5.795s] -- Installing: /home/mattb/ros2_ws/install/ros_esc_interfaces/lib/libros_esc_interfaces__rosidl_generator_c.so
[5.795s] -- Set runtime path of "/home/mattb/ros2_ws/install/ros_esc_interfaces/lib/libros_esc_interfaces__rosidl_generator_c.so" to ""
[5.795s] -- Up-to-date: /home/mattb/ros2_ws/install/ros_esc_interfaces/include/ros_esc_interfaces/ros_esc_interfaces
[5.795s] -- Up-to-date: /home/mattb/ros2_ws/install/ros_esc_interfaces/include/ros_esc_interfaces/ros_esc_interfaces/msg
[5.795s] -- Installing: /home/mattb/ros2_ws/install/ros_esc_interfaces/include/ros_esc_interfaces/ros_esc_interfaces/msg/rosidl_typesupport_fastrtps_c__visibility_control.h
[5.795s] -- Up-to-date: /home/mattb/ros2_ws/install/ros_esc_interfaces/include/ros_esc_interfaces/ros_esc_interfaces/msg/detail
[5.796s] -- Installing: /home/mattb/ros2_ws/install/ros_esc_interfaces/include/ros_esc_interfaces/ros_esc_interfaces/msg/detail/stamped_float64_multi_array__rosidl_typesupport_fastrtps_c.h
[5.796s] -- Installing: /home/mattb/ros2_ws/install/ros_esc_interfaces/include/ros_esc_interfaces/ros_esc_interfaces/msg/detail/stamped_string__rosidl_typesupport_fastrtps_c.h
[5.796s] -- Installing: /home/mattb/ros2_ws/install/ros_esc_interfaces/include/ros_esc_interfaces/ros_esc_interfaces/msg/detail/stamped_transform_multi_array__rosidl_typesupport_fastrtps_c.h
[5.796s] -- Installing: /home/mattb/ros2_ws/install/ros_esc_interfaces/include/ros_esc_interfaces/ros_esc_interfaces/msg/detail/timekeeper__rosidl_typesupport_fastrtps_c.h
[5.796s] -- Installing: /home/mattb/ros2_ws/install/ros_esc_interfaces/include/ros_esc_interfaces/ros_esc_interfaces/msg/detail/stamped_float64__rosidl_typesupport_fastrtps_c.h
[5.796s] -- Installing: /home/mattb/ros2_ws/install/ros_esc_interfaces/lib/libros_esc_interfaces__rosidl_typesupport_fastrtps_c.so
[5.797s] -- Set runtime path of "/home/mattb/ros2_ws/install/ros_esc_interfaces/lib/libros_esc_interfaces__rosidl_typesupport_fastrtps_c.so" to ""
[5.797s] -- Up-to-date: /home/mattb/ros2_ws/install/ros_esc_interfaces/include/ros_esc_interfaces/ros_esc_interfaces
[5.797s] -- Up-to-date: /home/mattb/ros2_ws/install/ros_esc_interfaces/include/ros_esc_interfaces/ros_esc_interfaces/msg
[5.797s] -- Installing: /home/mattb/ros2_ws/install/ros_esc_interfaces/include/ros_esc_interfaces/ros_esc_interfaces/msg/stamped_float64_multi_array.hpp
[5.797s] -- Installing: /home/mattb/ros2_ws/install/ros_esc_interfaces/include/ros_esc_interfaces/ros_esc_interfaces/msg/stamped_float64.hpp
[5.797s] -- Up-to-date: /home/mattb/ros2_ws/install/ros_esc_interfaces/include/ros_esc_interfaces/ros_esc_interfaces/msg/detail
[5.797s] -- Installing: /home/mattb/ros2_ws/install/ros_esc_interfaces/include/ros_esc_interfaces/ros_esc_interfaces/msg/detail/stamped_string__builder.hpp
[5.797s] -- Installing: /home/mattb/ros2_ws/install/ros_esc_interfaces/include/ros_esc_interfaces/ros_esc_interfaces/msg/detail/stamped_transform_multi_array__type_support.hpp
[5.797s] -- Installing: /home/mattb/ros2_ws/install/ros_esc_interfaces/include/ros_esc_interfaces/ros_esc_interfaces/msg/detail/stamped_string__struct.hpp
[5.797s] -- Installing: /home/mattb/ros2_ws/install/ros_esc_interfaces/include/ros_esc_interfaces/ros_esc_interfaces/msg/detail/timekeeper__builder.hpp
[5.797s] -- Installing: /home/mattb/ros2_ws/install/ros_esc_interfaces/include/ros_esc_interfaces/ros_esc_interfaces/msg/detail/stamped_transform_multi_array__builder.hpp
[5.798s] -- Installing: /home/mattb/ros2_ws/install/ros_esc_interfaces/include/ros_esc_interfaces/ros_esc_interfaces/msg/detail/stamped_float64_multi_array__traits.hpp
[5.798s] -- Installing: /home/mattb/ros2_ws/install/ros_esc_interfaces/include/ros_esc_interfaces/ros_esc_interfaces/msg/detail/stamped_float64__traits.hpp
[5.798s] -- Installing: /home/mattb/ros2_ws/install/ros_esc_interfaces/include/ros_esc_interfaces/ros_esc_interfaces/msg/detail/stamped_float64__builder.hpp
[5.798s] -- Installing: /home/mattb/ros2_ws/install/ros_esc_interfaces/include/ros_esc_interfaces/ros_esc_interfaces/msg/detail/stamped_string__type_support.hpp
[5.798s] -- Installing: /home/mattb/ros2_ws/install/ros_esc_interfaces/include/ros_esc_interfaces/ros_esc_interfaces/msg/detail/stamped_float64_multi_array__builder.hpp
[5.798s] -- Installing: /home/mattb/ros2_ws/install/ros_esc_interfaces/include/ros_esc_interfaces/ros_esc_interfaces/msg/detail/stamped_float64_multi_array__type_support.hpp
[5.798s] -- Installing: /home/mattb/ros2_ws/install/ros_esc_interfaces/include/ros_esc_interfaces/ros_esc_interfaces/msg/detail/stamped_float64__struct.hpp
[5.798s] -- Installing: /home/mattb/ros2_ws/install/ros_esc_interfaces/include/ros_esc_interfaces/ros_esc_interfaces/msg/detail/timekeeper__struct.hpp
[5.798s] -- Installing: /home/mattb/ros2_ws/install/ros_esc_interfaces/include/ros_esc_interfaces/ros_esc_interfaces/msg/detail/timekeeper__traits.hpp
[5.799s] -- Installing: /home/mattb/ros2_ws/install/ros_esc_interfaces/include/ros_esc_interfaces/ros_esc_interfaces/msg/detail/stamped_float64__type_support.hpp
[5.799s] -- Installing: /home/mattb/ros2_ws/install/ros_esc_interfaces/include/ros_esc_interfaces/ros_esc_interfaces/msg/detail/stamped_transform_multi_array__traits.hpp
[5.799s] -- Installing: /home/mattb/ros2_ws/install/ros_esc_interfaces/include/ros_esc_interfaces/ros_esc_interfaces/msg/detail/stamped_string__traits.hpp
[5.799s] -- Installing: /home/mattb/ros2_ws/install/ros_esc_interfaces/include/ros_esc_interfaces/ros_esc_interfaces/msg/detail/timekeeper__type_support.hpp
[5.799s] -- Installing: /home/mattb/ros2_ws/install/ros_esc_interfaces/include/ros_esc_interfaces/ros_esc_interfaces/msg/detail/stamped_float64_multi_array__struct.hpp
[5.799s] -- Installing: /home/mattb/ros2_ws/install/ros_esc_interfaces/include/ros_esc_interfaces/ros_esc_interfaces/msg/detail/stamped_transform_multi_array__struct.hpp
[5.799s] -- Installing: /home/mattb/ros2_ws/install/ros_esc_interfaces/include/ros_esc_interfaces/ros_esc_interfaces/msg/rosidl_generator_cpp__visibility_control.hpp
[5.799s] -- Installing: /home/mattb/ros2_ws/install/ros_esc_interfaces/include/ros_esc_interfaces/ros_esc_interfaces/msg/timekeeper.hpp
[5.800s] -- Installing: /home/mattb/ros2_ws/install/ros_esc_interfaces/include/ros_esc_interfaces/ros_esc_interfaces/msg/stamped_transform_multi_array.hpp
[5.800s] -- Installing: /home/mattb/ros2_ws/install/ros_esc_interfaces/include/ros_esc_interfaces/ros_esc_interfaces/msg/stamped_string.hpp
[5.800s] -- Up-to-date: /home/mattb/ros2_ws/install/ros_esc_interfaces/include/ros_esc_interfaces/ros_esc_interfaces
[5.800s] -- Up-to-date: /home/mattb/ros2_ws/install/ros_esc_interfaces/include/ros_esc_interfaces/ros_esc_interfaces/msg
[5.800s] -- Up-to-date: /home/mattb/ros2_ws/install/ros_esc_interfaces/include/ros_esc_interfaces/ros_esc_interfaces/msg/detail
[5.800s] -- Installing: /home/mattb/ros2_ws/install/ros_esc_interfaces/include/ros_esc_interfaces/ros_esc_interfaces/msg/detail/dds_fastrtps
[5.800s] -- Installing: /home/mattb/ros2_ws/install/ros_esc_interfaces/include/ros_esc_interfaces/ros_esc_interfaces/msg/detail/stamped_float64__rosidl_typesupport_fastrtps_cpp.hpp
[5.800s] -- Installing: /home/mattb/ros2_ws/install/ros_esc_interfaces/include/ros_esc_interfaces/ros_esc_interfaces/msg/detail/stamped_string__rosidl_typesupport_fastrtps_cpp.hpp
[5.800s] -- Installing: /home/mattb/ros2_ws/install/ros_esc_interfaces/include/ros_esc_interfaces/ros_esc_interfaces/msg/detail/timekeeper__rosidl_typesupport_fastrtps_cpp.hpp
[5.800s] -- Installing: /home/mattb/ros2_ws/install/ros_esc_interfaces/include/ros_esc_interfaces/ros_esc_interfaces/msg/detail/stamped_float64_multi_array__rosidl_typesupport_fastrtps_cpp.hpp
[5.800s] -- Installing: /home/mattb/ros2_ws/install/ros_esc_interfaces/include/ros_esc_interfaces/ros_esc_interfaces/msg/detail/stamped_transform_multi_array__rosidl_typesupport_fastrtps_cpp.hpp
[5.801s] -- Installing: /home/mattb/ros2_ws/install/ros_esc_interfaces/include/ros_esc_interfaces/ros_esc_interfaces/msg/rosidl_typesupport_fastrtps_cpp__visibility_control.h
[5.801s] -- Installing: /home/mattb/ros2_ws/install/ros_esc_interfaces/lib/libros_esc_interfaces__rosidl_typesupport_fastrtps_cpp.so
[5.801s] -- Set runtime path of "/home/mattb/ros2_ws/install/ros_esc_interfaces/lib/libros_esc_interfaces__rosidl_typesupport_fastrtps_cpp.so" to ""
[5.801s] -- Up-to-date: /home/mattb/ros2_ws/install/ros_esc_interfaces/include/ros_esc_interfaces/ros_esc_interfaces
[5.801s] -- Up-to-date: /home/mattb/ros2_ws/install/ros_esc_interfaces/include/ros_esc_interfaces/ros_esc_interfaces/msg
[5.802s] -- Up-to-date: /home/mattb/ros2_ws/install/ros_esc_interfaces/include/ros_esc_interfaces/ros_esc_interfaces/msg/detail
[5.802s] -- Installing: /home/mattb/ros2_ws/install/ros_esc_interfaces/include/ros_esc_interfaces/ros_esc_interfaces/msg/detail/stamped_float64_multi_array__rosidl_typesupport_introspection_c.h
[5.802s] -- Installing: /home/mattb/ros2_ws/install/ros_esc_interfaces/include/ros_esc_interfaces/ros_esc_interfaces/msg/detail/stamped_float64__type_support.c
[5.802s] -- Installing: /home/mattb/ros2_ws/install/ros_esc_interfaces/include/ros_esc_interfaces/ros_esc_interfaces/msg/detail/stamped_transform_multi_array__rosidl_typesupport_introspection_c.h
[5.802s] -- Installing: /home/mattb/ros2_ws/install/ros_esc_interfaces/include/ros_esc_interfaces/ros_esc_interfaces/msg/detail/timekeeper__type_support.c
[5.802s] -- Installing: /home/mattb/ros2_ws/install/ros_esc_interfaces/include/ros_esc_interfaces/ros_esc_interfaces/msg/detail/stamped_float64__rosidl_typesupport_introspection_c.h
[5.802s] -- Installing: /home/mattb/ros2_ws/install/ros_esc_interfaces/include/ros_esc_interfaces/ros_esc_interfaces/msg/detail/stamped_string__type_support.c
[5.802s] -- Installing: /home/mattb/ros2_ws/install/ros_esc_interfaces/include/ros_esc_interfaces/ros_esc_interfaces/msg/detail/stamped_transform_multi_array__type_support.c
[5.802s] -- Installing: /home/mattb/ros2_ws/install/ros_esc_interfaces/include/ros_esc_interfaces/ros_esc_interfaces/msg/detail/timekeeper__rosidl_typesupport_introspection_c.h
[5.802s] -- Installing: /home/mattb/ros2_ws/install/ros_esc_interfaces/include/ros_esc_interfaces/ros_esc_interfaces/msg/detail/stamped_float64_multi_array__type_support.c
[5.802s] -- Installing: /home/mattb/ros2_ws/install/ros_esc_interfaces/include/ros_esc_interfaces/ros_esc_interfaces/msg/detail/stamped_string__rosidl_typesupport_introspection_c.h
[5.803s] -- Installing: /home/mattb/ros2_ws/install/ros_esc_interfaces/include/ros_esc_interfaces/ros_esc_interfaces/msg/rosidl_typesupport_introspection_c__visibility_control.h
[5.803s] -- Installing: /home/mattb/ros2_ws/install/ros_esc_interfaces/lib/libros_esc_interfaces__rosidl_typesupport_introspection_c.so
[5.803s] -- Set runtime path of "/home/mattb/ros2_ws/install/ros_esc_interfaces/lib/libros_esc_interfaces__rosidl_typesupport_introspection_c.so" to ""
[5.803s] -- Installing: /home/mattb/ros2_ws/install/ros_esc_interfaces/lib/libros_esc_interfaces__rosidl_typesupport_c.so
[5.804s] -- Set runtime path of "/home/mattb/ros2_ws/install/ros_esc_interfaces/lib/libros_esc_interfaces__rosidl_typesupport_c.so" to ""
[5.804s] -- Up-to-date: /home/mattb/ros2_ws/install/ros_esc_interfaces/include/ros_esc_interfaces/ros_esc_interfaces
[5.804s] -- Up-to-date: /home/mattb/ros2_ws/install/ros_esc_interfaces/include/ros_esc_interfaces/ros_esc_interfaces/msg
[5.804s] -- Up-to-date: /home/mattb/ros2_ws/install/ros_esc_interfaces/include/ros_esc_interfaces/ros_esc_interfaces/msg/detail
[5.804s] -- Installing: /home/mattb/ros2_ws/install/ros_esc_interfaces/include/ros_esc_interfaces/ros_esc_interfaces/msg/detail/stamped_float64__type_support.cpp
[5.804s] -- Installing: /home/mattb/ros2_ws/install/ros_esc_interfaces/include/ros_esc_interfaces/ros_esc_interfaces/msg/detail/stamped_float64_multi_array__type_support.cpp
[5.804s] -- Installing: /home/mattb/ros2_ws/install/ros_esc_interfaces/include/ros_esc_interfaces/ros_esc_interfaces/msg/detail/stamped_transform_multi_array__type_support.cpp
[5.804s] -- Installing: /home/mattb/ros2_ws/install/ros_esc_interfaces/include/ros_esc_interfaces/ros_esc_interfaces/msg/detail/timekeeper__type_support.cpp
[5.804s] -- Installing: /home/mattb/ros2_ws/install/ros_esc_interfaces/include/ros_esc_interfaces/ros_esc_interfaces/msg/detail/stamped_transform_multi_array__rosidl_typesupport_introspection_cpp.hpp
[5.804s] -- Installing: /home/mattb/ros2_ws/install/ros_esc_interfaces/include/ros_esc_interfaces/ros_esc_interfaces/msg/detail/stamped_float64_multi_array__rosidl_typesupport_introspection_cpp.hpp
[5.805s] -- Installing: /home/mattb/ros2_ws/install/ros_esc_interfaces/include/ros_esc_interfaces/ros_esc_interfaces/msg/detail/stamped_string__rosidl_typesupport_introspection_cpp.hpp
[5.805s] -- Installing: /home/mattb/ros2_ws/install/ros_esc_interfaces/include/ros_esc_interfaces/ros_esc_interfaces/msg/detail/timekeeper__rosidl_typesupport_introspection_cpp.hpp
[5.805s] -- Installing: /home/mattb/ros2_ws/install/ros_esc_interfaces/include/ros_esc_interfaces/ros_esc_interfaces/msg/detail/stamped_string__type_support.cpp
[5.805s] -- Installing: /home/mattb/ros2_ws/install/ros_esc_interfaces/include/ros_esc_interfaces/ros_esc_interfaces/msg/detail/stamped_float64__rosidl_typesupport_introspection_cpp.hpp
[5.805s] -- Installing: /home/mattb/ros2_ws/install/ros_esc_interfaces/lib/libros_esc_interfaces__rosidl_typesupport_introspection_cpp.so
[5.806s] -- Set runtime path of "/home/mattb/ros2_ws/install/ros_esc_interfaces/lib/libros_esc_interfaces__rosidl_typesupport_introspection_cpp.so" to ""
[5.806s] -- Installing: /home/mattb/ros2_ws/install/ros_esc_interfaces/lib/libros_esc_interfaces__rosidl_typesupport_cpp.so
[5.806s] -- Set runtime path of "/home/mattb/ros2_ws/install/ros_esc_interfaces/lib/libros_esc_interfaces__rosidl_typesupport_cpp.so" to ""
[5.806s] -- Installing: /home/mattb/ros2_ws/install/ros_esc_interfaces/share/ros_esc_interfaces/environment/pythonpath.sh
[5.806s] -- Installing: /home/mattb/ros2_ws/install/ros_esc_interfaces/share/ros_esc_interfaces/environment/pythonpath.dsv
[5.806s] -- Installing: /home/mattb/ros2_ws/install/ros_esc_interfaces/local/lib/python3.10/dist-packages/ros_esc_interfaces-0.0.0-py3.10.egg-info
[5.807s] -- Installing: /home/mattb/ros2_ws/install/ros_esc_interfaces/local/lib/python3.10/dist-packages/ros_esc_interfaces-0.0.0-py3.10.egg-info/SOURCES.txt
[5.807s] -- Installing: /home/mattb/ros2_ws/install/ros_esc_interfaces/local/lib/python3.10/dist-packages/ros_esc_interfaces-0.0.0-py3.10.egg-info/top_level.txt
[5.807s] -- Installing: /home/mattb/ros2_ws/install/ros_esc_interfaces/local/lib/python3.10/dist-packages/ros_esc_interfaces-0.0.0-py3.10.egg-info/dependency_links.txt
[5.807s] -- Installing: /home/mattb/ros2_ws/install/ros_esc_interfaces/local/lib/python3.10/dist-packages/ros_esc_interfaces-0.0.0-py3.10.egg-info/PKG-INFO
[5.807s] -- Installing: /home/mattb/ros2_ws/install/ros_esc_interfaces/local/lib/python3.10/dist-packages/ros_esc_interfaces
[5.807s] -- Installing: /home/mattb/ros2_ws/install/ros_esc_interfaces/local/lib/python3.10/dist-packages/ros_esc_interfaces/libros_esc_interfaces__rosidl_generator_py.so
[5.807s] -- Installing: /home/mattb/ros2_ws/install/ros_esc_interfaces/local/lib/python3.10/dist-packages/ros_esc_interfaces/_ros_esc_interfaces_s.ep.rosidl_typesupport_introspection_c.c
[5.807s] -- Installing: /home/mattb/ros2_ws/install/ros_esc_interfaces/local/lib/python3.10/dist-packages/ros_esc_interfaces/ros_esc_interfaces_s__rosidl_typesupport_fastrtps_c.cpython-310-x86_64-linux-gnu.so
[5.807s] -- Installing: /home/mattb/ros2_ws/install/ros_esc_interfaces/local/lib/python3.10/dist-packages/ros_esc_interfaces/__init__.py
[5.808s] -- Installing: /home/mattb/ros2_ws/install/ros_esc_interfaces/local/lib/python3.10/dist-packages/ros_esc_interfaces/_ros_esc_interfaces_s.ep.rosidl_typesupport_c.c
[5.808s] -- Installing: /home/mattb/ros2_ws/install/ros_esc_interfaces/local/lib/python3.10/dist-packages/ros_esc_interfaces/ros_esc_interfaces_s__rosidl_typesupport_introspection_c.cpython-310-x86_64-linux-gnu.so
[5.808s] -- Installing: /home/mattb/ros2_ws/install/ros_esc_interfaces/local/lib/python3.10/dist-packages/ros_esc_interfaces/_ros_esc_interfaces_s.ep.rosidl_typesupport_fastrtps_c.c
[5.808s] -- Installing: /home/mattb/ros2_ws/install/ros_esc_interfaces/local/lib/python3.10/dist-packages/ros_esc_interfaces/ros_esc_interfaces_s__rosidl_typesupport_c.cpython-310-x86_64-linux-gnu.so
[5.808s] -- Installing: /home/mattb/ros2_ws/install/ros_esc_interfaces/local/lib/python3.10/dist-packages/ros_esc_interfaces/msg
[5.808s] -- Installing: /home/mattb/ros2_ws/install/ros_esc_interfaces/local/lib/python3.10/dist-packages/ros_esc_interfaces/msg/_stamped_float64_s.c
[5.808s] -- Installing: /home/mattb/ros2_ws/install/ros_esc_interfaces/local/lib/python3.10/dist-packages/ros_esc_interfaces/msg/_stamped_transform_multi_array.py
[5.808s] -- Installing: /home/mattb/ros2_ws/install/ros_esc_interfaces/local/lib/python3.10/dist-packages/ros_esc_interfaces/msg/_stamped_float64_multi_array.py
[5.808s] -- Installing: /home/mattb/ros2_ws/install/ros_esc_interfaces/local/lib/python3.10/dist-packages/ros_esc_interfaces/msg/_stamped_float64.py
[5.809s] -- Installing: /home/mattb/ros2_ws/install/ros_esc_interfaces/local/lib/python3.10/dist-packages/ros_esc_interfaces/msg/__init__.py
[5.809s] -- Installing: /home/mattb/ros2_ws/install/ros_esc_interfaces/local/lib/python3.10/dist-packages/ros_esc_interfaces/msg/_timekeeper.py
[5.809s] -- Installing: /home/mattb/ros2_ws/install/ros_esc_interfaces/local/lib/python3.10/dist-packages/ros_esc_interfaces/msg/_stamped_transform_multi_array_s.c
[5.809s] -- Installing: /home/mattb/ros2_ws/install/ros_esc_interfaces/local/lib/python3.10/dist-packages/ros_esc_interfaces/msg/_stamped_float64_multi_array_s.c
[5.809s] -- Installing: /home/mattb/ros2_ws/install/ros_esc_interfaces/local/lib/python3.10/dist-packages/ros_esc_interfaces/msg/_stamped_string.py
[5.809s] -- Installing: /home/mattb/ros2_ws/install/ros_esc_interfaces/local/lib/python3.10/dist-packages/ros_esc_interfaces/msg/_stamped_string_s.c
[5.809s] -- Installing: /home/mattb/ros2_ws/install/ros_esc_interfaces/local/lib/python3.10/dist-packages/ros_esc_interfaces/msg/_timekeeper_s.c
[5.843s] Listing '/home/mattb/ros2_ws/install/ros_esc_interfaces/local/lib/python3.10/dist-packages/ros_esc_interfaces'...
[5.843s] Compiling '/home/mattb/ros2_ws/install/ros_esc_interfaces/local/lib/python3.10/dist-packages/ros_esc_interfaces/__init__.py'...
[5.843s] Listing '/home/mattb/ros2_ws/install/ros_esc_interfaces/local/lib/python3.10/dist-packages/ros_esc_interfaces/msg'...
[5.843s] Compiling '/home/mattb/ros2_ws/install/ros_esc_interfaces/local/lib/python3.10/dist-packages/ros_esc_interfaces/msg/__init__.py'...
[5.843s] Compiling '/home/mattb/ros2_ws/install/ros_esc_interfaces/local/lib/python3.10/dist-packages/ros_esc_interfaces/msg/_stamped_float64.py'...
[5.843s] Compiling '/home/mattb/ros2_ws/install/ros_esc_interfaces/local/lib/python3.10/dist-packages/ros_esc_interfaces/msg/_stamped_float64_multi_array.py'...
[5.843s] Compiling '/home/mattb/ros2_ws/install/ros_esc_interfaces/local/lib/python3.10/dist-packages/ros_esc_interfaces/msg/_stamped_string.py'...
[5.843s] Compiling '/home/mattb/ros2_ws/install/ros_esc_interfaces/local/lib/python3.10/dist-packages/ros_esc_interfaces/msg/_stamped_transform_multi_array.py'...
[5.843s] Compiling '/home/mattb/ros2_ws/install/ros_esc_interfaces/local/lib/python3.10/dist-packages/ros_esc_interfaces/msg/_timekeeper.py'...
[5.847s] -- Installing: /home/mattb/ros2_ws/install/ros_esc_interfaces/local/lib/python3.10/dist-packages/ros_esc_interfaces/ros_esc_interfaces_s__rosidl_typesupport_fastrtps_c.cpython-310-x86_64-linux-gnu.so
[5.847s] -- Set runtime path of "/home/mattb/ros2_ws/install/ros_esc_interfaces/local/lib/python3.10/dist-packages/ros_esc_interfaces/ros_esc_interfaces_s__rosidl_typesupport_fastrtps_c.cpython-310-x86_64-linux-gnu.so" to ""
[5.847s] -- Installing: /home/mattb/ros2_ws/install/ros_esc_interfaces/local/lib/python3.10/dist-packages/ros_esc_interfaces/ros_esc_interfaces_s__rosidl_typesupport_introspection_c.cpython-310-x86_64-linux-gnu.so
[5.848s] -- Set runtime path of "/home/mattb/ros2_ws/install/ros_esc_interfaces/local/lib/python3.10/dist-packages/ros_esc_interfaces/ros_esc_interfaces_s__rosidl_typesupport_introspection_c.cpython-310-x86_64-linux-gnu.so" to ""
[5.848s] -- Installing: /home/mattb/ros2_ws/install/ros_esc_interfaces/local/lib/python3.10/dist-packages/ros_esc_interfaces/ros_esc_interfaces_s__rosidl_typesupport_c.cpython-310-x86_64-linux-gnu.so
[5.848s] -- Set runtime path of "/home/mattb/ros2_ws/install/ros_esc_interfaces/local/lib/python3.10/dist-packages/ros_esc_interfaces/ros_esc_interfaces_s__rosidl_typesupport_c.cpython-310-x86_64-linux-gnu.so" to ""
[5.848s] -- Installing: /home/mattb/ros2_ws/install/ros_esc_interfaces/lib/libros_esc_interfaces__rosidl_generator_py.so
[5.849s] -- Set runtime path of "/home/mattb/ros2_ws/install/ros_esc_interfaces/lib/libros_esc_interfaces__rosidl_generator_py.so" to ""
[5.849s] -- Installing: /home/mattb/ros2_ws/install/ros_esc_interfaces/share/ros_esc_interfaces/msg/Timekeeper.idl
[5.849s] -- Installing: /home/mattb/ros2_ws/install/ros_esc_interfaces/share/ros_esc_interfaces/msg/StampedFloat64.idl
[5.849s] -- Installing: /home/mattb/ros2_ws/install/ros_esc_interfaces/share/ros_esc_interfaces/msg/StampedFloat64MultiArray.idl
[5.849s] -- Installing: /home/mattb/ros2_ws/install/ros_esc_interfaces/share/ros_esc_interfaces/msg/StampedString.idl
[5.849s] -- Installing: /home/mattb/ros2_ws/install/ros_esc_interfaces/share/ros_esc_interfaces/msg/StampedTransformMultiArray.idl
[5.850s] -- Installing: /home/mattb/ros2_ws/install/ros_esc_interfaces/share/ros_esc_interfaces/msg/Timekeeper.msg
[5.850s] -- Installing: /home/mattb/ros2_ws/install/ros_esc_interfaces/share/ros_esc_interfaces/msg/StampedFloat64.msg
[5.850s] -- Installing: /home/mattb/ros2_ws/install/ros_esc_interfaces/share/ros_esc_interfaces/msg/StampedFloat64MultiArray.msg
[5.850s] -- Installing: /home/mattb/ros2_ws/install/ros_esc_interfaces/share/ros_esc_interfaces/msg/StampedString.msg
[5.850s] -- Installing: /home/mattb/ros2_ws/install/ros_esc_interfaces/share/ros_esc_interfaces/msg/StampedTransformMultiArray.msg
[5.850s] -- Installing: /home/mattb/ros2_ws/install/ros_esc_interfaces/share/ament_index/resource_index/package_run_dependencies/ros_esc_interfaces
[5.850s] -- Installing: /home/mattb/ros2_ws/install/ros_esc_interfaces/share/ament_index/resource_index/parent_prefix_path/ros_esc_interfaces
[5.851s] -- Installing: /home/mattb/ros2_ws/install/ros_esc_interfaces/share/ros_esc_interfaces/environment/ament_prefix_path.sh
[5.851s] -- Installing: /home/mattb/ros2_ws/install/ros_esc_interfaces/share/ros_esc_interfaces/environment/ament_prefix_path.dsv
[5.851s] -- Installing: /home/mattb/ros2_ws/install/ros_esc_interfaces/share/ros_esc_interfaces/environment/path.sh
[5.851s] -- Installing: /home/mattb/ros2_ws/install/ros_esc_interfaces/share/ros_esc_interfaces/environment/path.dsv
[5.851s] -- Installing: /home/mattb/ros2_ws/install/ros_esc_interfaces/share/ros_esc_interfaces/local_setup.bash
[5.851s] -- Installing: /home/mattb/ros2_ws/install/ros_esc_interfaces/share/ros_esc_interfaces/local_setup.sh
[5.851s] -- Installing: /home/mattb/ros2_ws/install/ros_esc_interfaces/share/ros_esc_interfaces/local_setup.zsh
[5.851s] -- Installing: /home/mattb/ros2_ws/install/ros_esc_interfaces/share/ros_esc_interfaces/local_setup.dsv
[5.852s] -- Installing: /home/mattb/ros2_ws/install/ros_esc_interfaces/share/ros_esc_interfaces/package.dsv
[5.852s] -- Installing: /home/mattb/ros2_ws/install/ros_esc_interfaces/share/ament_index/resource_index/packages/ros_esc_interfaces
[5.852s] -- Installing: /home/mattb/ros2_ws/install/ros_esc_interfaces/share/ros_esc_interfaces/cmake/export_ros_esc_interfaces__rosidl_generator_cExport.cmake
[5.852s] -- Installing: /home/mattb/ros2_ws/install/ros_esc_interfaces/share/ros_esc_interfaces/cmake/export_ros_esc_interfaces__rosidl_generator_cExport-noconfig.cmake
[5.852s] -- Installing: /home/mattb/ros2_ws/install/ros_esc_interfaces/share/ros_esc_interfaces/cmake/export_ros_esc_interfaces__rosidl_typesupport_fastrtps_cExport.cmake
[5.852s] -- Installing: /home/mattb/ros2_ws/install/ros_esc_interfaces/share/ros_esc_interfaces/cmake/export_ros_esc_interfaces__rosidl_typesupport_fastrtps_cExport-noconfig.cmake
[5.853s] -- Installing: /home/mattb/ros2_ws/install/ros_esc_interfaces/share/ros_esc_interfaces/cmake/export_ros_esc_interfaces__rosidl_generator_cppExport.cmake
[5.853s] -- Installing: /home/mattb/ros2_ws/install/ros_esc_interfaces/share/ros_esc_interfaces/cmake/export_ros_esc_interfaces__rosidl_typesupport_fastrtps_cppExport.cmake
[5.853s] -- Installing: /home/mattb/ros2_ws/install/ros_esc_interfaces/share/ros_esc_interfaces/cmake/export_ros_esc_interfaces__rosidl_typesupport_fastrtps_cppExport-noconfig.cmake
[5.853s] -- Installing: /home/mattb/ros2_ws/install/ros_esc_interfaces/share/ros_esc_interfaces/cmake/ros_esc_interfaces__rosidl_typesupport_introspection_cExport.cmake
[5.853s] -- Installing: /home/mattb/ros2_ws/install/ros_esc_interfaces/share/ros_esc_interfaces/cmake/ros_esc_interfaces__rosidl_typesupport_introspection_cExport-noconfig.cmake
[5.853s] -- Installing: /home/mattb/ros2_ws/install/ros_esc_interfaces/share/ros_esc_interfaces/cmake/ros_esc_interfaces__rosidl_typesupport_cExport.cmake
[5.853s] -- Installing: /home/mattb/ros2_ws/install/ros_esc_interfaces/share/ros_esc_interfaces/cmake/ros_esc_interfaces__rosidl_typesupport_cExport-noconfig.cmake
[5.854s] -- Installing: /home/mattb/ros2_ws/install/ros_esc_interfaces/share/ros_esc_interfaces/cmake/ros_esc_interfaces__rosidl_typesupport_introspection_cppExport.cmake
[5.854s] -- Installing: /home/mattb/ros2_ws/install/ros_esc_interfaces/share/ros_esc_interfaces/cmake/ros_esc_interfaces__rosidl_typesupport_introspection_cppExport-noconfig.cmake
[5.854s] -- Installing: /home/mattb/ros2_ws/install/ros_esc_interfaces/share/ros_esc_interfaces/cmake/ros_esc_interfaces__rosidl_typesupport_cppExport.cmake
[5.854s] -- Installing: /home/mattb/ros2_ws/install/ros_esc_interfaces/share/ros_esc_interfaces/cmake/ros_esc_interfaces__rosidl_typesupport_cppExport-noconfig.cmake
[5.854s] -- Installing: /home/mattb/ros2_ws/install/ros_esc_interfaces/share/ros_esc_interfaces/cmake/export_ros_esc_interfaces__rosidl_generator_pyExport.cmake
[5.854s] -- Installing: /home/mattb/ros2_ws/install/ros_esc_interfaces/share/ros_esc_interfaces/cmake/export_ros_esc_interfaces__rosidl_generator_pyExport-noconfig.cmake
[5.854s] -- Installing: /home/mattb/ros2_ws/install/ros_esc_interfaces/share/ros_esc_interfaces/cmake/rosidl_cmake-extras.cmake
[5.855s] -- Installing: /home/mattb/ros2_ws/install/ros_esc_interfaces/share/ros_esc_interfaces/cmake/ament_cmake_export_dependencies-extras.cmake
[5.855s] -- Installing: /home/mattb/ros2_ws/install/ros_esc_interfaces/share/ros_esc_interfaces/cmake/ament_cmake_export_include_directories-extras.cmake
[5.855s] -- Installing: /home/mattb/ros2_ws/install/ros_esc_interfaces/share/ros_esc_interfaces/cmake/ament_cmake_export_libraries-extras.cmake
[5.855s] -- Installing: /home/mattb/ros2_ws/install/ros_esc_interfaces/share/ros_esc_interfaces/cmake/ament_cmake_export_targets-extras.cmake
[5.855s] -- Installing: /home/mattb/ros2_ws/install/ros_esc_interfaces/share/ros_esc_interfaces/cmake/rosidl_cmake_export_typesupport_targets-extras.cmake
[5.855s] -- Installing: /home/mattb/ros2_ws/install/ros_esc_interfaces/share/ros_esc_interfaces/cmake/rosidl_cmake_export_typesupport_libraries-extras.cmake
[5.855s] -- Installing: /home/mattb/ros2_ws/install/ros_esc_interfaces/share/ros_esc_interfaces/cmake/ros_esc_interfacesConfig.cmake
[5.856s] -- Installing: /home/mattb/ros2_ws/install/ros_esc_interfaces/share/ros_esc_interfaces/cmake/ros_esc_interfacesConfig-version.cmake
[5.856s] -- Installing: /home/mattb/ros2_ws/install/ros_esc_interfaces/share/ros_esc_interfaces/package.xml
[5.858s] Invoked command in '/home/mattb/ros2_ws/build/ros_esc_interfaces' returned '0': CMAKE_PREFIX_PATH=/opt/ros/humble /usr/bin/cmake --install /home/mattb/ros2_ws/build/ros_esc_interfaces
