[INFO] [1781049175.334904871] [turtlebot3_diff_drive]: Wheel pair 1 separation set to [0.160000m]
[INFO] [1781049175.335486241] [turtlebot3_diff_drive]: Wheel pair 1 diameter set to [0.066000m]
[INFO] [1781049175.337878215] [turtlebot3_diff_drive]: Subscribed to [/cmd_vel]
[INFO] [1781049175.343221763] [turtlebot3_diff_drive]: Advertise odometry on [/odom]
[INFO] [1781049175.351093112] [turtlebot3_diff_drive]: Publishing odom transforms between [odom] and [base_footprint]
[INFO] [1781049175.380508042] [turtlebot3_joint_state]: Going to publish joint [rotating_frame_joint]
[INFO] [1781049175.444462316] [gazebo_ros2_control]: Loading gazebo_ros2_control plugin
[INFO] [1781049175.458687517] [gazebo_ros2_control]: Starting gazebo_ros2_control plugin in namespace: /
[INFO] [1781049175.458785362] [gazebo_ros2_control]: Starting gazebo_ros2_control plugin in ros 2 node: gazebo_ros2_control
[INFO] [1781049175.473098792] [gazebo_ros2_control]: connected to service!! /robot_state_publisher_node
[INFO] [1781049175.474225906] [gazebo_ros2_control]: Received urdf from param server, parsing...
[INFO] [1781049175.474353505] [gazebo_ros2_control]: Loading parameter files /home/mattb/dsim-lab/ros2_ws/install/turtlebot3_rotating_sensor/share/turtlebot3_rotating_sensor/controller_config/joint_controller.yaml
[INFO] [1781049175.492317104] [gazebo_ros2_control]: Loading joint: rotating_frame_joint
[INFO] [1781049175.492378155] [gazebo_ros2_control]: 	State:
[INFO] [1781049175.492398904] [gazebo_ros2_control]: 		 position
[INFO] [1781049175.492421211] [gazebo_ros2_control]: 			 found initial value: 0.000000
[INFO] [1781049175.492441009] [gazebo_ros2_control]: 		 velocity
[INFO] [1781049175.492453729] [gazebo_ros2_control]: 			 found initial value: 0.000000
[INFO] [1781049175.492466326] [gazebo_ros2_control]: 	Command:
[INFO] [1781049175.492492956] [gazebo_ros2_control]: 		 velocity
[INFO] [1781049175.492775332] [resource_manager]: Initialize hardware 'GazeboSystem' 
[INFO] [1781049175.492964946] [resource_manager]: Successful initialization of hardware 'GazeboSystem'
[INFO] [1781049175.493067364] [resource_manager]: 'configure' hardware 'GazeboSystem' 
[INFO] [1781049175.493080975] [resource_manager]: Successful 'configure' of hardware 'GazeboSystem'
[INFO] [1781049175.493092450] [resource_manager]: 'activate' hardware 'GazeboSystem' 
[INFO] [1781049175.493102835] [resource_manager]: Successful 'activate' of hardware 'GazeboSystem'
[INFO] [1781049175.493288125] [gazebo_ros2_control]: Loading controller_manager
[WARN] [1781049175.551542713] [gazebo_ros2_control]:  Desired controller update period (0.01 s) is slower than the gazebo simulation period (0.001 s).
[INFO] [1781049175.551958747] [gazebo_ros2_control]: Loaded gazebo_ros2_control.
[INFO] [1781049175.746961395] [controller_manager]: Loading controller 'velocity_controller'
[INFO] [1781049175.802043848] [controller_manager]: Configuring controller 'velocity_controller'
[INFO] [1781049175.807015798] [velocity_controller]: configure successful
[INFO] [1781049175.815881857] [controller_manager]: Loading controller 'joint_state_broadcaster'
[INFO] [1781049175.866780914] [velocity_controller]: activate successful
[INFO] [1781049175.876571304] [controller_manager]: Configuring controller 'joint_state_broadcaster'
[INFO] [1781049175.876748610] [joint_state_broadcaster]: 'joints' or 'interfaces' parameter is empty. All available state interfaces will be published
