[0.660s] Invoking command in '/home/mattb/ros2_ws/src/ros_esc': PYTHONPATH=/home/mattb/ros2_ws/build/ros_esc/prefix_override:/usr/lib/python3/dist-packages/colcon_core/task/python/colcon_distutils_commands:/home/mattb/ros2_ws/install/ros_esc/lib/python3.10/site-packages:${PYTHONPATH} /usr/bin/python3 -W ignore:setup.py install is deprecated -W ignore:easy_install command is deprecated setup.py egg_info --egg-base ../../build/ros_esc build --build-base /home/mattb/ros2_ws/build/ros_esc/build install --record /home/mattb/ros2_ws/build/ros_esc/install.log --single-version-externally-managed install_data
[0.926s] running egg_info
[0.926s] writing ../../build/ros_esc/ros_esc.egg-info/PKG-INFO
[0.926s] writing dependency_links to ../../build/ros_esc/ros_esc.egg-info/dependency_links.txt
[0.927s] writing entry points to ../../build/ros_esc/ros_esc.egg-info/entry_points.txt
[0.927s] writing requirements to ../../build/ros_esc/ros_esc.egg-info/requires.txt
[0.927s] writing top-level names to ../../build/ros_esc/ros_esc.egg-info/top_level.txt
[0.929s] reading manifest file '../../build/ros_esc/ros_esc.egg-info/SOURCES.txt'
[0.930s] writing manifest file '../../build/ros_esc/ros_esc.egg-info/SOURCES.txt'
[0.930s] running build
[0.930s] running build_py
[0.933s] running install
[0.934s] running install_lib
[0.936s] running install_data
[0.936s] running install_egg_info
[0.938s] removing '/home/mattb/ros2_ws/install/ros_esc/lib/python3.10/site-packages/ros_esc-0.0.0-py3.10.egg-info' (and everything under it)
[0.938s] Copying ../../build/ros_esc/ros_esc.egg-info to /home/mattb/ros2_ws/install/ros_esc/lib/python3.10/site-packages/ros_esc-0.0.0-py3.10.egg-info
[0.939s] running install_scripts
[0.956s] Installing controller_node script to /home/mattb/ros2_ws/install/ros_esc/lib/ros_esc
[0.956s] Installing cost_function_node script to /home/mattb/ros2_ws/install/ros_esc/lib/ros_esc
[0.956s] Installing data_collection_node script to /home/mattb/ros2_ws/install/ros_esc/lib/ros_esc
[0.956s] Installing encoder_node script to /home/mattb/ros2_ws/install/ros_esc/lib/ros_esc
[0.957s] Installing filter_node script to /home/mattb/ros2_ws/install/ros_esc/lib/ros_esc
[0.957s] Installing rotate_frame_node script to /home/mattb/ros2_ws/install/ros_esc/lib/ros_esc
[0.957s] Installing sensor_pose_node script to /home/mattb/ros2_ws/install/ros_esc/lib/ros_esc
[0.958s] writing list of installed files to '/home/mattb/ros2_ws/build/ros_esc/install.log'
[0.974s] Invoked command in '/home/mattb/ros2_ws/src/ros_esc' returned '0': PYTHONPATH=/home/mattb/ros2_ws/build/ros_esc/prefix_override:/usr/lib/python3/dist-packages/colcon_core/task/python/colcon_distutils_commands:/home/mattb/ros2_ws/install/ros_esc/lib/python3.10/site-packages:${PYTHONPATH} /usr/bin/python3 -W ignore:setup.py install is deprecated -W ignore:easy_install command is deprecated setup.py egg_info --egg-base ../../build/ros_esc build --build-base /home/mattb/ros2_ws/build/ros_esc/build install --record /home/mattb/ros2_ws/build/ros_esc/install.log --single-version-externally-managed install_data
