[0.282s] DEBUG:colcon:Command line arguments: ['/usr/bin/colcon', 'build']
[0.282s] DEBUG:colcon:Parsed command line arguments: Namespace(log_base=None, log_level=None, verb_name='build', build_base='build', install_base='install', merge_install=False, symlink_install=False, test_result_base=None, continue_on_error=False, executor='parallel', parallel_workers=12, event_handlers=None, ignore_user_meta=False, metas=['./colcon.meta'], base_paths=['.'], packages_ignore=None, packages_ignore_regex=None, paths=None, packages_up_to=None, packages_up_to_regex=None, packages_above=None, packages_above_and_dependencies=None, packages_above_depth=None, packages_select_by_dep=None, packages_skip_by_dep=None, packages_skip_up_to=None, packages_select_build_failed=False, packages_skip_build_finished=False, packages_select_test_failures=False, packages_skip_test_passed=False, packages_select=None, packages_skip=None, packages_select_regex=None, packages_skip_regex=None, packages_start=None, packages_end=None, allow_overriding=[], cmake_args=None, cmake_target=None, cmake_target_skip_unavailable=False, cmake_clean_cache=False, cmake_clean_first=False, cmake_force_configure=False, ament_cmake_args=None, catkin_cmake_args=None, catkin_skip_building_tests=False, mixin_files=None, mixin=None, verb_parser=<colcon_mixin.mixin.mixin_argument.MixinArgumentDecorator object at 0x7959cf3c40d0>, verb_extension=<colcon_core.verb.build.BuildVerb object at 0x7959cf37fbe0>, main=<bound method BuildVerb.main of <colcon_core.verb.build.BuildVerb object at 0x7959cf37fbe0>>, mixin_verb=('build',))
[0.757s] Level 1:colcon.colcon_core.package_discovery:discover_packages(colcon_meta) check parameters
[0.757s] Level 1:colcon.colcon_core.package_discovery:discover_packages(recursive) check parameters
[0.757s] Level 1:colcon.colcon_core.package_discovery:discover_packages(ignore) check parameters
[0.757s] Level 1:colcon.colcon_core.package_discovery:discover_packages(path) check parameters
[0.757s] Level 1:colcon.colcon_core.package_discovery:discover_packages(colcon_meta) discover
[0.757s] Level 1:colcon.colcon_core.package_discovery:discover_packages(recursive) discover
[0.757s] INFO:colcon.colcon_core.package_discovery:Crawling recursively for packages in '/home/mattb/ros2_ws'
[0.757s] Level 1:colcon.colcon_core.package_identification:_identify(.) by extensions ['ignore', 'ignore_ament_install']
[0.757s] Level 1:colcon.colcon_core.package_identification:_identify(.) by extension 'ignore'
[0.757s] Level 1:colcon.colcon_core.package_identification:_identify(.) by extension 'ignore_ament_install'
[0.757s] Level 1:colcon.colcon_core.package_identification:_identify(.) by extensions ['colcon_pkg']
[0.757s] Level 1:colcon.colcon_core.package_identification:_identify(.) by extension 'colcon_pkg'
[0.757s] Level 1:colcon.colcon_core.package_identification:_identify(.) by extensions ['colcon_meta']
[0.757s] Level 1:colcon.colcon_core.package_identification:_identify(.) by extension 'colcon_meta'
[0.757s] Level 1:colcon.colcon_core.package_identification:_identify(.) by extensions ['ros']
[0.757s] Level 1:colcon.colcon_core.package_identification:_identify(.) by extension 'ros'
[0.777s] Level 1:colcon.colcon_core.package_identification:_identify(.) by extensions ['cmake', 'python']
[0.777s] Level 1:colcon.colcon_core.package_identification:_identify(.) by extension 'cmake'
[0.777s] Level 1:colcon.colcon_core.package_identification:_identify(.) by extension 'python'
[0.778s] Level 1:colcon.colcon_core.package_identification:_identify(.) by extensions ['python_setup_py']
[0.778s] Level 1:colcon.colcon_core.package_identification:_identify(.) by extension 'python_setup_py'
[0.778s] Level 1:colcon.colcon_core.package_identification:_identify(build) by extensions ['ignore', 'ignore_ament_install']
[0.778s] Level 1:colcon.colcon_core.package_identification:_identify(build) by extension 'ignore'
[0.778s] Level 1:colcon.colcon_core.package_identification:_identify(build) ignored
[0.778s] Level 1:colcon.colcon_core.package_identification:_identify(install) by extensions ['ignore', 'ignore_ament_install']
[0.778s] Level 1:colcon.colcon_core.package_identification:_identify(install) by extension 'ignore'
[0.778s] Level 1:colcon.colcon_core.package_identification:_identify(install) ignored
[0.778s] Level 1:colcon.colcon_core.package_identification:_identify(log) by extensions ['ignore', 'ignore_ament_install']
[0.778s] Level 1:colcon.colcon_core.package_identification:_identify(log) by extension 'ignore'
[0.778s] Level 1:colcon.colcon_core.package_identification:_identify(log) ignored
[0.778s] Level 1:colcon.colcon_core.package_identification:_identify(src) by extensions ['ignore', 'ignore_ament_install']
[0.778s] Level 1:colcon.colcon_core.package_identification:_identify(src) by extension 'ignore'
[0.778s] Level 1:colcon.colcon_core.package_identification:_identify(src) by extension 'ignore_ament_install'
[0.779s] Level 1:colcon.colcon_core.package_identification:_identify(src) by extensions ['colcon_pkg']
[0.779s] Level 1:colcon.colcon_core.package_identification:_identify(src) by extension 'colcon_pkg'
[0.779s] Level 1:colcon.colcon_core.package_identification:_identify(src) by extensions ['colcon_meta']
[0.779s] Level 1:colcon.colcon_core.package_identification:_identify(src) by extension 'colcon_meta'
[0.779s] Level 1:colcon.colcon_core.package_identification:_identify(src) by extensions ['ros']
[0.779s] Level 1:colcon.colcon_core.package_identification:_identify(src) by extension 'ros'
[0.779s] Level 1:colcon.colcon_core.package_identification:_identify(src) by extensions ['cmake', 'python']
[0.779s] Level 1:colcon.colcon_core.package_identification:_identify(src) by extension 'cmake'
[0.779s] Level 1:colcon.colcon_core.package_identification:_identify(src) by extension 'python'
[0.779s] Level 1:colcon.colcon_core.package_identification:_identify(src) by extensions ['python_setup_py']
[0.779s] Level 1:colcon.colcon_core.package_identification:_identify(src) by extension 'python_setup_py'
[0.779s] Level 1:colcon.colcon_core.package_identification:_identify(src/ros_esc) by extensions ['ignore', 'ignore_ament_install']
[0.779s] Level 1:colcon.colcon_core.package_identification:_identify(src/ros_esc) by extension 'ignore'
[0.779s] Level 1:colcon.colcon_core.package_identification:_identify(src/ros_esc) by extension 'ignore_ament_install'
[0.779s] Level 1:colcon.colcon_core.package_identification:_identify(src/ros_esc) by extensions ['colcon_pkg']
[0.779s] Level 1:colcon.colcon_core.package_identification:_identify(src/ros_esc) by extension 'colcon_pkg'
[0.779s] Level 1:colcon.colcon_core.package_identification:_identify(src/ros_esc) by extensions ['colcon_meta']
[0.779s] Level 1:colcon.colcon_core.package_identification:_identify(src/ros_esc) by extension 'colcon_meta'
[0.779s] Level 1:colcon.colcon_core.package_identification:_identify(src/ros_esc) by extensions ['ros']
[0.779s] Level 1:colcon.colcon_core.package_identification:_identify(src/ros_esc) by extension 'ros'
[0.782s] DEBUG:colcon.colcon_core.package_identification:Package 'src/ros_esc' with type 'ros.ament_python' and name 'ros_esc'
[0.782s] Level 1:colcon.colcon_core.package_identification:_identify(src/ros_esc_interfaces) by extensions ['ignore', 'ignore_ament_install']
[0.782s] Level 1:colcon.colcon_core.package_identification:_identify(src/ros_esc_interfaces) by extension 'ignore'
[0.783s] Level 1:colcon.colcon_core.package_identification:_identify(src/ros_esc_interfaces) by extension 'ignore_ament_install'
[0.783s] Level 1:colcon.colcon_core.package_identification:_identify(src/ros_esc_interfaces) by extensions ['colcon_pkg']
[0.783s] Level 1:colcon.colcon_core.package_identification:_identify(src/ros_esc_interfaces) by extension 'colcon_pkg'
[0.783s] Level 1:colcon.colcon_core.package_identification:_identify(src/ros_esc_interfaces) by extensions ['colcon_meta']
[0.783s] Level 1:colcon.colcon_core.package_identification:_identify(src/ros_esc_interfaces) by extension 'colcon_meta'
[0.783s] Level 1:colcon.colcon_core.package_identification:_identify(src/ros_esc_interfaces) by extensions ['ros']
[0.783s] Level 1:colcon.colcon_core.package_identification:_identify(src/ros_esc_interfaces) by extension 'ros'
[0.784s] DEBUG:colcon.colcon_core.package_identification:Package 'src/ros_esc_interfaces' with type 'ros.ament_cmake' and name 'ros_esc_interfaces'
[0.784s] Level 1:colcon.colcon_core.package_identification:_identify(src/turtlebot3_rotating_sensor) by extensions ['ignore', 'ignore_ament_install']
[0.784s] Level 1:colcon.colcon_core.package_identification:_identify(src/turtlebot3_rotating_sensor) by extension 'ignore'
[0.784s] Level 1:colcon.colcon_core.package_identification:_identify(src/turtlebot3_rotating_sensor) by extension 'ignore_ament_install'
[0.784s] Level 1:colcon.colcon_core.package_identification:_identify(src/turtlebot3_rotating_sensor) by extensions ['colcon_pkg']
[0.785s] Level 1:colcon.colcon_core.package_identification:_identify(src/turtlebot3_rotating_sensor) by extension 'colcon_pkg'
[0.785s] Level 1:colcon.colcon_core.package_identification:_identify(src/turtlebot3_rotating_sensor) by extensions ['colcon_meta']
[0.785s] Level 1:colcon.colcon_core.package_identification:_identify(src/turtlebot3_rotating_sensor) by extension 'colcon_meta'
[0.785s] Level 1:colcon.colcon_core.package_identification:_identify(src/turtlebot3_rotating_sensor) by extensions ['ros']
[0.785s] Level 1:colcon.colcon_core.package_identification:_identify(src/turtlebot3_rotating_sensor) by extension 'ros'
[0.786s] DEBUG:colcon.colcon_core.package_identification:Package 'src/turtlebot3_rotating_sensor' with type 'ros.ament_cmake' and name 'turtlebot3_rotating_sensor'
[0.786s] Level 1:colcon.colcon_core.package_discovery:discover_packages(recursive) using defaults
[0.786s] Level 1:colcon.colcon_core.package_discovery:discover_packages(ignore) discover
[0.786s] Level 1:colcon.colcon_core.package_discovery:discover_packages(ignore) using defaults
[0.786s] Level 1:colcon.colcon_core.package_discovery:discover_packages(path) discover
[0.786s] Level 1:colcon.colcon_core.package_discovery:discover_packages(path) using defaults
[0.812s] Level 1:colcon.colcon_core.package_discovery:discover_packages(prefix_path) check parameters
[0.812s] Level 1:colcon.colcon_core.package_discovery:discover_packages(prefix_path) discover
[0.818s] DEBUG:colcon.colcon_installed_package_information.package_discovery:Found 3 installed packages in /home/mattb/ros2_ws/install
[0.820s] DEBUG:colcon.colcon_installed_package_information.package_discovery:Found 459 installed packages in /opt/ros/humble
[0.821s] Level 1:colcon.colcon_core.package_discovery:discover_packages(prefix_path) using defaults
[0.874s] Level 5:colcon.colcon_core.verb:set package 'ros_esc' build argument 'cmake_args' from command line to 'None'
[0.874s] Level 5:colcon.colcon_core.verb:set package 'ros_esc' build argument 'cmake_target' from command line to 'None'
[0.874s] Level 5:colcon.colcon_core.verb:set package 'ros_esc' build argument 'cmake_target_skip_unavailable' from command line to 'False'
[0.874s] Level 5:colcon.colcon_core.verb:set package 'ros_esc' build argument 'cmake_clean_cache' from command line to 'False'
[0.874s] Level 5:colcon.colcon_core.verb:set package 'ros_esc' build argument 'cmake_clean_first' from command line to 'False'
[0.874s] Level 5:colcon.colcon_core.verb:set package 'ros_esc' build argument 'cmake_force_configure' from command line to 'False'
[0.874s] Level 5:colcon.colcon_core.verb:set package 'ros_esc' build argument 'ament_cmake_args' from command line to 'None'
[0.874s] Level 5:colcon.colcon_core.verb:set package 'ros_esc' build argument 'catkin_cmake_args' from command line to 'None'
[0.874s] Level 5:colcon.colcon_core.verb:set package 'ros_esc' build argument 'catkin_skip_building_tests' from command line to 'False'
[0.874s] DEBUG:colcon.colcon_core.verb:Building package 'ros_esc' with the following arguments: {'ament_cmake_args': None, 'build_base': '/home/mattb/ros2_ws/build/ros_esc', 'catkin_cmake_args': None, 'catkin_skip_building_tests': False, 'cmake_args': None, 'cmake_clean_cache': False, 'cmake_clean_first': False, 'cmake_force_configure': False, 'cmake_target': None, 'cmake_target_skip_unavailable': False, 'install_base': '/home/mattb/ros2_ws/install/ros_esc', 'merge_install': False, 'path': '/home/mattb/ros2_ws/src/ros_esc', 'symlink_install': False, 'test_result_base': None}
[0.874s] Level 5:colcon.colcon_core.verb:set package 'ros_esc_interfaces' build argument 'cmake_args' from command line to 'None'
[0.874s] Level 5:colcon.colcon_core.verb:set package 'ros_esc_interfaces' build argument 'cmake_target' from command line to 'None'
[0.874s] Level 5:colcon.colcon_core.verb:set package 'ros_esc_interfaces' build argument 'cmake_target_skip_unavailable' from command line to 'False'
[0.874s] Level 5:colcon.colcon_core.verb:set package 'ros_esc_interfaces' build argument 'cmake_clean_cache' from command line to 'False'
[0.874s] Level 5:colcon.colcon_core.verb:set package 'ros_esc_interfaces' build argument 'cmake_clean_first' from command line to 'False'
[0.874s] Level 5:colcon.colcon_core.verb:set package 'ros_esc_interfaces' build argument 'cmake_force_configure' from command line to 'False'
[0.874s] Level 5:colcon.colcon_core.verb:set package 'ros_esc_interfaces' build argument 'ament_cmake_args' from command line to 'None'
[0.874s] Level 5:colcon.colcon_core.verb:set package 'ros_esc_interfaces' build argument 'catkin_cmake_args' from command line to 'None'
[0.874s] Level 5:colcon.colcon_core.verb:set package 'ros_esc_interfaces' build argument 'catkin_skip_building_tests' from command line to 'False'
[0.874s] DEBUG:colcon.colcon_core.verb:Building package 'ros_esc_interfaces' with the following arguments: {'ament_cmake_args': None, 'build_base': '/home/mattb/ros2_ws/build/ros_esc_interfaces', 'catkin_cmake_args': None, 'catkin_skip_building_tests': False, 'cmake_args': None, 'cmake_clean_cache': False, 'cmake_clean_first': False, 'cmake_force_configure': False, 'cmake_target': None, 'cmake_target_skip_unavailable': False, 'install_base': '/home/mattb/ros2_ws/install/ros_esc_interfaces', 'merge_install': False, 'path': '/home/mattb/ros2_ws/src/ros_esc_interfaces', 'symlink_install': False, 'test_result_base': None}
[0.875s] Level 5:colcon.colcon_core.verb:set package 'turtlebot3_rotating_sensor' build argument 'cmake_args' from command line to 'None'
[0.875s] Level 5:colcon.colcon_core.verb:set package 'turtlebot3_rotating_sensor' build argument 'cmake_target' from command line to 'None'
[0.875s] Level 5:colcon.colcon_core.verb:set package 'turtlebot3_rotating_sensor' build argument 'cmake_target_skip_unavailable' from command line to 'False'
[0.875s] Level 5:colcon.colcon_core.verb:set package 'turtlebot3_rotating_sensor' build argument 'cmake_clean_cache' from command line to 'False'
[0.875s] Level 5:colcon.colcon_core.verb:set package 'turtlebot3_rotating_sensor' build argument 'cmake_clean_first' from command line to 'False'
[0.875s] Level 5:colcon.colcon_core.verb:set package 'turtlebot3_rotating_sensor' build argument 'cmake_force_configure' from command line to 'False'
[0.875s] Level 5:colcon.colcon_core.verb:set package 'turtlebot3_rotating_sensor' build argument 'ament_cmake_args' from command line to 'None'
[0.875s] Level 5:colcon.colcon_core.verb:set package 'turtlebot3_rotating_sensor' build argument 'catkin_cmake_args' from command line to 'None'
[0.875s] Level 5:colcon.colcon_core.verb:set package 'turtlebot3_rotating_sensor' build argument 'catkin_skip_building_tests' from command line to 'False'
[0.875s] DEBUG:colcon.colcon_core.verb:Building package 'turtlebot3_rotating_sensor' with the following arguments: {'ament_cmake_args': None, 'build_base': '/home/mattb/ros2_ws/build/turtlebot3_rotating_sensor', 'catkin_cmake_args': None, 'catkin_skip_building_tests': False, 'cmake_args': None, 'cmake_clean_cache': False, 'cmake_clean_first': False, 'cmake_force_configure': False, 'cmake_target': None, 'cmake_target_skip_unavailable': False, 'install_base': '/home/mattb/ros2_ws/install/turtlebot3_rotating_sensor', 'merge_install': False, 'path': '/home/mattb/ros2_ws/src/turtlebot3_rotating_sensor', 'symlink_install': False, 'test_result_base': None}
[0.875s] INFO:colcon.colcon_core.executor:Executing jobs using 'parallel' executor
[0.876s] DEBUG:colcon.colcon_parallel_executor.executor.parallel:run_until_complete
[0.876s] INFO:colcon.colcon_ros.task.ament_python.build:Building ROS package in '/home/mattb/ros2_ws/src/ros_esc' with build type 'ament_python'
[0.876s] Level 1:colcon.colcon_core.shell:create_environment_hook('ros_esc', 'ament_prefix_path')
[0.882s] INFO:colcon.colcon_core.plugin_system:Skipping extension 'colcon_core.shell.bat': Not used on non-Windows systems
[0.882s] INFO:colcon.colcon_core.shell:Creating environment hook '/home/mattb/ros2_ws/install/ros_esc/share/ros_esc/hook/ament_prefix_path.ps1'
[0.883s] INFO:colcon.colcon_core.shell:Creating environment descriptor '/home/mattb/ros2_ws/install/ros_esc/share/ros_esc/hook/ament_prefix_path.dsv'
[0.884s] INFO:colcon.colcon_core.shell:Creating environment hook '/home/mattb/ros2_ws/install/ros_esc/share/ros_esc/hook/ament_prefix_path.sh'
[0.885s] INFO:colcon.colcon_core.shell:Skip shell extension 'powershell' for command environment: Not usable outside of PowerShell
[0.885s] DEBUG:colcon.colcon_core.shell:Skip shell extension 'dsv' for command environment
[0.891s] INFO:colcon.colcon_ros.task.ament_cmake.build:Building ROS package in '/home/mattb/ros2_ws/src/ros_esc_interfaces' with build type 'ament_cmake'
[0.891s] INFO:colcon.colcon_cmake.task.cmake.build:Building CMake package in '/home/mattb/ros2_ws/src/ros_esc_interfaces'
[0.891s] INFO:colcon.colcon_core.shell:Skip shell extension 'powershell' for command environment: Not usable outside of PowerShell
[0.891s] DEBUG:colcon.colcon_core.shell:Skip shell extension 'dsv' for command environment
[0.897s] INFO:colcon.colcon_ros.task.ament_cmake.build:Building ROS package in '/home/mattb/ros2_ws/src/turtlebot3_rotating_sensor' with build type 'ament_cmake'
[0.897s] INFO:colcon.colcon_cmake.task.cmake.build:Building CMake package in '/home/mattb/ros2_ws/src/turtlebot3_rotating_sensor'
[0.897s] INFO:colcon.colcon_core.shell:Skip shell extension 'powershell' for command environment: Not usable outside of PowerShell
[0.898s] DEBUG:colcon.colcon_core.shell:Skip shell extension 'dsv' for command environment
[1.171s] INFO:colcon.colcon_core.task.python.build:Building Python package in '/home/mattb/ros2_ws/src/ros_esc'
[1.172s] INFO:colcon.colcon_core.shell:Skip shell extension 'powershell' for command environment: Not usable outside of PowerShell
[1.172s] DEBUG:colcon.colcon_core.shell:Skip shell extension 'dsv' for command environment
[1.180s] DEBUG:colcon.colcon_core.event_handler.log_command:Invoking command in '/home/mattb/ros2_ws/build/ros_esc_interfaces': CMAKE_PREFIX_PATH=${CMAKE_PREFIX_PATH}:/home/mattb/ros2_ws/install/ros_esc:/opt/ros/humble /usr/bin/cmake --build /home/mattb/ros2_ws/build/ros_esc_interfaces -- -j12 -l12
[1.184s] DEBUG:colcon.colcon_core.event_handler.log_command:Invoking command in '/home/mattb/ros2_ws/build/turtlebot3_rotating_sensor': CMAKE_PREFIX_PATH=${CMAKE_PREFIX_PATH}:/home/mattb/ros2_ws/install/ros_esc:/opt/ros/humble /usr/bin/cmake --build /home/mattb/ros2_ws/build/turtlebot3_rotating_sensor -- -j12 -l12
[1.298s] DEBUG:colcon.colcon_core.event_handler.log_command:Invoked command in '/home/mattb/ros2_ws/build/turtlebot3_rotating_sensor' returned '0': CMAKE_PREFIX_PATH=${CMAKE_PREFIX_PATH}:/home/mattb/ros2_ws/install/ros_esc:/opt/ros/humble /usr/bin/cmake --build /home/mattb/ros2_ws/build/turtlebot3_rotating_sensor -- -j12 -l12
[1.315s] DEBUG:colcon.colcon_core.event_handler.log_command:Invoking command in '/home/mattb/ros2_ws/build/turtlebot3_rotating_sensor': CMAKE_PREFIX_PATH=${CMAKE_PREFIX_PATH}:/home/mattb/ros2_ws/install/ros_esc:/opt/ros/humble /usr/bin/cmake --install /home/mattb/ros2_ws/build/turtlebot3_rotating_sensor
[1.330s] Level 1:colcon.colcon_core.environment:create_environment_scripts_only(turtlebot3_rotating_sensor)
[1.331s] DEBUG:colcon.colcon_core.event_handler.log_command:Invoked command in '/home/mattb/ros2_ws/build/turtlebot3_rotating_sensor' returned '0': CMAKE_PREFIX_PATH=${CMAKE_PREFIX_PATH}:/home/mattb/ros2_ws/install/ros_esc:/opt/ros/humble /usr/bin/cmake --install /home/mattb/ros2_ws/build/turtlebot3_rotating_sensor
[1.339s] Level 1:colcon.colcon_core.environment:checking '/home/mattb/ros2_ws/install/turtlebot3_rotating_sensor' for CMake module files
[1.340s] Level 1:colcon.colcon_core.environment:checking '/home/mattb/ros2_ws/install/turtlebot3_rotating_sensor' for CMake config files
[1.340s] Level 1:colcon.colcon_core.shell:create_environment_hook('turtlebot3_rotating_sensor', 'cmake_prefix_path')
[1.341s] INFO:colcon.colcon_core.shell:Creating environment hook '/home/mattb/ros2_ws/install/turtlebot3_rotating_sensor/share/turtlebot3_rotating_sensor/hook/cmake_prefix_path.ps1'
[1.341s] INFO:colcon.colcon_core.shell:Creating environment descriptor '/home/mattb/ros2_ws/install/turtlebot3_rotating_sensor/share/turtlebot3_rotating_sensor/hook/cmake_prefix_path.dsv'
[1.342s] INFO:colcon.colcon_core.shell:Creating environment hook '/home/mattb/ros2_ws/install/turtlebot3_rotating_sensor/share/turtlebot3_rotating_sensor/hook/cmake_prefix_path.sh'
[1.343s] Level 1:colcon.colcon_core.environment:checking '/home/mattb/ros2_ws/install/turtlebot3_rotating_sensor/bin'
[1.343s] Level 1:colcon.colcon_core.environment:checking '/home/mattb/ros2_ws/install/turtlebot3_rotating_sensor/lib/pkgconfig/turtlebot3_rotating_sensor.pc'
[1.343s] Level 1:colcon.colcon_core.environment:checking '/home/mattb/ros2_ws/install/turtlebot3_rotating_sensor/lib/python3.10/site-packages'
[1.344s] Level 1:colcon.colcon_core.environment:checking '/home/mattb/ros2_ws/install/turtlebot3_rotating_sensor/bin'
[1.344s] INFO:colcon.colcon_core.shell:Creating package script '/home/mattb/ros2_ws/install/turtlebot3_rotating_sensor/share/turtlebot3_rotating_sensor/package.ps1'
[1.346s] INFO:colcon.colcon_core.shell:Creating package descriptor '/home/mattb/ros2_ws/install/turtlebot3_rotating_sensor/share/turtlebot3_rotating_sensor/package.dsv'
[1.347s] INFO:colcon.colcon_core.shell:Creating package script '/home/mattb/ros2_ws/install/turtlebot3_rotating_sensor/share/turtlebot3_rotating_sensor/package.sh'
[1.348s] INFO:colcon.colcon_core.shell:Creating package script '/home/mattb/ros2_ws/install/turtlebot3_rotating_sensor/share/turtlebot3_rotating_sensor/package.bash'
[1.350s] INFO:colcon.colcon_core.shell:Creating package script '/home/mattb/ros2_ws/install/turtlebot3_rotating_sensor/share/turtlebot3_rotating_sensor/package.zsh'
[1.351s] Level 1:colcon.colcon_core.environment:create_file_with_runtime_dependencies(/home/mattb/ros2_ws/install/turtlebot3_rotating_sensor/share/colcon-core/packages/turtlebot3_rotating_sensor)
[1.352s] Level 1:colcon.colcon_core.environment:create_environment_scripts_only(turtlebot3_rotating_sensor)
[1.353s] Level 1:colcon.colcon_core.environment:checking '/home/mattb/ros2_ws/install/turtlebot3_rotating_sensor' for CMake module files
[1.353s] Level 1:colcon.colcon_core.environment:checking '/home/mattb/ros2_ws/install/turtlebot3_rotating_sensor' for CMake config files
[1.354s] Level 1:colcon.colcon_core.shell:create_environment_hook('turtlebot3_rotating_sensor', 'cmake_prefix_path')
[1.354s] INFO:colcon.colcon_core.shell:Creating environment hook '/home/mattb/ros2_ws/install/turtlebot3_rotating_sensor/share/turtlebot3_rotating_sensor/hook/cmake_prefix_path.ps1'
[1.355s] INFO:colcon.colcon_core.shell:Creating environment descriptor '/home/mattb/ros2_ws/install/turtlebot3_rotating_sensor/share/turtlebot3_rotating_sensor/hook/cmake_prefix_path.dsv'
[1.355s] INFO:colcon.colcon_core.shell:Creating environment hook '/home/mattb/ros2_ws/install/turtlebot3_rotating_sensor/share/turtlebot3_rotating_sensor/hook/cmake_prefix_path.sh'
[1.356s] Level 1:colcon.colcon_core.environment:checking '/home/mattb/ros2_ws/install/turtlebot3_rotating_sensor/bin'
[1.356s] Level 1:colcon.colcon_core.environment:checking '/home/mattb/ros2_ws/install/turtlebot3_rotating_sensor/lib/pkgconfig/turtlebot3_rotating_sensor.pc'
[1.357s] Level 1:colcon.colcon_core.environment:checking '/home/mattb/ros2_ws/install/turtlebot3_rotating_sensor/lib/python3.10/site-packages'
[1.357s] Level 1:colcon.colcon_core.environment:checking '/home/mattb/ros2_ws/install/turtlebot3_rotating_sensor/bin'
[1.358s] INFO:colcon.colcon_core.shell:Creating package script '/home/mattb/ros2_ws/install/turtlebot3_rotating_sensor/share/turtlebot3_rotating_sensor/package.ps1'
[1.358s] INFO:colcon.colcon_core.shell:Creating package descriptor '/home/mattb/ros2_ws/install/turtlebot3_rotating_sensor/share/turtlebot3_rotating_sensor/package.dsv'
[1.359s] INFO:colcon.colcon_core.shell:Creating package script '/home/mattb/ros2_ws/install/turtlebot3_rotating_sensor/share/turtlebot3_rotating_sensor/package.sh'
[1.360s] INFO:colcon.colcon_core.shell:Creating package script '/home/mattb/ros2_ws/install/turtlebot3_rotating_sensor/share/turtlebot3_rotating_sensor/package.bash'
[1.360s] INFO:colcon.colcon_core.shell:Creating package script '/home/mattb/ros2_ws/install/turtlebot3_rotating_sensor/share/turtlebot3_rotating_sensor/package.zsh'
[1.361s] Level 1:colcon.colcon_core.environment:create_file_with_runtime_dependencies(/home/mattb/ros2_ws/install/turtlebot3_rotating_sensor/share/colcon-core/packages/turtlebot3_rotating_sensor)
[1.635s] DEBUG:colcon.colcon_core.event_handler.log_command:Invoked command in '/home/mattb/ros2_ws/build/ros_esc_interfaces' returned '0': CMAKE_PREFIX_PATH=${CMAKE_PREFIX_PATH}:/home/mattb/ros2_ws/install/ros_esc:/opt/ros/humble /usr/bin/cmake --build /home/mattb/ros2_ws/build/ros_esc_interfaces -- -j12 -l12
[1.638s] DEBUG:colcon.colcon_core.event_handler.log_command:Invoking command in '/home/mattb/ros2_ws/build/ros_esc_interfaces': CMAKE_PREFIX_PATH=${CMAKE_PREFIX_PATH}:/home/mattb/ros2_ws/install/ros_esc:/opt/ros/humble /usr/bin/cmake --install /home/mattb/ros2_ws/build/ros_esc_interfaces
[1.657s] DEBUG:colcon.colcon_core.event_handler.log_command:Invoking command in '/home/mattb/ros2_ws/src/ros_esc': PYTHONPATH=/home/mattb/ros2_ws/build/ros_esc/prefix_override:/usr/lib/python3/dist-packages/colcon_core/task/python/colcon_distutils_commands:/home/mattb/ros2_ws/install/ros_esc/lib/python3.10/site-packages:${PYTHONPATH} /usr/bin/python3 -W ignore:setup.py install is deprecated -W ignore:easy_install command is deprecated setup.py egg_info --egg-base ../../build/ros_esc build --build-base /home/mattb/ros2_ws/build/ros_esc/build install --record /home/mattb/ros2_ws/build/ros_esc/install.log --single-version-externally-managed install_data
[1.708s] Level 1:colcon.colcon_core.environment:create_environment_scripts_only(ros_esc_interfaces)
[1.708s] Level 1:colcon.colcon_core.environment:checking '/home/mattb/ros2_ws/install/ros_esc_interfaces' for CMake module files
[1.708s] DEBUG:colcon.colcon_core.event_handler.log_command:Invoked command in '/home/mattb/ros2_ws/build/ros_esc_interfaces' returned '0': CMAKE_PREFIX_PATH=${CMAKE_PREFIX_PATH}:/home/mattb/ros2_ws/install/ros_esc:/opt/ros/humble /usr/bin/cmake --install /home/mattb/ros2_ws/build/ros_esc_interfaces
[1.709s] Level 1:colcon.colcon_core.environment:checking '/home/mattb/ros2_ws/install/ros_esc_interfaces' for CMake config files
[1.709s] Level 1:colcon.colcon_core.shell:create_environment_hook('ros_esc_interfaces', 'cmake_prefix_path')
[1.710s] INFO:colcon.colcon_core.shell:Creating environment hook '/home/mattb/ros2_ws/install/ros_esc_interfaces/share/ros_esc_interfaces/hook/cmake_prefix_path.ps1'
[1.710s] INFO:colcon.colcon_core.shell:Creating environment descriptor '/home/mattb/ros2_ws/install/ros_esc_interfaces/share/ros_esc_interfaces/hook/cmake_prefix_path.dsv'
[1.711s] INFO:colcon.colcon_core.shell:Creating environment hook '/home/mattb/ros2_ws/install/ros_esc_interfaces/share/ros_esc_interfaces/hook/cmake_prefix_path.sh'
[1.711s] Level 1:colcon.colcon_core.environment:checking '/home/mattb/ros2_ws/install/ros_esc_interfaces/lib'
[1.711s] Level 1:colcon.colcon_core.shell:create_environment_hook('ros_esc_interfaces', 'ld_library_path_lib')
[1.711s] INFO:colcon.colcon_core.shell:Creating environment hook '/home/mattb/ros2_ws/install/ros_esc_interfaces/share/ros_esc_interfaces/hook/ld_library_path_lib.ps1'
[1.712s] INFO:colcon.colcon_core.shell:Creating environment descriptor '/home/mattb/ros2_ws/install/ros_esc_interfaces/share/ros_esc_interfaces/hook/ld_library_path_lib.dsv'
[1.712s] INFO:colcon.colcon_core.shell:Creating environment hook '/home/mattb/ros2_ws/install/ros_esc_interfaces/share/ros_esc_interfaces/hook/ld_library_path_lib.sh'
[1.712s] Level 1:colcon.colcon_core.environment:checking '/home/mattb/ros2_ws/install/ros_esc_interfaces/bin'
[1.712s] Level 1:colcon.colcon_core.environment:checking '/home/mattb/ros2_ws/install/ros_esc_interfaces/lib/pkgconfig/ros_esc_interfaces.pc'
[1.713s] Level 1:colcon.colcon_core.environment:checking '/home/mattb/ros2_ws/install/ros_esc_interfaces/lib/python3.10/site-packages'
[1.713s] Level 1:colcon.colcon_core.environment:checking '/home/mattb/ros2_ws/install/ros_esc_interfaces/bin'
[1.713s] INFO:colcon.colcon_core.shell:Creating package script '/home/mattb/ros2_ws/install/ros_esc_interfaces/share/ros_esc_interfaces/package.ps1'
[1.714s] INFO:colcon.colcon_core.shell:Creating package descriptor '/home/mattb/ros2_ws/install/ros_esc_interfaces/share/ros_esc_interfaces/package.dsv'
[1.714s] INFO:colcon.colcon_core.shell:Creating package script '/home/mattb/ros2_ws/install/ros_esc_interfaces/share/ros_esc_interfaces/package.sh'
[1.715s] INFO:colcon.colcon_core.shell:Creating package script '/home/mattb/ros2_ws/install/ros_esc_interfaces/share/ros_esc_interfaces/package.bash'
[1.715s] INFO:colcon.colcon_core.shell:Creating package script '/home/mattb/ros2_ws/install/ros_esc_interfaces/share/ros_esc_interfaces/package.zsh'
[1.715s] Level 1:colcon.colcon_core.environment:create_file_with_runtime_dependencies(/home/mattb/ros2_ws/install/ros_esc_interfaces/share/colcon-core/packages/ros_esc_interfaces)
[1.716s] Level 1:colcon.colcon_core.environment:create_environment_scripts_only(ros_esc_interfaces)
[1.716s] Level 1:colcon.colcon_core.environment:checking '/home/mattb/ros2_ws/install/ros_esc_interfaces' for CMake module files
[1.716s] Level 1:colcon.colcon_core.environment:checking '/home/mattb/ros2_ws/install/ros_esc_interfaces' for CMake config files
[1.717s] Level 1:colcon.colcon_core.shell:create_environment_hook('ros_esc_interfaces', 'cmake_prefix_path')
[1.717s] INFO:colcon.colcon_core.shell:Creating environment hook '/home/mattb/ros2_ws/install/ros_esc_interfaces/share/ros_esc_interfaces/hook/cmake_prefix_path.ps1'
[1.717s] INFO:colcon.colcon_core.shell:Creating environment descriptor '/home/mattb/ros2_ws/install/ros_esc_interfaces/share/ros_esc_interfaces/hook/cmake_prefix_path.dsv'
[1.718s] INFO:colcon.colcon_core.shell:Creating environment hook '/home/mattb/ros2_ws/install/ros_esc_interfaces/share/ros_esc_interfaces/hook/cmake_prefix_path.sh'
[1.718s] Level 1:colcon.colcon_core.environment:checking '/home/mattb/ros2_ws/install/ros_esc_interfaces/lib'
[1.718s] Level 1:colcon.colcon_core.shell:create_environment_hook('ros_esc_interfaces', 'ld_library_path_lib')
[1.718s] INFO:colcon.colcon_core.shell:Creating environment hook '/home/mattb/ros2_ws/install/ros_esc_interfaces/share/ros_esc_interfaces/hook/ld_library_path_lib.ps1'
[1.719s] INFO:colcon.colcon_core.shell:Creating environment descriptor '/home/mattb/ros2_ws/install/ros_esc_interfaces/share/ros_esc_interfaces/hook/ld_library_path_lib.dsv'
[1.719s] INFO:colcon.colcon_core.shell:Creating environment hook '/home/mattb/ros2_ws/install/ros_esc_interfaces/share/ros_esc_interfaces/hook/ld_library_path_lib.sh'
[1.719s] Level 1:colcon.colcon_core.environment:checking '/home/mattb/ros2_ws/install/ros_esc_interfaces/bin'
[1.719s] Level 1:colcon.colcon_core.environment:checking '/home/mattb/ros2_ws/install/ros_esc_interfaces/lib/pkgconfig/ros_esc_interfaces.pc'
[1.719s] Level 1:colcon.colcon_core.environment:checking '/home/mattb/ros2_ws/install/ros_esc_interfaces/lib/python3.10/site-packages'
[1.720s] Level 1:colcon.colcon_core.environment:checking '/home/mattb/ros2_ws/install/ros_esc_interfaces/bin'
[1.720s] INFO:colcon.colcon_core.shell:Creating package script '/home/mattb/ros2_ws/install/ros_esc_interfaces/share/ros_esc_interfaces/package.ps1'
[1.720s] INFO:colcon.colcon_core.shell:Creating package descriptor '/home/mattb/ros2_ws/install/ros_esc_interfaces/share/ros_esc_interfaces/package.dsv'
[1.721s] INFO:colcon.colcon_core.shell:Creating package script '/home/mattb/ros2_ws/install/ros_esc_interfaces/share/ros_esc_interfaces/package.sh'
[1.721s] INFO:colcon.colcon_core.shell:Creating package script '/home/mattb/ros2_ws/install/ros_esc_interfaces/share/ros_esc_interfaces/package.bash'
[1.721s] INFO:colcon.colcon_core.shell:Creating package script '/home/mattb/ros2_ws/install/ros_esc_interfaces/share/ros_esc_interfaces/package.zsh'
[1.722s] Level 1:colcon.colcon_core.environment:create_file_with_runtime_dependencies(/home/mattb/ros2_ws/install/ros_esc_interfaces/share/colcon-core/packages/ros_esc_interfaces)
[1.957s] Level 1:colcon.colcon_core.environment:checking '/home/mattb/ros2_ws/install/ros_esc' for CMake module files
[1.958s] DEBUG:colcon.colcon_core.event_handler.log_command:Invoked command in '/home/mattb/ros2_ws/src/ros_esc' returned '0': PYTHONPATH=/home/mattb/ros2_ws/build/ros_esc/prefix_override:/usr/lib/python3/dist-packages/colcon_core/task/python/colcon_distutils_commands:/home/mattb/ros2_ws/install/ros_esc/lib/python3.10/site-packages:${PYTHONPATH} /usr/bin/python3 -W ignore:setup.py install is deprecated -W ignore:easy_install command is deprecated setup.py egg_info --egg-base ../../build/ros_esc build --build-base /home/mattb/ros2_ws/build/ros_esc/build install --record /home/mattb/ros2_ws/build/ros_esc/install.log --single-version-externally-managed install_data
[1.958s] Level 1:colcon.colcon_core.environment:checking '/home/mattb/ros2_ws/install/ros_esc' for CMake config files
[1.959s] Level 1:colcon.colcon_core.environment:checking '/home/mattb/ros2_ws/install/ros_esc/lib'
[1.959s] Level 1:colcon.colcon_core.environment:checking '/home/mattb/ros2_ws/install/ros_esc/bin'
[1.959s] Level 1:colcon.colcon_core.environment:checking '/home/mattb/ros2_ws/install/ros_esc/lib/pkgconfig/ros_esc.pc'
[1.959s] Level 1:colcon.colcon_core.environment:checking '/home/mattb/ros2_ws/install/ros_esc/lib/python3.10/site-packages'
[1.959s] Level 1:colcon.colcon_core.shell:create_environment_hook('ros_esc', 'pythonpath')
[1.959s] INFO:colcon.colcon_core.shell:Creating environment hook '/home/mattb/ros2_ws/install/ros_esc/share/ros_esc/hook/pythonpath.ps1'
[1.960s] INFO:colcon.colcon_core.shell:Creating environment descriptor '/home/mattb/ros2_ws/install/ros_esc/share/ros_esc/hook/pythonpath.dsv'
[1.960s] INFO:colcon.colcon_core.shell:Creating environment hook '/home/mattb/ros2_ws/install/ros_esc/share/ros_esc/hook/pythonpath.sh'
[1.961s] Level 1:colcon.colcon_core.environment:checking '/home/mattb/ros2_ws/install/ros_esc/bin'
[1.961s] Level 1:colcon.colcon_core.environment:create_environment_scripts_only(ros_esc)
[1.961s] INFO:colcon.colcon_core.shell:Creating package script '/home/mattb/ros2_ws/install/ros_esc/share/ros_esc/package.ps1'
[1.961s] INFO:colcon.colcon_core.shell:Creating package descriptor '/home/mattb/ros2_ws/install/ros_esc/share/ros_esc/package.dsv'
[1.962s] INFO:colcon.colcon_core.shell:Creating package script '/home/mattb/ros2_ws/install/ros_esc/share/ros_esc/package.sh'
[1.962s] INFO:colcon.colcon_core.shell:Creating package script '/home/mattb/ros2_ws/install/ros_esc/share/ros_esc/package.bash'
[1.962s] INFO:colcon.colcon_core.shell:Creating package script '/home/mattb/ros2_ws/install/ros_esc/share/ros_esc/package.zsh'
[1.963s] Level 1:colcon.colcon_core.environment:create_file_with_runtime_dependencies(/home/mattb/ros2_ws/install/ros_esc/share/colcon-core/packages/ros_esc)
[1.963s] DEBUG:colcon.colcon_parallel_executor.executor.parallel:closing loop
[1.963s] DEBUG:colcon.colcon_parallel_executor.executor.parallel:loop closed
[1.963s] DEBUG:colcon.colcon_parallel_executor.executor.parallel:run_until_complete finished with '0'
[1.963s] DEBUG:colcon.colcon_core.event_reactor:joining thread
[1.969s] INFO:colcon.colcon_core.plugin_system:Skipping extension 'colcon_notification.desktop_notification.terminal_notifier': Not used on non-Darwin systems
[1.969s] INFO:colcon.colcon_core.plugin_system:Skipping extension 'colcon_notification.desktop_notification.win32': Not used on non-Windows systems
[1.969s] INFO:colcon.colcon_notification.desktop_notification:Sending desktop notification using 'notify2'
[1.986s] DEBUG:colcon.colcon_core.event_reactor:joined thread
[1.986s] INFO:colcon.colcon_core.shell:Creating prefix script '/home/mattb/ros2_ws/install/local_setup.ps1'
[1.988s] INFO:colcon.colcon_core.shell:Creating prefix util module '/home/mattb/ros2_ws/install/_local_setup_util_ps1.py'
[1.989s] INFO:colcon.colcon_core.shell:Creating prefix chain script '/home/mattb/ros2_ws/install/setup.ps1'
[1.991s] INFO:colcon.colcon_core.shell:Creating prefix script '/home/mattb/ros2_ws/install/local_setup.sh'
[1.992s] INFO:colcon.colcon_core.shell:Creating prefix util module '/home/mattb/ros2_ws/install/_local_setup_util_sh.py'
[1.992s] INFO:colcon.colcon_core.shell:Creating prefix chain script '/home/mattb/ros2_ws/install/setup.sh'
[1.994s] INFO:colcon.colcon_core.shell:Creating prefix script '/home/mattb/ros2_ws/install/local_setup.bash'
[1.994s] INFO:colcon.colcon_core.shell:Creating prefix chain script '/home/mattb/ros2_ws/install/setup.bash'
[1.996s] INFO:colcon.colcon_core.shell:Creating prefix script '/home/mattb/ros2_ws/install/local_setup.zsh'
[1.996s] INFO:colcon.colcon_core.shell:Creating prefix chain script '/home/mattb/ros2_ws/install/setup.zsh'
