Running HBESC scenario: /home/mattb/dsim-lab/experiments/hbesc_gaussian_fill_study/results/runs/20260610T225231Z_phase5_curv_shallow_real_execute/configs/scenario_used.json
Scenario name: phase5_curv_shallow_real
Description: Phase 5 bounded curvature sweep: shallow convex quartic with real-speed HBESC authority.
Starting >>> ros_esc
Starting >>> ros_esc_interfaces
Starting >>> turtlebot3_rotating_sensor
Finished <<< turtlebot3_rotating_sensor [0.68s]
Finished <<< ros_esc_interfaces [1.26s]
Finished <<< ros_esc [1.68s]

Summary: 3 packages finished [2.19s]
[INFO] [launch]: All log files can be found below /home/mattb/dsim-lab/experiments/hbesc_gaussian_fill_study/results/runs/20260610T225231Z_phase5_curv_shallow_real_execute/logs/ros/2026-06-10-15-52-35-431118-ubuntu-ssd-34117
[INFO] [launch]: Default logging verbosity is set to INFO
[INFO] [gzserver-1]: process started with pid [34120]
[INFO] [robot_state_publisher-2]: process started with pid [34122]
[INFO] [spawner-3]: process started with pid [34124]
[INFO] [spawner-4]: process started with pid [34126]
[INFO] [spawn_entity.py-5]: process started with pid [34128]
[INFO] [ros2-6]: process started with pid [34130]
[INFO] [ros2-7]: process started with pid [34132]
[INFO] [ros2-8]: process started with pid [34134]
[INFO] [ros2-9]: process started with pid [34136]
[INFO] [ros2-10]: process started with pid [34140]
[INFO] [ros2-11]: process started with pid [34142]
[INFO] [ros2-12]: process started with pid [34148]
[robot_state_publisher-2] [INFO] [1781131955.974207911] [robot_state_publisher_node]: got segment base_footprint
[robot_state_publisher-2] [INFO] [1781131955.974354277] [robot_state_publisher_node]: got segment base_link
[robot_state_publisher-2] [INFO] [1781131955.974371440] [robot_state_publisher_node]: got segment base_scan
[robot_state_publisher-2] [INFO] [1781131955.974381444] [robot_state_publisher_node]: got segment caster_wheel
[robot_state_publisher-2] [INFO] [1781131955.974390480] [robot_state_publisher_node]: got segment imu_link
[robot_state_publisher-2] [INFO] [1781131955.974399005] [robot_state_publisher_node]: got segment rotating_frame_link
[robot_state_publisher-2] [INFO] [1781131955.974407292] [robot_state_publisher_node]: got segment sensor_link
[robot_state_publisher-2] [INFO] [1781131955.974415825] [robot_state_publisher_node]: got segment wheel_left_link
[robot_state_publisher-2] [INFO] [1781131955.974424252] [robot_state_publisher_node]: got segment wheel_right_link
[spawner-4] [INFO] [1781131956.509716357] [spawner_velocity_controller]: waiting for service /controller_manager/list_controllers to become available...
[spawner-3] [INFO] [1781131956.648218797] [spawner_joint_state_broadcaster]: waiting for service /controller_manager/list_controllers to become available...
[gzserver-1] Gazebo multi-robot simulator, version 11.10.2
[gzserver-1] Copyright (C) 2012 Open Source Robotics Foundation.
[gzserver-1] Released under the Apache 2 License.
[gzserver-1] http://gazebosim.org
[gzserver-1] 
[spawn_entity.py-5] [INFO] [1781131956.884703091] [spawn_entity]: Spawn Entity started
[spawn_entity.py-5] [INFO] [1781131956.886749774] [spawn_entity]: Loading entity published on topic /robot_description
[spawn_entity.py-5] [INFO] [1781131956.895881120] [spawn_entity]: Waiting for entity xml on /robot_description
[spawn_entity.py-5] [INFO] [1781131956.904736893] [spawn_entity]: Waiting for service /spawn_entity, timeout = 30
[spawn_entity.py-5] [INFO] [1781131956.905401240] [spawn_entity]: Waiting for service /spawn_entity
[gzserver-1] [1;33m[Wrn] [gazebo_ros_init.cpp:178] [0m[1;33m
[gzserver-1] #     # ####### ####### ###  #####  #######
[gzserver-1] ##    # #     #    #     #  #     # #
[gzserver-1] # #   # #     #    #     #  #       #
[gzserver-1] #  #  # #     #    #     #  #       #####
[gzserver-1] #   # # #     #    #     #  #       #
[gzserver-1] #    ## #     #    #     #  #     # #
[gzserver-1] #     # #######    #    ###  #####  #######
[gzserver-1] 
[gzserver-1] This version of Gazebo, now called Gazebo classic, reaches end-of-life
[gzserver-1] in January 2025. Users are highly encouraged to migrate to the new Gazebo
[gzserver-1] using our migration guides (https://gazebosim.org/docs/latest/gazebo_classic_migration?utm_source=gazebo_ros_pkgs&utm_medium=cli)
[gzserver-1] 
[gzserver-1] [0m[1;33m
[spawn_entity.py-5] [INFO] [1781131957.934536768] [spawn_entity]: Calling service /spawn_entity
[spawn_entity.py-5] [INFO] [1781131958.255703314] [spawn_entity]: Spawn status: SpawnEntity: Successfully spawned entity [turtlebot3]
[gzserver-1] [0m[1;33m[0m[1;33m[0m[INFO] [1781131958.289102273] [turtlebot3_diff_drive]: Wheel pair 1 separation set to [0.160000m]
[gzserver-1] [INFO] [1781131958.289883212] [turtlebot3_diff_drive]: Wheel pair 1 diameter set to [0.066000m]
[gzserver-1] [INFO] [1781131958.292276262] [turtlebot3_diff_drive]: Subscribed to [/cmd_vel]
[gzserver-1] [INFO] [1781131958.296124924] [turtlebot3_diff_drive]: Advertise odometry on [/odom]
[gzserver-1] [INFO] [1781131958.300068879] [turtlebot3_diff_drive]: Publishing odom transforms between [odom] and [base_footprint]
[gzserver-1] [INFO] [1781131958.317025800] [turtlebot3_joint_state]: Going to publish joint [rotating_frame_joint]
[gzserver-1] [INFO] [1781131958.360850420] [gazebo_ros2_control]: Loading gazebo_ros2_control plugin
[gzserver-1] [INFO] [1781131958.367825848] [gazebo_ros2_control]: Starting gazebo_ros2_control plugin in namespace: /
[gzserver-1] [INFO] [1781131958.367886600] [gazebo_ros2_control]: Starting gazebo_ros2_control plugin in ros 2 node: gazebo_ros2_control
[gzserver-1] [INFO] [1781131958.374134487] [gazebo_ros2_control]: connected to service!! /robot_state_publisher_node
[gzserver-1] [INFO] [1781131958.374748525] [gazebo_ros2_control]: Received urdf from param server, parsing...
[gzserver-1] [INFO] [1781131958.374820981] [gazebo_ros2_control]: Loading parameter files /home/mattb/dsim-lab/ros2_ws/install/turtlebot3_rotating_sensor/share/turtlebot3_rotating_sensor/controller_config/joint_controller.yaml
[gzserver-1] [INFO] [1781131958.388404596] [gazebo_ros2_control]: Loading joint: rotating_frame_joint
[gzserver-1] [INFO] [1781131958.388482127] [gazebo_ros2_control]: 	State:
[gzserver-1] [INFO] [1781131958.388507112] [gazebo_ros2_control]: 		 position
[gzserver-1] [INFO] [1781131958.388526849] [gazebo_ros2_control]: 			 found initial value: 0.000000
[gzserver-1] [INFO] [1781131958.388553561] [gazebo_ros2_control]: 		 velocity
[gzserver-1] [INFO] [1781131958.388568045] [gazebo_ros2_control]: 			 found initial value: 0.000000
[gzserver-1] [INFO] [1781131958.388583379] [gazebo_ros2_control]: 	Command:
[gzserver-1] [INFO] [1781131958.388623682] [gazebo_ros2_control]: 		 velocity
[gzserver-1] [INFO] [1781131958.389166765] [resource_manager]: Initialize hardware 'GazeboSystem' 
[gzserver-1] [INFO] [1781131958.389371838] [resource_manager]: Successful initialization of hardware 'GazeboSystem'
[gzserver-1] [INFO] [1781131958.389480608] [resource_manager]: 'configure' hardware 'GazeboSystem' 
[gzserver-1] [INFO] [1781131958.389496384] [resource_manager]: Successful 'configure' of hardware 'GazeboSystem'
[gzserver-1] [INFO] [1781131958.389506460] [resource_manager]: 'activate' hardware 'GazeboSystem' 
[gzserver-1] [INFO] [1781131958.389516807] [resource_manager]: Successful 'activate' of hardware 'GazeboSystem'
[gzserver-1] [INFO] [1781131958.389648089] [gazebo_ros2_control]: Loading controller_manager
[gzserver-1] [WARN] [1781131958.420807479] [gazebo_ros2_control]:  Desired controller update period (0.01 s) is slower than the gazebo simulation period (0.001 s).
[gzserver-1] [INFO] [1781131958.421227687] [gazebo_ros2_control]: Loaded gazebo_ros2_control.
[INFO] [spawn_entity.py-5]: process has finished cleanly [pid 34128]
[gzserver-1] [INFO] [1781131958.516236667] [controller_manager]: Loading controller 'velocity_controller'
[spawner-4] [INFO] [1781131958.548483945] [spawner_velocity_controller]: [94mLoaded [1mvelocity_controller[0m
[gzserver-1] [INFO] [1781131958.551268943] [controller_manager]: Configuring controller 'velocity_controller'
[gzserver-1] [INFO] [1781131958.553296892] [velocity_controller]: configure successful
[gzserver-1] [INFO] [1781131958.559120202] [velocity_controller]: activate successful
[spawner-4] [INFO] [1781131958.563554511] [spawner_velocity_controller]: [92mConfigured and activated [1mvelocity_controller[0m
[gzserver-1] [INFO] [1781131958.656302867] [controller_manager]: Loading controller 'joint_state_broadcaster'
[spawner-3] [INFO] [1781131958.675125166] [spawner_joint_state_broadcaster]: [94mLoaded [1mjoint_state_broadcaster[0m
[gzserver-1] [INFO] [1781131958.677322592] [controller_manager]: Configuring controller 'joint_state_broadcaster'
[gzserver-1] [INFO] [1781131958.677576726] [joint_state_broadcaster]: 'joints' or 'interfaces' parameter is empty. All available state interfaces will be published
[spawner-3] [INFO] [1781131958.695137213] [spawner_joint_state_broadcaster]: [92mConfigured and activated [1mjoint_state_broadcaster[0m
[INFO] [spawner-4]: process has finished cleanly [pid 34126]
[INFO] [spawner-3]: process has finished cleanly [pid 34124]
[gzserver-1] [1;32m[Msg] [0m[1;32mWaiting for master.[0m[1;32m
[gzserver-1] [0m[1;32m[0m[1;32m[0m[1;32m[Msg] [0m[1;32mConnected to gazebo master @ [0m[1;32mhttp://127.0.0.1:11665[0m[1;32m
[gzserver-1] [0m[1;32m[0m[1;32m[0m[1;32m[Msg] [0m[1;32mPublicized address: [0m[1;32m10.130.191.118[0m[1;32m
[gzserver-1] [0m[1;32m[0m[1;32m[0m[1;32m[Msg] [0m[1;32mLoading world file [[0m[1;32m/home/mattb/dsim-lab/ros2_ws/src/turtlebot3_rotating_sensor/worlds/gazebo_empty.world[0m[1;32m][0m[1;32m
