[INFO] [1781132148.603206881] [turtlebot3_diff_drive]: Wheel pair 1 separation set to [0.160000m]
[INFO] [1781132148.603771316] [turtlebot3_diff_drive]: Wheel pair 1 diameter set to [0.066000m]
[INFO] [1781132148.605650154] [turtlebot3_diff_drive]: Subscribed to [/cmd_vel]
[INFO] [1781132148.609448894] [turtlebot3_diff_drive]: Advertise odometry on [/odom]
[INFO] [1781132148.614895924] [turtlebot3_diff_drive]: Publishing odom transforms between [odom] and [base_footprint]
[INFO] [1781132148.638003986] [turtlebot3_joint_state]: Going to publish joint [rotating_frame_joint]
[INFO] [1781132148.682769819] [gazebo_ros2_control]: Loading gazebo_ros2_control plugin
[INFO] [1781132148.692230890] [gazebo_ros2_control]: Starting gazebo_ros2_control plugin in namespace: /
[INFO] [1781132148.692310126] [gazebo_ros2_control]: Starting gazebo_ros2_control plugin in ros 2 node: gazebo_ros2_control
[INFO] [1781132148.699354910] [gazebo_ros2_control]: connected to service!! /robot_state_publisher_node
[INFO] [1781132148.700611723] [gazebo_ros2_control]: Received urdf from param server, parsing...
[INFO] [1781132148.700787382] [gazebo_ros2_control]: Loading parameter files /home/mattb/dsim-lab/ros2_ws/install/turtlebot3_rotating_sensor/share/turtlebot3_rotating_sensor/controller_config/joint_controller.yaml
[INFO] [1781132148.718947890] [gazebo_ros2_control]: Loading joint: rotating_frame_joint
[INFO] [1781132148.719000800] [gazebo_ros2_control]: 	State:
[INFO] [1781132148.719017172] [gazebo_ros2_control]: 		 position
[INFO] [1781132148.719033526] [gazebo_ros2_control]: 			 found initial value: 0.000000
[INFO] [1781132148.719051089] [gazebo_ros2_control]: 		 velocity
[INFO] [1781132148.719063179] [gazebo_ros2_control]: 			 found initial value: 0.000000
[INFO] [1781132148.719076194] [gazebo_ros2_control]: 	Command:
[INFO] [1781132148.719103475] [gazebo_ros2_control]: 		 velocity
[INFO] [1781132148.719375894] [resource_manager]: Initialize hardware 'GazeboSystem' 
[INFO] [1781132148.719604744] [resource_manager]: Successful initialization of hardware 'GazeboSystem'
[INFO] [1781132148.719754524] [resource_manager]: 'configure' hardware 'GazeboSystem' 
[INFO] [1781132148.719771092] [resource_manager]: Successful 'configure' of hardware 'GazeboSystem'
[INFO] [1781132148.719780775] [resource_manager]: 'activate' hardware 'GazeboSystem' 
[INFO] [1781132148.719790643] [resource_manager]: Successful 'activate' of hardware 'GazeboSystem'
[INFO] [1781132148.719890899] [gazebo_ros2_control]: Loading controller_manager
[WARN] [1781132148.757730899] [gazebo_ros2_control]:  Desired controller update period (0.01 s) is slower than the gazebo simulation period (0.001 s).
[INFO] [1781132148.757972881] [gazebo_ros2_control]: Loaded gazebo_ros2_control.
[INFO] [1781132148.844861866] [controller_manager]: Loading controller 'velocity_controller'
[INFO] [1781132148.875949408] [controller_manager]: Configuring controller 'velocity_controller'
[INFO] [1781132148.877914440] [velocity_controller]: configure successful
[INFO] [1781132148.886449980] [velocity_controller]: activate successful
[INFO] [1781132148.977995404] [controller_manager]: Loading controller 'joint_state_broadcaster'
[INFO] [1781132149.001299214] [controller_manager]: Configuring controller 'joint_state_broadcaster'
[INFO] [1781132149.001454684] [joint_state_broadcaster]: 'joints' or 'interfaces' parameter is empty. All available state interfaces will be published
[INFO] [1781132320.811988482] [rclcpp]: signal_handler(SIGINT/SIGTERM)
[INFO] [1781132320.812213279] [controller_manager]: Shutdown request received....
[INFO] [1781132320.812334764] [controller_manager]: Shutting down all controllers in the controller manager.
[INFO] [1781132320.812389104] [controller_manager]: Deactivating controller 'velocity_controller'
[INFO] [1781132320.812501578] [controller_manager]: Shutting down controller 'velocity_controller'
[INFO] [1781132320.812601507] [controller_manager]: Deactivating controller 'joint_state_broadcaster'
[INFO] [1781132320.812629874] [controller_manager]: Shutting down controller 'joint_state_broadcaster'
[INFO] [1781132320.812692211] [resource_manager]: 'deactivate' hardware 'GazeboSystem' 
[INFO] [1781132320.812710252] [resource_manager]: Successful 'deactivate' of hardware 'GazeboSystem'
[INFO] [1781132320.812717888] [resource_manager]: 'shutdown' hardware 'GazeboSystem' 
[INFO] [1781132320.812733588] [resource_manager]: Successful 'shutdown' of hardware 'GazeboSystem'
[INFO] [1781132320.812741319] [controller_manager]: Shutting down the controller manager.
