Running HBESC scenario: /home/mattb/dsim-lab/experiments/hbesc_gaussian_fill_study/results/runs/20260610T004052Z_phase3_qvq_1_quadratic_execute/configs/scenario_used.json
Scenario name: phase3_qvq_1_quadratic
Description: Phase 3 quadratic side of the matched quadratic-versus-quartic comparison.
Starting >>> ros_esc
Starting >>> ros_esc_interfaces
Starting >>> turtlebot3_rotating_sensor
Finished <<< turtlebot3_rotating_sensor [0.91s]
Finished <<< ros_esc_interfaces [1.69s]
Finished <<< ros_esc [2.35s]

Summary: 3 packages finished [3.03s]
[INFO] [launch]: All log files can be found below /home/mattb/dsim-lab/experiments/hbesc_gaussian_fill_study/results/runs/20260610T004052Z_phase3_qvq_1_quadratic_execute/logs/ros/2026-06-09-17-40-57-339484-ubuntu-ssd-35074
[INFO] [launch]: Default logging verbosity is set to INFO
[INFO] [gazebo-1]: process started with pid [35086]
[INFO] [robot_state_publisher-2]: process started with pid [35088]
[INFO] [spawner-3]: process started with pid [35090]
[INFO] [spawner-4]: process started with pid [35092]
[INFO] [spawn_entity.py-5]: process started with pid [35094]
[INFO] [ros2-6]: process started with pid [35096]
[INFO] [ros2-7]: process started with pid [35098]
[INFO] [ros2-8]: process started with pid [35100]
[INFO] [ros2-9]: process started with pid [35102]
[INFO] [ros2-10]: process started with pid [35106]
[INFO] [ros2-11]: process started with pid [35111]
[INFO] [ros2-12]: process started with pid [35117]
[robot_state_publisher-2] [INFO] [1781052058.172992192] [robot_state_publisher_node]: got segment base_footprint
[robot_state_publisher-2] [INFO] [1781052058.173191136] [robot_state_publisher_node]: got segment base_link
[robot_state_publisher-2] [INFO] [1781052058.173210998] [robot_state_publisher_node]: got segment base_scan
[robot_state_publisher-2] [INFO] [1781052058.173220544] [robot_state_publisher_node]: got segment caster_wheel
[robot_state_publisher-2] [INFO] [1781052058.173229300] [robot_state_publisher_node]: got segment imu_link
[robot_state_publisher-2] [INFO] [1781052058.173238286] [robot_state_publisher_node]: got segment rotating_frame_link
[robot_state_publisher-2] [INFO] [1781052058.173246993] [robot_state_publisher_node]: got segment sensor_link
[robot_state_publisher-2] [INFO] [1781052058.173255475] [robot_state_publisher_node]: got segment wheel_left_link
[robot_state_publisher-2] [INFO] [1781052058.173263859] [robot_state_publisher_node]: got segment wheel_right_link
[spawner-4] [INFO] [1781052059.679678596] [spawner_velocity_controller]: waiting for service /controller_manager/list_controllers to become available...
[gazebo-1] Gazebo multi-robot simulator, version 11.10.2
[gazebo-1] Copyright (C) 2012 Open Source Robotics Foundation.
[gazebo-1] Released under the Apache 2 License.
[gazebo-1] http://gazebosim.org
[gazebo-1] 
[gazebo-1] Gazebo multi-robot simulator, version 11.10.2
[gazebo-1] Copyright (C) 2012 Open Source Robotics Foundation.
[gazebo-1] Released under the Apache 2 License.
[gazebo-1] http://gazebosim.org
[gazebo-1] 
[spawner-3] [INFO] [1781052059.866018446] [spawner_joint_state_broadcaster]: waiting for service /controller_manager/list_controllers to become available...
[spawn_entity.py-5] [INFO] [1781052059.896560067] [spawn_entity]: Spawn Entity started
[spawn_entity.py-5] [INFO] [1781052059.898787781] [spawn_entity]: Loading entity published on topic /robot_description
[spawn_entity.py-5] [INFO] [1781052059.904759977] [spawn_entity]: Waiting for entity xml on /robot_description
[spawn_entity.py-5] [INFO] [1781052059.919875225] [spawn_entity]: Waiting for service /spawn_entity, timeout = 30
[spawn_entity.py-5] [INFO] [1781052059.922673637] [spawn_entity]: Waiting for service /spawn_entity
[gazebo-1] [1;33m[Wrn] [gazebo_ros_init.cpp:178] [0m[1;33m
[gazebo-1] #     # ####### ####### ###  #####  #######
[gazebo-1] ##    # #     #    #     #  #     # #
[gazebo-1] # #   # #     #    #     #  #       #
[gazebo-1] #  #  # #     #    #     #  #       #####
[gazebo-1] #   # # #     #    #     #  #       #
[gazebo-1] #    ## #     #    #     #  #     # #
[gazebo-1] #     # #######    #    ###  #####  #######
[gazebo-1] 
[gazebo-1] This version of Gazebo, now called Gazebo classic, reaches end-of-life
[gazebo-1] in January 2025. Users are highly encouraged to migrate to the new Gazebo
[gazebo-1] using our migration guides (https://gazebosim.org/docs/latest/gazebo_classic_migration?utm_source=gazebo_ros_pkgs&utm_medium=cli)
[gazebo-1] 
[gazebo-1] [0m[1;33m
[gazebo-1] [1;32m[Msg] [0m[1;32mWaiting for master.[0m[1;32m
[gazebo-1] [0m[1;32m[0m[1;32m[0m[1;32m[Msg] [0m[1;32mConnected to gazebo master @ [0m[1;32mhttp://127.0.0.1:11380[0m[1;32m
[gazebo-1] [0m[1;32m[0m[1;32m[0m[1;32m[Msg] [0m[1;32mPublicized address: [0m[1;32m192.168.44.106[0m[1;32m
[gazebo-1] [0m[1;33m[0m[1;33m[0m[1;33m[Wrn] [FuelModelDatabase.cc:313] [0m[1;33mURI not supported by Fuel [[0m[1;33mworlds/gazebo_empty.world[0m[1;33m][0m[1;33m
[gazebo-1] [0m[1;33m[0m[1;33m[0m[1;33m[Wrn] [SystemPaths.cc:459] [0m[1;33mFile or path does not exist [[0m[1;33m""[0m[1;33m] [[0m[1;33mworlds/gazebo_empty.world[0m[1;33m][0m[1;33m
[gazebo-1] [0m[1;33m[0m[1;33m[0m[1;31m[Err] [Server.cc:472] [0m[1;31mCould not open file[[0m[1;31mworlds/gazebo_empty.world[0m[1;31m]
[gazebo-1] [0m[1;33m[Wrn] [Server.cc:381] [0m[1;33mFalling back on worlds/empty.world
[spawn_entity.py-5] [INFO] [1781052061.445282783] [spawn_entity]: Calling service /spawn_entity
[spawn_entity.py-5] [INFO] [1781052061.687641402] [spawn_entity]: Spawn status: SpawnEntity: Successfully spawned entity [turtlebot3]
[gazebo-1] [0m[INFO] [1781052061.736215848] [turtlebot3_diff_drive]: Wheel pair 1 separation set to [0.160000m]
[gazebo-1] [INFO] [1781052061.738118755] [turtlebot3_diff_drive]: Wheel pair 1 diameter set to [0.066000m]
[gazebo-1] [INFO] [1781052061.741210565] [turtlebot3_diff_drive]: Subscribed to [/cmd_vel]
[gazebo-1] [INFO] [1781052061.747351767] [turtlebot3_diff_drive]: Advertise odometry on [/odom]
[gazebo-1] [INFO] [1781052061.751145858] [turtlebot3_diff_drive]: Publishing odom transforms between [odom] and [base_footprint]
[gazebo-1] [INFO] [1781052061.780409939] [turtlebot3_joint_state]: Going to publish joint [rotating_frame_joint]
[gazebo-1] [INFO] [1781052061.833814137] [gazebo_ros2_control]: Loading gazebo_ros2_control plugin
[gazebo-1] [INFO] [1781052061.848332725] [gazebo_ros2_control]: Starting gazebo_ros2_control plugin in namespace: /
[gazebo-1] [INFO] [1781052061.848400001] [gazebo_ros2_control]: Starting gazebo_ros2_control plugin in ros 2 node: gazebo_ros2_control
[gazebo-1] [INFO] [1781052061.861971335] [gazebo_ros2_control]: connected to service!! /robot_state_publisher_node
[gazebo-1] [INFO] [1781052061.862784288] [gazebo_ros2_control]: Received urdf from param server, parsing...
[gazebo-1] [INFO] [1781052061.862868586] [gazebo_ros2_control]: Loading parameter files /home/mattb/dsim-lab/ros2_ws/install/turtlebot3_rotating_sensor/share/turtlebot3_rotating_sensor/controller_config/joint_controller.yaml
[gazebo-1] [INFO] [1781052061.892702269] [gazebo_ros2_control]: Loading joint: rotating_frame_joint
[gazebo-1] [INFO] [1781052061.892782054] [gazebo_ros2_control]: 	State:
[gazebo-1] [INFO] [1781052061.892804591] [gazebo_ros2_control]: 		 position
[gazebo-1] [INFO] [1781052061.892826599] [gazebo_ros2_control]: 			 found initial value: 0.000000
[gazebo-1] [INFO] [1781052061.892857457] [gazebo_ros2_control]: 		 velocity
[gazebo-1] [INFO] [1781052061.892877433] [gazebo_ros2_control]: 			 found initial value: 0.000000
[gazebo-1] [INFO] [1781052061.892901171] [gazebo_ros2_control]: 	Command:
[gazebo-1] [INFO] [1781052061.892946420] [gazebo_ros2_control]: 		 velocity
[gazebo-1] [INFO] [1781052061.893421404] [resource_manager]: Initialize hardware 'GazeboSystem' 
[gazebo-1] [INFO] [1781052061.893794560] [resource_manager]: Successful initialization of hardware 'GazeboSystem'
[gazebo-1] [INFO] [1781052061.893954707] [resource_manager]: 'configure' hardware 'GazeboSystem' 
[gazebo-1] [INFO] [1781052061.893969844] [resource_manager]: Successful 'configure' of hardware 'GazeboSystem'
[gazebo-1] [INFO] [1781052061.893978751] [resource_manager]: 'activate' hardware 'GazeboSystem' 
[gazebo-1] [INFO] [1781052061.893987368] [resource_manager]: Successful 'activate' of hardware 'GazeboSystem'
[gazebo-1] [INFO] [1781052061.894098536] [gazebo_ros2_control]: Loading controller_manager
[INFO] [spawn_entity.py-5]: process has finished cleanly [pid 35094]
[gazebo-1] [WARN] [1781052061.951545247] [gazebo_ros2_control]:  Desired controller update period (0.01 s) is slower than the gazebo simulation period (0.001 s).
[gazebo-1] [INFO] [1781052061.951922063] [gazebo_ros2_control]: Loaded gazebo_ros2_control.
[gazebo-1] [INFO] [1781052062.039258528] [controller_manager]: Loading controller 'velocity_controller'
[spawner-4] [INFO] [1781052062.088701917] [spawner_velocity_controller]: [94mLoaded [1mvelocity_controller[0m
[gazebo-1] [INFO] [1781052062.091165976] [controller_manager]: Configuring controller 'velocity_controller'
[gazebo-1] [INFO] [1781052062.097126603] [velocity_controller]: configure successful
[gazebo-1] [INFO] [1781052062.115996323] [velocity_controller]: activate successful
[spawner-4] [INFO] [1781052062.129111007] [spawner_velocity_controller]: [92mConfigured and activated [1mvelocity_controller[0m
[gazebo-1] [INFO] [1781052062.132978305] [controller_manager]: Loading controller 'joint_state_broadcaster'
[spawner-3] [INFO] [1781052062.170987658] [spawner_joint_state_broadcaster]: [94mLoaded [1mjoint_state_broadcaster[0m
[gazebo-1] [INFO] [1781052062.176894223] [controller_manager]: Configuring controller 'joint_state_broadcaster'
[gazebo-1] [INFO] [1781052062.177115617] [joint_state_broadcaster]: 'joints' or 'interfaces' parameter is empty. All available state interfaces will be published
[spawner-3] [INFO] [1781052062.222943014] [spawner_joint_state_broadcaster]: [92mConfigured and activated [1mjoint_state_broadcaster[0m
[INFO] [spawner-4]: process has finished cleanly [pid 35092]
[INFO] [spawner-3]: process has finished cleanly [pid 35090]
[ros2-12] No artists with labels found to put in legend.  Note that artists whose label start with an underscore are ignored when legend() is called with no argument.
[gazebo-1] [0m[1;32m[0m[1;32m[0m[1;32m[Msg] [0m[1;32mLoading world file [[0m[1;32m/usr/share/gazebo-11/worlds/empty.world[0m[1;32m][0m[1;32m
