[0.240s] Invoking command in '/home/mattb/ros2_ws/build/turtlebot3_rotating_sensor': CMAKE_PREFIX_PATH=${CMAKE_PREFIX_PATH}:/opt/ros/humble /usr/bin/cmake /home/mattb/ros2_ws/src/turtlebot3_rotating_sensor -DCMAKE_INSTALL_PREFIX=/home/mattb/ros2_ws/install/turtlebot3_rotating_sensor
[0.289s] -- The C compiler identification is GNU 11.4.0
[0.362s] -- The CXX compiler identification is GNU 11.4.0
[0.369s] -- Detecting C compiler ABI info
[0.438s] -- Detecting C compiler ABI info - done
[0.445s] -- Check for working C compiler: /usr/bin/cc - skipped
[0.445s] -- Detecting C compile features
[0.445s] -- Detecting C compile features - done
[0.448s] -- Detecting CXX compiler ABI info
[0.524s] -- Detecting CXX compiler ABI info - done
[0.531s] -- Check for working CXX compiler: /usr/bin/c++ - skipped
[0.531s] -- Detecting CXX compile features
[0.532s] -- Detecting CXX compile features - done
[0.534s] -- Found ament_cmake: 1.3.12 (/opt/ros/humble/share/ament_cmake/cmake)
[0.682s] -- Found Python3: /usr/bin/python3 (found version "3.10.12") found components: Interpreter 
[0.758s] -- Found urdf: 2.6.1 (/opt/ros/humble/share/urdf/cmake)
[0.800s] -- Found rclpy: 3.3.17 (/opt/ros/humble/share/rclpy/cmake)
[0.801s] -- Found gazebo_ros: 3.9.0 (/opt/ros/humble/share/gazebo_ros/cmake)
[0.830s] -- Found rosidl_generator_c: 3.1.7 (/opt/ros/humble/share/rosidl_generator_c/cmake)
[0.834s] -- Found rosidl_adapter: 3.1.7 (/opt/ros/humble/share/rosidl_adapter/cmake)
[0.842s] -- Found rosidl_generator_cpp: 3.1.7 (/opt/ros/humble/share/rosidl_generator_cpp/cmake)
[0.852s] -- Using all available rosidl_typesupport_c: rosidl_typesupport_fastrtps_c;rosidl_typesupport_introspection_c
[0.864s] -- Using all available rosidl_typesupport_cpp: rosidl_typesupport_fastrtps_cpp;rosidl_typesupport_introspection_cpp
[0.904s] -- Found rmw_implementation_cmake: 6.1.2 (/opt/ros/humble/share/rmw_implementation_cmake/cmake)
[0.906s] -- Found rmw_fastrtps_cpp: 6.2.9 (/opt/ros/humble/share/rmw_fastrtps_cpp/cmake)
[0.931s] -- Found TinyXML2 via Config file: TinyXML2_DIR-NOTFOUND
[0.977s] -- Found OpenSSL: /usr/lib/x86_64-linux-gnu/libcrypto.so (found version "3.0.2")  
[0.980s] -- Found TinyXML2 via Config file: TinyXML2_DIR-NOTFOUND
[0.996s] -- Found FastRTPS: /opt/ros/humble/include  
[0.999s] -- Found TinyXML2 via Config file: TinyXML2_DIR-NOTFOUND
[1.008s] -- Found TinyXML2 via Config file: TinyXML2_DIR-NOTFOUND
[1.018s] -- Using RMW implementation 'rmw_fastrtps_cpp' as default
[1.028s] -- Looking for pthread.h
[1.090s] -- Looking for pthread.h - found
[1.090s] -- Performing Test CMAKE_HAVE_LIBC_PTHREAD
[1.158s] -- Performing Test CMAKE_HAVE_LIBC_PTHREAD - Success
[1.159s] -- Found Threads: TRUE  
[1.216s] -- Found PkgConfig: /usr/bin/pkg-config (found version "0.29.2") 
[1.217s] -- Checking for module 'bullet>=2.82'
[1.229s] --   Found bullet, version 3.05
[1.321s] -- Found fcl: /usr/include (found suitable version "0.7.0", minimum required is "0.5.0") 
[1.363s] -- Found assimp: /usr/include (found version "5.2.0") 
[1.379s] -- Found DART: /usr/include (Required is at least version "6.6") found components: dart 
[1.401s] -- Found Boost: /usr/lib/x86_64-linux-gnu/cmake/Boost-1.74.0/BoostConfig.cmake (found suitable version "1.74.0", minimum required is "1.40.0") found components: thread system filesystem program_options regex iostreams date_time 
[1.416s] -- Found Protobuf: /usr/lib/x86_64-linux-gnu/libprotobuf.so (found version "3.12.4") 
[1.420s] -- Looking for ignition-math6 -- found version 6.15.1
[1.427s] -- Searching for dependencies of ignition-math6
[1.428s] -- Looking for OGRE...
[1.428s] -- OGRE_PREFIX_WATCH changed.
[1.432s] -- Checking for module 'OGRE'
[1.443s] --   Found OGRE, version 1.9.0
[1.469s] -- Found Ogre Ghadamon (1.9.0)
[1.474s] -- Found OGRE: optimized;/usr/lib/x86_64-linux-gnu/libOgreMain.so;debug;/usr/lib/x86_64-linux-gnu/libOgreMain.so
[1.482s] -- Looking for OGRE_Paging...
[1.486s] -- Found OGRE_Paging: optimized;/usr/lib/x86_64-linux-gnu/libOgrePaging.so;debug;/usr/lib/x86_64-linux-gnu/libOgrePaging.so
[1.486s] -- Looking for OGRE_Terrain...
[1.490s] -- Found OGRE_Terrain: optimized;/usr/lib/x86_64-linux-gnu/libOgreTerrain.so;debug;/usr/lib/x86_64-linux-gnu/libOgreTerrain.so
[1.490s] -- Looking for OGRE_Property...
[1.493s] -- Found OGRE_Property: optimized;/usr/lib/x86_64-linux-gnu/libOgreProperty.so;debug;/usr/lib/x86_64-linux-gnu/libOgreProperty.so
[1.493s] -- Looking for OGRE_RTShaderSystem...
[1.497s] -- Found OGRE_RTShaderSystem: optimized;/usr/lib/x86_64-linux-gnu/libOgreRTShaderSystem.so;debug;/usr/lib/x86_64-linux-gnu/libOgreRTShaderSystem.so
[1.497s] -- Looking for OGRE_Volume...
[1.503s] -- Found OGRE_Volume: optimized;/usr/lib/x86_64-linux-gnu/libOgreVolume.so;debug;/usr/lib/x86_64-linux-gnu/libOgreVolume.so
[1.503s] -- Looking for OGRE_Overlay...
[1.510s] -- Found OGRE_Overlay: optimized;/usr/lib/x86_64-linux-gnu/libOgreOverlay.so;debug;/usr/lib/x86_64-linux-gnu/libOgreOverlay.so
[1.599s] -- Looking for ignition-math6 -- found version 6.15.1
[1.601s] -- Looking for ignition-transport8 -- found version 8.2.1
[1.602s] -- Searching for dependencies of ignition-transport8
[1.618s] -- Found Protobuf: /usr/lib/x86_64-linux-gnu/libprotobuf.so (found suitable version "3.12.4", minimum required is "3") 
[1.628s] -- Config-file not installed for ZeroMQ -- checking for pkg-config
[1.632s] -- Checking for module 'libzmq >= 4'
[1.643s] --   Found libzmq , version 4.3.4
[1.672s] -- Found ZeroMQ: TRUE (Required is at least version "4") 
[1.677s] -- Checking for module 'uuid'
[1.687s] --   Found uuid, version 2.37.2
[1.717s] -- Found UUID: TRUE  
[1.719s] -- Looking for ignition-msgs5 -- found version 5.8.1
[1.719s] -- Searching for dependencies of ignition-msgs5
[1.736s] -- Looking for ignition-math6 -- found version 6.15.1
[1.740s] -- Checking for module 'tinyxml2'
[1.750s] --   Found tinyxml2, version 9.0.0
[1.777s] -- Looking for ignition-msgs5 -- found version 5.8.1
[1.778s] -- Looking for ignition-common3 -- found version 3.14.0
[1.779s] -- Searching for dependencies of ignition-common3
[1.779s] -- Looking for dlfcn.h - found
[1.780s] -- Looking for libdl - found
[1.781s] -- Found DL: TRUE  
[1.790s] -- Found tinyobjloader: /usr/lib/x86_64-linux-gnu/cmake/tinyobjloader/tinyobjloader-config.cmake (found version "2.0.0") 
[1.790s] -- Searching for <ignition-common3> component [graphics]
[1.792s] -- Looking for ignition-common3-graphics -- found version 3.14.0
[1.792s] -- Searching for dependencies of ignition-common3-graphics
[1.792s] -- Looking for ignition-math6 -- found version 6.15.1
[1.794s] -- Looking for ignition-fuel_tools4 -- found version 4.4.0
[1.795s] -- Searching for dependencies of ignition-fuel_tools4
[1.861s] -- Found CURL: /usr/lib/x86_64-linux-gnu/libcurl.so (found version "7.81.0")  
[1.868s] -- Checking for module 'jsoncpp'
[1.878s] --   Found jsoncpp, version 1.9.5
[1.908s] -- Found JSONCPP: TRUE  
[1.914s] -- Checking for module 'libzip'
[1.925s] --   Found libzip, version 1.7.3
[1.951s] -- Found ZIP: TRUE  
[1.952s] -- Looking for ignition-common3 -- found version 3.14.0
[1.952s] -- Looking for ignition-math6 -- found version 6.15.1
[1.952s] -- Looking for ignition-msgs5 -- found version 5.8.1
[1.955s] -- Gazebo version: 11.10
[1.955s] -- Checking for module 'tbb'
[1.966s] --   Found tbb, version 2021.5.0
[2.002s] [31mCMake Error at CMakeLists.txt:13 (find_package):
[2.002s]   By not providing "Findxacro.cmake" in CMAKE_MODULE_PATH this project has
[2.002s]   asked CMake to find a package configuration file provided by "xacro", but
[2.002s]   CMake did not find one.
[2.002s] 
[2.002s]   Could not find a package configuration file provided by "xacro" with any of
[2.002s]   the following names:
[2.002s] 
[2.002s]     xacroConfig.cmake
[2.002s]     xacro-config.cmake
[2.002s] 
[2.002s]   Add the installation prefix of "xacro" to CMAKE_PREFIX_PATH or set
[2.002s]   "xacro_DIR" to a directory containing one of the above files.  If "xacro"
[2.002s]   provides a separate development package or SDK, be sure it has been
[2.002s]   installed.
[2.003s] 
[2.003s] [0m
[2.003s] -- Configuring incomplete, errors occurred!
[2.003s] See also "/home/mattb/ros2_ws/build/turtlebot3_rotating_sensor/CMakeFiles/CMakeOutput.log".
[2.016s] Invoked command in '/home/mattb/ros2_ws/build/turtlebot3_rotating_sensor' returned '1': CMAKE_PREFIX_PATH=${CMAKE_PREFIX_PATH}:/opt/ros/humble /usr/bin/cmake /home/mattb/ros2_ws/src/turtlebot3_rotating_sensor -DCMAKE_INSTALL_PREFIX=/home/mattb/ros2_ws/install/turtlebot3_rotating_sensor
