[0.656s] Invoking command in '/home/mattb/ros2_ws/src/ros_esc': PYTHONPATH=/home/mattb/ros2_ws/build/ros_esc/prefix_override:/usr/lib/python3/dist-packages/colcon_core/task/python/colcon_distutils_commands:/home/mattb/ros2_ws/install/ros_esc/lib/python3.10/site-packages:${PYTHONPATH} /usr/bin/python3 -W ignore:setup.py install is deprecated -W ignore:easy_install command is deprecated setup.py egg_info --egg-base ../../build/ros_esc build --build-base /home/mattb/ros2_ws/build/ros_esc/build install --record /home/mattb/ros2_ws/build/ros_esc/install.log --single-version-externally-managed install_data
[0.882s] running egg_info
[0.884s] creating ../../build/ros_esc/ros_esc.egg-info
[0.884s] writing ../../build/ros_esc/ros_esc.egg-info/PKG-INFO
[0.884s] writing dependency_links to ../../build/ros_esc/ros_esc.egg-info/dependency_links.txt
[0.884s] writing entry points to ../../build/ros_esc/ros_esc.egg-info/entry_points.txt
[0.884s] writing requirements to ../../build/ros_esc/ros_esc.egg-info/requires.txt
[0.884s] writing top-level names to ../../build/ros_esc/ros_esc.egg-info/top_level.txt
[0.885s] writing manifest file '../../build/ros_esc/ros_esc.egg-info/SOURCES.txt'
[0.887s] reading manifest file '../../build/ros_esc/ros_esc.egg-info/SOURCES.txt'
[0.888s] writing manifest file '../../build/ros_esc/ros_esc.egg-info/SOURCES.txt'
[0.888s] running build
[0.888s] running build_py
[0.888s] creating /home/mattb/ros2_ws/build/ros_esc/build
[0.888s] creating /home/mattb/ros2_ws/build/ros_esc/build/lib
[0.888s] creating /home/mattb/ros2_ws/build/ros_esc/build/lib/ros_esc
[0.888s] copying ros_esc/config_parsing.py -> /home/mattb/ros2_ws/build/ros_esc/build/lib/ros_esc
[0.888s] copying ros_esc/__init__.py -> /home/mattb/ros2_ws/build/ros_esc/build/lib/ros_esc
[0.888s] copying ros_esc/helper_functions.py -> /home/mattb/ros2_ws/build/ros_esc/build/lib/ros_esc
[0.888s] creating /home/mattb/ros2_ws/build/ros_esc/build/lib/ros_esc/cost_function_node
[0.888s] copying ros_esc/cost_function_node/__init__.py -> /home/mattb/ros2_ws/build/ros_esc/build/lib/ros_esc/cost_function_node
[0.889s] copying ros_esc/cost_function_node/cost_function_node_script.py -> /home/mattb/ros2_ws/build/ros_esc/build/lib/ros_esc/cost_function_node
[0.889s] copying ros_esc/cost_function_node/cost_function_config_testing.py -> /home/mattb/ros2_ws/build/ros_esc/build/lib/ros_esc/cost_function_node
[0.889s] creating /home/mattb/ros2_ws/build/ros_esc/build/lib/ros_esc/rotate_frame_node
[0.889s] copying ros_esc/rotate_frame_node/rotate_frame_node_script.py -> /home/mattb/ros2_ws/build/ros_esc/build/lib/ros_esc/rotate_frame_node
[0.889s] copying ros_esc/rotate_frame_node/__init__.py -> /home/mattb/ros2_ws/build/ros_esc/build/lib/ros_esc/rotate_frame_node
[0.889s] copying ros_esc/rotate_frame_node/rotate_frame_config_testing.py -> /home/mattb/ros2_ws/build/ros_esc/build/lib/ros_esc/rotate_frame_node
[0.889s] creating /home/mattb/ros2_ws/build/ros_esc/build/lib/ros_esc/plotting_scripts
[0.889s] copying ros_esc/plotting_scripts/plotting_vehicle_states.py -> /home/mattb/ros2_ws/build/ros_esc/build/lib/ros_esc/plotting_scripts
[0.890s] copying ros_esc/plotting_scripts/plotting_node_outputs.py -> /home/mattb/ros2_ws/build/ros_esc/build/lib/ros_esc/plotting_scripts
[0.890s] copying ros_esc/plotting_scripts/__init__.py -> /home/mattb/ros2_ws/build/ros_esc/build/lib/ros_esc/plotting_scripts
[0.890s] copying ros_esc/plotting_scripts/turtlebot_plotting_script.py -> /home/mattb/ros2_ws/build/ros_esc/build/lib/ros_esc/plotting_scripts
[0.890s] copying ros_esc/plotting_scripts/plotting_trajectories.py -> /home/mattb/ros2_ws/build/ros_esc/build/lib/ros_esc/plotting_scripts
[0.890s] copying ros_esc/plotting_scripts/plotting_helper_functions.py -> /home/mattb/ros2_ws/build/ros_esc/build/lib/ros_esc/plotting_scripts
[0.890s] creating /home/mattb/ros2_ws/build/ros_esc/build/lib/ros_esc/data_collection_node
[0.890s] copying ros_esc/data_collection_node/data_collection_node_script.py -> /home/mattb/ros2_ws/build/ros_esc/build/lib/ros_esc/data_collection_node
[0.890s] copying ros_esc/data_collection_node/live_plot_animation.py -> /home/mattb/ros2_ws/build/ros_esc/build/lib/ros_esc/data_collection_node
[0.890s] copying ros_esc/data_collection_node/__init__.py -> /home/mattb/ros2_ws/build/ros_esc/build/lib/ros_esc/data_collection_node
[0.891s] creating /home/mattb/ros2_ws/build/ros_esc/build/lib/ros_esc/filter_node
[0.891s] copying ros_esc/filter_node/filter_node_script.py -> /home/mattb/ros2_ws/build/ros_esc/build/lib/ros_esc/filter_node
[0.891s] copying ros_esc/filter_node/__init__.py -> /home/mattb/ros2_ws/build/ros_esc/build/lib/ros_esc/filter_node
[0.891s] copying ros_esc/filter_node/filter_config_testing.py -> /home/mattb/ros2_ws/build/ros_esc/build/lib/ros_esc/filter_node
[0.891s] creating /home/mattb/ros2_ws/build/ros_esc/build/lib/ros_esc/controller_node
[0.891s] copying ros_esc/controller_node/controller_config_testing.py -> /home/mattb/ros2_ws/build/ros_esc/build/lib/ros_esc/controller_node
[0.891s] copying ros_esc/controller_node/__init__.py -> /home/mattb/ros2_ws/build/ros_esc/build/lib/ros_esc/controller_node
[0.891s] copying ros_esc/controller_node/controller_node_script.py -> /home/mattb/ros2_ws/build/ros_esc/build/lib/ros_esc/controller_node
[0.892s] creating /home/mattb/ros2_ws/build/ros_esc/build/lib/ros_esc/encoder_node
[0.892s] copying ros_esc/encoder_node/__init__.py -> /home/mattb/ros2_ws/build/ros_esc/build/lib/ros_esc/encoder_node
[0.892s] copying ros_esc/encoder_node/encoder_node_script.py -> /home/mattb/ros2_ws/build/ros_esc/build/lib/ros_esc/encoder_node
[0.892s] creating /home/mattb/ros2_ws/build/ros_esc/build/lib/ros_esc/sensor_pose_node
[0.892s] copying ros_esc/sensor_pose_node/transform_config_testing.py -> /home/mattb/ros2_ws/build/ros_esc/build/lib/ros_esc/sensor_pose_node
[0.892s] copying ros_esc/sensor_pose_node/sensor_pose_node_script.py -> /home/mattb/ros2_ws/build/ros_esc/build/lib/ros_esc/sensor_pose_node
[0.892s] copying ros_esc/sensor_pose_node/__init__.py -> /home/mattb/ros2_ws/build/ros_esc/build/lib/ros_esc/sensor_pose_node
[0.892s] creating /home/mattb/ros2_ws/build/ros_esc/build/lib/ros_esc/cost_function_node/cost_function_objects
[0.892s] copying ros_esc/cost_function_node/cost_function_objects/cost_function_objects.py -> /home/mattb/ros2_ws/build/ros_esc/build/lib/ros_esc/cost_function_node/cost_function_objects
[0.893s] copying ros_esc/cost_function_node/cost_function_objects/__init__.py -> /home/mattb/ros2_ws/build/ros_esc/build/lib/ros_esc/cost_function_node/cost_function_objects
[0.893s] copying ros_esc/cost_function_node/cost_function_objects/noise_objects.py -> /home/mattb/ros2_ws/build/ros_esc/build/lib/ros_esc/cost_function_node/cost_function_objects
[0.893s] creating /home/mattb/ros2_ws/build/ros_esc/build/lib/ros_esc/rotate_frame_node/spin_profile_objects
[0.893s] copying ros_esc/rotate_frame_node/spin_profile_objects/spin_profile_objects.py -> /home/mattb/ros2_ws/build/ros_esc/build/lib/ros_esc/rotate_frame_node/spin_profile_objects
[0.893s] copying ros_esc/rotate_frame_node/spin_profile_objects/__init__.py -> /home/mattb/ros2_ws/build/ros_esc/build/lib/ros_esc/rotate_frame_node/spin_profile_objects
[0.893s] creating /home/mattb/ros2_ws/build/ros_esc/build/lib/ros_esc/controller_node/controller_objects
[0.893s] copying ros_esc/controller_node/controller_objects/turtlebot_ode_objects.py -> /home/mattb/ros2_ws/build/ros_esc/build/lib/ros_esc/controller_node/controller_objects
[0.893s] copying ros_esc/controller_node/controller_objects/turtlebot_vehicle.py -> /home/mattb/ros2_ws/build/ros_esc/build/lib/ros_esc/controller_node/controller_objects
[0.893s] copying ros_esc/controller_node/controller_objects/__init__.py -> /home/mattb/ros2_ws/build/ros_esc/build/lib/ros_esc/controller_node/controller_objects
[0.894s] creating /home/mattb/ros2_ws/build/ros_esc/build/lib/ros_esc/sensor_pose_node/transform_objects
[0.894s] copying ros_esc/sensor_pose_node/transform_objects/transform_objects.py -> /home/mattb/ros2_ws/build/ros_esc/build/lib/ros_esc/sensor_pose_node/transform_objects
[0.894s] copying ros_esc/sensor_pose_node/transform_objects/__init__.py -> /home/mattb/ros2_ws/build/ros_esc/build/lib/ros_esc/sensor_pose_node/transform_objects
[0.895s] running install
[0.895s] running install_lib
[0.896s] creating /home/mattb/ros2_ws/install/ros_esc/lib/python3.10/site-packages/ros_esc
[0.896s] creating /home/mattb/ros2_ws/install/ros_esc/lib/python3.10/site-packages/ros_esc/cost_function_node
[0.896s] copying /home/mattb/ros2_ws/build/ros_esc/build/lib/ros_esc/cost_function_node/__init__.py -> /home/mattb/ros2_ws/install/ros_esc/lib/python3.10/site-packages/ros_esc/cost_function_node
[0.896s] creating /home/mattb/ros2_ws/install/ros_esc/lib/python3.10/site-packages/ros_esc/cost_function_node/cost_function_objects
[0.896s] copying /home/mattb/ros2_ws/build/ros_esc/build/lib/ros_esc/cost_function_node/cost_function_objects/cost_function_objects.py -> /home/mattb/ros2_ws/install/ros_esc/lib/python3.10/site-packages/ros_esc/cost_function_node/cost_function_objects
[0.896s] copying /home/mattb/ros2_ws/build/ros_esc/build/lib/ros_esc/cost_function_node/cost_function_objects/__init__.py -> /home/mattb/ros2_ws/install/ros_esc/lib/python3.10/site-packages/ros_esc/cost_function_node/cost_function_objects
[0.896s] copying /home/mattb/ros2_ws/build/ros_esc/build/lib/ros_esc/cost_function_node/cost_function_objects/noise_objects.py -> /home/mattb/ros2_ws/install/ros_esc/lib/python3.10/site-packages/ros_esc/cost_function_node/cost_function_objects
[0.896s] copying /home/mattb/ros2_ws/build/ros_esc/build/lib/ros_esc/cost_function_node/cost_function_node_script.py -> /home/mattb/ros2_ws/install/ros_esc/lib/python3.10/site-packages/ros_esc/cost_function_node
[0.896s] copying /home/mattb/ros2_ws/build/ros_esc/build/lib/ros_esc/cost_function_node/cost_function_config_testing.py -> /home/mattb/ros2_ws/install/ros_esc/lib/python3.10/site-packages/ros_esc/cost_function_node
[0.897s] copying /home/mattb/ros2_ws/build/ros_esc/build/lib/ros_esc/config_parsing.py -> /home/mattb/ros2_ws/install/ros_esc/lib/python3.10/site-packages/ros_esc
[0.897s] creating /home/mattb/ros2_ws/install/ros_esc/lib/python3.10/site-packages/ros_esc/rotate_frame_node
[0.897s] copying /home/mattb/ros2_ws/build/ros_esc/build/lib/ros_esc/rotate_frame_node/rotate_frame_node_script.py -> /home/mattb/ros2_ws/install/ros_esc/lib/python3.10/site-packages/ros_esc/rotate_frame_node
[0.897s] copying /home/mattb/ros2_ws/build/ros_esc/build/lib/ros_esc/rotate_frame_node/__init__.py -> /home/mattb/ros2_ws/install/ros_esc/lib/python3.10/site-packages/ros_esc/rotate_frame_node
[0.897s] creating /home/mattb/ros2_ws/install/ros_esc/lib/python3.10/site-packages/ros_esc/rotate_frame_node/spin_profile_objects
[0.897s] copying /home/mattb/ros2_ws/build/ros_esc/build/lib/ros_esc/rotate_frame_node/spin_profile_objects/spin_profile_objects.py -> /home/mattb/ros2_ws/install/ros_esc/lib/python3.10/site-packages/ros_esc/rotate_frame_node/spin_profile_objects
[0.897s] copying /home/mattb/ros2_ws/build/ros_esc/build/lib/ros_esc/rotate_frame_node/spin_profile_objects/__init__.py -> /home/mattb/ros2_ws/install/ros_esc/lib/python3.10/site-packages/ros_esc/rotate_frame_node/spin_profile_objects
[0.897s] copying /home/mattb/ros2_ws/build/ros_esc/build/lib/ros_esc/rotate_frame_node/rotate_frame_config_testing.py -> /home/mattb/ros2_ws/install/ros_esc/lib/python3.10/site-packages/ros_esc/rotate_frame_node
[0.897s] creating /home/mattb/ros2_ws/install/ros_esc/lib/python3.10/site-packages/ros_esc/plotting_scripts
[0.897s] copying /home/mattb/ros2_ws/build/ros_esc/build/lib/ros_esc/plotting_scripts/plotting_vehicle_states.py -> /home/mattb/ros2_ws/install/ros_esc/lib/python3.10/site-packages/ros_esc/plotting_scripts
[0.897s] copying /home/mattb/ros2_ws/build/ros_esc/build/lib/ros_esc/plotting_scripts/plotting_node_outputs.py -> /home/mattb/ros2_ws/install/ros_esc/lib/python3.10/site-packages/ros_esc/plotting_scripts
[0.898s] copying /home/mattb/ros2_ws/build/ros_esc/build/lib/ros_esc/plotting_scripts/__init__.py -> /home/mattb/ros2_ws/install/ros_esc/lib/python3.10/site-packages/ros_esc/plotting_scripts
[0.898s] copying /home/mattb/ros2_ws/build/ros_esc/build/lib/ros_esc/plotting_scripts/turtlebot_plotting_script.py -> /home/mattb/ros2_ws/install/ros_esc/lib/python3.10/site-packages/ros_esc/plotting_scripts
[0.898s] copying /home/mattb/ros2_ws/build/ros_esc/build/lib/ros_esc/plotting_scripts/plotting_trajectories.py -> /home/mattb/ros2_ws/install/ros_esc/lib/python3.10/site-packages/ros_esc/plotting_scripts
[0.898s] copying /home/mattb/ros2_ws/build/ros_esc/build/lib/ros_esc/plotting_scripts/plotting_helper_functions.py -> /home/mattb/ros2_ws/install/ros_esc/lib/python3.10/site-packages/ros_esc/plotting_scripts
[0.898s] creating /home/mattb/ros2_ws/install/ros_esc/lib/python3.10/site-packages/ros_esc/data_collection_node
[0.898s] copying /home/mattb/ros2_ws/build/ros_esc/build/lib/ros_esc/data_collection_node/data_collection_node_script.py -> /home/mattb/ros2_ws/install/ros_esc/lib/python3.10/site-packages/ros_esc/data_collection_node
[0.898s] copying /home/mattb/ros2_ws/build/ros_esc/build/lib/ros_esc/data_collection_node/live_plot_animation.py -> /home/mattb/ros2_ws/install/ros_esc/lib/python3.10/site-packages/ros_esc/data_collection_node
[0.898s] copying /home/mattb/ros2_ws/build/ros_esc/build/lib/ros_esc/data_collection_node/__init__.py -> /home/mattb/ros2_ws/install/ros_esc/lib/python3.10/site-packages/ros_esc/data_collection_node
[0.898s] creating /home/mattb/ros2_ws/install/ros_esc/lib/python3.10/site-packages/ros_esc/filter_node
[0.898s] copying /home/mattb/ros2_ws/build/ros_esc/build/lib/ros_esc/filter_node/filter_node_script.py -> /home/mattb/ros2_ws/install/ros_esc/lib/python3.10/site-packages/ros_esc/filter_node
[0.899s] copying /home/mattb/ros2_ws/build/ros_esc/build/lib/ros_esc/filter_node/__init__.py -> /home/mattb/ros2_ws/install/ros_esc/lib/python3.10/site-packages/ros_esc/filter_node
[0.899s] copying /home/mattb/ros2_ws/build/ros_esc/build/lib/ros_esc/filter_node/filter_config_testing.py -> /home/mattb/ros2_ws/install/ros_esc/lib/python3.10/site-packages/ros_esc/filter_node
[0.899s] copying /home/mattb/ros2_ws/build/ros_esc/build/lib/ros_esc/__init__.py -> /home/mattb/ros2_ws/install/ros_esc/lib/python3.10/site-packages/ros_esc
[0.899s] creating /home/mattb/ros2_ws/install/ros_esc/lib/python3.10/site-packages/ros_esc/controller_node
[0.899s] copying /home/mattb/ros2_ws/build/ros_esc/build/lib/ros_esc/controller_node/controller_config_testing.py -> /home/mattb/ros2_ws/install/ros_esc/lib/python3.10/site-packages/ros_esc/controller_node
[0.899s] copying /home/mattb/ros2_ws/build/ros_esc/build/lib/ros_esc/controller_node/__init__.py -> /home/mattb/ros2_ws/install/ros_esc/lib/python3.10/site-packages/ros_esc/controller_node
[0.899s] creating /home/mattb/ros2_ws/install/ros_esc/lib/python3.10/site-packages/ros_esc/controller_node/controller_objects
[0.899s] copying /home/mattb/ros2_ws/build/ros_esc/build/lib/ros_esc/controller_node/controller_objects/turtlebot_ode_objects.py -> /home/mattb/ros2_ws/install/ros_esc/lib/python3.10/site-packages/ros_esc/controller_node/controller_objects
[0.899s] copying /home/mattb/ros2_ws/build/ros_esc/build/lib/ros_esc/controller_node/controller_objects/turtlebot_vehicle.py -> /home/mattb/ros2_ws/install/ros_esc/lib/python3.10/site-packages/ros_esc/controller_node/controller_objects
[0.899s] copying /home/mattb/ros2_ws/build/ros_esc/build/lib/ros_esc/controller_node/controller_objects/__init__.py -> /home/mattb/ros2_ws/install/ros_esc/lib/python3.10/site-packages/ros_esc/controller_node/controller_objects
[0.899s] copying /home/mattb/ros2_ws/build/ros_esc/build/lib/ros_esc/controller_node/controller_node_script.py -> /home/mattb/ros2_ws/install/ros_esc/lib/python3.10/site-packages/ros_esc/controller_node
[0.900s] creating /home/mattb/ros2_ws/install/ros_esc/lib/python3.10/site-packages/ros_esc/encoder_node
[0.900s] copying /home/mattb/ros2_ws/build/ros_esc/build/lib/ros_esc/encoder_node/__init__.py -> /home/mattb/ros2_ws/install/ros_esc/lib/python3.10/site-packages/ros_esc/encoder_node
[0.900s] copying /home/mattb/ros2_ws/build/ros_esc/build/lib/ros_esc/encoder_node/encoder_node_script.py -> /home/mattb/ros2_ws/install/ros_esc/lib/python3.10/site-packages/ros_esc/encoder_node
[0.900s] creating /home/mattb/ros2_ws/install/ros_esc/lib/python3.10/site-packages/ros_esc/sensor_pose_node
[0.900s] copying /home/mattb/ros2_ws/build/ros_esc/build/lib/ros_esc/sensor_pose_node/transform_config_testing.py -> /home/mattb/ros2_ws/install/ros_esc/lib/python3.10/site-packages/ros_esc/sensor_pose_node
[0.900s] copying /home/mattb/ros2_ws/build/ros_esc/build/lib/ros_esc/sensor_pose_node/sensor_pose_node_script.py -> /home/mattb/ros2_ws/install/ros_esc/lib/python3.10/site-packages/ros_esc/sensor_pose_node
[0.900s] copying /home/mattb/ros2_ws/build/ros_esc/build/lib/ros_esc/sensor_pose_node/__init__.py -> /home/mattb/ros2_ws/install/ros_esc/lib/python3.10/site-packages/ros_esc/sensor_pose_node
[0.900s] creating /home/mattb/ros2_ws/install/ros_esc/lib/python3.10/site-packages/ros_esc/sensor_pose_node/transform_objects
[0.901s] copying /home/mattb/ros2_ws/build/ros_esc/build/lib/ros_esc/sensor_pose_node/transform_objects/transform_objects.py -> /home/mattb/ros2_ws/install/ros_esc/lib/python3.10/site-packages/ros_esc/sensor_pose_node/transform_objects
[0.901s] copying /home/mattb/ros2_ws/build/ros_esc/build/lib/ros_esc/sensor_pose_node/transform_objects/__init__.py -> /home/mattb/ros2_ws/install/ros_esc/lib/python3.10/site-packages/ros_esc/sensor_pose_node/transform_objects
[0.901s] copying /home/mattb/ros2_ws/build/ros_esc/build/lib/ros_esc/helper_functions.py -> /home/mattb/ros2_ws/install/ros_esc/lib/python3.10/site-packages/ros_esc
[0.901s] byte-compiling /home/mattb/ros2_ws/install/ros_esc/lib/python3.10/site-packages/ros_esc/cost_function_node/__init__.py to __init__.cpython-310.pyc
[0.901s] byte-compiling /home/mattb/ros2_ws/install/ros_esc/lib/python3.10/site-packages/ros_esc/cost_function_node/cost_function_objects/cost_function_objects.py to cost_function_objects.cpython-310.pyc
[0.902s] byte-compiling /home/mattb/ros2_ws/install/ros_esc/lib/python3.10/site-packages/ros_esc/cost_function_node/cost_function_objects/__init__.py to __init__.cpython-310.pyc
[0.902s] byte-compiling /home/mattb/ros2_ws/install/ros_esc/lib/python3.10/site-packages/ros_esc/cost_function_node/cost_function_objects/noise_objects.py to noise_objects.cpython-310.pyc
[0.903s] byte-compiling /home/mattb/ros2_ws/install/ros_esc/lib/python3.10/site-packages/ros_esc/cost_function_node/cost_function_node_script.py to cost_function_node_script.cpython-310.pyc
[0.904s] byte-compiling /home/mattb/ros2_ws/install/ros_esc/lib/python3.10/site-packages/ros_esc/cost_function_node/cost_function_config_testing.py to cost_function_config_testing.cpython-310.pyc
[0.904s] byte-compiling /home/mattb/ros2_ws/install/ros_esc/lib/python3.10/site-packages/ros_esc/config_parsing.py to config_parsing.cpython-310.pyc
[0.906s] byte-compiling /home/mattb/ros2_ws/install/ros_esc/lib/python3.10/site-packages/ros_esc/rotate_frame_node/rotate_frame_node_script.py to rotate_frame_node_script.cpython-310.pyc
[0.907s] byte-compiling /home/mattb/ros2_ws/install/ros_esc/lib/python3.10/site-packages/ros_esc/rotate_frame_node/__init__.py to __init__.cpython-310.pyc
[0.907s] byte-compiling /home/mattb/ros2_ws/install/ros_esc/lib/python3.10/site-packages/ros_esc/rotate_frame_node/spin_profile_objects/spin_profile_objects.py to spin_profile_objects.cpython-310.pyc
[0.908s] byte-compiling /home/mattb/ros2_ws/install/ros_esc/lib/python3.10/site-packages/ros_esc/rotate_frame_node/spin_profile_objects/__init__.py to __init__.cpython-310.pyc
[0.908s] byte-compiling /home/mattb/ros2_ws/install/ros_esc/lib/python3.10/site-packages/ros_esc/rotate_frame_node/rotate_frame_config_testing.py to rotate_frame_config_testing.cpython-310.pyc
[0.909s] byte-compiling /home/mattb/ros2_ws/install/ros_esc/lib/python3.10/site-packages/ros_esc/plotting_scripts/plotting_vehicle_states.py to plotting_vehicle_states.cpython-310.pyc
[0.910s] byte-compiling /home/mattb/ros2_ws/install/ros_esc/lib/python3.10/site-packages/ros_esc/plotting_scripts/plotting_node_outputs.py to plotting_node_outputs.cpython-310.pyc
[0.912s] byte-compiling /home/mattb/ros2_ws/install/ros_esc/lib/python3.10/site-packages/ros_esc/plotting_scripts/__init__.py to __init__.cpython-310.pyc
[0.912s] byte-compiling /home/mattb/ros2_ws/install/ros_esc/lib/python3.10/site-packages/ros_esc/plotting_scripts/turtlebot_plotting_script.py to turtlebot_plotting_script.cpython-310.pyc
[0.912s] byte-compiling /home/mattb/ros2_ws/install/ros_esc/lib/python3.10/site-packages/ros_esc/plotting_scripts/plotting_trajectories.py to plotting_trajectories.cpython-310.pyc
[0.913s] byte-compiling /home/mattb/ros2_ws/install/ros_esc/lib/python3.10/site-packages/ros_esc/plotting_scripts/plotting_helper_functions.py to plotting_helper_functions.cpython-310.pyc
[0.914s] byte-compiling /home/mattb/ros2_ws/install/ros_esc/lib/python3.10/site-packages/ros_esc/data_collection_node/data_collection_node_script.py to data_collection_node_script.cpython-310.pyc
[0.916s] byte-compiling /home/mattb/ros2_ws/install/ros_esc/lib/python3.10/site-packages/ros_esc/data_collection_node/live_plot_animation.py to live_plot_animation.cpython-310.pyc
[0.917s] byte-compiling /home/mattb/ros2_ws/install/ros_esc/lib/python3.10/site-packages/ros_esc/data_collection_node/__init__.py to __init__.cpython-310.pyc
[0.917s] byte-compiling /home/mattb/ros2_ws/install/ros_esc/lib/python3.10/site-packages/ros_esc/filter_node/filter_node_script.py to filter_node_script.cpython-310.pyc
[0.919s] byte-compiling /home/mattb/ros2_ws/install/ros_esc/lib/python3.10/site-packages/ros_esc/filter_node/__init__.py to __init__.cpython-310.pyc
[0.919s] byte-compiling /home/mattb/ros2_ws/install/ros_esc/lib/python3.10/site-packages/ros_esc/filter_node/filter_config_testing.py to filter_config_testing.cpython-310.pyc
[0.919s] byte-compiling /home/mattb/ros2_ws/install/ros_esc/lib/python3.10/site-packages/ros_esc/__init__.py to __init__.cpython-310.pyc
[0.919s] byte-compiling /home/mattb/ros2_ws/install/ros_esc/lib/python3.10/site-packages/ros_esc/controller_node/controller_config_testing.py to controller_config_testing.cpython-310.pyc
[0.920s] byte-compiling /home/mattb/ros2_ws/install/ros_esc/lib/python3.10/site-packages/ros_esc/controller_node/__init__.py to __init__.cpython-310.pyc
[0.920s] byte-compiling /home/mattb/ros2_ws/install/ros_esc/lib/python3.10/site-packages/ros_esc/controller_node/controller_objects/turtlebot_ode_objects.py to turtlebot_ode_objects.cpython-310.pyc
[0.921s] byte-compiling /home/mattb/ros2_ws/install/ros_esc/lib/python3.10/site-packages/ros_esc/controller_node/controller_objects/turtlebot_vehicle.py to turtlebot_vehicle.cpython-310.pyc
[0.922s] byte-compiling /home/mattb/ros2_ws/install/ros_esc/lib/python3.10/site-packages/ros_esc/controller_node/controller_objects/__init__.py to __init__.cpython-310.pyc
[0.923s] byte-compiling /home/mattb/ros2_ws/install/ros_esc/lib/python3.10/site-packages/ros_esc/controller_node/controller_node_script.py to controller_node_script.cpython-310.pyc
[0.923s] byte-compiling /home/mattb/ros2_ws/install/ros_esc/lib/python3.10/site-packages/ros_esc/encoder_node/__init__.py to __init__.cpython-310.pyc
[0.924s] byte-compiling /home/mattb/ros2_ws/install/ros_esc/lib/python3.10/site-packages/ros_esc/encoder_node/encoder_node_script.py to encoder_node_script.cpython-310.pyc
[0.924s] byte-compiling /home/mattb/ros2_ws/install/ros_esc/lib/python3.10/site-packages/ros_esc/sensor_pose_node/transform_config_testing.py to transform_config_testing.cpython-310.pyc
[0.925s] byte-compiling /home/mattb/ros2_ws/install/ros_esc/lib/python3.10/site-packages/ros_esc/sensor_pose_node/sensor_pose_node_script.py to sensor_pose_node_script.cpython-310.pyc
[0.926s] byte-compiling /home/mattb/ros2_ws/install/ros_esc/lib/python3.10/site-packages/ros_esc/sensor_pose_node/__init__.py to __init__.cpython-310.pyc
[0.926s] byte-compiling /home/mattb/ros2_ws/install/ros_esc/lib/python3.10/site-packages/ros_esc/sensor_pose_node/transform_objects/transform_objects.py to transform_objects.cpython-310.pyc
[0.926s] byte-compiling /home/mattb/ros2_ws/install/ros_esc/lib/python3.10/site-packages/ros_esc/sensor_pose_node/transform_objects/__init__.py to __init__.cpython-310.pyc
[0.927s] byte-compiling /home/mattb/ros2_ws/install/ros_esc/lib/python3.10/site-packages/ros_esc/helper_functions.py to helper_functions.cpython-310.pyc
[0.928s] running install_data
[0.928s] creating /home/mattb/ros2_ws/install/ros_esc/share/ament_index
[0.928s] creating /home/mattb/ros2_ws/install/ros_esc/share/ament_index/resource_index
[0.928s] creating /home/mattb/ros2_ws/install/ros_esc/share/ament_index/resource_index/packages
[0.928s] copying resource/ros_esc -> /home/mattb/ros2_ws/install/ros_esc/share/ament_index/resource_index/packages
[0.929s] copying package.xml -> /home/mattb/ros2_ws/install/ros_esc/share/ros_esc
[0.929s] running install_egg_info
[0.931s] Copying ../../build/ros_esc/ros_esc.egg-info to /home/mattb/ros2_ws/install/ros_esc/lib/python3.10/site-packages/ros_esc-0.0.0-py3.10.egg-info
[0.931s] running install_scripts
[0.948s] Installing controller_node script to /home/mattb/ros2_ws/install/ros_esc/lib/ros_esc
[0.948s] Installing cost_function_node script to /home/mattb/ros2_ws/install/ros_esc/lib/ros_esc
[0.948s] Installing data_collection_node script to /home/mattb/ros2_ws/install/ros_esc/lib/ros_esc
[0.948s] Installing encoder_node script to /home/mattb/ros2_ws/install/ros_esc/lib/ros_esc
[0.948s] Installing filter_node script to /home/mattb/ros2_ws/install/ros_esc/lib/ros_esc
[0.949s] Installing rotate_frame_node script to /home/mattb/ros2_ws/install/ros_esc/lib/ros_esc
[0.949s] Installing sensor_pose_node script to /home/mattb/ros2_ws/install/ros_esc/lib/ros_esc
[0.950s] writing list of installed files to '/home/mattb/ros2_ws/build/ros_esc/install.log'
[0.969s] Invoked command in '/home/mattb/ros2_ws/src/ros_esc' returned '0': PYTHONPATH=/home/mattb/ros2_ws/build/ros_esc/prefix_override:/usr/lib/python3/dist-packages/colcon_core/task/python/colcon_distutils_commands:/home/mattb/ros2_ws/install/ros_esc/lib/python3.10/site-packages:${PYTHONPATH} /usr/bin/python3 -W ignore:setup.py install is deprecated -W ignore:easy_install command is deprecated setup.py egg_info --egg-base ../../build/ros_esc build --build-base /home/mattb/ros2_ws/build/ros_esc/build install --record /home/mattb/ros2_ws/build/ros_esc/install.log --single-version-externally-managed install_data
