Running HBESC scenario: /home/mattb/dsim-lab/experiments/hbesc_gaussian_fill_study/results/runs/20260610T004932Z_phase3_qvq_2_quartic_execute/configs/scenario_used.json
Scenario name: phase3_qvq_2_quartic
Description: Phase 3 quartic side of the matched quadratic-versus-quartic comparison.
Starting >>> ros_esc
Starting >>> ros_esc_interfaces
Starting >>> turtlebot3_rotating_sensor
Finished <<< turtlebot3_rotating_sensor [0.91s]
Finished <<< ros_esc_interfaces [1.75s]
Finished <<< ros_esc [2.42s]

Summary: 3 packages finished [3.29s]
[INFO] [launch]: All log files can be found below /home/mattb/dsim-lab/experiments/hbesc_gaussian_fill_study/results/runs/20260610T004932Z_phase3_qvq_2_quartic_execute/logs/ros/2026-06-09-17-49-37-975445-ubuntu-ssd-36446
[INFO] [launch]: Default logging verbosity is set to INFO
[INFO] [gazebo-1]: process started with pid [36448]
[INFO] [robot_state_publisher-2]: process started with pid [36450]
[INFO] [spawner-3]: process started with pid [36452]
[INFO] [spawner-4]: process started with pid [36454]
[INFO] [spawn_entity.py-5]: process started with pid [36456]
[INFO] [ros2-6]: process started with pid [36458]
[INFO] [ros2-7]: process started with pid [36460]
[INFO] [ros2-8]: process started with pid [36462]
[INFO] [ros2-9]: process started with pid [36466]
[INFO] [ros2-10]: process started with pid [36470]
[INFO] [ros2-11]: process started with pid [36476]
[INFO] [ros2-12]: process started with pid [36479]
[robot_state_publisher-2] [INFO] [1781052578.835395397] [robot_state_publisher_node]: got segment base_footprint
[robot_state_publisher-2] [INFO] [1781052578.836146678] [robot_state_publisher_node]: got segment base_link
[robot_state_publisher-2] [INFO] [1781052578.836169064] [robot_state_publisher_node]: got segment base_scan
[robot_state_publisher-2] [INFO] [1781052578.836180837] [robot_state_publisher_node]: got segment caster_wheel
[robot_state_publisher-2] [INFO] [1781052578.836191919] [robot_state_publisher_node]: got segment imu_link
[robot_state_publisher-2] [INFO] [1781052578.836201115] [robot_state_publisher_node]: got segment rotating_frame_link
[robot_state_publisher-2] [INFO] [1781052578.836210358] [robot_state_publisher_node]: got segment sensor_link
[robot_state_publisher-2] [INFO] [1781052578.836222432] [robot_state_publisher_node]: got segment wheel_left_link
[robot_state_publisher-2] [INFO] [1781052578.836239829] [robot_state_publisher_node]: got segment wheel_right_link
[spawner-4] [INFO] [1781052580.358499949] [spawner_velocity_controller]: waiting for service /controller_manager/list_controllers to become available...
[spawner-3] [INFO] [1781052580.429212203] [spawner_joint_state_broadcaster]: waiting for service /controller_manager/list_controllers to become available...
[gazebo-1] Gazebo multi-robot simulator, version 11.10.2
[gazebo-1] Copyright (C) 2012 Open Source Robotics Foundation.
[gazebo-1] Released under the Apache 2 License.
[gazebo-1] http://gazebosim.org
[gazebo-1] 
[gazebo-1] Gazebo multi-robot simulator, version 11.10.2
[gazebo-1] Copyright (C) 2012 Open Source Robotics Foundation.
[gazebo-1] Released under the Apache 2 License.
[gazebo-1] http://gazebosim.org
[gazebo-1] 
[spawn_entity.py-5] [INFO] [1781052580.654156908] [spawn_entity]: Spawn Entity started
[spawn_entity.py-5] [INFO] [1781052580.655161630] [spawn_entity]: Loading entity published on topic /robot_description
[spawn_entity.py-5] [INFO] [1781052580.660823362] [spawn_entity]: Waiting for entity xml on /robot_description
[spawn_entity.py-5] [INFO] [1781052580.882940973] [spawn_entity]: Waiting for service /spawn_entity, timeout = 30
[spawn_entity.py-5] [INFO] [1781052580.883665769] [spawn_entity]: Waiting for service /spawn_entity
[gazebo-1] [1;33m[Wrn] [gazebo_ros_init.cpp:178] [0m[1;33m
[gazebo-1] #     # ####### ####### ###  #####  #######
[gazebo-1] ##    # #     #    #     #  #     # #
[gazebo-1] # #   # #     #    #     #  #       #
[gazebo-1] #  #  # #     #    #     #  #       #####
[gazebo-1] #   # # #     #    #     #  #       #
[gazebo-1] #    ## #     #    #     #  #     # #
[gazebo-1] #     # #######    #    ###  #####  #######
[gazebo-1] 
[gazebo-1] This version of Gazebo, now called Gazebo classic, reaches end-of-life
[gazebo-1] in January 2025. Users are highly encouraged to migrate to the new Gazebo
[gazebo-1] using our migration guides (https://gazebosim.org/docs/latest/gazebo_classic_migration?utm_source=gazebo_ros_pkgs&utm_medium=cli)
[gazebo-1] 
[gazebo-1] [0m[1;33m
[gazebo-1] [1;32m[Msg] [0m[1;32mWaiting for master.[0m[1;32m
[gazebo-1] [0m[1;32m[0m[1;32m[0m[1;32m[Msg] [0m[1;32mConnected to gazebo master @ [0m[1;32mhttp://127.0.0.1:12191[0m[1;32m
[gazebo-1] [0m[1;32m[0m[1;32m[0m[1;32m[Msg] [0m[1;32mPublicized address: [0m[1;32m192.168.44.106[0m[1;32m
[gazebo-1] [0m[1;33m[0m[1;33m[0m[1;33m[Wrn] [FuelModelDatabase.cc:313] [0m[1;33mURI not supported by Fuel [[0m[1;33mworlds/gazebo_empty.world[0m[1;33m][0m[1;33m
[gazebo-1] [0m[1;33m[0m[1;33m[0m[1;33m[Wrn] [SystemPaths.cc:459] [0m[1;33mFile or path does not exist [[0m[1;33m""[0m[1;33m] [[0m[1;33mworlds/gazebo_empty.world[0m[1;33m][0m[1;33m
[gazebo-1] [0m[1;33m[0m[1;33m[0m[1;31m[Err] [Server.cc:472] [0m[1;31mCould not open file[[0m[1;31mworlds/gazebo_empty.world[0m[1;31m]
[gazebo-1] [0m[1;33m[Wrn] [Server.cc:381] [0m[1;33mFalling back on worlds/empty.world
[spawn_entity.py-5] [INFO] [1781052582.903745544] [spawn_entity]: Calling service /spawn_entity
[spawn_entity.py-5] [INFO] [1781052583.211677282] [spawn_entity]: Spawn status: SpawnEntity: Successfully spawned entity [turtlebot3]
[gazebo-1] [0m[INFO] [1781052583.258864380] [turtlebot3_diff_drive]: Wheel pair 1 separation set to [0.160000m]
[gazebo-1] [INFO] [1781052583.260119217] [turtlebot3_diff_drive]: Wheel pair 1 diameter set to [0.066000m]
[gazebo-1] [INFO] [1781052583.262401426] [turtlebot3_diff_drive]: Subscribed to [/cmd_vel]
[gazebo-1] [INFO] [1781052583.270421311] [turtlebot3_diff_drive]: Advertise odometry on [/odom]
[gazebo-1] [INFO] [1781052583.278449595] [turtlebot3_diff_drive]: Publishing odom transforms between [odom] and [base_footprint]
[gazebo-1] [INFO] [1781052583.311584694] [turtlebot3_joint_state]: Going to publish joint [rotating_frame_joint]
[gazebo-1] [0m[1;32m[0m[1;32m[0m[1;32m[Msg] [0m[1;32mWaiting for master.[0m[1;32m
[gazebo-1] [0m[1;32m[0m[1;32m[0m[1;32m[Msg] [0m[1;32mConnected to gazebo master @ [0m[1;32mhttp://127.0.0.1:12191[0m[1;32m
[gazebo-1] [0m[1;32m[0m[1;32m[0m[1;32m[Msg] [0m[1;32mPublicized address: [0m[1;32m192.168.44.106[0m[1;32m
[gazebo-1] [0m[1;32m[0m[1;32m[0m[1;32m[Msg] [0m[1;32mWarning: Ignoring XDG_SESSION_TYPE=wayland on Gnome. Use QT_QPA_PLATFORM=wayland to run on Wayland anyway.[0m[1;32m
[gazebo-1] [1;33m[Wrn] [Event.cc:61] [0m[1;33mWarning: Deleting a connection right after creation. [0m[1;33mMake sure to save the ConnectionPtr from a Connect call
[gazebo-1] [0m[INFO] [1781052583.373693164] [gazebo_ros2_control]: Loading gazebo_ros2_control plugin
[gazebo-1] [INFO] [1781052583.388413222] [gazebo_ros2_control]: Starting gazebo_ros2_control plugin in namespace: /
[gazebo-1] [INFO] [1781052583.388594608] [gazebo_ros2_control]: Starting gazebo_ros2_control plugin in ros 2 node: gazebo_ros2_control
[gazebo-1] [INFO] [1781052583.398799940] [gazebo_ros2_control]: connected to service!! /robot_state_publisher_node
[gazebo-1] [INFO] [1781052583.401008991] [gazebo_ros2_control]: Received urdf from param server, parsing...
[gazebo-1] [INFO] [1781052583.405949849] [gazebo_ros2_control]: Loading parameter files /home/mattb/dsim-lab/ros2_ws/install/turtlebot3_rotating_sensor/share/turtlebot3_rotating_sensor/controller_config/joint_controller.yaml
[gazebo-1] [INFO] [1781052583.430326394] [gazebo_ros2_control]: Loading joint: rotating_frame_joint
[gazebo-1] [INFO] [1781052583.430409461] [gazebo_ros2_control]: 	State:
[gazebo-1] [INFO] [1781052583.430429438] [gazebo_ros2_control]: 		 position
[gazebo-1] [INFO] [1781052583.430447262] [gazebo_ros2_control]: 			 found initial value: 0.000000
[gazebo-1] [INFO] [1781052583.430470169] [gazebo_ros2_control]: 		 velocity
[gazebo-1] [INFO] [1781052583.430485838] [gazebo_ros2_control]: 			 found initial value: 0.000000
[gazebo-1] [INFO] [1781052583.430498366] [gazebo_ros2_control]: 	Command:
[gazebo-1] [INFO] [1781052583.430528825] [gazebo_ros2_control]: 		 velocity
[gazebo-1] [INFO] [1781052583.431201410] [resource_manager]: Initialize hardware 'GazeboSystem' 
[gazebo-1] [INFO] [1781052583.431617924] [resource_manager]: Successful initialization of hardware 'GazeboSystem'
[gazebo-1] [INFO] [1781052583.431853679] [resource_manager]: 'configure' hardware 'GazeboSystem' 
[gazebo-1] [INFO] [1781052583.431877523] [resource_manager]: Successful 'configure' of hardware 'GazeboSystem'
[gazebo-1] [INFO] [1781052583.431887839] [resource_manager]: 'activate' hardware 'GazeboSystem' 
[gazebo-1] [INFO] [1781052583.431897771] [resource_manager]: Successful 'activate' of hardware 'GazeboSystem'
[gazebo-1] [INFO] [1781052583.432053010] [gazebo_ros2_control]: Loading controller_manager
[INFO] [spawn_entity.py-5]: process has finished cleanly [pid 36456]
[gazebo-1] [WARN] [1781052583.487510029] [gazebo_ros2_control]:  Desired controller update period (0.01 s) is slower than the gazebo simulation period (0.001 s).
[gazebo-1] [INFO] [1781052583.487761282] [gazebo_ros2_control]: Loaded gazebo_ros2_control.
[gazebo-1] [INFO] [1781052583.622122339] [controller_manager]: Loading controller 'velocity_controller'
[spawner-4] [INFO] [1781052583.672090256] [spawner_velocity_controller]: [94mLoaded [1mvelocity_controller[0m
[gazebo-1] [INFO] [1781052583.675927953] [controller_manager]: Configuring controller 'velocity_controller'
[gazebo-1] [INFO] [1781052583.678265628] [velocity_controller]: configure successful
[gazebo-1] [INFO] [1781052583.695067343] [controller_manager]: Loading controller 'joint_state_broadcaster'
[spawner-3] [INFO] [1781052583.735031918] [spawner_joint_state_broadcaster]: [94mLoaded [1mjoint_state_broadcaster[0m
[gazebo-1] [INFO] [1781052583.737372685] [controller_manager]: Configuring controller 'joint_state_broadcaster'
[gazebo-1] [INFO] [1781052583.737774946] [joint_state_broadcaster]: 'joints' or 'interfaces' parameter is empty. All available state interfaces will be published
[spawner-3] [INFO] [1781052583.782977751] [spawner_joint_state_broadcaster]: [92mConfigured and activated [1mjoint_state_broadcaster[0m
[gazebo-1] [INFO] [1781052583.791179960] [velocity_controller]: activate successful
[spawner-4] [INFO] [1781052583.806711804] [spawner_velocity_controller]: [92mConfigured and activated [1mvelocity_controller[0m
[INFO] [spawner-3]: process has finished cleanly [pid 36452]
[INFO] [spawner-4]: process has finished cleanly [pid 36454]
[gazebo-1] [0m[1;32m[0m[1;32m[0m[1;32m[Msg] [0m[1;32mLoading world file [[0m[1;32m/usr/share/gazebo-11/worlds/empty.world[0m[1;32m][0m[1;32m
[ros2-12] No artists with labels found to put in legend.  Note that artists whose label start with an underscore are ignored when legend() is called with no argument.
