[INFO] [1781052061.736215848] [turtlebot3_diff_drive]: Wheel pair 1 separation set to [0.160000m]
[INFO] [1781052061.738118755] [turtlebot3_diff_drive]: Wheel pair 1 diameter set to [0.066000m]
[INFO] [1781052061.741210565] [turtlebot3_diff_drive]: Subscribed to [/cmd_vel]
[INFO] [1781052061.747351767] [turtlebot3_diff_drive]: Advertise odometry on [/odom]
[INFO] [1781052061.751145858] [turtlebot3_diff_drive]: Publishing odom transforms between [odom] and [base_footprint]
[INFO] [1781052061.780409939] [turtlebot3_joint_state]: Going to publish joint [rotating_frame_joint]
[INFO] [1781052061.833814137] [gazebo_ros2_control]: Loading gazebo_ros2_control plugin
[INFO] [1781052061.848332725] [gazebo_ros2_control]: Starting gazebo_ros2_control plugin in namespace: /
[INFO] [1781052061.848400001] [gazebo_ros2_control]: Starting gazebo_ros2_control plugin in ros 2 node: gazebo_ros2_control
[INFO] [1781052061.861971335] [gazebo_ros2_control]: connected to service!! /robot_state_publisher_node
[INFO] [1781052061.862784288] [gazebo_ros2_control]: Received urdf from param server, parsing...
[INFO] [1781052061.862868586] [gazebo_ros2_control]: Loading parameter files /home/mattb/dsim-lab/ros2_ws/install/turtlebot3_rotating_sensor/share/turtlebot3_rotating_sensor/controller_config/joint_controller.yaml
[INFO] [1781052061.892702269] [gazebo_ros2_control]: Loading joint: rotating_frame_joint
[INFO] [1781052061.892782054] [gazebo_ros2_control]: 	State:
[INFO] [1781052061.892804591] [gazebo_ros2_control]: 		 position
[INFO] [1781052061.892826599] [gazebo_ros2_control]: 			 found initial value: 0.000000
[INFO] [1781052061.892857457] [gazebo_ros2_control]: 		 velocity
[INFO] [1781052061.892877433] [gazebo_ros2_control]: 			 found initial value: 0.000000
[INFO] [1781052061.892901171] [gazebo_ros2_control]: 	Command:
[INFO] [1781052061.892946420] [gazebo_ros2_control]: 		 velocity
[INFO] [1781052061.893421404] [resource_manager]: Initialize hardware 'GazeboSystem' 
[INFO] [1781052061.893794560] [resource_manager]: Successful initialization of hardware 'GazeboSystem'
[INFO] [1781052061.893954707] [resource_manager]: 'configure' hardware 'GazeboSystem' 
[INFO] [1781052061.893969844] [resource_manager]: Successful 'configure' of hardware 'GazeboSystem'
[INFO] [1781052061.893978751] [resource_manager]: 'activate' hardware 'GazeboSystem' 
[INFO] [1781052061.893987368] [resource_manager]: Successful 'activate' of hardware 'GazeboSystem'
[INFO] [1781052061.894098536] [gazebo_ros2_control]: Loading controller_manager
[WARN] [1781052061.951545247] [gazebo_ros2_control]:  Desired controller update period (0.01 s) is slower than the gazebo simulation period (0.001 s).
[INFO] [1781052061.951922063] [gazebo_ros2_control]: Loaded gazebo_ros2_control.
[INFO] [1781052062.039258528] [controller_manager]: Loading controller 'velocity_controller'
[INFO] [1781052062.091165976] [controller_manager]: Configuring controller 'velocity_controller'
[INFO] [1781052062.097126603] [velocity_controller]: configure successful
[INFO] [1781052062.115996323] [velocity_controller]: activate successful
[INFO] [1781052062.132978305] [controller_manager]: Loading controller 'joint_state_broadcaster'
[INFO] [1781052062.176894223] [controller_manager]: Configuring controller 'joint_state_broadcaster'
[INFO] [1781052062.177115617] [joint_state_broadcaster]: 'joints' or 'interfaces' parameter is empty. All available state interfaces will be published
