[INFO] [1781052583.258864380] [turtlebot3_diff_drive]: Wheel pair 1 separation set to [0.160000m]
[INFO] [1781052583.260119217] [turtlebot3_diff_drive]: Wheel pair 1 diameter set to [0.066000m]
[INFO] [1781052583.262401426] [turtlebot3_diff_drive]: Subscribed to [/cmd_vel]
[INFO] [1781052583.270421311] [turtlebot3_diff_drive]: Advertise odometry on [/odom]
[INFO] [1781052583.278449595] [turtlebot3_diff_drive]: Publishing odom transforms between [odom] and [base_footprint]
[INFO] [1781052583.311584694] [turtlebot3_joint_state]: Going to publish joint [rotating_frame_joint]
[INFO] [1781052583.373693164] [gazebo_ros2_control]: Loading gazebo_ros2_control plugin
[INFO] [1781052583.388413222] [gazebo_ros2_control]: Starting gazebo_ros2_control plugin in namespace: /
[INFO] [1781052583.388594608] [gazebo_ros2_control]: Starting gazebo_ros2_control plugin in ros 2 node: gazebo_ros2_control
[INFO] [1781052583.398799940] [gazebo_ros2_control]: connected to service!! /robot_state_publisher_node
[INFO] [1781052583.401008991] [gazebo_ros2_control]: Received urdf from param server, parsing...
[INFO] [1781052583.405949849] [gazebo_ros2_control]: Loading parameter files /home/mattb/dsim-lab/ros2_ws/install/turtlebot3_rotating_sensor/share/turtlebot3_rotating_sensor/controller_config/joint_controller.yaml
[INFO] [1781052583.430326394] [gazebo_ros2_control]: Loading joint: rotating_frame_joint
[INFO] [1781052583.430409461] [gazebo_ros2_control]: 	State:
[INFO] [1781052583.430429438] [gazebo_ros2_control]: 		 position
[INFO] [1781052583.430447262] [gazebo_ros2_control]: 			 found initial value: 0.000000
[INFO] [1781052583.430470169] [gazebo_ros2_control]: 		 velocity
[INFO] [1781052583.430485838] [gazebo_ros2_control]: 			 found initial value: 0.000000
[INFO] [1781052583.430498366] [gazebo_ros2_control]: 	Command:
[INFO] [1781052583.430528825] [gazebo_ros2_control]: 		 velocity
[INFO] [1781052583.431201410] [resource_manager]: Initialize hardware 'GazeboSystem' 
[INFO] [1781052583.431617924] [resource_manager]: Successful initialization of hardware 'GazeboSystem'
[INFO] [1781052583.431853679] [resource_manager]: 'configure' hardware 'GazeboSystem' 
[INFO] [1781052583.431877523] [resource_manager]: Successful 'configure' of hardware 'GazeboSystem'
[INFO] [1781052583.431887839] [resource_manager]: 'activate' hardware 'GazeboSystem' 
[INFO] [1781052583.431897771] [resource_manager]: Successful 'activate' of hardware 'GazeboSystem'
[INFO] [1781052583.432053010] [gazebo_ros2_control]: Loading controller_manager
[WARN] [1781052583.487510029] [gazebo_ros2_control]:  Desired controller update period (0.01 s) is slower than the gazebo simulation period (0.001 s).
[INFO] [1781052583.487761282] [gazebo_ros2_control]: Loaded gazebo_ros2_control.
[INFO] [1781052583.622122339] [controller_manager]: Loading controller 'velocity_controller'
[INFO] [1781052583.675927953] [controller_manager]: Configuring controller 'velocity_controller'
[INFO] [1781052583.678265628] [velocity_controller]: configure successful
[INFO] [1781052583.695067343] [controller_manager]: Loading controller 'joint_state_broadcaster'
[INFO] [1781052583.737372685] [controller_manager]: Configuring controller 'joint_state_broadcaster'
[INFO] [1781052583.737774946] [joint_state_broadcaster]: 'joints' or 'interfaces' parameter is empty. All available state interfaces will be published
[INFO] [1781052583.791179960] [velocity_controller]: activate successful
