[INFO] [1781122877.380690048] [turtlebot3_diff_drive]: Wheel pair 1 separation set to [0.160000m]
[INFO] [1781122877.381233997] [turtlebot3_diff_drive]: Wheel pair 1 diameter set to [0.066000m]
[INFO] [1781122877.382768808] [turtlebot3_diff_drive]: Subscribed to [/cmd_vel]
[INFO] [1781122877.385298618] [turtlebot3_diff_drive]: Advertise odometry on [/odom]
[INFO] [1781122877.387802585] [turtlebot3_diff_drive]: Publishing odom transforms between [odom] and [base_footprint]
[INFO] [1781122877.398801564] [turtlebot3_joint_state]: Going to publish joint [rotating_frame_joint]
[INFO] [1781122877.422444840] [gazebo_ros2_control]: Loading gazebo_ros2_control plugin
[INFO] [1781122877.428381986] [gazebo_ros2_control]: Starting gazebo_ros2_control plugin in namespace: /
[INFO] [1781122877.428453870] [gazebo_ros2_control]: Starting gazebo_ros2_control plugin in ros 2 node: gazebo_ros2_control
[INFO] [1781122877.433120149] [gazebo_ros2_control]: connected to service!! /robot_state_publisher_node
[INFO] [1781122877.433586945] [gazebo_ros2_control]: Received urdf from param server, parsing...
[INFO] [1781122877.433631496] [gazebo_ros2_control]: Loading parameter files /home/mattb/dsim-lab/ros2_ws/install/turtlebot3_rotating_sensor/share/turtlebot3_rotating_sensor/controller_config/joint_controller.yaml
[INFO] [1781122877.443873882] [gazebo_ros2_control]: Loading joint: rotating_frame_joint
[INFO] [1781122877.443909431] [gazebo_ros2_control]: 	State:
[INFO] [1781122877.443924708] [gazebo_ros2_control]: 		 position
[INFO] [1781122877.443965612] [gazebo_ros2_control]: 			 found initial value: 0.000000
[INFO] [1781122877.443984511] [gazebo_ros2_control]: 		 velocity
[INFO] [1781122877.443998673] [gazebo_ros2_control]: 			 found initial value: 0.000000
[INFO] [1781122877.444013526] [gazebo_ros2_control]: 	Command:
[INFO] [1781122877.444041576] [gazebo_ros2_control]: 		 velocity
[INFO] [1781122877.444477434] [resource_manager]: Initialize hardware 'GazeboSystem' 
[INFO] [1781122877.444658448] [resource_manager]: Successful initialization of hardware 'GazeboSystem'
[INFO] [1781122877.444764728] [resource_manager]: 'configure' hardware 'GazeboSystem' 
[INFO] [1781122877.444775424] [resource_manager]: Successful 'configure' of hardware 'GazeboSystem'
[INFO] [1781122877.444780624] [resource_manager]: 'activate' hardware 'GazeboSystem' 
[INFO] [1781122877.444785652] [resource_manager]: Successful 'activate' of hardware 'GazeboSystem'
[INFO] [1781122877.444904107] [gazebo_ros2_control]: Loading controller_manager
[WARN] [1781122877.469522748] [gazebo_ros2_control]:  Desired controller update period (0.01 s) is slower than the gazebo simulation period (0.001 s).
[INFO] [1781122877.469778198] [gazebo_ros2_control]: Loaded gazebo_ros2_control.
[INFO] [1781122877.522336314] [controller_manager]: Loading controller 'velocity_controller'
[INFO] [1781122877.542221431] [controller_manager]: Configuring controller 'velocity_controller'
[INFO] [1781122877.543531760] [velocity_controller]: configure successful
[INFO] [1781122877.560022794] [velocity_controller]: activate successful
[INFO] [1781122877.606240851] [controller_manager]: Loading controller 'joint_state_broadcaster'
[INFO] [1781122877.623369919] [controller_manager]: Configuring controller 'joint_state_broadcaster'
[INFO] [1781122877.623453652] [joint_state_broadcaster]: 'joints' or 'interfaces' parameter is empty. All available state interfaces will be published
[INFO] [1781123377.955736010] [rclcpp]: signal_handler(SIGINT/SIGTERM)
[INFO] [1781123377.955888343] [controller_manager]: Shutdown request received....
[INFO] [1781123377.956001767] [controller_manager]: Shutting down all controllers in the controller manager.
[INFO] [1781123377.956054010] [controller_manager]: Deactivating controller 'velocity_controller'
[INFO] [1781123377.956177704] [controller_manager]: Shutting down controller 'velocity_controller'
[INFO] [1781123377.956285114] [controller_manager]: Deactivating controller 'joint_state_broadcaster'
[INFO] [1781123377.956312647] [controller_manager]: Shutting down controller 'joint_state_broadcaster'
[INFO] [1781123377.956367341] [resource_manager]: 'deactivate' hardware 'GazeboSystem' 
[INFO] [1781123377.956384286] [resource_manager]: Successful 'deactivate' of hardware 'GazeboSystem'
[INFO] [1781123377.956392248] [resource_manager]: 'shutdown' hardware 'GazeboSystem' 
[INFO] [1781123377.956401943] [resource_manager]: Successful 'shutdown' of hardware 'GazeboSystem'
[INFO] [1781123377.956410033] [controller_manager]: Shutting down the controller manager.
