Running HBESC scenario: /home/mattb/dsim-lab/experiments/hbesc_gaussian_fill_study/results/runs/20260610T201236Z_phase4_gain_k_vx_low_execute/configs/scenario_used.json
Scenario name: phase4_gain_k_vx_low
Description: Phase 4 one-at-a-time HBESC gain sensitivity: k_vx low on the representative convex quartic bowl.
Starting >>> ros_esc
Starting >>> ros_esc_interfaces
Starting >>> turtlebot3_rotating_sensor
Finished <<< turtlebot3_rotating_sensor [0.36s]
Finished <<< ros_esc_interfaces [0.71s]
Finished <<< ros_esc [1.05s]

Summary: 3 packages finished [1.36s]
[INFO] [launch]: All log files can be found below /home/mattb/dsim-lab/experiments/hbesc_gaussian_fill_study/results/runs/20260610T201236Z_phase4_gain_k_vx_low_execute/logs/ros/2026-06-10-13-12-38-769988-ubuntu-ssd-15322
[INFO] [launch]: Default logging verbosity is set to INFO
[INFO] [gzserver-1]: process started with pid [15324]
[INFO] [robot_state_publisher-2]: process started with pid [15326]
[INFO] [spawner-3]: process started with pid [15328]
[INFO] [spawner-4]: process started with pid [15330]
[INFO] [spawn_entity.py-5]: process started with pid [15332]
[INFO] [ros2-6]: process started with pid [15334]
[INFO] [ros2-7]: process started with pid [15336]
[INFO] [ros2-8]: process started with pid [15338]
[INFO] [ros2-9]: process started with pid [15340]
[INFO] [ros2-10]: process started with pid [15342]
[INFO] [ros2-11]: process started with pid [15344]
[INFO] [ros2-12]: process started with pid [15346]
[robot_state_publisher-2] [INFO] [1781122359.141034736] [robot_state_publisher_node]: got segment base_footprint
[robot_state_publisher-2] [INFO] [1781122359.141175254] [robot_state_publisher_node]: got segment base_link
[robot_state_publisher-2] [INFO] [1781122359.141193466] [robot_state_publisher_node]: got segment base_scan
[robot_state_publisher-2] [INFO] [1781122359.141204071] [robot_state_publisher_node]: got segment caster_wheel
[robot_state_publisher-2] [INFO] [1781122359.141213265] [robot_state_publisher_node]: got segment imu_link
[robot_state_publisher-2] [INFO] [1781122359.141222119] [robot_state_publisher_node]: got segment rotating_frame_link
[robot_state_publisher-2] [INFO] [1781122359.141232433] [robot_state_publisher_node]: got segment sensor_link
[robot_state_publisher-2] [INFO] [1781122359.141241551] [robot_state_publisher_node]: got segment wheel_left_link
[robot_state_publisher-2] [INFO] [1781122359.141250163] [robot_state_publisher_node]: got segment wheel_right_link
[spawner-3] [INFO] [1781122359.658508222] [spawner_joint_state_broadcaster]: waiting for service /controller_manager/list_controllers to become available...
[spawner-4] [INFO] [1781122359.710468403] [spawner_velocity_controller]: waiting for service /controller_manager/list_controllers to become available...
[gzserver-1] Gazebo multi-robot simulator, version 11.10.2
[gzserver-1] Copyright (C) 2012 Open Source Robotics Foundation.
[gzserver-1] Released under the Apache 2 License.
[gzserver-1] http://gazebosim.org
[gzserver-1] 
[spawn_entity.py-5] [INFO] [1781122359.868679000] [spawn_entity]: Spawn Entity started
[spawn_entity.py-5] [INFO] [1781122359.869321481] [spawn_entity]: Loading entity published on topic /robot_description
[spawn_entity.py-5] [INFO] [1781122359.872679959] [spawn_entity]: Waiting for entity xml on /robot_description
[gzserver-1] [1;33m[Wrn] [gazebo_ros_init.cpp:178] [0m[1;33m
[gzserver-1] #     # ####### ####### ###  #####  #######
[gzserver-1] ##    # #     #    #     #  #     # #
[gzserver-1] # #   # #     #    #     #  #       #
[gzserver-1] #  #  # #     #    #     #  #       #####
[gzserver-1] #   # # #     #    #     #  #       #
[gzserver-1] #    ## #     #    #     #  #     # #
[gzserver-1] #     # #######    #    ###  #####  #######
[gzserver-1] 
[gzserver-1] This version of Gazebo, now called Gazebo classic, reaches end-of-life
[gzserver-1] in January 2025. Users are highly encouraged to migrate to the new Gazebo
[gzserver-1] using our migration guides (https://gazebosim.org/docs/latest/gazebo_classic_migration?utm_source=gazebo_ros_pkgs&utm_medium=cli)
[gzserver-1] 
[gzserver-1] [0m[1;33m
[spawn_entity.py-5] [INFO] [1781122359.990837394] [spawn_entity]: Waiting for service /spawn_entity, timeout = 30
[spawn_entity.py-5] [INFO] [1781122359.991409031] [spawn_entity]: Waiting for service /spawn_entity
[gzserver-1] [1;32m[Msg] [0m[1;32mWaiting for master.[0m[1;32m
[gzserver-1] [0m[1;32m[0m[1;32m[0m[1;32m[Msg] [0m[1;32mConnected to gazebo master @ [0m[1;32mhttp://127.0.0.1:12226[0m[1;32m
[gzserver-1] [0m[1;32m[0m[1;32m[0m[1;32m[Msg] [0m[1;32mPublicized address: [0m[1;32m10.130.191.118[0m[1;32m
[gzserver-1] [0m[1;33m[0m[1;33m[0m[1;33m[Wrn] [FuelModelDatabase.cc:313] [0m[1;33mURI not supported by Fuel [[0m[1;33mworlds/gazebo_empty.world[0m[1;33m][0m[1;33m
[gzserver-1] [0m[1;33m[0m[1;33m[0m[1;33m[Wrn] [SystemPaths.cc:459] [0m[1;33mFile or path does not exist [[0m[1;33m""[0m[1;33m] [[0m[1;33mworlds/gazebo_empty.world[0m[1;33m][0m[1;33m
[gzserver-1] [0m[1;33m[0m[1;33m[0m[1;31m[Err] [Server.cc:472] [0m[1;31mCould not open file[[0m[1;31mworlds/gazebo_empty.world[0m[1;31m]
[gzserver-1] [0m[1;33m[Wrn] [Server.cc:381] [0m[1;33mFalling back on worlds/empty.world
[spawn_entity.py-5] [INFO] [1781122360.747564008] [spawn_entity]: Calling service /spawn_entity
[spawn_entity.py-5] [INFO] [1781122360.893538012] [spawn_entity]: Spawn status: SpawnEntity: Successfully spawned entity [turtlebot3]
[gzserver-1] [0m[INFO] [1781122360.913176466] [turtlebot3_diff_drive]: Wheel pair 1 separation set to [0.160000m]
[gzserver-1] [INFO] [1781122360.913616609] [turtlebot3_diff_drive]: Wheel pair 1 diameter set to [0.066000m]
[gzserver-1] [INFO] [1781122360.915839253] [turtlebot3_diff_drive]: Subscribed to [/cmd_vel]
[gzserver-1] [INFO] [1781122360.918389533] [turtlebot3_diff_drive]: Advertise odometry on [/odom]
[gzserver-1] [INFO] [1781122360.921371788] [turtlebot3_diff_drive]: Publishing odom transforms between [odom] and [base_footprint]
[gzserver-1] [INFO] [1781122360.934166799] [turtlebot3_joint_state]: Going to publish joint [rotating_frame_joint]
[gzserver-1] [INFO] [1781122360.957316905] [gazebo_ros2_control]: Loading gazebo_ros2_control plugin
[gzserver-1] [INFO] [1781122360.962844160] [gazebo_ros2_control]: Starting gazebo_ros2_control plugin in namespace: /
[gzserver-1] [INFO] [1781122360.962891681] [gazebo_ros2_control]: Starting gazebo_ros2_control plugin in ros 2 node: gazebo_ros2_control
[gzserver-1] [INFO] [1781122360.967193598] [gazebo_ros2_control]: connected to service!! /robot_state_publisher_node
[gzserver-1] [INFO] [1781122360.967673123] [gazebo_ros2_control]: Received urdf from param server, parsing...
[gzserver-1] [INFO] [1781122360.967717272] [gazebo_ros2_control]: Loading parameter files /home/mattb/dsim-lab/ros2_ws/install/turtlebot3_rotating_sensor/share/turtlebot3_rotating_sensor/controller_config/joint_controller.yaml
[gzserver-1] [INFO] [1781122360.976708484] [gazebo_ros2_control]: Loading joint: rotating_frame_joint
[gzserver-1] [INFO] [1781122360.976761430] [gazebo_ros2_control]: 	State:
[gzserver-1] [INFO] [1781122360.976770324] [gazebo_ros2_control]: 		 position
[gzserver-1] [INFO] [1781122360.976778362] [gazebo_ros2_control]: 			 found initial value: 0.000000
[gzserver-1] [INFO] [1781122360.976799132] [gazebo_ros2_control]: 		 velocity
[gzserver-1] [INFO] [1781122360.976826524] [gazebo_ros2_control]: 			 found initial value: 0.000000
[gzserver-1] [INFO] [1781122360.976840756] [gazebo_ros2_control]: 	Command:
[gzserver-1] [INFO] [1781122360.976898257] [gazebo_ros2_control]: 		 velocity
[gzserver-1] [INFO] [1781122360.977222526] [resource_manager]: Initialize hardware 'GazeboSystem' 
[gzserver-1] [INFO] [1781122360.977373288] [resource_manager]: Successful initialization of hardware 'GazeboSystem'
[gzserver-1] [INFO] [1781122360.977478311] [resource_manager]: 'configure' hardware 'GazeboSystem' 
[gzserver-1] [INFO] [1781122360.977489351] [resource_manager]: Successful 'configure' of hardware 'GazeboSystem'
[gzserver-1] [INFO] [1781122360.977496899] [resource_manager]: 'activate' hardware 'GazeboSystem' 
[gzserver-1] [INFO] [1781122360.977504438] [resource_manager]: Successful 'activate' of hardware 'GazeboSystem'
[gzserver-1] [INFO] [1781122360.977600745] [gazebo_ros2_control]: Loading controller_manager
[gzserver-1] [WARN] [1781122361.000850064] [gazebo_ros2_control]:  Desired controller update period (0.01 s) is slower than the gazebo simulation period (0.001 s).
[gzserver-1] [INFO] [1781122361.001064288] [gazebo_ros2_control]: Loaded gazebo_ros2_control.
[INFO] [spawn_entity.py-5]: process has finished cleanly [pid 15332]
[gzserver-1] [INFO] [1781122361.162256532] [controller_manager]: Loading controller 'joint_state_broadcaster'
[spawner-3] [INFO] [1781122361.183051526] [spawner_joint_state_broadcaster]: [94mLoaded [1mjoint_state_broadcaster[0m
[gzserver-1] [INFO] [1781122361.184063396] [controller_manager]: Configuring controller 'joint_state_broadcaster'
[gzserver-1] [INFO] [1781122361.184497583] [joint_state_broadcaster]: 'joints' or 'interfaces' parameter is empty. All available state interfaces will be published
[spawner-3] [INFO] [1781122361.213013826] [spawner_joint_state_broadcaster]: [92mConfigured and activated [1mjoint_state_broadcaster[0m
[gzserver-1] [INFO] [1781122361.295801535] [controller_manager]: Loading controller 'velocity_controller'
[spawner-4] [INFO] [1781122361.314332096] [spawner_velocity_controller]: [94mLoaded [1mvelocity_controller[0m
[gzserver-1] [INFO] [1781122361.315490716] [controller_manager]: Configuring controller 'velocity_controller'
[gzserver-1] [INFO] [1781122361.317209017] [velocity_controller]: configure successful
[gzserver-1] [INFO] [1781122361.332896807] [velocity_controller]: activate successful
[spawner-4] [INFO] [1781122361.343900886] [spawner_velocity_controller]: [92mConfigured and activated [1mvelocity_controller[0m
[INFO] [spawner-3]: process has finished cleanly [pid 15328]
[INFO] [spawner-4]: process has finished cleanly [pid 15330]
[gzserver-1] [0m[1;32m[0m[1;32m[0m[1;32m[Msg] [0m[1;32mLoading world file [[0m[1;32m/usr/share/gazebo-11/worlds/empty.world[0m[1;32m][0m[1;32m
