[INFO] [1781046459.825012254] [turtlebot3_diff_drive]: Wheel pair 1 separation set to [0.160000m]
[INFO] [1781046459.825582204] [turtlebot3_diff_drive]: Wheel pair 1 diameter set to [0.066000m]
[INFO] [1781046459.827663800] [turtlebot3_diff_drive]: Subscribed to [/cmd_vel]
[INFO] [1781046459.830994396] [turtlebot3_diff_drive]: Advertise odometry on [/odom]
[INFO] [1781046459.834110740] [turtlebot3_diff_drive]: Publishing odom transforms between [odom] and [base_footprint]
[INFO] [1781046459.847259059] [turtlebot3_joint_state]: Going to publish joint [rotating_frame_joint]
[INFO] [1781046459.873360575] [gazebo_ros2_control]: Loading gazebo_ros2_control plugin
[INFO] [1781046459.879558611] [gazebo_ros2_control]: Starting gazebo_ros2_control plugin in namespace: /
[INFO] [1781046459.879617597] [gazebo_ros2_control]: Starting gazebo_ros2_control plugin in ros 2 node: gazebo_ros2_control
[INFO] [1781046459.884302808] [gazebo_ros2_control]: connected to service!! /robot_state_publisher_node
[INFO] [1781046459.884858730] [gazebo_ros2_control]: Received urdf from param server, parsing...
[INFO] [1781046459.884896750] [gazebo_ros2_control]: Loading parameter files /home/mattb/dsim-lab/ros2_ws/install/turtlebot3_rotating_sensor/share/turtlebot3_rotating_sensor/controller_config/joint_controller.yaml
[INFO] [1781046459.903187536] [gazebo_ros2_control]: Loading joint: rotating_frame_joint
[INFO] [1781046459.903241286] [gazebo_ros2_control]: 	State:
[INFO] [1781046459.903254257] [gazebo_ros2_control]: 		 position
[INFO] [1781046459.903266947] [gazebo_ros2_control]: 			 found initial value: 0.000000
[INFO] [1781046459.903282387] [gazebo_ros2_control]: 		 velocity
[INFO] [1781046459.903291559] [gazebo_ros2_control]: 			 found initial value: 0.000000
[INFO] [1781046459.903309813] [gazebo_ros2_control]: 	Command:
[INFO] [1781046459.903332354] [gazebo_ros2_control]: 		 velocity
[INFO] [1781046459.903619899] [resource_manager]: Initialize hardware 'GazeboSystem' 
[INFO] [1781046459.903903419] [resource_manager]: Successful initialization of hardware 'GazeboSystem'
[INFO] [1781046459.904045481] [resource_manager]: 'configure' hardware 'GazeboSystem' 
[INFO] [1781046459.904061411] [resource_manager]: Successful 'configure' of hardware 'GazeboSystem'
[INFO] [1781046459.904070110] [resource_manager]: 'activate' hardware 'GazeboSystem' 
[INFO] [1781046459.904078663] [resource_manager]: Successful 'activate' of hardware 'GazeboSystem'
[INFO] [1781046459.904166191] [gazebo_ros2_control]: Loading controller_manager
[WARN] [1781046459.931248743] [gazebo_ros2_control]:  Desired controller update period (0.01 s) is slower than the gazebo simulation period (0.001 s).
[INFO] [1781046459.931494194] [gazebo_ros2_control]: Loaded gazebo_ros2_control.
[INFO] [1781046460.118628813] [controller_manager]: Loading controller 'joint_state_broadcaster'
[INFO] [1781046460.145674148] [controller_manager]: Loading controller 'velocity_controller'
[INFO] [1781046460.163219130] [controller_manager]: Configuring controller 'joint_state_broadcaster'
[INFO] [1781046460.163571079] [joint_state_broadcaster]: 'joints' or 'interfaces' parameter is empty. All available state interfaces will be published
[INFO] [1781046460.173287542] [controller_manager]: Configuring controller 'velocity_controller'
[INFO] [1781046460.174953425] [velocity_controller]: configure successful
[INFO] [1781046460.213292229] [velocity_controller]: activate successful
[INFO] [1781048458.038773234] [controller_manager]: Configuring controller 'joint_state_broadcaster'
[ERROR] [1781048458.038831130] [controller_manager]: Controller 'joint_state_broadcaster' can not be configured from 'active' state.
[INFO] [1781048458.336596554] [controller_manager]: Configuring controller 'velocity_controller'
[ERROR] [1781048458.336631835] [controller_manager]: Controller 'velocity_controller' can not be configured from 'active' state.
