Running HBESC scenario: /home/mattb/dsim-lab/experiments/hbesc_gaussian_fill_study/results/runs/20260610T202949Z_phase4_gain_k_wz_low_execute/configs/scenario_used.json
Scenario name: phase4_gain_k_wz_low
Description: Phase 4 one-at-a-time HBESC gain sensitivity: k_wz low on the representative convex quartic bowl.
Starting >>> ros_esc
Starting >>> ros_esc_interfaces
Starting >>> turtlebot3_rotating_sensor
Finished <<< turtlebot3_rotating_sensor [0.37s]
Finished <<< ros_esc_interfaces [0.72s]
Finished <<< ros_esc [0.98s]

Summary: 3 packages finished [1.31s]
[INFO] [launch]: All log files can be found below /home/mattb/dsim-lab/experiments/hbesc_gaussian_fill_study/results/runs/20260610T202949Z_phase4_gain_k_wz_low_execute/logs/ros/2026-06-10-13-29-51-581585-ubuntu-ssd-16890
[INFO] [launch]: Default logging verbosity is set to INFO
[INFO] [gzserver-1]: process started with pid [16892]
[INFO] [robot_state_publisher-2]: process started with pid [16894]
[INFO] [spawner-3]: process started with pid [16896]
[INFO] [spawner-4]: process started with pid [16898]
[INFO] [spawn_entity.py-5]: process started with pid [16900]
[INFO] [ros2-6]: process started with pid [16902]
[INFO] [ros2-7]: process started with pid [16904]
[INFO] [ros2-8]: process started with pid [16906]
[INFO] [ros2-9]: process started with pid [16908]
[INFO] [ros2-10]: process started with pid [16910]
[INFO] [ros2-11]: process started with pid [16912]
[INFO] [ros2-12]: process started with pid [16914]
[robot_state_publisher-2] [INFO] [1781123391.925263069] [robot_state_publisher_node]: got segment base_footprint
[robot_state_publisher-2] [INFO] [1781123391.926113279] [robot_state_publisher_node]: got segment base_link
[robot_state_publisher-2] [INFO] [1781123391.926606173] [robot_state_publisher_node]: got segment base_scan
[robot_state_publisher-2] [INFO] [1781123391.926622500] [robot_state_publisher_node]: got segment caster_wheel
[robot_state_publisher-2] [INFO] [1781123391.926631446] [robot_state_publisher_node]: got segment imu_link
[robot_state_publisher-2] [INFO] [1781123391.926639512] [robot_state_publisher_node]: got segment rotating_frame_link
[robot_state_publisher-2] [INFO] [1781123391.926647116] [robot_state_publisher_node]: got segment sensor_link
[robot_state_publisher-2] [INFO] [1781123391.926656837] [robot_state_publisher_node]: got segment wheel_left_link
[robot_state_publisher-2] [INFO] [1781123391.926664506] [robot_state_publisher_node]: got segment wheel_right_link
[gzserver-1] Gazebo multi-robot simulator, version 11.10.2
[gzserver-1] Copyright (C) 2012 Open Source Robotics Foundation.
[gzserver-1] Released under the Apache 2 License.
[gzserver-1] http://gazebosim.org
[gzserver-1] 
[spawner-4] [INFO] [1781123392.460899466] [spawner_velocity_controller]: waiting for service /controller_manager/list_controllers to become available...
[spawner-3] [INFO] [1781123392.470107959] [spawner_joint_state_broadcaster]: waiting for service /controller_manager/list_controllers to become available...
[spawn_entity.py-5] [INFO] [1781123392.607201062] [spawn_entity]: Spawn Entity started
[spawn_entity.py-5] [INFO] [1781123392.608539786] [spawn_entity]: Loading entity published on topic /robot_description
[spawn_entity.py-5] [INFO] [1781123392.612548289] [spawn_entity]: Waiting for entity xml on /robot_description
[spawn_entity.py-5] [INFO] [1781123392.625730018] [spawn_entity]: Waiting for service /spawn_entity, timeout = 30
[spawn_entity.py-5] [INFO] [1781123392.626293009] [spawn_entity]: Waiting for service /spawn_entity
[gzserver-1] [1;33m[Wrn] [gazebo_ros_init.cpp:178] [0m[1;33m
[gzserver-1] #     # ####### ####### ###  #####  #######
[gzserver-1] ##    # #     #    #     #  #     # #
[gzserver-1] # #   # #     #    #     #  #       #
[gzserver-1] #  #  # #     #    #     #  #       #####
[gzserver-1] #   # # #     #    #     #  #       #
[gzserver-1] #    ## #     #    #     #  #     # #
[gzserver-1] #     # #######    #    ###  #####  #######
[gzserver-1] 
[gzserver-1] This version of Gazebo, now called Gazebo classic, reaches end-of-life
[gzserver-1] in January 2025. Users are highly encouraged to migrate to the new Gazebo
[gzserver-1] using our migration guides (https://gazebosim.org/docs/latest/gazebo_classic_migration?utm_source=gazebo_ros_pkgs&utm_medium=cli)
[gzserver-1] 
[gzserver-1] [0m[1;33m
[gzserver-1] [1;32m[Msg] [0m[1;32mWaiting for master.[0m[1;32m
[gzserver-1] [0m[1;32m[0m[1;32m[0m[1;32m[Msg] [0m[1;32mConnected to gazebo master @ [0m[1;32mhttp://127.0.0.1:12241[0m[1;32m
[gzserver-1] [0m[1;32m[0m[1;32m[0m[1;32m[Msg] [0m[1;32mPublicized address: [0m[1;32m10.130.191.118[0m[1;32m
[gzserver-1] [0m[1;33m[0m[1;33m[0m[1;33m[Wrn] [FuelModelDatabase.cc:313] [0m[1;33mURI not supported by Fuel [[0m[1;33mworlds/gazebo_empty.world[0m[1;33m][0m[1;33m
[gzserver-1] [0m[1;33m[0m[1;33m[0m[1;33m[Wrn] [SystemPaths.cc:459] [0m[1;33mFile or path does not exist [[0m[1;33m""[0m[1;33m] [[0m[1;33mworlds/gazebo_empty.world[0m[1;33m][0m[1;33m
[gzserver-1] [0m[1;33m[0m[1;33m[0m[1;31m[Err] [Server.cc:472] [0m[1;31mCould not open file[[0m[1;31mworlds/gazebo_empty.world[0m[1;31m]
[gzserver-1] [0m[1;33m[Wrn] [Server.cc:381] [0m[1;33mFalling back on worlds/empty.world
[spawn_entity.py-5] [INFO] [1781123393.383496177] [spawn_entity]: Calling service /spawn_entity
[spawn_entity.py-5] [INFO] [1781123393.521773006] [spawn_entity]: Spawn status: SpawnEntity: Successfully spawned entity [turtlebot3]
[gzserver-1] [0m[INFO] [1781123393.542229529] [turtlebot3_diff_drive]: Wheel pair 1 separation set to [0.160000m]
[gzserver-1] [INFO] [1781123393.542676836] [turtlebot3_diff_drive]: Wheel pair 1 diameter set to [0.066000m]
[gzserver-1] [INFO] [1781123393.544213227] [turtlebot3_diff_drive]: Subscribed to [/cmd_vel]
[gzserver-1] [INFO] [1781123393.546754974] [turtlebot3_diff_drive]: Advertise odometry on [/odom]
[gzserver-1] [INFO] [1781123393.549768190] [turtlebot3_diff_drive]: Publishing odom transforms between [odom] and [base_footprint]
[gzserver-1] [INFO] [1781123393.561146103] [turtlebot3_joint_state]: Going to publish joint [rotating_frame_joint]
[gzserver-1] [INFO] [1781123393.583179301] [gazebo_ros2_control]: Loading gazebo_ros2_control plugin
[gzserver-1] [INFO] [1781123393.588411043] [gazebo_ros2_control]: Starting gazebo_ros2_control plugin in namespace: /
[gzserver-1] [INFO] [1781123393.588468683] [gazebo_ros2_control]: Starting gazebo_ros2_control plugin in ros 2 node: gazebo_ros2_control
[gzserver-1] [INFO] [1781123393.592364916] [gazebo_ros2_control]: connected to service!! /robot_state_publisher_node
[gzserver-1] [INFO] [1781123393.592806810] [gazebo_ros2_control]: Received urdf from param server, parsing...
[gzserver-1] [INFO] [1781123393.592837371] [gazebo_ros2_control]: Loading parameter files /home/mattb/dsim-lab/ros2_ws/install/turtlebot3_rotating_sensor/share/turtlebot3_rotating_sensor/controller_config/joint_controller.yaml
[gzserver-1] [INFO] [1781123393.602159339] [gazebo_ros2_control]: Loading joint: rotating_frame_joint
[gzserver-1] [INFO] [1781123393.602189893] [gazebo_ros2_control]: 	State:
[gzserver-1] [INFO] [1781123393.602204155] [gazebo_ros2_control]: 		 position
[gzserver-1] [INFO] [1781123393.602253349] [gazebo_ros2_control]: 			 found initial value: 0.000000
[gzserver-1] [INFO] [1781123393.602267335] [gazebo_ros2_control]: 		 velocity
[gzserver-1] [INFO] [1781123393.602279601] [gazebo_ros2_control]: 			 found initial value: 0.000000
[gzserver-1] [INFO] [1781123393.602294755] [gazebo_ros2_control]: 	Command:
[gzserver-1] [INFO] [1781123393.602324958] [gazebo_ros2_control]: 		 velocity
[gzserver-1] [INFO] [1781123393.602620530] [resource_manager]: Initialize hardware 'GazeboSystem' 
[gzserver-1] [INFO] [1781123393.602811529] [resource_manager]: Successful initialization of hardware 'GazeboSystem'
[gzserver-1] [INFO] [1781123393.602910282] [resource_manager]: 'configure' hardware 'GazeboSystem' 
[gzserver-1] [INFO] [1781123393.602917890] [resource_manager]: Successful 'configure' of hardware 'GazeboSystem'
[gzserver-1] [INFO] [1781123393.602922718] [resource_manager]: 'activate' hardware 'GazeboSystem' 
[gzserver-1] [INFO] [1781123393.602927620] [resource_manager]: Successful 'activate' of hardware 'GazeboSystem'
[gzserver-1] [INFO] [1781123393.602981296] [gazebo_ros2_control]: Loading controller_manager
[gzserver-1] [WARN] [1781123393.627195156] [gazebo_ros2_control]:  Desired controller update period (0.01 s) is slower than the gazebo simulation period (0.001 s).
[gzserver-1] [INFO] [1781123393.627374464] [gazebo_ros2_control]: Loaded gazebo_ros2_control.
[INFO] [spawn_entity.py-5]: process has finished cleanly [pid 16900]
[gzserver-1] [INFO] [1781123393.715510840] [controller_manager]: Loading controller 'velocity_controller'
[spawner-4] [INFO] [1781123393.740894194] [spawner_velocity_controller]: [94mLoaded [1mvelocity_controller[0m
[gzserver-1] [INFO] [1781123393.741670148] [controller_manager]: Loading controller 'joint_state_broadcaster'
[gzserver-1] [INFO] [1781123393.760088393] [controller_manager]: Configuring controller 'velocity_controller'
[spawner-3] [INFO] [1781123393.761081646] [spawner_joint_state_broadcaster]: [94mLoaded [1mjoint_state_broadcaster[0m
[gzserver-1] [INFO] [1781123393.762078790] [velocity_controller]: configure successful
[gzserver-1] [INFO] [1781123393.770190002] [controller_manager]: Configuring controller 'joint_state_broadcaster'
[gzserver-1] [INFO] [1781123393.770253112] [joint_state_broadcaster]: 'joints' or 'interfaces' parameter is empty. All available state interfaces will be published
[gzserver-1] [INFO] [1781123393.789801703] [velocity_controller]: activate successful
[spawner-4] [INFO] [1781123393.800861782] [spawner_velocity_controller]: [92mConfigured and activated [1mvelocity_controller[0m
[spawner-3] [INFO] [1781123393.820841113] [spawner_joint_state_broadcaster]: [92mConfigured and activated [1mjoint_state_broadcaster[0m
[INFO] [spawner-4]: process has finished cleanly [pid 16898]
[INFO] [spawner-3]: process has finished cleanly [pid 16896]
[gzserver-1] [0m[1;32m[0m[1;32m[0m[1;32m[Msg] [0m[1;32mLoading world file [[0m[1;32m/usr/share/gazebo-11/worlds/empty.world[0m[1;32m][0m[1;32m
