Running HBESC scenario: /home/mattb/dsim-lab/experiments/hbesc_gaussian_fill_study/results/runs/20260610T010918Z_phase3_qrt_vwz_low_vx_real_wz_execute/configs/scenario_used.json
Scenario name: phase3_qrt_vwz_low_vx_real_wz
Description: Phase 3 vx/wz sensitivity: low vx limit with real angular limit on representative convex quartic.
Starting >>> ros_esc
Starting >>> ros_esc_interfaces
Starting >>> turtlebot3_rotating_sensor
Finished <<< turtlebot3_rotating_sensor [0.39s]
Finished <<< ros_esc_interfaces [0.75s]
Finished <<< ros_esc [1.07s]

Summary: 3 packages finished [1.39s]
[INFO] [launch]: All log files can be found below /home/mattb/dsim-lab/experiments/hbesc_gaussian_fill_study/results/runs/20260610T010918Z_phase3_qrt_vwz_low_vx_real_wz_execute/logs/ros/2026-06-09-18-09-20-875684-ubuntu-ssd-39610
[INFO] [launch]: Default logging verbosity is set to INFO
[INFO] [gazebo-1]: process started with pid [39614]
[INFO] [robot_state_publisher-2]: process started with pid [39616]
[INFO] [spawner-3]: process started with pid [39618]
[INFO] [spawner-4]: process started with pid [39620]
[INFO] [spawn_entity.py-5]: process started with pid [39622]
[INFO] [ros2-6]: process started with pid [39624]
[INFO] [ros2-7]: process started with pid [39626]
[INFO] [ros2-8]: process started with pid [39628]
[INFO] [ros2-9]: process started with pid [39630]
[INFO] [ros2-10]: process started with pid [39632]
[INFO] [ros2-11]: process started with pid [39634]
[INFO] [ros2-12]: process started with pid [39636]
[robot_state_publisher-2] [INFO] [1781053761.235227629] [robot_state_publisher_node]: got segment base_footprint
[robot_state_publisher-2] [INFO] [1781053761.236075163] [robot_state_publisher_node]: got segment base_link
[robot_state_publisher-2] [INFO] [1781053761.236103032] [robot_state_publisher_node]: got segment base_scan
[robot_state_publisher-2] [INFO] [1781053761.236115410] [robot_state_publisher_node]: got segment caster_wheel
[robot_state_publisher-2] [INFO] [1781053761.236125844] [robot_state_publisher_node]: got segment imu_link
[robot_state_publisher-2] [INFO] [1781053761.236135233] [robot_state_publisher_node]: got segment rotating_frame_link
[robot_state_publisher-2] [INFO] [1781053761.236146906] [robot_state_publisher_node]: got segment sensor_link
[robot_state_publisher-2] [INFO] [1781053761.236156795] [robot_state_publisher_node]: got segment wheel_left_link
[robot_state_publisher-2] [INFO] [1781053761.236168074] [robot_state_publisher_node]: got segment wheel_right_link
[spawner-3] [INFO] [1781053761.838358600] [spawner_joint_state_broadcaster]: waiting for service /controller_manager/list_controllers to become available...
[spawner-4] [INFO] [1781053761.877817747] [spawner_velocity_controller]: waiting for service /controller_manager/list_controllers to become available...
[spawn_entity.py-5] [INFO] [1781053761.889187638] [spawn_entity]: Spawn Entity started
[spawn_entity.py-5] [INFO] [1781053761.889850114] [spawn_entity]: Loading entity published on topic /robot_description
[spawn_entity.py-5] [INFO] [1781053761.893534302] [spawn_entity]: Waiting for entity xml on /robot_description
[spawn_entity.py-5] [INFO] [1781053761.904313785] [spawn_entity]: Waiting for service /spawn_entity, timeout = 30
[spawn_entity.py-5] [INFO] [1781053761.904871386] [spawn_entity]: Waiting for service /spawn_entity
[gazebo-1] Gazebo multi-robot simulator, version 11.10.2
[gazebo-1] Copyright (C) 2012 Open Source Robotics Foundation.
[gazebo-1] Released under the Apache 2 License.
[gazebo-1] http://gazebosim.org
[gazebo-1] 
[gazebo-1] Gazebo multi-robot simulator, version 11.10.2
[gazebo-1] Copyright (C) 2012 Open Source Robotics Foundation.
[gazebo-1] Released under the Apache 2 License.
[gazebo-1] http://gazebosim.org
[gazebo-1] 
[gazebo-1] [1;33m[Wrn] [gazebo_ros_init.cpp:178] [0m[1;33m
[gazebo-1] #     # ####### ####### ###  #####  #######
[gazebo-1] ##    # #     #    #     #  #     # #
[gazebo-1] # #   # #     #    #     #  #       #
[gazebo-1] #  #  # #     #    #     #  #       #####
[gazebo-1] #   # # #     #    #     #  #       #
[gazebo-1] #    ## #     #    #     #  #     # #
[gazebo-1] #     # #######    #    ###  #####  #######
[gazebo-1] 
[gazebo-1] This version of Gazebo, now called Gazebo classic, reaches end-of-life
[gazebo-1] in January 2025. Users are highly encouraged to migrate to the new Gazebo
[gazebo-1] using our migration guides (https://gazebosim.org/docs/latest/gazebo_classic_migration?utm_source=gazebo_ros_pkgs&utm_medium=cli)
[gazebo-1] 
[gazebo-1] [0m[1;33m
[gazebo-1] [1;32m[Msg] [0m[1;32mWaiting for master.[0m[1;32m
[gazebo-1] [0m[1;32m[0m[1;32m[0m[1;32m[Msg] [0m[1;32mConnected to gazebo master @ [0m[1;32mhttp://127.0.0.1:12261[0m[1;32m
[gazebo-1] [0m[1;32m[0m[1;32m[0m[1;32m[Msg] [0m[1;32mPublicized address: [0m[1;32m192.168.44.106[0m[1;32m
[gazebo-1] [0m[1;33m[0m[1;33m[0m[1;33m[Wrn] [FuelModelDatabase.cc:313] [0m[1;33mURI not supported by Fuel [[0m[1;33mworlds/gazebo_empty.world[0m[1;33m][0m[1;33m
[gazebo-1] [0m[1;33m[0m[1;33m[0m[1;33m[Wrn] [SystemPaths.cc:459] [0m[1;33mFile or path does not exist [[0m[1;33m""[0m[1;33m] [[0m[1;33mworlds/gazebo_empty.world[0m[1;33m][0m[1;33m
[gazebo-1] [0m[1;33m[0m[1;33m[0m[1;31m[Err] [Server.cc:472] [0m[1;31mCould not open file[[0m[1;31mworlds/gazebo_empty.world[0m[1;31m]
[gazebo-1] [0m[1;33m[Wrn] [Server.cc:381] [0m[1;33mFalling back on worlds/empty.world
[spawn_entity.py-5] [INFO] [1781053762.914117962] [spawn_entity]: Calling service /spawn_entity
[spawn_entity.py-5] [INFO] [1781053763.039783019] [spawn_entity]: Spawn status: SpawnEntity: Successfully spawned entity [turtlebot3]
[gazebo-1] [0m[INFO] [1781053763.060156062] [turtlebot3_diff_drive]: Wheel pair 1 separation set to [0.160000m]
[gazebo-1] [INFO] [1781053763.060581314] [turtlebot3_diff_drive]: Wheel pair 1 diameter set to [0.066000m]
[gazebo-1] [INFO] [1781053763.061894950] [turtlebot3_diff_drive]: Subscribed to [/cmd_vel]
[gazebo-1] [INFO] [1781053763.063932150] [turtlebot3_diff_drive]: Advertise odometry on [/odom]
[gazebo-1] [INFO] [1781053763.066772998] [turtlebot3_diff_drive]: Publishing odom transforms between [odom] and [base_footprint]
[gazebo-1] [INFO] [1781053763.078755893] [turtlebot3_joint_state]: Going to publish joint [rotating_frame_joint]
[gazebo-1] [INFO] [1781053763.102313458] [gazebo_ros2_control]: Loading gazebo_ros2_control plugin
[gazebo-1] [INFO] [1781053763.107597922] [gazebo_ros2_control]: Starting gazebo_ros2_control plugin in namespace: /
[gazebo-1] [INFO] [1781053763.107643587] [gazebo_ros2_control]: Starting gazebo_ros2_control plugin in ros 2 node: gazebo_ros2_control
[gazebo-1] [INFO] [1781053763.111313236] [gazebo_ros2_control]: connected to service!! /robot_state_publisher_node
[gazebo-1] [INFO] [1781053763.111792202] [gazebo_ros2_control]: Received urdf from param server, parsing...
[gazebo-1] [INFO] [1781053763.111844448] [gazebo_ros2_control]: Loading parameter files /home/mattb/dsim-lab/ros2_ws/install/turtlebot3_rotating_sensor/share/turtlebot3_rotating_sensor/controller_config/joint_controller.yaml
[gazebo-1] [INFO] [1781053763.121279283] [gazebo_ros2_control]: Loading joint: rotating_frame_joint
[gazebo-1] [INFO] [1781053763.121326961] [gazebo_ros2_control]: 	State:
[gazebo-1] [INFO] [1781053763.121340029] [gazebo_ros2_control]: 		 position
[gazebo-1] [INFO] [1781053763.121353581] [gazebo_ros2_control]: 			 found initial value: 0.000000
[gazebo-1] [INFO] [1781053763.121368253] [gazebo_ros2_control]: 		 velocity
[gazebo-1] [INFO] [1781053763.121378880] [gazebo_ros2_control]: 			 found initial value: 0.000000
[gazebo-1] [INFO] [1781053763.121390152] [gazebo_ros2_control]: 	Command:
[gazebo-1] [INFO] [1781053763.121415543] [gazebo_ros2_control]: 		 velocity
[gazebo-1] [INFO] [1781053763.121643151] [resource_manager]: Initialize hardware 'GazeboSystem' 
[gazebo-1] [INFO] [1781053763.121852589] [resource_manager]: Successful initialization of hardware 'GazeboSystem'
[gazebo-1] [INFO] [1781053763.121983207] [resource_manager]: 'configure' hardware 'GazeboSystem' 
[gazebo-1] [INFO] [1781053763.121998534] [resource_manager]: Successful 'configure' of hardware 'GazeboSystem'
[gazebo-1] [INFO] [1781053763.122007252] [resource_manager]: 'activate' hardware 'GazeboSystem' 
[gazebo-1] [INFO] [1781053763.122015503] [resource_manager]: Successful 'activate' of hardware 'GazeboSystem'
[gazebo-1] [INFO] [1781053763.122096862] [gazebo_ros2_control]: Loading controller_manager
[gazebo-1] [WARN] [1781053763.146875836] [gazebo_ros2_control]:  Desired controller update period (0.01 s) is slower than the gazebo simulation period (0.001 s).
[gazebo-1] [INFO] [1781053763.147135074] [gazebo_ros2_control]: Loaded gazebo_ros2_control.
[INFO] [spawn_entity.py-5]: process has finished cleanly [pid 39622]
[gazebo-1] [INFO] [1781053763.342397089] [controller_manager]: Loading controller 'joint_state_broadcaster'
[spawner-3] [INFO] [1781053763.359698021] [spawner_joint_state_broadcaster]: [94mLoaded [1mjoint_state_broadcaster[0m
[gazebo-1] [INFO] [1781053763.360674816] [controller_manager]: Configuring controller 'joint_state_broadcaster'
[gazebo-1] [INFO] [1781053763.361166421] [joint_state_broadcaster]: 'joints' or 'interfaces' parameter is empty. All available state interfaces will be published
[spawner-3] [INFO] [1781053763.390252168] [spawner_joint_state_broadcaster]: [92mConfigured and activated [1mjoint_state_broadcaster[0m
[gazebo-1] [INFO] [1781053763.391482788] [controller_manager]: Loading controller 'velocity_controller'
[spawner-4] [INFO] [1781053763.412137517] [spawner_velocity_controller]: [94mLoaded [1mvelocity_controller[0m
[gazebo-1] [INFO] [1781053763.413496128] [controller_manager]: Configuring controller 'velocity_controller'
[gazebo-1] [INFO] [1781053763.414938831] [velocity_controller]: configure successful
[gazebo-1] [INFO] [1781053763.430986985] [velocity_controller]: activate successful
[spawner-4] [INFO] [1781053763.441876961] [spawner_velocity_controller]: [92mConfigured and activated [1mvelocity_controller[0m
[INFO] [spawner-3]: process has finished cleanly [pid 39618]
[INFO] [spawner-4]: process has finished cleanly [pid 39620]
[gazebo-1] [0m[1;32m[0m[1;32m[0m[1;32m[Msg] [0m[1;32mWaiting for master.[0m[1;32m
[gazebo-1] [0m[1;32m[0m[1;32m[0m[1;32m[Msg] [0m[1;32mConnected to gazebo master @ [0m[1;32mhttp://127.0.0.1:12261[0m[1;32m
[gazebo-1] [0m[1;32m[0m[1;32m[0m[1;32m[Msg] [0m[1;32mPublicized address: [0m[1;32m192.168.44.106[0m[1;32m
[gazebo-1] [0m[1;32m[0m[1;32m[0m[1;32m[Msg] [0m[1;32mWarning: Ignoring XDG_SESSION_TYPE=wayland on Gnome. Use QT_QPA_PLATFORM=wayland to run on Wayland anyway.[0m[1;32m
[gazebo-1] [1;33m[Wrn] [Event.cc:61] [0m[1;33mWarning: Deleting a connection right after creation. [0m[1;33mMake sure to save the ConnectionPtr from a Connect call
[ros2-12] No artists with labels found to put in legend.  Note that artists whose label start with an underscore are ignored when legend() is called with no argument.
[gazebo-1] [0m[1;32m[0m[1;32m[0m[1;32m[Msg] [0m[1;32mLoading world file [[0m[1;32m/usr/share/gazebo-11/worlds/empty.world[0m[1;32m][0m[1;32m
