Running HBESC scenario: /home/mattb/dsim-lab/experiments/hbesc_gaussian_fill_study/results/runs/20260609T223918Z_phase2_smoke_quartic_baseline_execute/configs/scenario_used.json
Scenario name: phase2_smoke_quartic_baseline
Description: Short Phase 2 smoke scenario scaffold for baseline HBESC on the quartic bowl. stop_rule_sec is metadata until the Phase 2 harness enforces sim-time termination.
Starting >>> ros_esc
Starting >>> ros_esc_interfaces
Starting >>> turtlebot3_rotating_sensor
Finished <<< turtlebot3_rotating_sensor [0.41s]
Finished <<< ros_esc_interfaces [0.82s]
Finished <<< ros_esc [1.10s]

Summary: 3 packages finished [1.43s]
[INFO] [launch]: All log files can be found below /home/mattb/dsim-lab/experiments/hbesc_gaussian_fill_study/results/runs/20260609T223918Z_phase2_smoke_quartic_baseline_execute/logs/ros/2026-06-09-15-39-21-214405-ubuntu-ssd-18270
[INFO] [launch]: Default logging verbosity is set to INFO
[INFO] [gazebo-1]: process started with pid [18272]
[INFO] [robot_state_publisher-2]: process started with pid [18274]
[INFO] [spawner-3]: process started with pid [18276]
[INFO] [spawner-4]: process started with pid [18278]
[INFO] [spawn_entity.py-5]: process started with pid [18280]
[INFO] [ros2-6]: process started with pid [18282]
[INFO] [ros2-7]: process started with pid [18284]
[INFO] [ros2-8]: process started with pid [18286]
[INFO] [ros2-9]: process started with pid [18288]
[INFO] [ros2-10]: process started with pid [18290]
[INFO] [ros2-11]: process started with pid [18294]
[INFO] [ros2-12]: process started with pid [18296]
[robot_state_publisher-2] [INFO] [1781044761.598748653] [robot_state_publisher_node]: got segment base_footprint
[robot_state_publisher-2] [INFO] [1781044761.598977400] [robot_state_publisher_node]: got segment base_link
[robot_state_publisher-2] [INFO] [1781044761.599001334] [robot_state_publisher_node]: got segment base_scan
[robot_state_publisher-2] [INFO] [1781044761.599019055] [robot_state_publisher_node]: got segment caster_wheel
[robot_state_publisher-2] [INFO] [1781044761.599027176] [robot_state_publisher_node]: got segment imu_link
[robot_state_publisher-2] [INFO] [1781044761.599043353] [robot_state_publisher_node]: got segment rotating_frame_link
[robot_state_publisher-2] [INFO] [1781044761.599059138] [robot_state_publisher_node]: got segment sensor_link
[robot_state_publisher-2] [INFO] [1781044761.599075386] [robot_state_publisher_node]: got segment wheel_left_link
[robot_state_publisher-2] [INFO] [1781044761.599084893] [robot_state_publisher_node]: got segment wheel_right_link
[spawner-3] [WARN] [1781044762.203649996] [spawner_joint_state_broadcaster]: [93mController already loaded, skipping load_controller[0m
[spawner-3] [ERROR] [1781044762.209516910] [spawner_joint_state_broadcaster]: [91mFailed to configure controller[0m
[spawner-4] [INFO] [1781044762.265773008] [spawner_velocity_controller]: waiting for service /controller_manager/list_controllers to become available...
[ERROR] [spawner-3]: process has died [pid 18276, exit code 1, cmd '/opt/ros/humble/lib/controller_manager/spawner joint_state_broadcaster --ros-args'].
[spawn_entity.py-5] [INFO] [1781044762.458726465] [spawn_entity]: Spawn Entity started
[spawn_entity.py-5] [INFO] [1781044762.460670170] [spawn_entity]: Loading entity published on topic /robot_description
[spawn_entity.py-5] [INFO] [1781044762.465375425] [spawn_entity]: Waiting for entity xml on /robot_description
[gazebo-1] Gazebo multi-robot simulator, version 11.10.2
[gazebo-1] Copyright (C) 2012 Open Source Robotics Foundation.
[gazebo-1] Released under the Apache 2 License.
[gazebo-1] http://gazebosim.org
[gazebo-1] 
[spawn_entity.py-5] [INFO] [1781044762.478629907] [spawn_entity]: Waiting for service /spawn_entity, timeout = 30
[spawn_entity.py-5] [INFO] [1781044762.479192018] [spawn_entity]: Waiting for service /spawn_entity
[spawn_entity.py-5] [INFO] [1781044762.486840222] [spawn_entity]: Calling service /spawn_entity
[spawner-4] [WARN] [1781044762.519678262] [spawner_velocity_controller]: [93mController already loaded, skipping load_controller[0m
[spawner-4] [ERROR] [1781044762.525209330] [spawner_velocity_controller]: [91mFailed to configure controller[0m
[spawn_entity.py-5] [INFO] [1781044762.528476319] [spawn_entity]: Spawn status: Entity [turtlebot3] already exists.
[spawn_entity.py-5] [ERROR] [1781044762.530463900] [spawn_entity]: Spawn service failed. Exiting.
[gazebo-1] Gazebo multi-robot simulator, version 11.10.2
[gazebo-1] Copyright (C) 2012 Open Source Robotics Foundation.
[gazebo-1] Released under the Apache 2 License.
[gazebo-1] http://gazebosim.org
[gazebo-1] 
[gazebo-1] [1;31m[Err] [Master.cc:96] [0m[1;31mEXCEPTION: [0m[1;31mUnable to start server[bind: Address already in use]. There is probably another Gazebo process running.
[gazebo-1] [0m[1;31m
[gazebo-1] [0m[1;31m[0m[1;31m[0m[1;31m[Err] [Master.cc:96] [0m[1;31mEXCEPTION: [0m[1;31mUnable to start server[bind: Address already in use]. There is probably another Gazebo process running.
[gazebo-1] [0m[1;31m
[ERROR] [gazebo-1]: process has died [pid 18272, exit code 255, cmd 'gazebo --verbose -s libgazebo_ros_init.so -s libgazebo_ros_factory.so worlds/gazebo_empty.world'].
[gazebo-1] [1;36m[0m[1;32m[0m
[gazebo-1] [0m[1;31m[0m[1;31m[0m[1;33m[0m[1;31m[0m
[ERROR] [spawner-4]: process has died [pid 18278, exit code 1, cmd '/opt/ros/humble/lib/controller_manager/spawner velocity_controller --ros-args'].
[ERROR] [spawn_entity.py-5]: process has died [pid 18280, exit code 1, cmd '/opt/ros/humble/lib/gazebo_ros/spawn_entity.py -topic=/robot_description -entity turtlebot3 -x 0 -y 0 -z 0 -R 0 -P 0 -Y 0 --ros-args -r __node:=spawn_entity'].
[INFO] [ros2-12]: process has finished cleanly [pid 18296]
