Running HBESC scenario: /home/mattb/dsim-lab/experiments/hbesc_gaussian_fill_study/results/runs/20260609T234054Z_phase3_qrt_b_hb_execute/configs/scenario_used.json
Scenario name: phase3_qrt_b_hb
Description: Phase 3 quartic double-well baseline local-basin candidate.
Starting >>> ros_esc
Starting >>> ros_esc_interfaces
Starting >>> turtlebot3_rotating_sensor
Finished <<< turtlebot3_rotating_sensor [0.45s]
Finished <<< ros_esc_interfaces [0.88s]
Finished <<< ros_esc [1.19s]

Summary: 3 packages finished [1.64s]
[INFO] [launch]: All log files can be found below /home/mattb/dsim-lab/experiments/hbesc_gaussian_fill_study/results/runs/20260609T234054Z_phase3_qrt_b_hb_execute/logs/ros/2026-06-09-16-40-56-925793-ubuntu-ssd-28381
[INFO] [launch]: Default logging verbosity is set to INFO
[INFO] [gazebo-1]: process started with pid [28383]
[INFO] [robot_state_publisher-2]: process started with pid [28385]
[INFO] [spawner-3]: process started with pid [28387]
[INFO] [spawner-4]: process started with pid [28389]
[INFO] [spawn_entity.py-5]: process started with pid [28391]
[INFO] [ros2-6]: process started with pid [28393]
[INFO] [ros2-7]: process started with pid [28395]
[INFO] [ros2-8]: process started with pid [28397]
[INFO] [ros2-9]: process started with pid [28399]
[INFO] [ros2-10]: process started with pid [28401]
[INFO] [ros2-11]: process started with pid [28403]
[INFO] [ros2-12]: process started with pid [28407]
[robot_state_publisher-2] [INFO] [1781048457.402655115] [robot_state_publisher_node]: got segment base_footprint
[robot_state_publisher-2] [INFO] [1781048457.402827927] [robot_state_publisher_node]: got segment base_link
[robot_state_publisher-2] [INFO] [1781048457.402851736] [robot_state_publisher_node]: got segment base_scan
[robot_state_publisher-2] [INFO] [1781048457.402867380] [robot_state_publisher_node]: got segment caster_wheel
[robot_state_publisher-2] [INFO] [1781048457.402881692] [robot_state_publisher_node]: got segment imu_link
[robot_state_publisher-2] [INFO] [1781048457.402895275] [robot_state_publisher_node]: got segment rotating_frame_link
[robot_state_publisher-2] [INFO] [1781048457.402909068] [robot_state_publisher_node]: got segment sensor_link
[robot_state_publisher-2] [INFO] [1781048457.402922073] [robot_state_publisher_node]: got segment wheel_left_link
[robot_state_publisher-2] [INFO] [1781048457.402945667] [robot_state_publisher_node]: got segment wheel_right_link
[spawner-3] [WARN] [1781048458.031150944] [spawner_joint_state_broadcaster]: [93mController already loaded, skipping load_controller[0m
[spawner-3] [ERROR] [1781048458.040427243] [spawner_joint_state_broadcaster]: [91mFailed to configure controller[0m
[gazebo-1] Gazebo multi-robot simulator, version 11.10.2
[gazebo-1] Copyright (C) 2012 Open Source Robotics Foundation.
[gazebo-1] Released under the Apache 2 License.
[gazebo-1] http://gazebosim.org
[gazebo-1] 
[spawn_entity.py-5] [INFO] [1781048458.314537012] [spawn_entity]: Spawn Entity started
[spawn_entity.py-5] [INFO] [1781048458.315201539] [spawn_entity]: Loading entity published on topic /robot_description
[spawn_entity.py-5] [INFO] [1781048458.319646606] [spawn_entity]: Waiting for entity xml on /robot_description
[spawner-4] [WARN] [1781048458.332667129] [spawner_velocity_controller]: [93mController already loaded, skipping load_controller[0m
[spawn_entity.py-5] [INFO] [1781048458.337556776] [spawn_entity]: Waiting for service /spawn_entity, timeout = 30
[spawn_entity.py-5] [INFO] [1781048458.338174907] [spawn_entity]: Waiting for service /spawn_entity
[spawner-4] [ERROR] [1781048458.338271218] [spawner_velocity_controller]: [91mFailed to configure controller[0m
[ERROR] [spawner-3]: process has died [pid 28387, exit code 1, cmd '/opt/ros/humble/lib/controller_manager/spawner joint_state_broadcaster --ros-args'].
[spawn_entity.py-5] [INFO] [1781048458.349274796] [spawn_entity]: Calling service /spawn_entity
[spawn_entity.py-5] [INFO] [1781048458.389695925] [spawn_entity]: Spawn status: Entity [turtlebot3] already exists.
[spawn_entity.py-5] [ERROR] [1781048458.390374518] [spawn_entity]: Spawn service failed. Exiting.
[gazebo-1] Gazebo multi-robot simulator, version 11.10.2
[gazebo-1] Copyright (C) 2012 Open Source Robotics Foundation.
[gazebo-1] Released under the Apache 2 License.
[gazebo-1] http://gazebosim.org
[gazebo-1] 
[gazebo-1] [1;31m[Err] [Master.cc:96] [0m[1;31mEXCEPTION: [0m[1;31mUnable to start server[bind: Address already in use]. There is probably another Gazebo process running.
[gazebo-1] [0m[1;31m
[gazebo-1] [0m[1;31m[0m[1;31m[0m[1;31m[Err] [Master.cc:96] [0m[1;31mEXCEPTION: [0m[1;31mUnable to start server[bind: Address already in use]. There is probably another Gazebo process running.
[gazebo-1] [0m[1;31m
[ERROR] [gazebo-1]: process has died [pid 28383, exit code 255, cmd 'gazebo --verbose -s libgazebo_ros_init.so -s libgazebo_ros_factory.so worlds/gazebo_empty.world'].
[gazebo-1] [1;36m[0m[1;32m[0m
[gazebo-1] [0m[1;31m[0m[1;31m[0m[1;33m[0m[1;31m[0m
[ERROR] [spawner-4]: process has died [pid 28389, exit code 1, cmd '/opt/ros/humble/lib/controller_manager/spawner velocity_controller --ros-args'].
[ERROR] [spawn_entity.py-5]: process has died [pid 28391, exit code 1, cmd '/opt/ros/humble/lib/gazebo_ros/spawn_entity.py -topic=/robot_description -entity turtlebot3 -x 1 -y 1 -z 0 -R 0 -P 0 -Y 0 --ros-args -r __node:=spawn_entity'].
[ros2-12] No artists with labels found to put in legend.  Note that artists whose label start with an underscore are ignored when legend() is called with no argument.
