Running HBESC scenario: /home/mattb/dsim-lab/experiments/hbesc_gaussian_fill_study/results/runs/20260610T204702Z_phase4_gain_hb_k_low_execute/configs/scenario_used.json
Scenario name: phase4_gain_hb_k_low
Description: Phase 4 one-at-a-time HBESC gain sensitivity: HeavyBall k low on the representative convex quartic bowl.
Starting >>> ros_esc
Starting >>> ros_esc_interfaces
Starting >>> turtlebot3_rotating_sensor
Finished <<< turtlebot3_rotating_sensor [0.35s]
Finished <<< ros_esc_interfaces [0.75s]
Finished <<< ros_esc [1.03s]

Summary: 3 packages finished [1.33s]
[INFO] [launch]: All log files can be found below /home/mattb/dsim-lab/experiments/hbesc_gaussian_fill_study/results/runs/20260610T204702Z_phase4_gain_hb_k_low_execute/logs/ros/2026-06-10-13-47-04-462400-ubuntu-ssd-18547
[INFO] [launch]: Default logging verbosity is set to INFO
[INFO] [gzserver-1]: process started with pid [18549]
[INFO] [robot_state_publisher-2]: process started with pid [18551]
[INFO] [spawner-3]: process started with pid [18553]
[INFO] [spawner-4]: process started with pid [18555]
[INFO] [spawn_entity.py-5]: process started with pid [18557]
[INFO] [ros2-6]: process started with pid [18559]
[INFO] [ros2-7]: process started with pid [18561]
[INFO] [ros2-8]: process started with pid [18563]
[INFO] [ros2-9]: process started with pid [18565]
[INFO] [ros2-10]: process started with pid [18567]
[INFO] [ros2-11]: process started with pid [18569]
[INFO] [ros2-12]: process started with pid [18573]
[robot_state_publisher-2] [INFO] [1781124424.796949746] [robot_state_publisher_node]: got segment base_footprint
[robot_state_publisher-2] [INFO] [1781124424.797801484] [robot_state_publisher_node]: got segment base_link
[robot_state_publisher-2] [INFO] [1781124424.797826693] [robot_state_publisher_node]: got segment base_scan
[robot_state_publisher-2] [INFO] [1781124424.797836877] [robot_state_publisher_node]: got segment caster_wheel
[robot_state_publisher-2] [INFO] [1781124424.797913154] [robot_state_publisher_node]: got segment imu_link
[robot_state_publisher-2] [INFO] [1781124424.797927374] [robot_state_publisher_node]: got segment rotating_frame_link
[robot_state_publisher-2] [INFO] [1781124424.797943033] [robot_state_publisher_node]: got segment sensor_link
[robot_state_publisher-2] [INFO] [1781124424.797956985] [robot_state_publisher_node]: got segment wheel_left_link
[robot_state_publisher-2] [INFO] [1781124424.797972249] [robot_state_publisher_node]: got segment wheel_right_link
[spawner-3] [INFO] [1781124425.325321556] [spawner_joint_state_broadcaster]: waiting for service /controller_manager/list_controllers to become available...
[spawner-4] [INFO] [1781124425.325925008] [spawner_velocity_controller]: waiting for service /controller_manager/list_controllers to become available...
[gzserver-1] Gazebo multi-robot simulator, version 11.10.2
[gzserver-1] Copyright (C) 2012 Open Source Robotics Foundation.
[gzserver-1] Released under the Apache 2 License.
[gzserver-1] http://gazebosim.org
[gzserver-1] 
[spawn_entity.py-5] [INFO] [1781124425.552542024] [spawn_entity]: Spawn Entity started
[spawn_entity.py-5] [INFO] [1781124425.553159130] [spawn_entity]: Loading entity published on topic /robot_description
[spawn_entity.py-5] [INFO] [1781124425.556841033] [spawn_entity]: Waiting for entity xml on /robot_description
[spawn_entity.py-5] [INFO] [1781124425.567813961] [spawn_entity]: Waiting for service /spawn_entity, timeout = 30
[spawn_entity.py-5] [INFO] [1781124425.572228851] [spawn_entity]: Waiting for service /spawn_entity
[gzserver-1] [1;33m[Wrn] [gazebo_ros_init.cpp:178] [0m[1;33m
[gzserver-1] #     # ####### ####### ###  #####  #######
[gzserver-1] ##    # #     #    #     #  #     # #
[gzserver-1] # #   # #     #    #     #  #       #
[gzserver-1] #  #  # #     #    #     #  #       #####
[gzserver-1] #   # # #     #    #     #  #       #
[gzserver-1] #    ## #     #    #     #  #     # #
[gzserver-1] #     # #######    #    ###  #####  #######
[gzserver-1] 
[gzserver-1] This version of Gazebo, now called Gazebo classic, reaches end-of-life
[gzserver-1] in January 2025. Users are highly encouraged to migrate to the new Gazebo
[gzserver-1] using our migration guides (https://gazebosim.org/docs/latest/gazebo_classic_migration?utm_source=gazebo_ros_pkgs&utm_medium=cli)
[gzserver-1] 
[gzserver-1] [0m[1;33m
[gzserver-1] [1;32m[Msg] [0m[1;32mWaiting for master.[0m[1;32m
[gzserver-1] [0m[1;32m[0m[1;32m[0m[1;32m[Msg] [0m[1;32mConnected to gazebo master @ [0m[1;32mhttp://127.0.0.1:12191[0m[1;32m
[gzserver-1] [0m[1;32m[0m[1;32m[0m[1;32m[Msg] [0m[1;32mPublicized address: [0m[1;32m10.130.191.118[0m[1;32m
[gzserver-1] [0m[1;33m[0m[1;33m[0m[1;33m[Wrn] [FuelModelDatabase.cc:313] [0m[1;33mURI not supported by Fuel [[0m[1;33mworlds/gazebo_empty.world[0m[1;33m][0m[1;33m
[gzserver-1] [0m[1;33m[0m[1;33m[0m[1;33m[Wrn] [SystemPaths.cc:459] [0m[1;33mFile or path does not exist [[0m[1;33m""[0m[1;33m] [[0m[1;33mworlds/gazebo_empty.world[0m[1;33m][0m[1;33m
[gzserver-1] [0m[1;33m[0m[1;33m[0m[1;31m[Err] [Server.cc:472] [0m[1;31mCould not open file[[0m[1;31mworlds/gazebo_empty.world[0m[1;31m]
[gzserver-1] [0m[1;33m[Wrn] [Server.cc:381] [0m[1;33mFalling back on worlds/empty.world
[spawn_entity.py-5] [INFO] [1781124426.331268867] [spawn_entity]: Calling service /spawn_entity
[spawn_entity.py-5] [INFO] [1781124426.463470874] [spawn_entity]: Spawn status: SpawnEntity: Successfully spawned entity [turtlebot3]
[gzserver-1] [0m[INFO] [1781124426.482560652] [turtlebot3_diff_drive]: Wheel pair 1 separation set to [0.160000m]
[gzserver-1] [INFO] [1781124426.483121183] [turtlebot3_diff_drive]: Wheel pair 1 diameter set to [0.066000m]
[gzserver-1] [INFO] [1781124426.484733095] [turtlebot3_diff_drive]: Subscribed to [/cmd_vel]
[gzserver-1] [INFO] [1781124426.487993769] [turtlebot3_diff_drive]: Advertise odometry on [/odom]
[gzserver-1] [INFO] [1781124426.490894531] [turtlebot3_diff_drive]: Publishing odom transforms between [odom] and [base_footprint]
[gzserver-1] [INFO] [1781124426.503696700] [turtlebot3_joint_state]: Going to publish joint [rotating_frame_joint]
[gzserver-1] [INFO] [1781124426.527001707] [gazebo_ros2_control]: Loading gazebo_ros2_control plugin
[gzserver-1] [INFO] [1781124426.532993684] [gazebo_ros2_control]: Starting gazebo_ros2_control plugin in namespace: /
[gzserver-1] [INFO] [1781124426.533033206] [gazebo_ros2_control]: Starting gazebo_ros2_control plugin in ros 2 node: gazebo_ros2_control
[gzserver-1] [INFO] [1781124426.537715817] [gazebo_ros2_control]: connected to service!! /robot_state_publisher_node
[gzserver-1] [INFO] [1781124426.538284362] [gazebo_ros2_control]: Received urdf from param server, parsing...
[gzserver-1] [INFO] [1781124426.538323601] [gazebo_ros2_control]: Loading parameter files /home/mattb/dsim-lab/ros2_ws/install/turtlebot3_rotating_sensor/share/turtlebot3_rotating_sensor/controller_config/joint_controller.yaml
[gzserver-1] [INFO] [1781124426.547370025] [gazebo_ros2_control]: Loading joint: rotating_frame_joint
[gzserver-1] [INFO] [1781124426.547392834] [gazebo_ros2_control]: 	State:
[gzserver-1] [INFO] [1781124426.547400375] [gazebo_ros2_control]: 		 position
[gzserver-1] [INFO] [1781124426.547414186] [gazebo_ros2_control]: 			 found initial value: 0.000000
[gzserver-1] [INFO] [1781124426.547427327] [gazebo_ros2_control]: 		 velocity
[gzserver-1] [INFO] [1781124426.547468893] [gazebo_ros2_control]: 			 found initial value: 0.000000
[gzserver-1] [INFO] [1781124426.547486555] [gazebo_ros2_control]: 	Command:
[gzserver-1] [INFO] [1781124426.547518587] [gazebo_ros2_control]: 		 velocity
[gzserver-1] [INFO] [1781124426.547749596] [resource_manager]: Initialize hardware 'GazeboSystem' 
[gzserver-1] [INFO] [1781124426.547937384] [resource_manager]: Successful initialization of hardware 'GazeboSystem'
[gzserver-1] [INFO] [1781124426.548069022] [resource_manager]: 'configure' hardware 'GazeboSystem' 
[gzserver-1] [INFO] [1781124426.548083212] [resource_manager]: Successful 'configure' of hardware 'GazeboSystem'
[gzserver-1] [INFO] [1781124426.548092419] [resource_manager]: 'activate' hardware 'GazeboSystem' 
[gzserver-1] [INFO] [1781124426.548117656] [resource_manager]: Successful 'activate' of hardware 'GazeboSystem'
[gzserver-1] [INFO] [1781124426.548230680] [gazebo_ros2_control]: Loading controller_manager
[gzserver-1] [WARN] [1781124426.572455195] [gazebo_ros2_control]:  Desired controller update period (0.01 s) is slower than the gazebo simulation period (0.001 s).
[gzserver-1] [INFO] [1781124426.572628272] [gazebo_ros2_control]: Loaded gazebo_ros2_control.
[gzserver-1] [INFO] [1781124426.582151667] [controller_manager]: Loading controller 'joint_state_broadcaster'
[gzserver-1] [INFO] [1781124426.603125552] [controller_manager]: Loading controller 'velocity_controller'
[INFO] [spawn_entity.py-5]: process has finished cleanly [pid 18557]
[spawner-3] [INFO] [1781124426.603779297] [spawner_joint_state_broadcaster]: [94mLoaded [1mjoint_state_broadcaster[0m
[gzserver-1] [INFO] [1781124426.623354179] [controller_manager]: Configuring controller 'joint_state_broadcaster'
[gzserver-1] [INFO] [1781124426.623651643] [joint_state_broadcaster]: 'joints' or 'interfaces' parameter is empty. All available state interfaces will be published
[spawner-4] [INFO] [1781124426.624417996] [spawner_velocity_controller]: [94mLoaded [1mvelocity_controller[0m
[gzserver-1] [INFO] [1781124426.633527202] [controller_manager]: Configuring controller 'velocity_controller'
[gzserver-1] [INFO] [1781124426.635171009] [velocity_controller]: configure successful
[spawner-3] [INFO] [1781124426.665061309] [spawner_joint_state_broadcaster]: [92mConfigured and activated [1mjoint_state_broadcaster[0m
[gzserver-1] [INFO] [1781124426.674384166] [velocity_controller]: activate successful
[spawner-4] [INFO] [1781124426.685390129] [spawner_velocity_controller]: [92mConfigured and activated [1mvelocity_controller[0m
[INFO] [spawner-3]: process has finished cleanly [pid 18553]
[INFO] [spawner-4]: process has finished cleanly [pid 18555]
[gzserver-1] [0m[1;32m[0m[1;32m[0m[1;32m[Msg] [0m[1;32mLoading world file [[0m[1;32m/usr/share/gazebo-11/worlds/empty.world[0m[1;32m][0m[1;32m
