[INFO] [1781123910.252319913] [turtlebot3_diff_drive]: Wheel pair 1 separation set to [0.160000m]
[INFO] [1781123910.252735733] [turtlebot3_diff_drive]: Wheel pair 1 diameter set to [0.066000m]
[INFO] [1781123910.254428500] [turtlebot3_diff_drive]: Subscribed to [/cmd_vel]
[INFO] [1781123910.256937213] [turtlebot3_diff_drive]: Advertise odometry on [/odom]
[INFO] [1781123910.259924554] [turtlebot3_diff_drive]: Publishing odom transforms between [odom] and [base_footprint]
[INFO] [1781123910.273917778] [turtlebot3_joint_state]: Going to publish joint [rotating_frame_joint]
[INFO] [1781123910.296562332] [gazebo_ros2_control]: Loading gazebo_ros2_control plugin
[INFO] [1781123910.302970167] [gazebo_ros2_control]: Starting gazebo_ros2_control plugin in namespace: /
[INFO] [1781123910.303017406] [gazebo_ros2_control]: Starting gazebo_ros2_control plugin in ros 2 node: gazebo_ros2_control
[INFO] [1781123910.307451662] [gazebo_ros2_control]: connected to service!! /robot_state_publisher_node
[INFO] [1781123910.307988902] [gazebo_ros2_control]: Received urdf from param server, parsing...
[INFO] [1781123910.308029136] [gazebo_ros2_control]: Loading parameter files /home/mattb/dsim-lab/ros2_ws/install/turtlebot3_rotating_sensor/share/turtlebot3_rotating_sensor/controller_config/joint_controller.yaml
[INFO] [1781123910.318108935] [gazebo_ros2_control]: Loading joint: rotating_frame_joint
[INFO] [1781123910.318142682] [gazebo_ros2_control]: 	State:
[INFO] [1781123910.318185596] [gazebo_ros2_control]: 		 position
[INFO] [1781123910.318201344] [gazebo_ros2_control]: 			 found initial value: 0.000000
[INFO] [1781123910.318222562] [gazebo_ros2_control]: 		 velocity
[INFO] [1781123910.318238307] [gazebo_ros2_control]: 			 found initial value: 0.000000
[INFO] [1781123910.318253614] [gazebo_ros2_control]: 	Command:
[INFO] [1781123910.318281861] [gazebo_ros2_control]: 		 velocity
[INFO] [1781123910.318605581] [resource_manager]: Initialize hardware 'GazeboSystem' 
[INFO] [1781123910.318746422] [resource_manager]: Successful initialization of hardware 'GazeboSystem'
[INFO] [1781123910.318834839] [resource_manager]: 'configure' hardware 'GazeboSystem' 
[INFO] [1781123910.318842261] [resource_manager]: Successful 'configure' of hardware 'GazeboSystem'
[INFO] [1781123910.318846867] [resource_manager]: 'activate' hardware 'GazeboSystem' 
[INFO] [1781123910.318851580] [resource_manager]: Successful 'activate' of hardware 'GazeboSystem'
[INFO] [1781123910.318942866] [gazebo_ros2_control]: Loading controller_manager
[WARN] [1781123910.342178398] [gazebo_ros2_control]:  Desired controller update period (0.01 s) is slower than the gazebo simulation period (0.001 s).
[INFO] [1781123910.342410512] [gazebo_ros2_control]: Loaded gazebo_ros2_control.
[INFO] [1781123910.525046707] [controller_manager]: Loading controller 'joint_state_broadcaster'
[INFO] [1781123910.544697784] [controller_manager]: Configuring controller 'joint_state_broadcaster'
[INFO] [1781123910.545198258] [joint_state_broadcaster]: 'joints' or 'interfaces' parameter is empty. All available state interfaces will be published
[INFO] [1781123910.578945196] [controller_manager]: Loading controller 'velocity_controller'
[INFO] [1781123910.605916576] [controller_manager]: Configuring controller 'velocity_controller'
[INFO] [1781123910.607342683] [velocity_controller]: configure successful
[INFO] [1781123910.623729635] [velocity_controller]: activate successful
[INFO] [1781124410.855555282] [rclcpp]: signal_handler(SIGINT/SIGTERM)
[INFO] [1781124410.855699411] [controller_manager]: Shutdown request received....
[INFO] [1781124410.855807878] [controller_manager]: Shutting down all controllers in the controller manager.
[INFO] [1781124410.855855932] [controller_manager]: Deactivating controller 'joint_state_broadcaster'
[INFO] [1781124410.855940512] [controller_manager]: Shutting down controller 'joint_state_broadcaster'
[INFO] [1781124410.856032224] [controller_manager]: Deactivating controller 'velocity_controller'
[INFO] [1781124410.856089048] [controller_manager]: Shutting down controller 'velocity_controller'
[INFO] [1781124410.856155517] [resource_manager]: 'deactivate' hardware 'GazeboSystem' 
[INFO] [1781124410.856173824] [resource_manager]: Successful 'deactivate' of hardware 'GazeboSystem'
[INFO] [1781124410.856181993] [resource_manager]: 'shutdown' hardware 'GazeboSystem' 
[INFO] [1781124410.856191656] [resource_manager]: Successful 'shutdown' of hardware 'GazeboSystem'
[INFO] [1781124410.856199764] [controller_manager]: Shutting down the controller manager.
