running egg_info
writing ../../build/ros_esc/ros_esc.egg-info/PKG-INFO
writing dependency_links to ../../build/ros_esc/ros_esc.egg-info/dependency_links.txt
writing entry points to ../../build/ros_esc/ros_esc.egg-info/entry_points.txt
writing requirements to ../../build/ros_esc/ros_esc.egg-info/requires.txt
writing top-level names to ../../build/ros_esc/ros_esc.egg-info/top_level.txt
reading manifest file '../../build/ros_esc/ros_esc.egg-info/SOURCES.txt'
writing manifest file '../../build/ros_esc/ros_esc.egg-info/SOURCES.txt'
running build
running build_py
running install
running install_lib
running install_data
running install_egg_info
removing '/home/mattb/ros2_ws/install/ros_esc/lib/python3.10/site-packages/ros_esc-0.0.0-py3.10.egg-info' (and everything under it)
Copying ../../build/ros_esc/ros_esc.egg-info to /home/mattb/ros2_ws/install/ros_esc/lib/python3.10/site-packages/ros_esc-0.0.0-py3.10.egg-info
running install_scripts
Installing controller_node script to /home/mattb/ros2_ws/install/ros_esc/lib/ros_esc
Installing cost_function_node script to /home/mattb/ros2_ws/install/ros_esc/lib/ros_esc
Installing data_collection_node script to /home/mattb/ros2_ws/install/ros_esc/lib/ros_esc
Installing encoder_node script to /home/mattb/ros2_ws/install/ros_esc/lib/ros_esc
Installing filter_node script to /home/mattb/ros2_ws/install/ros_esc/lib/ros_esc
Installing rotate_frame_node script to /home/mattb/ros2_ws/install/ros_esc/lib/ros_esc
Installing sensor_pose_node script to /home/mattb/ros2_ws/install/ros_esc/lib/ros_esc
writing list of installed files to '/home/mattb/ros2_ws/build/ros_esc/install.log'
