Running HBESC scenario: /home/mattb/dsim-lab/experiments/hbesc_gaussian_fill_study/results/runs/20260610T230204Z_phase5_barrier_low_lowvx_execute/configs/scenario_used.json
Scenario name: phase5_barrier_low_lowvx
Description: Phase 5 bounded barrier-speed slice: low-alpha quartic double-well with low forward speed and real yaw authority.
Starting >>> ros_esc
Starting >>> ros_esc_interfaces
Starting >>> turtlebot3_rotating_sensor
Finished <<< turtlebot3_rotating_sensor [0.60s]
Finished <<< ros_esc_interfaces [1.64s]
Finished <<< ros_esc [1.67s]

Summary: 3 packages finished [2.17s]
[INFO] [launch]: All log files can be found below /home/mattb/dsim-lab/experiments/hbesc_gaussian_fill_study/results/runs/20260610T230204Z_phase5_barrier_low_lowvx_execute/logs/ros/2026-06-10-16-02-07-973390-ubuntu-ssd-36776
[INFO] [launch]: Default logging verbosity is set to INFO
[INFO] [gzserver-1]: process started with pid [36778]
[INFO] [robot_state_publisher-2]: process started with pid [36780]
[INFO] [spawner-3]: process started with pid [36782]
[INFO] [spawner-4]: process started with pid [36784]
[INFO] [spawn_entity.py-5]: process started with pid [36786]
[INFO] [ros2-6]: process started with pid [36788]
[INFO] [ros2-7]: process started with pid [36790]
[INFO] [ros2-8]: process started with pid [36792]
[INFO] [ros2-9]: process started with pid [36794]
[INFO] [ros2-10]: process started with pid [36796]
[INFO] [ros2-11]: process started with pid [36798]
[INFO] [ros2-12]: process started with pid [36800]
[robot_state_publisher-2] [INFO] [1781132528.560505736] [robot_state_publisher_node]: got segment base_footprint
[robot_state_publisher-2] [INFO] [1781132528.560639930] [robot_state_publisher_node]: got segment base_link
[robot_state_publisher-2] [INFO] [1781132528.560654997] [robot_state_publisher_node]: got segment base_scan
[robot_state_publisher-2] [INFO] [1781132528.560664489] [robot_state_publisher_node]: got segment caster_wheel
[robot_state_publisher-2] [INFO] [1781132528.560673030] [robot_state_publisher_node]: got segment imu_link
[robot_state_publisher-2] [INFO] [1781132528.560681218] [robot_state_publisher_node]: got segment rotating_frame_link
[robot_state_publisher-2] [INFO] [1781132528.560689600] [robot_state_publisher_node]: got segment sensor_link
[robot_state_publisher-2] [INFO] [1781132528.560697842] [robot_state_publisher_node]: got segment wheel_left_link
[robot_state_publisher-2] [INFO] [1781132528.560706074] [robot_state_publisher_node]: got segment wheel_right_link
[gzserver-1] Gazebo multi-robot simulator, version 11.10.2
[gzserver-1] Copyright (C) 2012 Open Source Robotics Foundation.
[gzserver-1] Released under the Apache 2 License.
[gzserver-1] http://gazebosim.org
[gzserver-1] 
[spawner-3] [INFO] [1781132529.239626051] [spawner_joint_state_broadcaster]: waiting for service /controller_manager/list_controllers to become available...
[spawn_entity.py-5] [INFO] [1781132529.375325036] [spawn_entity]: Spawn Entity started
[spawn_entity.py-5] [INFO] [1781132529.375994868] [spawn_entity]: Loading entity published on topic /robot_description
[spawn_entity.py-5] [INFO] [1781132529.381762316] [spawn_entity]: Waiting for entity xml on /robot_description
[spawn_entity.py-5] [INFO] [1781132529.398498117] [spawn_entity]: Waiting for service /spawn_entity, timeout = 30
[spawn_entity.py-5] [INFO] [1781132529.399091177] [spawn_entity]: Waiting for service /spawn_entity
[gzserver-1] [1;33m[Wrn] [gazebo_ros_init.cpp:178] [0m[1;33m
[gzserver-1] #     # ####### ####### ###  #####  #######
[gzserver-1] ##    # #     #    #     #  #     # #
[gzserver-1] # #   # #     #    #     #  #       #
[gzserver-1] #  #  # #     #    #     #  #       #####
[gzserver-1] #   # # #     #    #     #  #       #
[gzserver-1] #    ## #     #    #     #  #     # #
[gzserver-1] #     # #######    #    ###  #####  #######
[gzserver-1] 
[gzserver-1] This version of Gazebo, now called Gazebo classic, reaches end-of-life
[gzserver-1] in January 2025. Users are highly encouraged to migrate to the new Gazebo
[gzserver-1] using our migration guides (https://gazebosim.org/docs/latest/gazebo_classic_migration?utm_source=gazebo_ros_pkgs&utm_medium=cli)
[gzserver-1] 
[gzserver-1] [0m[1;33m
[spawner-4] [INFO] [1781132529.606084506] [spawner_velocity_controller]: waiting for service /controller_manager/list_controllers to become available...
[spawn_entity.py-5] [INFO] [1781132530.412351427] [spawn_entity]: Calling service /spawn_entity
[spawn_entity.py-5] [INFO] [1781132530.705114240] [spawn_entity]: Spawn status: SpawnEntity: Successfully spawned entity [turtlebot3]
[gzserver-1] [0m[1;33m[0m[1;33m[0m[INFO] [1781132530.736990229] [turtlebot3_diff_drive]: Wheel pair 1 separation set to [0.160000m]
[gzserver-1] [INFO] [1781132530.737589227] [turtlebot3_diff_drive]: Wheel pair 1 diameter set to [0.066000m]
[gzserver-1] [INFO] [1781132530.739749382] [turtlebot3_diff_drive]: Subscribed to [/cmd_vel]
[gzserver-1] [INFO] [1781132530.744031937] [turtlebot3_diff_drive]: Advertise odometry on [/odom]
[gzserver-1] [INFO] [1781132530.748213563] [turtlebot3_diff_drive]: Publishing odom transforms between [odom] and [base_footprint]
[gzserver-1] [INFO] [1781132530.767329697] [turtlebot3_joint_state]: Going to publish joint [rotating_frame_joint]
[gzserver-1] [INFO] [1781132530.806584270] [gazebo_ros2_control]: Loading gazebo_ros2_control plugin
[gzserver-1] [INFO] [1781132530.815719236] [gazebo_ros2_control]: Starting gazebo_ros2_control plugin in namespace: /
[gzserver-1] [INFO] [1781132530.815784085] [gazebo_ros2_control]: Starting gazebo_ros2_control plugin in ros 2 node: gazebo_ros2_control
[gzserver-1] [INFO] [1781132530.824118342] [gazebo_ros2_control]: connected to service!! /robot_state_publisher_node
[gzserver-1] [INFO] [1781132530.824686974] [gazebo_ros2_control]: Received urdf from param server, parsing...
[gzserver-1] [INFO] [1781132530.824756689] [gazebo_ros2_control]: Loading parameter files /home/mattb/dsim-lab/ros2_ws/install/turtlebot3_rotating_sensor/share/turtlebot3_rotating_sensor/controller_config/joint_controller.yaml
[gzserver-1] [INFO] [1781132530.839776650] [gazebo_ros2_control]: Loading joint: rotating_frame_joint
[gzserver-1] [INFO] [1781132530.839815431] [gazebo_ros2_control]: 	State:
[gzserver-1] [INFO] [1781132530.839825844] [gazebo_ros2_control]: 		 position
[gzserver-1] [INFO] [1781132530.839843318] [gazebo_ros2_control]: 			 found initial value: 0.000000
[gzserver-1] [INFO] [1781132530.839858744] [gazebo_ros2_control]: 		 velocity
[gzserver-1] [INFO] [1781132530.839871160] [gazebo_ros2_control]: 			 found initial value: 0.000000
[gzserver-1] [INFO] [1781132530.839887410] [gazebo_ros2_control]: 	Command:
[gzserver-1] [INFO] [1781132530.839922900] [gazebo_ros2_control]: 		 velocity
[gzserver-1] [INFO] [1781132530.840155436] [resource_manager]: Initialize hardware 'GazeboSystem' 
[gzserver-1] [INFO] [1781132530.840340169] [resource_manager]: Successful initialization of hardware 'GazeboSystem'
[gzserver-1] [INFO] [1781132530.840492306] [resource_manager]: 'configure' hardware 'GazeboSystem' 
[gzserver-1] [INFO] [1781132530.840513128] [resource_manager]: Successful 'configure' of hardware 'GazeboSystem'
[gzserver-1] [INFO] [1781132530.840523797] [resource_manager]: 'activate' hardware 'GazeboSystem' 
[gzserver-1] [INFO] [1781132530.840534563] [resource_manager]: Successful 'activate' of hardware 'GazeboSystem'
[gzserver-1] [INFO] [1781132530.840616383] [gazebo_ros2_control]: Loading controller_manager
[gzserver-1] [WARN] [1781132530.873152625] [gazebo_ros2_control]:  Desired controller update period (0.01 s) is slower than the gazebo simulation period (0.001 s).
[gzserver-1] [INFO] [1781132530.873471725] [gazebo_ros2_control]: Loaded gazebo_ros2_control.
[INFO] [spawn_entity.py-5]: process has finished cleanly [pid 36786]
[gzserver-1] [INFO] [1781132530.998135513] [controller_manager]: Loading controller 'joint_state_broadcaster'
[spawner-3] [INFO] [1781132531.022634595] [spawner_joint_state_broadcaster]: [94mLoaded [1mjoint_state_broadcaster[0m
[gzserver-1] [INFO] [1781132531.023974922] [controller_manager]: Configuring controller 'joint_state_broadcaster'
[gzserver-1] [INFO] [1781132531.024588412] [joint_state_broadcaster]: 'joints' or 'interfaces' parameter is empty. All available state interfaces will be published
[spawner-3] [INFO] [1781132531.045693963] [spawner_joint_state_broadcaster]: [92mConfigured and activated [1mjoint_state_broadcaster[0m
[gzserver-1] [INFO] [1781132531.115264162] [controller_manager]: Loading controller 'velocity_controller'
[spawner-4] [INFO] [1781132531.146384217] [spawner_velocity_controller]: [94mLoaded [1mvelocity_controller[0m
[gzserver-1] [INFO] [1781132531.147892255] [controller_manager]: Configuring controller 'velocity_controller'
[gzserver-1] [INFO] [1781132531.150233390] [velocity_controller]: configure successful
[gzserver-1] [INFO] [1781132531.158218388] [velocity_controller]: activate successful
[spawner-4] [INFO] [1781132531.163207259] [spawner_velocity_controller]: [92mConfigured and activated [1mvelocity_controller[0m
[INFO] [spawner-3]: process has finished cleanly [pid 36782]
[INFO] [spawner-4]: process has finished cleanly [pid 36784]
[gzserver-1] [1;32m[Msg] [0m[1;32mWaiting for master.[0m[1;32m
[gzserver-1] [0m[1;32m[0m[1;32m[0m[1;32m[Msg] [0m[1;32mConnected to gazebo master @ [0m[1;32mhttp://127.0.0.1:11688[0m[1;32m
[gzserver-1] [0m[1;32m[0m[1;32m[0m[1;32m[Msg] [0m[1;32mPublicized address: [0m[1;32m10.130.191.118[0m[1;32m
[gzserver-1] [0m[1;32m[0m[1;32m[0m[1;32m[Msg] [0m[1;32mLoading world file [[0m[1;32m/home/mattb/dsim-lab/ros2_ws/src/turtlebot3_rotating_sensor/worlds/gazebo_empty.world[0m[1;32m][0m[1;32m
[ros2-8] /home/mattb/dsim-lab/ros2_ws/install/ros_esc/lib/python3.10/site-packages/ros_esc/sensor_pose_node/sensor_pose_node_script.py:252: RuntimeWarning: invalid value encountered in sqrt
[ros2-8]   mag_q1 = np.sqrt((1+r11-r22-r33)/4)
