Running HBESC scenario: /home/mattb/dsim-lab/experiments/hbesc_gaussian_fill_study/results/runs/20260609T233218Z_phase3_qrt_a_gf_execute/configs/scenario_used.json
Scenario name: phase3_qrt_a_gf
Description: Phase 3 minimal quartic matrix continuation: paired Gaussian-fill comparison for QRT-A on the convex quartic bowl. Dry-run before execution; full interpretation still needs Gaussian-fill diagnostics.
Starting >>> ros_esc
Starting >>> ros_esc_interfaces
Starting >>> turtlebot3_rotating_sensor
Finished <<< turtlebot3_rotating_sensor [0.51s]
Finished <<< ros_esc_interfaces [1.00s]
Finished <<< ros_esc [1.30s]

Summary: 3 packages finished [1.70s]
[INFO] [launch]: All log files can be found below /home/mattb/dsim-lab/experiments/hbesc_gaussian_fill_study/results/runs/20260609T233218Z_phase3_qrt_a_gf_execute/logs/ros/2026-06-09-16-32-21-936505-ubuntu-ssd-26855
[INFO] [launch]: Default logging verbosity is set to INFO
[INFO] [gazebo-1]: process started with pid [26878]
[INFO] [robot_state_publisher-2]: process started with pid [26880]
[INFO] [spawner-3]: process started with pid [26882]
[INFO] [spawner-4]: process started with pid [26884]
[INFO] [spawn_entity.py-5]: process started with pid [26886]
[INFO] [ros2-6]: process started with pid [26888]
[INFO] [ros2-7]: process started with pid [26890]
[INFO] [ros2-8]: process started with pid [26892]
[INFO] [ros2-9]: process started with pid [26894]
[INFO] [ros2-10]: process started with pid [26898]
[INFO] [ros2-11]: process started with pid [26901]
[INFO] [ros2-12]: process started with pid [26910]
[INFO] [ros2-13]: process started with pid [26912]
[INFO] [ros2-14]: process started with pid [26917]
[INFO] [ros2-15]: process started with pid [26919]
[INFO] [ros2-16]: process started with pid [26921]
[robot_state_publisher-2] [INFO] [1781047942.378796723] [robot_state_publisher_node]: got segment base_footprint
[robot_state_publisher-2] [INFO] [1781047942.378921943] [robot_state_publisher_node]: got segment base_link
[robot_state_publisher-2] [INFO] [1781047942.378939057] [robot_state_publisher_node]: got segment base_scan
[robot_state_publisher-2] [INFO] [1781047942.378948384] [robot_state_publisher_node]: got segment caster_wheel
[robot_state_publisher-2] [INFO] [1781047942.378956654] [robot_state_publisher_node]: got segment imu_link
[robot_state_publisher-2] [INFO] [1781047942.378964493] [robot_state_publisher_node]: got segment rotating_frame_link
[robot_state_publisher-2] [INFO] [1781047942.378972197] [robot_state_publisher_node]: got segment sensor_link
[robot_state_publisher-2] [INFO] [1781047942.378981653] [robot_state_publisher_node]: got segment wheel_left_link
[robot_state_publisher-2] [INFO] [1781047942.378989479] [robot_state_publisher_node]: got segment wheel_right_link
[gazebo-1] Gazebo multi-robot simulator, version 11.10.2
[gazebo-1] Copyright (C) 2012 Open Source Robotics Foundation.
[gazebo-1] Released under the Apache 2 License.
[gazebo-1] http://gazebosim.org
[gazebo-1] 
[spawner-4] [INFO] [1781047943.302559382] [spawner_velocity_controller]: waiting for service /controller_manager/list_controllers to become available...
[gazebo-1] Gazebo multi-robot simulator, version 11.10.2
[gazebo-1] Copyright (C) 2012 Open Source Robotics Foundation.
[gazebo-1] Released under the Apache 2 License.
[gazebo-1] http://gazebosim.org
[gazebo-1] 
[spawn_entity.py-5] [INFO] [1781047943.690613360] [spawn_entity]: Spawn Entity started
[spawn_entity.py-5] [INFO] [1781047943.692424196] [spawn_entity]: Loading entity published on topic /robot_description
[spawn_entity.py-5] [INFO] [1781047943.697580041] [spawn_entity]: Waiting for entity xml on /robot_description
[spawn_entity.py-5] [INFO] [1781047943.709277808] [spawn_entity]: Waiting for service /spawn_entity, timeout = 30
[spawn_entity.py-5] [INFO] [1781047943.709883937] [spawn_entity]: Waiting for service /spawn_entity
[spawner-3] [INFO] [1781047943.730187970] [spawner_joint_state_broadcaster]: waiting for service /controller_manager/list_controllers to become available...
[ros2-13] [INFO] [1781047943.763204262] [gaussian_fill]: GaussianFill ready (2D): policy=conditional_gaussian_fill, A=5.000, sigma=[3.160, 5.000], max_fills=1, cooldown=0.000s, min_distance=0.000m
[ros2-12] [INFO] [1781047943.771868606] [convergence_detector]: ConvergenceDetector: k=20, th=0.2, b=0.15, N=2000, omega=5.000, dt_node=0.012566, min_trigger_time=50.27s
[ros2-11] [INFO] [1781047943.875819865] [pde_history]: PDEHistory: N=2000, k=20, omega=5.000, lambda=79.577, dt_node=0.012566
[ros2-10] [INFO] [1781047943.899221573] [modified_cost_2d]: ModifiedCost2D started. Waiting for sensor/cost/fill streams.
[gazebo-1] [1;33m[Wrn] [gazebo_ros_init.cpp:178] [0m[1;33m
[gazebo-1] #     # ####### ####### ###  #####  #######
[gazebo-1] ##    # #     #    #     #  #     # #
[gazebo-1] # #   # #     #    #     #  #       #
[gazebo-1] #  #  # #     #    #     #  #       #####
[gazebo-1] #   # # #     #    #     #  #       #
[gazebo-1] #    ## #     #    #     #  #     # #
[gazebo-1] #     # #######    #    ###  #####  #######
[gazebo-1] 
[gazebo-1] This version of Gazebo, now called Gazebo classic, reaches end-of-life
[gazebo-1] in January 2025. Users are highly encouraged to migrate to the new Gazebo
[gazebo-1] using our migration guides (https://gazebosim.org/docs/latest/gazebo_classic_migration?utm_source=gazebo_ros_pkgs&utm_medium=cli)
[gazebo-1] 
[gazebo-1] [0m[1;33m
[gazebo-1] [1;32m[Msg] [0m[1;32mWaiting for master.[0m[1;32m
[gazebo-1] [0m[1;32m[0m[1;32m[0m[1;32m[Msg] [0m[1;32mConnected to gazebo master @ [0m[1;32mhttp://127.0.0.1:11690[0m[1;32m
[gazebo-1] [0m[1;32m[0m[1;32m[0m[1;32m[Msg] [0m[1;32mPublicized address: [0m[1;32m192.168.44.106[0m[1;32m
[gazebo-1] [0m[1;33m[0m[1;33m[0m[1;33m[Wrn] [FuelModelDatabase.cc:313] [0m[1;33mURI not supported by Fuel [[0m[1;33mworlds/gazebo_empty.world[0m[1;33m][0m[1;33m
[gazebo-1] [0m[1;33m[0m[1;33m[0m[1;33m[Wrn] [SystemPaths.cc:459] [0m[1;33mFile or path does not exist [[0m[1;33m""[0m[1;33m] [[0m[1;33mworlds/gazebo_empty.world[0m[1;33m][0m[1;33m
[gazebo-1] [0m[1;33m[0m[1;33m[0m[1;31m[Err] [Server.cc:472] [0m[1;31mCould not open file[[0m[1;31mworlds/gazebo_empty.world[0m[1;31m]
[gazebo-1] [0m[1;33m[Wrn] [Server.cc:381] [0m[1;33mFalling back on worlds/empty.world
[spawn_entity.py-5] [INFO] [1781047944.969793446] [spawn_entity]: Calling service /spawn_entity
[spawn_entity.py-5] [INFO] [1781047945.120661676] [spawn_entity]: Spawn status: SpawnEntity: Successfully spawned entity [turtlebot3]
[gazebo-1] [0m[INFO] [1781047945.225595706] [turtlebot3_diff_drive]: Wheel pair 1 separation set to [0.160000m]
[gazebo-1] [INFO] [1781047945.227615936] [turtlebot3_diff_drive]: Wheel pair 1 diameter set to [0.066000m]
[gazebo-1] [INFO] [1781047945.230950216] [turtlebot3_diff_drive]: Subscribed to [/cmd_vel]
[gazebo-1] [INFO] [1781047945.237968204] [turtlebot3_diff_drive]: Advertise odometry on [/odom]
[gazebo-1] [INFO] [1781047945.249081280] [turtlebot3_diff_drive]: Publishing odom transforms between [odom] and [base_footprint]
[gazebo-1] [INFO] [1781047945.291895970] [turtlebot3_joint_state]: Going to publish joint [rotating_frame_joint]
[gazebo-1] [INFO] [1781047945.338241279] [gazebo_ros2_control]: Loading gazebo_ros2_control plugin
[gazebo-1] [INFO] [1781047945.349171937] [gazebo_ros2_control]: Starting gazebo_ros2_control plugin in namespace: /
[gazebo-1] [INFO] [1781047945.349245117] [gazebo_ros2_control]: Starting gazebo_ros2_control plugin in ros 2 node: gazebo_ros2_control
[gazebo-1] [INFO] [1781047945.357800110] [gazebo_ros2_control]: connected to service!! /robot_state_publisher_node
[gazebo-1] [INFO] [1781047945.358593887] [gazebo_ros2_control]: Received urdf from param server, parsing...
[gazebo-1] [INFO] [1781047945.358699057] [gazebo_ros2_control]: Loading parameter files /home/mattb/dsim-lab/ros2_ws/install/turtlebot3_rotating_sensor/share/turtlebot3_rotating_sensor/controller_config/joint_controller.yaml
[gazebo-1] [INFO] [1781047945.372619354] [gazebo_ros2_control]: Loading joint: rotating_frame_joint
[gazebo-1] [INFO] [1781047945.372680058] [gazebo_ros2_control]: 	State:
[gazebo-1] [INFO] [1781047945.372696705] [gazebo_ros2_control]: 		 position
[gazebo-1] [INFO] [1781047945.372714305] [gazebo_ros2_control]: 			 found initial value: 0.000000
[gazebo-1] [INFO] [1781047945.372735948] [gazebo_ros2_control]: 		 velocity
[gazebo-1] [INFO] [1781047945.372751621] [gazebo_ros2_control]: 			 found initial value: 0.000000
[gazebo-1] [INFO] [1781047945.372762517] [gazebo_ros2_control]: 	Command:
[gazebo-1] [INFO] [1781047945.372784876] [gazebo_ros2_control]: 		 velocity
[gazebo-1] [INFO] [1781047945.373191663] [resource_manager]: Initialize hardware 'GazeboSystem' 
[gazebo-1] [INFO] [1781047945.373492170] [resource_manager]: Successful initialization of hardware 'GazeboSystem'
[gazebo-1] [INFO] [1781047945.373685086] [resource_manager]: 'configure' hardware 'GazeboSystem' 
[gazebo-1] [INFO] [1781047945.373707288] [resource_manager]: Successful 'configure' of hardware 'GazeboSystem'
[gazebo-1] [INFO] [1781047945.373718077] [resource_manager]: 'activate' hardware 'GazeboSystem' 
[gazebo-1] [INFO] [1781047945.373727741] [resource_manager]: Successful 'activate' of hardware 'GazeboSystem'
[gazebo-1] [INFO] [1781047945.373853737] [gazebo_ros2_control]: Loading controller_manager
[INFO] [spawn_entity.py-5]: process has finished cleanly [pid 26886]
[gazebo-1] [WARN] [1781047945.417821208] [gazebo_ros2_control]:  Desired controller update period (0.01 s) is slower than the gazebo simulation period (0.001 s).
[gazebo-1] [INFO] [1781047945.418040845] [gazebo_ros2_control]: Loaded gazebo_ros2_control.
[gazebo-1] [INFO] [1781047945.485346274] [controller_manager]: Loading controller 'joint_state_broadcaster'
[spawner-3] [INFO] [1781047945.520614409] [spawner_joint_state_broadcaster]: [94mLoaded [1mjoint_state_broadcaster[0m
[gazebo-1] [INFO] [1781047945.523046007] [controller_manager]: Configuring controller 'joint_state_broadcaster'
[gazebo-1] [INFO] [1781047945.524212685] [joint_state_broadcaster]: 'joints' or 'interfaces' parameter is empty. All available state interfaces will be published
[spawner-3] [INFO] [1781047945.560899412] [spawner_joint_state_broadcaster]: [92mConfigured and activated [1mjoint_state_broadcaster[0m
[gazebo-1] [INFO] [1781047945.564710847] [controller_manager]: Loading controller 'velocity_controller'
[spawner-4] [INFO] [1781047945.602518496] [spawner_velocity_controller]: [94mLoaded [1mvelocity_controller[0m
[gazebo-1] [INFO] [1781047945.606445774] [controller_manager]: Configuring controller 'velocity_controller'
[gazebo-1] [INFO] [1781047945.609209046] [velocity_controller]: configure successful
[gazebo-1] [INFO] [1781047945.622336670] [velocity_controller]: activate successful
[spawner-4] [INFO] [1781047945.634714218] [spawner_velocity_controller]: [92mConfigured and activated [1mvelocity_controller[0m
[INFO] [spawner-3]: process has finished cleanly [pid 26882]
[INFO] [spawner-4]: process has finished cleanly [pid 26884]
[ros2-16] No artists with labels found to put in legend.  Note that artists whose label start with an underscore are ignored when legend() is called with no argument.
[gazebo-1] [0m[1;32m[0m[1;32m[0m[1;32m[Msg] [0m[1;32mLoading world file [[0m[1;32m/usr/share/gazebo-11/worlds/empty.world[0m[1;32m][0m[1;32m
[ros2-12] [INFO] [1781048185.340520721] [convergence_detector]: Convergence event: metric=-0.000279, r=0.199721, decay=0.000000, t=239.600
[ros2-13] [INFO] [1781048185.341141425] [gaussian_fill]: Published fill #1: A=5.000, mu=(7.272,5.414), sigma=3.160
[ros2-10] [INFO] [1781048185.341444186] [modified_cost_2d]: Added fill term: A=5.000, mu=(7.272,5.414), sigma=3.160 (total terms=1)
[ros2-12] [INFO] [1781048371.697724363] [convergence_detector]: Convergence event: metric=-0.000445, r=0.199555, decay=0.000000, t=425.700
[ros2-12] [INFO] [1781048387.835371773] [convergence_detector]: Convergence event: metric=-0.000794, r=0.109839, decay=0.089367, t=441.800
[ros2-12] [INFO] [1781048401.964123585] [convergence_detector]: Convergence event: metric=-0.001958, r=0.077409, decay=0.120633, t=455.900
[ros2-12] [INFO] [1781048415.380496620] [convergence_detector]: Convergence event: metric=-0.000483, r=0.065528, decay=0.133989, t=469.300
[ros2-12] [INFO] [1781048428.692768031] [convergence_detector]: Convergence event: metric=-0.000551, r=0.063436, decay=0.136014, t=482.600
[ros2-12] [INFO] [1781048442.108284464] [convergence_detector]: Convergence event: metric=-0.000166, r=0.065845, decay=0.133989, t=496.000
