[INFO] [1781124426.482560652] [turtlebot3_diff_drive]: Wheel pair 1 separation set to [0.160000m]
[INFO] [1781124426.483121183] [turtlebot3_diff_drive]: Wheel pair 1 diameter set to [0.066000m]
[INFO] [1781124426.484733095] [turtlebot3_diff_drive]: Subscribed to [/cmd_vel]
[INFO] [1781124426.487993769] [turtlebot3_diff_drive]: Advertise odometry on [/odom]
[INFO] [1781124426.490894531] [turtlebot3_diff_drive]: Publishing odom transforms between [odom] and [base_footprint]
[INFO] [1781124426.503696700] [turtlebot3_joint_state]: Going to publish joint [rotating_frame_joint]
[INFO] [1781124426.527001707] [gazebo_ros2_control]: Loading gazebo_ros2_control plugin
[INFO] [1781124426.532993684] [gazebo_ros2_control]: Starting gazebo_ros2_control plugin in namespace: /
[INFO] [1781124426.533033206] [gazebo_ros2_control]: Starting gazebo_ros2_control plugin in ros 2 node: gazebo_ros2_control
[INFO] [1781124426.537715817] [gazebo_ros2_control]: connected to service!! /robot_state_publisher_node
[INFO] [1781124426.538284362] [gazebo_ros2_control]: Received urdf from param server, parsing...
[INFO] [1781124426.538323601] [gazebo_ros2_control]: Loading parameter files /home/mattb/dsim-lab/ros2_ws/install/turtlebot3_rotating_sensor/share/turtlebot3_rotating_sensor/controller_config/joint_controller.yaml
[INFO] [1781124426.547370025] [gazebo_ros2_control]: Loading joint: rotating_frame_joint
[INFO] [1781124426.547392834] [gazebo_ros2_control]: 	State:
[INFO] [1781124426.547400375] [gazebo_ros2_control]: 		 position
[INFO] [1781124426.547414186] [gazebo_ros2_control]: 			 found initial value: 0.000000
[INFO] [1781124426.547427327] [gazebo_ros2_control]: 		 velocity
[INFO] [1781124426.547468893] [gazebo_ros2_control]: 			 found initial value: 0.000000
[INFO] [1781124426.547486555] [gazebo_ros2_control]: 	Command:
[INFO] [1781124426.547518587] [gazebo_ros2_control]: 		 velocity
[INFO] [1781124426.547749596] [resource_manager]: Initialize hardware 'GazeboSystem' 
[INFO] [1781124426.547937384] [resource_manager]: Successful initialization of hardware 'GazeboSystem'
[INFO] [1781124426.548069022] [resource_manager]: 'configure' hardware 'GazeboSystem' 
[INFO] [1781124426.548083212] [resource_manager]: Successful 'configure' of hardware 'GazeboSystem'
[INFO] [1781124426.548092419] [resource_manager]: 'activate' hardware 'GazeboSystem' 
[INFO] [1781124426.548117656] [resource_manager]: Successful 'activate' of hardware 'GazeboSystem'
[INFO] [1781124426.548230680] [gazebo_ros2_control]: Loading controller_manager
[WARN] [1781124426.572455195] [gazebo_ros2_control]:  Desired controller update period (0.01 s) is slower than the gazebo simulation period (0.001 s).
[INFO] [1781124426.572628272] [gazebo_ros2_control]: Loaded gazebo_ros2_control.
[INFO] [1781124426.582151667] [controller_manager]: Loading controller 'joint_state_broadcaster'
[INFO] [1781124426.603125552] [controller_manager]: Loading controller 'velocity_controller'
[INFO] [1781124426.623354179] [controller_manager]: Configuring controller 'joint_state_broadcaster'
[INFO] [1781124426.623651643] [joint_state_broadcaster]: 'joints' or 'interfaces' parameter is empty. All available state interfaces will be published
[INFO] [1781124426.633527202] [controller_manager]: Configuring controller 'velocity_controller'
[INFO] [1781124426.635171009] [velocity_controller]: configure successful
[INFO] [1781124426.674384166] [velocity_controller]: activate successful
[INFO] [1781124927.267450636] [rclcpp]: signal_handler(SIGINT/SIGTERM)
[INFO] [1781124927.267581919] [controller_manager]: Shutdown request received....
[INFO] [1781124927.267678920] [controller_manager]: Shutting down all controllers in the controller manager.
[INFO] [1781124927.267731925] [controller_manager]: Deactivating controller 'joint_state_broadcaster'
[INFO] [1781124927.267810187] [controller_manager]: Shutting down controller 'joint_state_broadcaster'
[INFO] [1781124927.267899304] [controller_manager]: Deactivating controller 'velocity_controller'
[INFO] [1781124927.267957314] [controller_manager]: Shutting down controller 'velocity_controller'
[INFO] [1781124927.268019770] [resource_manager]: 'deactivate' hardware 'GazeboSystem' 
[INFO] [1781124927.268039967] [resource_manager]: Successful 'deactivate' of hardware 'GazeboSystem'
[INFO] [1781124927.268050471] [resource_manager]: 'shutdown' hardware 'GazeboSystem' 
[INFO] [1781124927.268063104] [resource_manager]: Successful 'shutdown' of hardware 'GazeboSystem'
[INFO] [1781124927.268073795] [controller_manager]: Shutting down the controller manager.
