[INFO] [1781051340.296421165] [turtlebot3_diff_drive]: Wheel pair 1 separation set to [0.160000m]
[INFO] [1781051340.297268887] [turtlebot3_diff_drive]: Wheel pair 1 diameter set to [0.066000m]
[INFO] [1781051340.300542902] [turtlebot3_diff_drive]: Subscribed to [/cmd_vel]
[INFO] [1781051340.306539146] [turtlebot3_diff_drive]: Advertise odometry on [/odom]
[INFO] [1781051340.315889523] [turtlebot3_diff_drive]: Publishing odom transforms between [odom] and [base_footprint]
[INFO] [1781051340.343899910] [turtlebot3_joint_state]: Going to publish joint [rotating_frame_joint]
[INFO] [1781051340.413182150] [gazebo_ros2_control]: Loading gazebo_ros2_control plugin
[INFO] [1781051340.427563685] [gazebo_ros2_control]: Starting gazebo_ros2_control plugin in namespace: /
[INFO] [1781051340.427655036] [gazebo_ros2_control]: Starting gazebo_ros2_control plugin in ros 2 node: gazebo_ros2_control
[INFO] [1781051340.436157232] [gazebo_ros2_control]: connected to service!! /robot_state_publisher_node
[INFO] [1781051340.437812858] [gazebo_ros2_control]: Received urdf from param server, parsing...
[INFO] [1781051340.441338561] [gazebo_ros2_control]: Loading parameter files /home/mattb/dsim-lab/ros2_ws/install/turtlebot3_rotating_sensor/share/turtlebot3_rotating_sensor/controller_config/joint_controller.yaml
[INFO] [1781051340.459756214] [gazebo_ros2_control]: Loading joint: rotating_frame_joint
[INFO] [1781051340.459843901] [gazebo_ros2_control]: 	State:
[INFO] [1781051340.459870019] [gazebo_ros2_control]: 		 position
[INFO] [1781051340.459896039] [gazebo_ros2_control]: 			 found initial value: 0.000000
[INFO] [1781051340.459914851] [gazebo_ros2_control]: 		 velocity
[INFO] [1781051340.459926227] [gazebo_ros2_control]: 			 found initial value: 0.000000
[INFO] [1781051340.459939923] [gazebo_ros2_control]: 	Command:
[INFO] [1781051340.459966871] [gazebo_ros2_control]: 		 velocity
[INFO] [1781051340.460447878] [resource_manager]: Initialize hardware 'GazeboSystem' 
[INFO] [1781051340.460799826] [resource_manager]: Successful initialization of hardware 'GazeboSystem'
[INFO] [1781051340.460937906] [resource_manager]: 'configure' hardware 'GazeboSystem' 
[INFO] [1781051340.460958962] [resource_manager]: Successful 'configure' of hardware 'GazeboSystem'
[INFO] [1781051340.460970378] [resource_manager]: 'activate' hardware 'GazeboSystem' 
[INFO] [1781051340.460982297] [resource_manager]: Successful 'activate' of hardware 'GazeboSystem'
[INFO] [1781051340.461258981] [gazebo_ros2_control]: Loading controller_manager
[WARN] [1781051340.518948939] [gazebo_ros2_control]:  Desired controller update period (0.01 s) is slower than the gazebo simulation period (0.001 s).
[INFO] [1781051340.519324355] [gazebo_ros2_control]: Loaded gazebo_ros2_control.
[INFO] [1781051340.636559559] [controller_manager]: Loading controller 'joint_state_broadcaster'
[INFO] [1781051340.691153001] [controller_manager]: Configuring controller 'joint_state_broadcaster'
[INFO] [1781051340.692121131] [joint_state_broadcaster]: 'joints' or 'interfaces' parameter is empty. All available state interfaces will be published
[INFO] [1781051340.756698719] [controller_manager]: Loading controller 'velocity_controller'
[INFO] [1781051340.822899252] [controller_manager]: Configuring controller 'velocity_controller'
[INFO] [1781051340.827314722] [velocity_controller]: configure successful
[INFO] [1781051340.844643520] [velocity_controller]: activate successful
