/home/mattb/ros2_ws/install/ros_esc/lib/python3.10/site-packages/ros_esc/config_parsing.py
/home/mattb/ros2_ws/install/ros_esc/lib/python3.10/site-packages/ros_esc/__init__.py
/home/mattb/ros2_ws/install/ros_esc/lib/python3.10/site-packages/ros_esc/helper_functions.py
/home/mattb/ros2_ws/install/ros_esc/lib/python3.10/site-packages/ros_esc/cost_function_node/__init__.py
/home/mattb/ros2_ws/install/ros_esc/lib/python3.10/site-packages/ros_esc/cost_function_node/cost_function_node_script.py
/home/mattb/ros2_ws/install/ros_esc/lib/python3.10/site-packages/ros_esc/cost_function_node/cost_function_config_testing.py
/home/mattb/ros2_ws/install/ros_esc/lib/python3.10/site-packages/ros_esc/rotate_frame_node/rotate_frame_node_script.py
/home/mattb/ros2_ws/install/ros_esc/lib/python3.10/site-packages/ros_esc/rotate_frame_node/__init__.py
/home/mattb/ros2_ws/install/ros_esc/lib/python3.10/site-packages/ros_esc/rotate_frame_node/rotate_frame_config_testing.py
/home/mattb/ros2_ws/install/ros_esc/lib/python3.10/site-packages/ros_esc/plotting_scripts/plotting_vehicle_states.py
/home/mattb/ros2_ws/install/ros_esc/lib/python3.10/site-packages/ros_esc/plotting_scripts/plotting_node_outputs.py
/home/mattb/ros2_ws/install/ros_esc/lib/python3.10/site-packages/ros_esc/plotting_scripts/__init__.py
/home/mattb/ros2_ws/install/ros_esc/lib/python3.10/site-packages/ros_esc/plotting_scripts/turtlebot_plotting_script.py
/home/mattb/ros2_ws/install/ros_esc/lib/python3.10/site-packages/ros_esc/plotting_scripts/plotting_trajectories.py
/home/mattb/ros2_ws/install/ros_esc/lib/python3.10/site-packages/ros_esc/plotting_scripts/plotting_helper_functions.py
/home/mattb/ros2_ws/install/ros_esc/lib/python3.10/site-packages/ros_esc/data_collection_node/data_collection_node_script.py
/home/mattb/ros2_ws/install/ros_esc/lib/python3.10/site-packages/ros_esc/data_collection_node/live_plot_animation.py
/home/mattb/ros2_ws/install/ros_esc/lib/python3.10/site-packages/ros_esc/data_collection_node/__init__.py
/home/mattb/ros2_ws/install/ros_esc/lib/python3.10/site-packages/ros_esc/filter_node/filter_node_script.py
/home/mattb/ros2_ws/install/ros_esc/lib/python3.10/site-packages/ros_esc/filter_node/__init__.py
/home/mattb/ros2_ws/install/ros_esc/lib/python3.10/site-packages/ros_esc/filter_node/filter_config_testing.py
/home/mattb/ros2_ws/install/ros_esc/lib/python3.10/site-packages/ros_esc/controller_node/controller_config_testing.py
/home/mattb/ros2_ws/install/ros_esc/lib/python3.10/site-packages/ros_esc/controller_node/__init__.py
/home/mattb/ros2_ws/install/ros_esc/lib/python3.10/site-packages/ros_esc/controller_node/controller_node_script.py
/home/mattb/ros2_ws/install/ros_esc/lib/python3.10/site-packages/ros_esc/encoder_node/__init__.py
/home/mattb/ros2_ws/install/ros_esc/lib/python3.10/site-packages/ros_esc/encoder_node/encoder_node_script.py
/home/mattb/ros2_ws/install/ros_esc/lib/python3.10/site-packages/ros_esc/sensor_pose_node/transform_config_testing.py
/home/mattb/ros2_ws/install/ros_esc/lib/python3.10/site-packages/ros_esc/sensor_pose_node/sensor_pose_node_script.py
/home/mattb/ros2_ws/install/ros_esc/lib/python3.10/site-packages/ros_esc/sensor_pose_node/__init__.py
/home/mattb/ros2_ws/install/ros_esc/lib/python3.10/site-packages/ros_esc/cost_function_node/cost_function_objects/cost_function_objects.py
/home/mattb/ros2_ws/install/ros_esc/lib/python3.10/site-packages/ros_esc/cost_function_node/cost_function_objects/__init__.py
/home/mattb/ros2_ws/install/ros_esc/lib/python3.10/site-packages/ros_esc/cost_function_node/cost_function_objects/noise_objects.py
/home/mattb/ros2_ws/install/ros_esc/lib/python3.10/site-packages/ros_esc/rotate_frame_node/spin_profile_objects/spin_profile_objects.py
/home/mattb/ros2_ws/install/ros_esc/lib/python3.10/site-packages/ros_esc/rotate_frame_node/spin_profile_objects/__init__.py
/home/mattb/ros2_ws/install/ros_esc/lib/python3.10/site-packages/ros_esc/controller_node/controller_objects/turtlebot_ode_objects.py
/home/mattb/ros2_ws/install/ros_esc/lib/python3.10/site-packages/ros_esc/controller_node/controller_objects/turtlebot_vehicle.py
/home/mattb/ros2_ws/install/ros_esc/lib/python3.10/site-packages/ros_esc/controller_node/controller_objects/__init__.py
/home/mattb/ros2_ws/install/ros_esc/lib/python3.10/site-packages/ros_esc/sensor_pose_node/transform_objects/transform_objects.py
/home/mattb/ros2_ws/install/ros_esc/lib/python3.10/site-packages/ros_esc/sensor_pose_node/transform_objects/__init__.py
/home/mattb/ros2_ws/install/ros_esc/lib/python3.10/site-packages/ros_esc/__pycache__/config_parsing.cpython-310.pyc
/home/mattb/ros2_ws/install/ros_esc/lib/python3.10/site-packages/ros_esc/__pycache__/__init__.cpython-310.pyc
/home/mattb/ros2_ws/install/ros_esc/lib/python3.10/site-packages/ros_esc/__pycache__/helper_functions.cpython-310.pyc
/home/mattb/ros2_ws/install/ros_esc/lib/python3.10/site-packages/ros_esc/cost_function_node/__pycache__/__init__.cpython-310.pyc
/home/mattb/ros2_ws/install/ros_esc/lib/python3.10/site-packages/ros_esc/cost_function_node/__pycache__/cost_function_node_script.cpython-310.pyc
/home/mattb/ros2_ws/install/ros_esc/lib/python3.10/site-packages/ros_esc/cost_function_node/__pycache__/cost_function_config_testing.cpython-310.pyc
/home/mattb/ros2_ws/install/ros_esc/lib/python3.10/site-packages/ros_esc/rotate_frame_node/__pycache__/rotate_frame_node_script.cpython-310.pyc
/home/mattb/ros2_ws/install/ros_esc/lib/python3.10/site-packages/ros_esc/rotate_frame_node/__pycache__/__init__.cpython-310.pyc
/home/mattb/ros2_ws/install/ros_esc/lib/python3.10/site-packages/ros_esc/rotate_frame_node/__pycache__/rotate_frame_config_testing.cpython-310.pyc
/home/mattb/ros2_ws/install/ros_esc/lib/python3.10/site-packages/ros_esc/plotting_scripts/__pycache__/plotting_vehicle_states.cpython-310.pyc
/home/mattb/ros2_ws/install/ros_esc/lib/python3.10/site-packages/ros_esc/plotting_scripts/__pycache__/plotting_node_outputs.cpython-310.pyc
/home/mattb/ros2_ws/install/ros_esc/lib/python3.10/site-packages/ros_esc/plotting_scripts/__pycache__/__init__.cpython-310.pyc
/home/mattb/ros2_ws/install/ros_esc/lib/python3.10/site-packages/ros_esc/plotting_scripts/__pycache__/turtlebot_plotting_script.cpython-310.pyc
/home/mattb/ros2_ws/install/ros_esc/lib/python3.10/site-packages/ros_esc/plotting_scripts/__pycache__/plotting_trajectories.cpython-310.pyc
/home/mattb/ros2_ws/install/ros_esc/lib/python3.10/site-packages/ros_esc/plotting_scripts/__pycache__/plotting_helper_functions.cpython-310.pyc
/home/mattb/ros2_ws/install/ros_esc/lib/python3.10/site-packages/ros_esc/data_collection_node/__pycache__/data_collection_node_script.cpython-310.pyc
/home/mattb/ros2_ws/install/ros_esc/lib/python3.10/site-packages/ros_esc/data_collection_node/__pycache__/live_plot_animation.cpython-310.pyc
/home/mattb/ros2_ws/install/ros_esc/lib/python3.10/site-packages/ros_esc/data_collection_node/__pycache__/__init__.cpython-310.pyc
/home/mattb/ros2_ws/install/ros_esc/lib/python3.10/site-packages/ros_esc/filter_node/__pycache__/filter_node_script.cpython-310.pyc
/home/mattb/ros2_ws/install/ros_esc/lib/python3.10/site-packages/ros_esc/filter_node/__pycache__/__init__.cpython-310.pyc
/home/mattb/ros2_ws/install/ros_esc/lib/python3.10/site-packages/ros_esc/filter_node/__pycache__/filter_config_testing.cpython-310.pyc
/home/mattb/ros2_ws/install/ros_esc/lib/python3.10/site-packages/ros_esc/controller_node/__pycache__/controller_config_testing.cpython-310.pyc
/home/mattb/ros2_ws/install/ros_esc/lib/python3.10/site-packages/ros_esc/controller_node/__pycache__/__init__.cpython-310.pyc
/home/mattb/ros2_ws/install/ros_esc/lib/python3.10/site-packages/ros_esc/controller_node/__pycache__/controller_node_script.cpython-310.pyc
/home/mattb/ros2_ws/install/ros_esc/lib/python3.10/site-packages/ros_esc/encoder_node/__pycache__/__init__.cpython-310.pyc
/home/mattb/ros2_ws/install/ros_esc/lib/python3.10/site-packages/ros_esc/encoder_node/__pycache__/encoder_node_script.cpython-310.pyc
/home/mattb/ros2_ws/install/ros_esc/lib/python3.10/site-packages/ros_esc/sensor_pose_node/__pycache__/transform_config_testing.cpython-310.pyc
/home/mattb/ros2_ws/install/ros_esc/lib/python3.10/site-packages/ros_esc/sensor_pose_node/__pycache__/sensor_pose_node_script.cpython-310.pyc
/home/mattb/ros2_ws/install/ros_esc/lib/python3.10/site-packages/ros_esc/sensor_pose_node/__pycache__/__init__.cpython-310.pyc
/home/mattb/ros2_ws/install/ros_esc/lib/python3.10/site-packages/ros_esc/cost_function_node/cost_function_objects/__pycache__/cost_function_objects.cpython-310.pyc
/home/mattb/ros2_ws/install/ros_esc/lib/python3.10/site-packages/ros_esc/cost_function_node/cost_function_objects/__pycache__/__init__.cpython-310.pyc
/home/mattb/ros2_ws/install/ros_esc/lib/python3.10/site-packages/ros_esc/cost_function_node/cost_function_objects/__pycache__/noise_objects.cpython-310.pyc
/home/mattb/ros2_ws/install/ros_esc/lib/python3.10/site-packages/ros_esc/rotate_frame_node/spin_profile_objects/__pycache__/spin_profile_objects.cpython-310.pyc
/home/mattb/ros2_ws/install/ros_esc/lib/python3.10/site-packages/ros_esc/rotate_frame_node/spin_profile_objects/__pycache__/__init__.cpython-310.pyc
/home/mattb/ros2_ws/install/ros_esc/lib/python3.10/site-packages/ros_esc/controller_node/controller_objects/__pycache__/turtlebot_ode_objects.cpython-310.pyc
/home/mattb/ros2_ws/install/ros_esc/lib/python3.10/site-packages/ros_esc/controller_node/controller_objects/__pycache__/turtlebot_vehicle.cpython-310.pyc
/home/mattb/ros2_ws/install/ros_esc/lib/python3.10/site-packages/ros_esc/controller_node/controller_objects/__pycache__/__init__.cpython-310.pyc
/home/mattb/ros2_ws/install/ros_esc/lib/python3.10/site-packages/ros_esc/sensor_pose_node/transform_objects/__pycache__/transform_objects.cpython-310.pyc
/home/mattb/ros2_ws/install/ros_esc/lib/python3.10/site-packages/ros_esc/sensor_pose_node/transform_objects/__pycache__/__init__.cpython-310.pyc
/home/mattb/ros2_ws/install/ros_esc/share/ament_index/resource_index/packages/ros_esc
/home/mattb/ros2_ws/install/ros_esc/share/ros_esc/package.xml
/home/mattb/ros2_ws/install/ros_esc/lib/python3.10/site-packages/ros_esc-0.0.0-py3.10.egg-info/SOURCES.txt
/home/mattb/ros2_ws/install/ros_esc/lib/python3.10/site-packages/ros_esc-0.0.0-py3.10.egg-info/top_level.txt
/home/mattb/ros2_ws/install/ros_esc/lib/python3.10/site-packages/ros_esc-0.0.0-py3.10.egg-info/entry_points.txt
/home/mattb/ros2_ws/install/ros_esc/lib/python3.10/site-packages/ros_esc-0.0.0-py3.10.egg-info/requires.txt
/home/mattb/ros2_ws/install/ros_esc/lib/python3.10/site-packages/ros_esc-0.0.0-py3.10.egg-info/dependency_links.txt
/home/mattb/ros2_ws/install/ros_esc/lib/python3.10/site-packages/ros_esc-0.0.0-py3.10.egg-info/zip-safe
/home/mattb/ros2_ws/install/ros_esc/lib/python3.10/site-packages/ros_esc-0.0.0-py3.10.egg-info/PKG-INFO
/home/mattb/ros2_ws/install/ros_esc/lib/ros_esc/controller_node
/home/mattb/ros2_ws/install/ros_esc/lib/ros_esc/cost_function_node
/home/mattb/ros2_ws/install/ros_esc/lib/ros_esc/data_collection_node
/home/mattb/ros2_ws/install/ros_esc/lib/ros_esc/encoder_node
/home/mattb/ros2_ws/install/ros_esc/lib/ros_esc/filter_node
/home/mattb/ros2_ws/install/ros_esc/lib/ros_esc/rotate_frame_node
/home/mattb/ros2_ws/install/ros_esc/lib/ros_esc/sensor_pose_node
