[0.241s] Invoking command in '/home/mattb/ros2_ws/build/ros_esc_interfaces': CMAKE_PREFIX_PATH=${CMAKE_PREFIX_PATH}:/opt/ros/humble /usr/bin/cmake --build /home/mattb/ros2_ws/build/ros_esc_interfaces -- -j12 -l12
[0.278s] [35m[1mConsolidate compiler generated dependencies of target ros_esc_interfaces__rosidl_generator_c[0m
[0.287s] [  1%] Built target ros_esc_interfaces__cpp
[0.291s] [ 12%] Built target ros_esc_interfaces__rosidl_generator_c
[0.298s] [ 12%] Built target ament_cmake_python_copy_ros_esc_interfaces
[0.301s] [35m[1mConsolidate compiler generated dependencies of target ros_esc_interfaces__rosidl_typesupport_cpp[0m
[0.302s] [35m[1mConsolidate compiler generated dependencies of target ros_esc_interfaces__rosidl_typesupport_fastrtps_cpp[0m
[0.305s] [35m[1mConsolidate compiler generated dependencies of target ros_esc_interfaces__rosidl_typesupport_introspection_cpp[0m
[0.307s] [35m[1mConsolidate compiler generated dependencies of target ros_esc_interfaces__rosidl_typesupport_fastrtps_c[0m
[0.307s] [35m[1mConsolidate compiler generated dependencies of target ros_esc_interfaces__rosidl_typesupport_c[0m
[0.308s] [35m[1mConsolidate compiler generated dependencies of target ros_esc_interfaces__rosidl_typesupport_introspection_c[0m
[0.325s] [ 23%] Built target ros_esc_interfaces__rosidl_typesupport_c
[0.327s] [ 34%] Built target ros_esc_interfaces__rosidl_typesupport_cpp
[0.328s] [ 55%] Built target ros_esc_interfaces__rosidl_typesupport_introspection_cpp
[0.329s] [ 57%] Built target ros_esc_interfaces__rosidl_typesupport_introspection_c
[0.329s] [ 68%] Built target ros_esc_interfaces__rosidl_typesupport_fastrtps_cpp
[0.330s] [ 79%] Built target ros_esc_interfaces__rosidl_typesupport_fastrtps_c
[0.349s] [ 79%] Built target ros_esc_interfaces
[0.370s] [ 80%] Built target ros_esc_interfaces__py
[0.381s] [35m[1mConsolidate compiler generated dependencies of target ros_esc_interfaces__rosidl_generator_py[0m
[0.397s] [ 90%] Built target ros_esc_interfaces__rosidl_generator_py
[0.410s] [35m[1mConsolidate compiler generated dependencies of target ros_esc_interfaces__rosidl_typesupport_fastrtps_c__pyext[0m
[0.410s] [35m[1mConsolidate compiler generated dependencies of target ros_esc_interfaces__rosidl_typesupport_c__pyext[0m
[0.411s] [35m[1mConsolidate compiler generated dependencies of target ros_esc_interfaces__rosidl_typesupport_introspection_c__pyext[0m
[0.425s] [ 93%] Built target ros_esc_interfaces__rosidl_typesupport_fastrtps_c__pyext
[0.428s] [ 96%] Built target ros_esc_interfaces__rosidl_typesupport_c__pyext
[0.429s] [100%] Built target ros_esc_interfaces__rosidl_typesupport_introspection_c__pyext
[0.559s] running egg_info
[0.560s] writing ros_esc_interfaces.egg-info/PKG-INFO
[0.560s] writing dependency_links to ros_esc_interfaces.egg-info/dependency_links.txt
[0.560s] writing top-level names to ros_esc_interfaces.egg-info/top_level.txt
[0.562s] reading manifest file 'ros_esc_interfaces.egg-info/SOURCES.txt'
[0.562s] writing manifest file 'ros_esc_interfaces.egg-info/SOURCES.txt'
[0.585s] [100%] Built target ament_cmake_python_build_ros_esc_interfaces_egg
[0.596s] Invoked command in '/home/mattb/ros2_ws/build/ros_esc_interfaces' returned '0': CMAKE_PREFIX_PATH=${CMAKE_PREFIX_PATH}:/opt/ros/humble /usr/bin/cmake --build /home/mattb/ros2_ws/build/ros_esc_interfaces -- -j12 -l12
[0.608s] Invoking command in '/home/mattb/ros2_ws/build/ros_esc_interfaces': CMAKE_PREFIX_PATH=${CMAKE_PREFIX_PATH}:/opt/ros/humble /usr/bin/cmake --install /home/mattb/ros2_ws/build/ros_esc_interfaces
[0.618s] -- Install configuration: ""
[0.618s] -- Up-to-date: /home/mattb/ros2_ws/install/ros_esc_interfaces/share/ament_index/resource_index/rosidl_interfaces/ros_esc_interfaces
[0.618s] -- Up-to-date: /home/mattb/ros2_ws/install/ros_esc_interfaces/include/ros_esc_interfaces/ros_esc_interfaces
[0.618s] -- Up-to-date: /home/mattb/ros2_ws/install/ros_esc_interfaces/include/ros_esc_interfaces/ros_esc_interfaces/msg
[0.619s] -- Up-to-date: /home/mattb/ros2_ws/install/ros_esc_interfaces/include/ros_esc_interfaces/ros_esc_interfaces/msg/stamped_float64_multi_array.h
[0.619s] -- Up-to-date: /home/mattb/ros2_ws/install/ros_esc_interfaces/include/ros_esc_interfaces/ros_esc_interfaces/msg/rosidl_generator_c__visibility_control.h
[0.619s] -- Up-to-date: /home/mattb/ros2_ws/install/ros_esc_interfaces/include/ros_esc_interfaces/ros_esc_interfaces/msg/stamped_string.h
[0.619s] -- Up-to-date: /home/mattb/ros2_ws/install/ros_esc_interfaces/include/ros_esc_interfaces/ros_esc_interfaces/msg/stamped_transform_multi_array.h
[0.619s] -- Up-to-date: /home/mattb/ros2_ws/install/ros_esc_interfaces/include/ros_esc_interfaces/ros_esc_interfaces/msg/stamped_float64.h
[0.619s] -- Up-to-date: /home/mattb/ros2_ws/install/ros_esc_interfaces/include/ros_esc_interfaces/ros_esc_interfaces/msg/timekeeper.h
[0.619s] -- Up-to-date: /home/mattb/ros2_ws/install/ros_esc_interfaces/include/ros_esc_interfaces/ros_esc_interfaces/msg/detail
[0.620s] -- Up-to-date: /home/mattb/ros2_ws/install/ros_esc_interfaces/include/ros_esc_interfaces/ros_esc_interfaces/msg/detail/stamped_transform_multi_array__type_support.h
[0.620s] -- Up-to-date: /home/mattb/ros2_ws/install/ros_esc_interfaces/include/ros_esc_interfaces/ros_esc_interfaces/msg/detail/stamped_string__functions.c
[0.620s] -- Up-to-date: /home/mattb/ros2_ws/install/ros_esc_interfaces/include/ros_esc_interfaces/ros_esc_interfaces/msg/detail/stamped_float64_multi_array__struct.h
[0.620s] -- Up-to-date: /home/mattb/ros2_ws/install/ros_esc_interfaces/include/ros_esc_interfaces/ros_esc_interfaces/msg/detail/stamped_float64_multi_array__type_support.h
[0.620s] -- Up-to-date: /home/mattb/ros2_ws/install/ros_esc_interfaces/include/ros_esc_interfaces/ros_esc_interfaces/msg/detail/timekeeper__struct.h
[0.620s] -- Up-to-date: /home/mattb/ros2_ws/install/ros_esc_interfaces/include/ros_esc_interfaces/ros_esc_interfaces/msg/detail/stamped_transform_multi_array__struct.h
[0.620s] -- Up-to-date: /home/mattb/ros2_ws/install/ros_esc_interfaces/include/ros_esc_interfaces/ros_esc_interfaces/msg/detail/stamped_string__struct.h
[0.620s] -- Up-to-date: /home/mattb/ros2_ws/install/ros_esc_interfaces/include/ros_esc_interfaces/ros_esc_interfaces/msg/detail/timekeeper__functions.h
[0.621s] -- Up-to-date: /home/mattb/ros2_ws/install/ros_esc_interfaces/include/ros_esc_interfaces/ros_esc_interfaces/msg/detail/stamped_string__type_support.h
[0.621s] -- Up-to-date: /home/mattb/ros2_ws/install/ros_esc_interfaces/include/ros_esc_interfaces/ros_esc_interfaces/msg/detail/timekeeper__type_support.h
[0.621s] -- Up-to-date: /home/mattb/ros2_ws/install/ros_esc_interfaces/include/ros_esc_interfaces/ros_esc_interfaces/msg/detail/stamped_float64__type_support.h
[0.621s] -- Up-to-date: /home/mattb/ros2_ws/install/ros_esc_interfaces/include/ros_esc_interfaces/ros_esc_interfaces/msg/detail/stamped_string__functions.h
[0.621s] -- Up-to-date: /home/mattb/ros2_ws/install/ros_esc_interfaces/include/ros_esc_interfaces/ros_esc_interfaces/msg/detail/stamped_transform_multi_array__functions.c
[0.621s] -- Up-to-date: /home/mattb/ros2_ws/install/ros_esc_interfaces/include/ros_esc_interfaces/ros_esc_interfaces/msg/detail/stamped_float64__functions.c
[0.622s] -- Up-to-date: /home/mattb/ros2_ws/install/ros_esc_interfaces/include/ros_esc_interfaces/ros_esc_interfaces/msg/detail/stamped_transform_multi_array__functions.h
[0.622s] -- Up-to-date: /home/mattb/ros2_ws/install/ros_esc_interfaces/include/ros_esc_interfaces/ros_esc_interfaces/msg/detail/stamped_float64_multi_array__functions.c
[0.622s] -- Up-to-date: /home/mattb/ros2_ws/install/ros_esc_interfaces/include/ros_esc_interfaces/ros_esc_interfaces/msg/detail/timekeeper__functions.c
[0.622s] -- Up-to-date: /home/mattb/ros2_ws/install/ros_esc_interfaces/include/ros_esc_interfaces/ros_esc_interfaces/msg/detail/stamped_float64_multi_array__functions.h
[0.622s] -- Up-to-date: /home/mattb/ros2_ws/install/ros_esc_interfaces/include/ros_esc_interfaces/ros_esc_interfaces/msg/detail/stamped_float64__functions.h
[0.622s] -- Up-to-date: /home/mattb/ros2_ws/install/ros_esc_interfaces/include/ros_esc_interfaces/ros_esc_interfaces/msg/detail/stamped_float64__struct.h
[0.622s] -- Up-to-date: /home/mattb/ros2_ws/install/ros_esc_interfaces/share/ros_esc_interfaces/environment/library_path.sh
[0.622s] -- Up-to-date: /home/mattb/ros2_ws/install/ros_esc_interfaces/share/ros_esc_interfaces/environment/library_path.dsv
[0.623s] -- Up-to-date: /home/mattb/ros2_ws/install/ros_esc_interfaces/lib/libros_esc_interfaces__rosidl_generator_c.so
[0.623s] -- Up-to-date: /home/mattb/ros2_ws/install/ros_esc_interfaces/include/ros_esc_interfaces/ros_esc_interfaces
[0.623s] -- Up-to-date: /home/mattb/ros2_ws/install/ros_esc_interfaces/include/ros_esc_interfaces/ros_esc_interfaces/msg
[0.623s] -- Up-to-date: /home/mattb/ros2_ws/install/ros_esc_interfaces/include/ros_esc_interfaces/ros_esc_interfaces/msg/rosidl_typesupport_fastrtps_c__visibility_control.h
[0.623s] -- Up-to-date: /home/mattb/ros2_ws/install/ros_esc_interfaces/include/ros_esc_interfaces/ros_esc_interfaces/msg/detail
[0.623s] -- Up-to-date: /home/mattb/ros2_ws/install/ros_esc_interfaces/include/ros_esc_interfaces/ros_esc_interfaces/msg/detail/stamped_float64_multi_array__rosidl_typesupport_fastrtps_c.h
[0.623s] -- Up-to-date: /home/mattb/ros2_ws/install/ros_esc_interfaces/include/ros_esc_interfaces/ros_esc_interfaces/msg/detail/stamped_string__rosidl_typesupport_fastrtps_c.h
[0.623s] -- Up-to-date: /home/mattb/ros2_ws/install/ros_esc_interfaces/include/ros_esc_interfaces/ros_esc_interfaces/msg/detail/stamped_transform_multi_array__rosidl_typesupport_fastrtps_c.h
[0.623s] -- Up-to-date: /home/mattb/ros2_ws/install/ros_esc_interfaces/include/ros_esc_interfaces/ros_esc_interfaces/msg/detail/timekeeper__rosidl_typesupport_fastrtps_c.h
[0.624s] -- Up-to-date: /home/mattb/ros2_ws/install/ros_esc_interfaces/include/ros_esc_interfaces/ros_esc_interfaces/msg/detail/stamped_float64__rosidl_typesupport_fastrtps_c.h
[0.624s] -- Up-to-date: /home/mattb/ros2_ws/install/ros_esc_interfaces/lib/libros_esc_interfaces__rosidl_typesupport_fastrtps_c.so
[0.624s] -- Up-to-date: /home/mattb/ros2_ws/install/ros_esc_interfaces/include/ros_esc_interfaces/ros_esc_interfaces
[0.624s] -- Up-to-date: /home/mattb/ros2_ws/install/ros_esc_interfaces/include/ros_esc_interfaces/ros_esc_interfaces/msg
[0.624s] -- Up-to-date: /home/mattb/ros2_ws/install/ros_esc_interfaces/include/ros_esc_interfaces/ros_esc_interfaces/msg/stamped_float64_multi_array.hpp
[0.624s] -- Up-to-date: /home/mattb/ros2_ws/install/ros_esc_interfaces/include/ros_esc_interfaces/ros_esc_interfaces/msg/stamped_float64.hpp
[0.624s] -- Up-to-date: /home/mattb/ros2_ws/install/ros_esc_interfaces/include/ros_esc_interfaces/ros_esc_interfaces/msg/detail
[0.624s] -- Up-to-date: /home/mattb/ros2_ws/install/ros_esc_interfaces/include/ros_esc_interfaces/ros_esc_interfaces/msg/detail/stamped_string__builder.hpp
[0.625s] -- Up-to-date: /home/mattb/ros2_ws/install/ros_esc_interfaces/include/ros_esc_interfaces/ros_esc_interfaces/msg/detail/stamped_transform_multi_array__type_support.hpp
[0.625s] -- Up-to-date: /home/mattb/ros2_ws/install/ros_esc_interfaces/include/ros_esc_interfaces/ros_esc_interfaces/msg/detail/stamped_string__struct.hpp
[0.625s] -- Up-to-date: /home/mattb/ros2_ws/install/ros_esc_interfaces/include/ros_esc_interfaces/ros_esc_interfaces/msg/detail/timekeeper__builder.hpp
[0.625s] -- Up-to-date: /home/mattb/ros2_ws/install/ros_esc_interfaces/include/ros_esc_interfaces/ros_esc_interfaces/msg/detail/stamped_transform_multi_array__builder.hpp
[0.625s] -- Up-to-date: /home/mattb/ros2_ws/install/ros_esc_interfaces/include/ros_esc_interfaces/ros_esc_interfaces/msg/detail/stamped_float64_multi_array__traits.hpp
[0.625s] -- Up-to-date: /home/mattb/ros2_ws/install/ros_esc_interfaces/include/ros_esc_interfaces/ros_esc_interfaces/msg/detail/stamped_float64__traits.hpp
[0.625s] -- Up-to-date: /home/mattb/ros2_ws/install/ros_esc_interfaces/include/ros_esc_interfaces/ros_esc_interfaces/msg/detail/stamped_float64__builder.hpp
[0.625s] -- Up-to-date: /home/mattb/ros2_ws/install/ros_esc_interfaces/include/ros_esc_interfaces/ros_esc_interfaces/msg/detail/stamped_string__type_support.hpp
[0.626s] -- Up-to-date: /home/mattb/ros2_ws/install/ros_esc_interfaces/include/ros_esc_interfaces/ros_esc_interfaces/msg/detail/stamped_float64_multi_array__builder.hpp
[0.626s] -- Up-to-date: /home/mattb/ros2_ws/install/ros_esc_interfaces/include/ros_esc_interfaces/ros_esc_interfaces/msg/detail/stamped_float64_multi_array__type_support.hpp
[0.626s] -- Up-to-date: /home/mattb/ros2_ws/install/ros_esc_interfaces/include/ros_esc_interfaces/ros_esc_interfaces/msg/detail/stamped_float64__struct.hpp
[0.626s] -- Up-to-date: /home/mattb/ros2_ws/install/ros_esc_interfaces/include/ros_esc_interfaces/ros_esc_interfaces/msg/detail/timekeeper__struct.hpp
[0.626s] -- Up-to-date: /home/mattb/ros2_ws/install/ros_esc_interfaces/include/ros_esc_interfaces/ros_esc_interfaces/msg/detail/timekeeper__traits.hpp
[0.626s] -- Up-to-date: /home/mattb/ros2_ws/install/ros_esc_interfaces/include/ros_esc_interfaces/ros_esc_interfaces/msg/detail/stamped_float64__type_support.hpp
[0.626s] -- Up-to-date: /home/mattb/ros2_ws/install/ros_esc_interfaces/include/ros_esc_interfaces/ros_esc_interfaces/msg/detail/stamped_transform_multi_array__traits.hpp
[0.626s] -- Up-to-date: /home/mattb/ros2_ws/install/ros_esc_interfaces/include/ros_esc_interfaces/ros_esc_interfaces/msg/detail/stamped_string__traits.hpp
[0.626s] -- Up-to-date: /home/mattb/ros2_ws/install/ros_esc_interfaces/include/ros_esc_interfaces/ros_esc_interfaces/msg/detail/timekeeper__type_support.hpp
[0.627s] -- Up-to-date: /home/mattb/ros2_ws/install/ros_esc_interfaces/include/ros_esc_interfaces/ros_esc_interfaces/msg/detail/stamped_float64_multi_array__struct.hpp
[0.627s] -- Up-to-date: /home/mattb/ros2_ws/install/ros_esc_interfaces/include/ros_esc_interfaces/ros_esc_interfaces/msg/detail/stamped_transform_multi_array__struct.hpp
[0.627s] -- Up-to-date: /home/mattb/ros2_ws/install/ros_esc_interfaces/include/ros_esc_interfaces/ros_esc_interfaces/msg/rosidl_generator_cpp__visibility_control.hpp
[0.627s] -- Up-to-date: /home/mattb/ros2_ws/install/ros_esc_interfaces/include/ros_esc_interfaces/ros_esc_interfaces/msg/timekeeper.hpp
[0.627s] -- Up-to-date: /home/mattb/ros2_ws/install/ros_esc_interfaces/include/ros_esc_interfaces/ros_esc_interfaces/msg/stamped_transform_multi_array.hpp
[0.627s] -- Up-to-date: /home/mattb/ros2_ws/install/ros_esc_interfaces/include/ros_esc_interfaces/ros_esc_interfaces/msg/stamped_string.hpp
[0.627s] -- Up-to-date: /home/mattb/ros2_ws/install/ros_esc_interfaces/include/ros_esc_interfaces/ros_esc_interfaces
[0.627s] -- Up-to-date: /home/mattb/ros2_ws/install/ros_esc_interfaces/include/ros_esc_interfaces/ros_esc_interfaces/msg
[0.627s] -- Up-to-date: /home/mattb/ros2_ws/install/ros_esc_interfaces/include/ros_esc_interfaces/ros_esc_interfaces/msg/detail
[0.627s] -- Up-to-date: /home/mattb/ros2_ws/install/ros_esc_interfaces/include/ros_esc_interfaces/ros_esc_interfaces/msg/detail/dds_fastrtps
[0.627s] -- Up-to-date: /home/mattb/ros2_ws/install/ros_esc_interfaces/include/ros_esc_interfaces/ros_esc_interfaces/msg/detail/stamped_float64__rosidl_typesupport_fastrtps_cpp.hpp
[0.628s] -- Up-to-date: /home/mattb/ros2_ws/install/ros_esc_interfaces/include/ros_esc_interfaces/ros_esc_interfaces/msg/detail/stamped_string__rosidl_typesupport_fastrtps_cpp.hpp
[0.628s] -- Up-to-date: /home/mattb/ros2_ws/install/ros_esc_interfaces/include/ros_esc_interfaces/ros_esc_interfaces/msg/detail/timekeeper__rosidl_typesupport_fastrtps_cpp.hpp
[0.628s] -- Up-to-date: /home/mattb/ros2_ws/install/ros_esc_interfaces/include/ros_esc_interfaces/ros_esc_interfaces/msg/detail/stamped_float64_multi_array__rosidl_typesupport_fastrtps_cpp.hpp
[0.628s] -- Up-to-date: /home/mattb/ros2_ws/install/ros_esc_interfaces/include/ros_esc_interfaces/ros_esc_interfaces/msg/detail/stamped_transform_multi_array__rosidl_typesupport_fastrtps_cpp.hpp
[0.628s] -- Up-to-date: /home/mattb/ros2_ws/install/ros_esc_interfaces/include/ros_esc_interfaces/ros_esc_interfaces/msg/rosidl_typesupport_fastrtps_cpp__visibility_control.h
[0.628s] -- Up-to-date: /home/mattb/ros2_ws/install/ros_esc_interfaces/lib/libros_esc_interfaces__rosidl_typesupport_fastrtps_cpp.so
[0.628s] -- Up-to-date: /home/mattb/ros2_ws/install/ros_esc_interfaces/include/ros_esc_interfaces/ros_esc_interfaces
[0.628s] -- Up-to-date: /home/mattb/ros2_ws/install/ros_esc_interfaces/include/ros_esc_interfaces/ros_esc_interfaces/msg
[0.628s] -- Up-to-date: /home/mattb/ros2_ws/install/ros_esc_interfaces/include/ros_esc_interfaces/ros_esc_interfaces/msg/detail
[0.628s] -- Up-to-date: /home/mattb/ros2_ws/install/ros_esc_interfaces/include/ros_esc_interfaces/ros_esc_interfaces/msg/detail/stamped_float64_multi_array__rosidl_typesupport_introspection_c.h
[0.628s] -- Up-to-date: /home/mattb/ros2_ws/install/ros_esc_interfaces/include/ros_esc_interfaces/ros_esc_interfaces/msg/detail/stamped_float64__type_support.c
[0.629s] -- Up-to-date: /home/mattb/ros2_ws/install/ros_esc_interfaces/include/ros_esc_interfaces/ros_esc_interfaces/msg/detail/stamped_transform_multi_array__rosidl_typesupport_introspection_c.h
[0.629s] -- Up-to-date: /home/mattb/ros2_ws/install/ros_esc_interfaces/include/ros_esc_interfaces/ros_esc_interfaces/msg/detail/timekeeper__type_support.c
[0.629s] -- Up-to-date: /home/mattb/ros2_ws/install/ros_esc_interfaces/include/ros_esc_interfaces/ros_esc_interfaces/msg/detail/stamped_float64__rosidl_typesupport_introspection_c.h
[0.629s] -- Up-to-date: /home/mattb/ros2_ws/install/ros_esc_interfaces/include/ros_esc_interfaces/ros_esc_interfaces/msg/detail/stamped_string__type_support.c
[0.629s] -- Up-to-date: /home/mattb/ros2_ws/install/ros_esc_interfaces/include/ros_esc_interfaces/ros_esc_interfaces/msg/detail/stamped_transform_multi_array__type_support.c
[0.629s] -- Up-to-date: /home/mattb/ros2_ws/install/ros_esc_interfaces/include/ros_esc_interfaces/ros_esc_interfaces/msg/detail/timekeeper__rosidl_typesupport_introspection_c.h
[0.629s] -- Up-to-date: /home/mattb/ros2_ws/install/ros_esc_interfaces/include/ros_esc_interfaces/ros_esc_interfaces/msg/detail/stamped_float64_multi_array__type_support.c
[0.629s] -- Up-to-date: /home/mattb/ros2_ws/install/ros_esc_interfaces/include/ros_esc_interfaces/ros_esc_interfaces/msg/detail/stamped_string__rosidl_typesupport_introspection_c.h
[0.629s] -- Up-to-date: /home/mattb/ros2_ws/install/ros_esc_interfaces/include/ros_esc_interfaces/ros_esc_interfaces/msg/rosidl_typesupport_introspection_c__visibility_control.h
[0.629s] -- Up-to-date: /home/mattb/ros2_ws/install/ros_esc_interfaces/lib/libros_esc_interfaces__rosidl_typesupport_introspection_c.so
[0.629s] -- Up-to-date: /home/mattb/ros2_ws/install/ros_esc_interfaces/lib/libros_esc_interfaces__rosidl_typesupport_c.so
[0.629s] -- Up-to-date: /home/mattb/ros2_ws/install/ros_esc_interfaces/include/ros_esc_interfaces/ros_esc_interfaces
[0.630s] -- Up-to-date: /home/mattb/ros2_ws/install/ros_esc_interfaces/include/ros_esc_interfaces/ros_esc_interfaces/msg
[0.630s] -- Up-to-date: /home/mattb/ros2_ws/install/ros_esc_interfaces/include/ros_esc_interfaces/ros_esc_interfaces/msg/detail
[0.630s] -- Up-to-date: /home/mattb/ros2_ws/install/ros_esc_interfaces/include/ros_esc_interfaces/ros_esc_interfaces/msg/detail/stamped_float64__type_support.cpp
[0.630s] -- Up-to-date: /home/mattb/ros2_ws/install/ros_esc_interfaces/include/ros_esc_interfaces/ros_esc_interfaces/msg/detail/stamped_float64_multi_array__type_support.cpp
[0.630s] -- Up-to-date: /home/mattb/ros2_ws/install/ros_esc_interfaces/include/ros_esc_interfaces/ros_esc_interfaces/msg/detail/stamped_transform_multi_array__type_support.cpp
[0.630s] -- Up-to-date: /home/mattb/ros2_ws/install/ros_esc_interfaces/include/ros_esc_interfaces/ros_esc_interfaces/msg/detail/timekeeper__type_support.cpp
[0.630s] -- Up-to-date: /home/mattb/ros2_ws/install/ros_esc_interfaces/include/ros_esc_interfaces/ros_esc_interfaces/msg/detail/stamped_transform_multi_array__rosidl_typesupport_introspection_cpp.hpp
[0.630s] -- Up-to-date: /home/mattb/ros2_ws/install/ros_esc_interfaces/include/ros_esc_interfaces/ros_esc_interfaces/msg/detail/stamped_float64_multi_array__rosidl_typesupport_introspection_cpp.hpp
[0.630s] -- Up-to-date: /home/mattb/ros2_ws/install/ros_esc_interfaces/include/ros_esc_interfaces/ros_esc_interfaces/msg/detail/stamped_string__rosidl_typesupport_introspection_cpp.hpp
[0.630s] -- Up-to-date: /home/mattb/ros2_ws/install/ros_esc_interfaces/include/ros_esc_interfaces/ros_esc_interfaces/msg/detail/timekeeper__rosidl_typesupport_introspection_cpp.hpp
[0.630s] -- Up-to-date: /home/mattb/ros2_ws/install/ros_esc_interfaces/include/ros_esc_interfaces/ros_esc_interfaces/msg/detail/stamped_string__type_support.cpp
[0.631s] -- Up-to-date: /home/mattb/ros2_ws/install/ros_esc_interfaces/include/ros_esc_interfaces/ros_esc_interfaces/msg/detail/stamped_float64__rosidl_typesupport_introspection_cpp.hpp
[0.631s] -- Up-to-date: /home/mattb/ros2_ws/install/ros_esc_interfaces/lib/libros_esc_interfaces__rosidl_typesupport_introspection_cpp.so
[0.631s] -- Up-to-date: /home/mattb/ros2_ws/install/ros_esc_interfaces/lib/libros_esc_interfaces__rosidl_typesupport_cpp.so
[0.631s] -- Up-to-date: /home/mattb/ros2_ws/install/ros_esc_interfaces/share/ros_esc_interfaces/environment/pythonpath.sh
[0.631s] -- Up-to-date: /home/mattb/ros2_ws/install/ros_esc_interfaces/share/ros_esc_interfaces/environment/pythonpath.dsv
[0.631s] -- Up-to-date: /home/mattb/ros2_ws/install/ros_esc_interfaces/local/lib/python3.10/dist-packages/ros_esc_interfaces-0.0.0-py3.10.egg-info
[0.631s] -- Installing: /home/mattb/ros2_ws/install/ros_esc_interfaces/local/lib/python3.10/dist-packages/ros_esc_interfaces-0.0.0-py3.10.egg-info/SOURCES.txt
[0.631s] -- Installing: /home/mattb/ros2_ws/install/ros_esc_interfaces/local/lib/python3.10/dist-packages/ros_esc_interfaces-0.0.0-py3.10.egg-info/top_level.txt
[0.631s] -- Installing: /home/mattb/ros2_ws/install/ros_esc_interfaces/local/lib/python3.10/dist-packages/ros_esc_interfaces-0.0.0-py3.10.egg-info/dependency_links.txt
[0.631s] -- Installing: /home/mattb/ros2_ws/install/ros_esc_interfaces/local/lib/python3.10/dist-packages/ros_esc_interfaces-0.0.0-py3.10.egg-info/PKG-INFO
[0.631s] -- Up-to-date: /home/mattb/ros2_ws/install/ros_esc_interfaces/local/lib/python3.10/dist-packages/ros_esc_interfaces
[0.631s] -- Up-to-date: /home/mattb/ros2_ws/install/ros_esc_interfaces/local/lib/python3.10/dist-packages/ros_esc_interfaces/libros_esc_interfaces__rosidl_generator_py.so
[0.632s] -- Up-to-date: /home/mattb/ros2_ws/install/ros_esc_interfaces/local/lib/python3.10/dist-packages/ros_esc_interfaces/_ros_esc_interfaces_s.ep.rosidl_typesupport_introspection_c.c
[0.632s] -- Up-to-date: /home/mattb/ros2_ws/install/ros_esc_interfaces/local/lib/python3.10/dist-packages/ros_esc_interfaces/ros_esc_interfaces_s__rosidl_typesupport_fastrtps_c.cpython-310-x86_64-linux-gnu.so
[0.632s] -- Up-to-date: /home/mattb/ros2_ws/install/ros_esc_interfaces/local/lib/python3.10/dist-packages/ros_esc_interfaces/__init__.py
[0.632s] -- Up-to-date: /home/mattb/ros2_ws/install/ros_esc_interfaces/local/lib/python3.10/dist-packages/ros_esc_interfaces/_ros_esc_interfaces_s.ep.rosidl_typesupport_c.c
[0.632s] -- Up-to-date: /home/mattb/ros2_ws/install/ros_esc_interfaces/local/lib/python3.10/dist-packages/ros_esc_interfaces/ros_esc_interfaces_s__rosidl_typesupport_introspection_c.cpython-310-x86_64-linux-gnu.so
[0.632s] -- Up-to-date: /home/mattb/ros2_ws/install/ros_esc_interfaces/local/lib/python3.10/dist-packages/ros_esc_interfaces/_ros_esc_interfaces_s.ep.rosidl_typesupport_fastrtps_c.c
[0.632s] -- Up-to-date: /home/mattb/ros2_ws/install/ros_esc_interfaces/local/lib/python3.10/dist-packages/ros_esc_interfaces/ros_esc_interfaces_s__rosidl_typesupport_c.cpython-310-x86_64-linux-gnu.so
[0.632s] -- Up-to-date: /home/mattb/ros2_ws/install/ros_esc_interfaces/local/lib/python3.10/dist-packages/ros_esc_interfaces/msg
[0.632s] -- Up-to-date: /home/mattb/ros2_ws/install/ros_esc_interfaces/local/lib/python3.10/dist-packages/ros_esc_interfaces/msg/_stamped_float64_s.c
[0.632s] -- Up-to-date: /home/mattb/ros2_ws/install/ros_esc_interfaces/local/lib/python3.10/dist-packages/ros_esc_interfaces/msg/_stamped_transform_multi_array.py
[0.632s] -- Up-to-date: /home/mattb/ros2_ws/install/ros_esc_interfaces/local/lib/python3.10/dist-packages/ros_esc_interfaces/msg/_stamped_float64_multi_array.py
[0.633s] -- Up-to-date: /home/mattb/ros2_ws/install/ros_esc_interfaces/local/lib/python3.10/dist-packages/ros_esc_interfaces/msg/_stamped_float64.py
[0.633s] -- Up-to-date: /home/mattb/ros2_ws/install/ros_esc_interfaces/local/lib/python3.10/dist-packages/ros_esc_interfaces/msg/__init__.py
[0.633s] -- Up-to-date: /home/mattb/ros2_ws/install/ros_esc_interfaces/local/lib/python3.10/dist-packages/ros_esc_interfaces/msg/_timekeeper.py
[0.633s] -- Up-to-date: /home/mattb/ros2_ws/install/ros_esc_interfaces/local/lib/python3.10/dist-packages/ros_esc_interfaces/msg/_stamped_transform_multi_array_s.c
[0.633s] -- Up-to-date: /home/mattb/ros2_ws/install/ros_esc_interfaces/local/lib/python3.10/dist-packages/ros_esc_interfaces/msg/_stamped_float64_multi_array_s.c
[0.633s] -- Up-to-date: /home/mattb/ros2_ws/install/ros_esc_interfaces/local/lib/python3.10/dist-packages/ros_esc_interfaces/msg/_stamped_string.py
[0.633s] -- Up-to-date: /home/mattb/ros2_ws/install/ros_esc_interfaces/local/lib/python3.10/dist-packages/ros_esc_interfaces/msg/_stamped_string_s.c
[0.633s] -- Up-to-date: /home/mattb/ros2_ws/install/ros_esc_interfaces/local/lib/python3.10/dist-packages/ros_esc_interfaces/msg/_timekeeper_s.c
[0.655s] Listing '/home/mattb/ros2_ws/install/ros_esc_interfaces/local/lib/python3.10/dist-packages/ros_esc_interfaces'...
[0.655s] Listing '/home/mattb/ros2_ws/install/ros_esc_interfaces/local/lib/python3.10/dist-packages/ros_esc_interfaces/msg'...
[0.659s] -- Up-to-date: /home/mattb/ros2_ws/install/ros_esc_interfaces/local/lib/python3.10/dist-packages/ros_esc_interfaces/ros_esc_interfaces_s__rosidl_typesupport_fastrtps_c.cpython-310-x86_64-linux-gnu.so
[0.659s] -- Up-to-date: /home/mattb/ros2_ws/install/ros_esc_interfaces/local/lib/python3.10/dist-packages/ros_esc_interfaces/ros_esc_interfaces_s__rosidl_typesupport_introspection_c.cpython-310-x86_64-linux-gnu.so
[0.659s] -- Up-to-date: /home/mattb/ros2_ws/install/ros_esc_interfaces/local/lib/python3.10/dist-packages/ros_esc_interfaces/ros_esc_interfaces_s__rosidl_typesupport_c.cpython-310-x86_64-linux-gnu.so
[0.660s] -- Up-to-date: /home/mattb/ros2_ws/install/ros_esc_interfaces/lib/libros_esc_interfaces__rosidl_generator_py.so
[0.660s] -- Up-to-date: /home/mattb/ros2_ws/install/ros_esc_interfaces/share/ros_esc_interfaces/msg/Timekeeper.idl
[0.660s] -- Up-to-date: /home/mattb/ros2_ws/install/ros_esc_interfaces/share/ros_esc_interfaces/msg/StampedFloat64.idl
[0.660s] -- Up-to-date: /home/mattb/ros2_ws/install/ros_esc_interfaces/share/ros_esc_interfaces/msg/StampedFloat64MultiArray.idl
[0.660s] -- Up-to-date: /home/mattb/ros2_ws/install/ros_esc_interfaces/share/ros_esc_interfaces/msg/StampedString.idl
[0.661s] -- Up-to-date: /home/mattb/ros2_ws/install/ros_esc_interfaces/share/ros_esc_interfaces/msg/StampedTransformMultiArray.idl
[0.661s] -- Up-to-date: /home/mattb/ros2_ws/install/ros_esc_interfaces/share/ros_esc_interfaces/msg/Timekeeper.msg
[0.661s] -- Up-to-date: /home/mattb/ros2_ws/install/ros_esc_interfaces/share/ros_esc_interfaces/msg/StampedFloat64.msg
[0.661s] -- Up-to-date: /home/mattb/ros2_ws/install/ros_esc_interfaces/share/ros_esc_interfaces/msg/StampedFloat64MultiArray.msg
[0.661s] -- Up-to-date: /home/mattb/ros2_ws/install/ros_esc_interfaces/share/ros_esc_interfaces/msg/StampedString.msg
[0.661s] -- Up-to-date: /home/mattb/ros2_ws/install/ros_esc_interfaces/share/ros_esc_interfaces/msg/StampedTransformMultiArray.msg
[0.661s] -- Up-to-date: /home/mattb/ros2_ws/install/ros_esc_interfaces/share/ament_index/resource_index/package_run_dependencies/ros_esc_interfaces
[0.661s] -- Up-to-date: /home/mattb/ros2_ws/install/ros_esc_interfaces/share/ament_index/resource_index/parent_prefix_path/ros_esc_interfaces
[0.661s] -- Up-to-date: /home/mattb/ros2_ws/install/ros_esc_interfaces/share/ros_esc_interfaces/environment/ament_prefix_path.sh
[0.661s] -- Up-to-date: /home/mattb/ros2_ws/install/ros_esc_interfaces/share/ros_esc_interfaces/environment/ament_prefix_path.dsv
[0.661s] -- Up-to-date: /home/mattb/ros2_ws/install/ros_esc_interfaces/share/ros_esc_interfaces/environment/path.sh
[0.661s] -- Up-to-date: /home/mattb/ros2_ws/install/ros_esc_interfaces/share/ros_esc_interfaces/environment/path.dsv
[0.661s] -- Up-to-date: /home/mattb/ros2_ws/install/ros_esc_interfaces/share/ros_esc_interfaces/local_setup.bash
[0.661s] -- Up-to-date: /home/mattb/ros2_ws/install/ros_esc_interfaces/share/ros_esc_interfaces/local_setup.sh
[0.662s] -- Up-to-date: /home/mattb/ros2_ws/install/ros_esc_interfaces/share/ros_esc_interfaces/local_setup.zsh
[0.662s] -- Up-to-date: /home/mattb/ros2_ws/install/ros_esc_interfaces/share/ros_esc_interfaces/local_setup.dsv
[0.662s] -- Installing: /home/mattb/ros2_ws/install/ros_esc_interfaces/share/ros_esc_interfaces/package.dsv
[0.662s] -- Up-to-date: /home/mattb/ros2_ws/install/ros_esc_interfaces/share/ament_index/resource_index/packages/ros_esc_interfaces
[0.662s] -- Up-to-date: /home/mattb/ros2_ws/install/ros_esc_interfaces/share/ros_esc_interfaces/cmake/export_ros_esc_interfaces__rosidl_generator_cExport.cmake
[0.662s] -- Up-to-date: /home/mattb/ros2_ws/install/ros_esc_interfaces/share/ros_esc_interfaces/cmake/export_ros_esc_interfaces__rosidl_generator_cExport-noconfig.cmake
[0.662s] -- Up-to-date: /home/mattb/ros2_ws/install/ros_esc_interfaces/share/ros_esc_interfaces/cmake/export_ros_esc_interfaces__rosidl_typesupport_fastrtps_cExport.cmake
[0.662s] -- Up-to-date: /home/mattb/ros2_ws/install/ros_esc_interfaces/share/ros_esc_interfaces/cmake/export_ros_esc_interfaces__rosidl_typesupport_fastrtps_cExport-noconfig.cmake
[0.662s] -- Up-to-date: /home/mattb/ros2_ws/install/ros_esc_interfaces/share/ros_esc_interfaces/cmake/export_ros_esc_interfaces__rosidl_generator_cppExport.cmake
[0.662s] -- Up-to-date: /home/mattb/ros2_ws/install/ros_esc_interfaces/share/ros_esc_interfaces/cmake/export_ros_esc_interfaces__rosidl_typesupport_fastrtps_cppExport.cmake
[0.662s] -- Up-to-date: /home/mattb/ros2_ws/install/ros_esc_interfaces/share/ros_esc_interfaces/cmake/export_ros_esc_interfaces__rosidl_typesupport_fastrtps_cppExport-noconfig.cmake
[0.662s] -- Up-to-date: /home/mattb/ros2_ws/install/ros_esc_interfaces/share/ros_esc_interfaces/cmake/ros_esc_interfaces__rosidl_typesupport_introspection_cExport.cmake
[0.662s] -- Up-to-date: /home/mattb/ros2_ws/install/ros_esc_interfaces/share/ros_esc_interfaces/cmake/ros_esc_interfaces__rosidl_typesupport_introspection_cExport-noconfig.cmake
[0.662s] -- Up-to-date: /home/mattb/ros2_ws/install/ros_esc_interfaces/share/ros_esc_interfaces/cmake/ros_esc_interfaces__rosidl_typesupport_cExport.cmake
[0.663s] -- Up-to-date: /home/mattb/ros2_ws/install/ros_esc_interfaces/share/ros_esc_interfaces/cmake/ros_esc_interfaces__rosidl_typesupport_cExport-noconfig.cmake
[0.663s] -- Up-to-date: /home/mattb/ros2_ws/install/ros_esc_interfaces/share/ros_esc_interfaces/cmake/ros_esc_interfaces__rosidl_typesupport_introspection_cppExport.cmake
[0.663s] -- Up-to-date: /home/mattb/ros2_ws/install/ros_esc_interfaces/share/ros_esc_interfaces/cmake/ros_esc_interfaces__rosidl_typesupport_introspection_cppExport-noconfig.cmake
[0.663s] -- Up-to-date: /home/mattb/ros2_ws/install/ros_esc_interfaces/share/ros_esc_interfaces/cmake/ros_esc_interfaces__rosidl_typesupport_cppExport.cmake
[0.663s] -- Up-to-date: /home/mattb/ros2_ws/install/ros_esc_interfaces/share/ros_esc_interfaces/cmake/ros_esc_interfaces__rosidl_typesupport_cppExport-noconfig.cmake
[0.663s] -- Up-to-date: /home/mattb/ros2_ws/install/ros_esc_interfaces/share/ros_esc_interfaces/cmake/export_ros_esc_interfaces__rosidl_generator_pyExport.cmake
[0.663s] -- Up-to-date: /home/mattb/ros2_ws/install/ros_esc_interfaces/share/ros_esc_interfaces/cmake/export_ros_esc_interfaces__rosidl_generator_pyExport-noconfig.cmake
[0.663s] -- Up-to-date: /home/mattb/ros2_ws/install/ros_esc_interfaces/share/ros_esc_interfaces/cmake/rosidl_cmake-extras.cmake
[0.663s] -- Up-to-date: /home/mattb/ros2_ws/install/ros_esc_interfaces/share/ros_esc_interfaces/cmake/ament_cmake_export_dependencies-extras.cmake
[0.663s] -- Up-to-date: /home/mattb/ros2_ws/install/ros_esc_interfaces/share/ros_esc_interfaces/cmake/ament_cmake_export_include_directories-extras.cmake
[0.663s] -- Up-to-date: /home/mattb/ros2_ws/install/ros_esc_interfaces/share/ros_esc_interfaces/cmake/ament_cmake_export_libraries-extras.cmake
[0.663s] -- Up-to-date: /home/mattb/ros2_ws/install/ros_esc_interfaces/share/ros_esc_interfaces/cmake/ament_cmake_export_targets-extras.cmake
[0.663s] -- Up-to-date: /home/mattb/ros2_ws/install/ros_esc_interfaces/share/ros_esc_interfaces/cmake/rosidl_cmake_export_typesupport_targets-extras.cmake
[0.663s] -- Up-to-date: /home/mattb/ros2_ws/install/ros_esc_interfaces/share/ros_esc_interfaces/cmake/rosidl_cmake_export_typesupport_libraries-extras.cmake
[0.663s] -- Up-to-date: /home/mattb/ros2_ws/install/ros_esc_interfaces/share/ros_esc_interfaces/cmake/ros_esc_interfacesConfig.cmake
[0.663s] -- Up-to-date: /home/mattb/ros2_ws/install/ros_esc_interfaces/share/ros_esc_interfaces/cmake/ros_esc_interfacesConfig-version.cmake
[0.663s] -- Up-to-date: /home/mattb/ros2_ws/install/ros_esc_interfaces/share/ros_esc_interfaces/package.xml
[0.665s] Invoked command in '/home/mattb/ros2_ws/build/ros_esc_interfaces' returned '0': CMAKE_PREFIX_PATH=${CMAKE_PREFIX_PATH}:/opt/ros/humble /usr/bin/cmake --install /home/mattb/ros2_ws/build/ros_esc_interfaces
