[0.461s] DEBUG:colcon:Command line arguments: ['/usr/bin/colcon', 'build', '--packages-select', 'ros_esc', 'ros_esc_interfaces', 'turtlebot3_rotating_sensor']
[0.461s] DEBUG:colcon:Parsed command line arguments: Namespace(log_base=None, log_level=None, verb_name='build', build_base='build', install_base='install', merge_install=False, symlink_install=False, test_result_base=None, continue_on_error=False, executor='parallel', parallel_workers=12, event_handlers=None, ignore_user_meta=False, metas=['./colcon.meta'], base_paths=['.'], packages_ignore=None, packages_ignore_regex=None, paths=None, packages_up_to=None, packages_up_to_regex=None, packages_above=None, packages_above_and_dependencies=None, packages_above_depth=None, packages_select_by_dep=None, packages_skip_by_dep=None, packages_skip_up_to=None, packages_select_build_failed=False, packages_skip_build_finished=False, packages_select_test_failures=False, packages_skip_test_passed=False, packages_select=['ros_esc', 'ros_esc_interfaces', 'turtlebot3_rotating_sensor'], packages_skip=None, packages_select_regex=None, packages_skip_regex=None, packages_start=None, packages_end=None, allow_overriding=[], cmake_args=None, cmake_target=None, cmake_target_skip_unavailable=False, cmake_clean_cache=False, cmake_clean_first=False, cmake_force_configure=False, ament_cmake_args=None, catkin_cmake_args=None, catkin_skip_building_tests=False, mixin_files=None, mixin=None, verb_parser=<colcon_mixin.mixin.mixin_argument.MixinArgumentDecorator object at 0x71906d78ba60>, verb_extension=<colcon_core.verb.build.BuildVerb object at 0x71906d78b5b0>, main=<bound method BuildVerb.main of <colcon_core.verb.build.BuildVerb object at 0x71906d78b5b0>>, mixin_verb=('build',))
[0.957s] Level 1:colcon.colcon_core.package_discovery:discover_packages(colcon_meta) check parameters
[0.957s] Level 1:colcon.colcon_core.package_discovery:discover_packages(recursive) check parameters
[0.957s] Level 1:colcon.colcon_core.package_discovery:discover_packages(ignore) check parameters
[0.957s] Level 1:colcon.colcon_core.package_discovery:discover_packages(path) check parameters
[0.957s] Level 1:colcon.colcon_core.package_discovery:discover_packages(colcon_meta) discover
[0.957s] Level 1:colcon.colcon_core.package_discovery:discover_packages(recursive) discover
[0.957s] INFO:colcon.colcon_core.package_discovery:Crawling recursively for packages in '/home/mattb/ros2_ws'
[0.957s] Level 1:colcon.colcon_core.package_identification:_identify(.) by extensions ['ignore', 'ignore_ament_install']
[0.958s] Level 1:colcon.colcon_core.package_identification:_identify(.) by extension 'ignore'
[0.958s] Level 1:colcon.colcon_core.package_identification:_identify(.) by extension 'ignore_ament_install'
[0.958s] Level 1:colcon.colcon_core.package_identification:_identify(.) by extensions ['colcon_pkg']
[0.958s] Level 1:colcon.colcon_core.package_identification:_identify(.) by extension 'colcon_pkg'
[0.958s] Level 1:colcon.colcon_core.package_identification:_identify(.) by extensions ['colcon_meta']
[0.958s] Level 1:colcon.colcon_core.package_identification:_identify(.) by extension 'colcon_meta'
[0.958s] Level 1:colcon.colcon_core.package_identification:_identify(.) by extensions ['ros']
[0.958s] Level 1:colcon.colcon_core.package_identification:_identify(.) by extension 'ros'
[0.989s] Level 1:colcon.colcon_core.package_identification:_identify(.) by extensions ['cmake', 'python']
[0.989s] Level 1:colcon.colcon_core.package_identification:_identify(.) by extension 'cmake'
[0.989s] Level 1:colcon.colcon_core.package_identification:_identify(.) by extension 'python'
[0.989s] Level 1:colcon.colcon_core.package_identification:_identify(.) by extensions ['python_setup_py']
[0.989s] Level 1:colcon.colcon_core.package_identification:_identify(.) by extension 'python_setup_py'
[0.990s] Level 1:colcon.colcon_core.package_identification:_identify(build) by extensions ['ignore', 'ignore_ament_install']
[0.990s] Level 1:colcon.colcon_core.package_identification:_identify(build) by extension 'ignore'
[0.990s] Level 1:colcon.colcon_core.package_identification:_identify(build) ignored
[0.990s] Level 1:colcon.colcon_core.package_identification:_identify(install) by extensions ['ignore', 'ignore_ament_install']
[0.990s] Level 1:colcon.colcon_core.package_identification:_identify(install) by extension 'ignore'
[0.990s] Level 1:colcon.colcon_core.package_identification:_identify(install) ignored
[0.990s] Level 1:colcon.colcon_core.package_identification:_identify(log) by extensions ['ignore', 'ignore_ament_install']
[0.990s] Level 1:colcon.colcon_core.package_identification:_identify(log) by extension 'ignore'
[0.990s] Level 1:colcon.colcon_core.package_identification:_identify(log) ignored
[0.991s] Level 1:colcon.colcon_core.package_identification:_identify(src) by extensions ['ignore', 'ignore_ament_install']
[0.991s] Level 1:colcon.colcon_core.package_identification:_identify(src) by extension 'ignore'
[0.991s] Level 1:colcon.colcon_core.package_identification:_identify(src) by extension 'ignore_ament_install'
[0.991s] Level 1:colcon.colcon_core.package_identification:_identify(src) by extensions ['colcon_pkg']
[0.991s] Level 1:colcon.colcon_core.package_identification:_identify(src) by extension 'colcon_pkg'
[0.991s] Level 1:colcon.colcon_core.package_identification:_identify(src) by extensions ['colcon_meta']
[0.991s] Level 1:colcon.colcon_core.package_identification:_identify(src) by extension 'colcon_meta'
[0.991s] Level 1:colcon.colcon_core.package_identification:_identify(src) by extensions ['ros']
[0.991s] Level 1:colcon.colcon_core.package_identification:_identify(src) by extension 'ros'
[0.991s] Level 1:colcon.colcon_core.package_identification:_identify(src) by extensions ['cmake', 'python']
[0.991s] Level 1:colcon.colcon_core.package_identification:_identify(src) by extension 'cmake'
[0.991s] Level 1:colcon.colcon_core.package_identification:_identify(src) by extension 'python'
[0.991s] Level 1:colcon.colcon_core.package_identification:_identify(src) by extensions ['python_setup_py']
[0.991s] Level 1:colcon.colcon_core.package_identification:_identify(src) by extension 'python_setup_py'
[0.992s] Level 1:colcon.colcon_core.package_identification:_identify(src/ros_esc) by extensions ['ignore', 'ignore_ament_install']
[0.992s] Level 1:colcon.colcon_core.package_identification:_identify(src/ros_esc) by extension 'ignore'
[0.992s] Level 1:colcon.colcon_core.package_identification:_identify(src/ros_esc) by extension 'ignore_ament_install'
[0.992s] Level 1:colcon.colcon_core.package_identification:_identify(src/ros_esc) by extensions ['colcon_pkg']
[0.992s] Level 1:colcon.colcon_core.package_identification:_identify(src/ros_esc) by extension 'colcon_pkg'
[0.992s] Level 1:colcon.colcon_core.package_identification:_identify(src/ros_esc) by extensions ['colcon_meta']
[0.992s] Level 1:colcon.colcon_core.package_identification:_identify(src/ros_esc) by extension 'colcon_meta'
[0.992s] Level 1:colcon.colcon_core.package_identification:_identify(src/ros_esc) by extensions ['ros']
[0.992s] Level 1:colcon.colcon_core.package_identification:_identify(src/ros_esc) by extension 'ros'
[0.996s] DEBUG:colcon.colcon_core.package_identification:Package 'src/ros_esc' with type 'ros.ament_python' and name 'ros_esc'
[0.996s] Level 1:colcon.colcon_core.package_identification:_identify(src/ros_esc_interfaces) by extensions ['ignore', 'ignore_ament_install']
[0.996s] Level 1:colcon.colcon_core.package_identification:_identify(src/ros_esc_interfaces) by extension 'ignore'
[0.996s] Level 1:colcon.colcon_core.package_identification:_identify(src/ros_esc_interfaces) by extension 'ignore_ament_install'
[0.996s] Level 1:colcon.colcon_core.package_identification:_identify(src/ros_esc_interfaces) by extensions ['colcon_pkg']
[0.996s] Level 1:colcon.colcon_core.package_identification:_identify(src/ros_esc_interfaces) by extension 'colcon_pkg'
[0.996s] Level 1:colcon.colcon_core.package_identification:_identify(src/ros_esc_interfaces) by extensions ['colcon_meta']
[0.996s] Level 1:colcon.colcon_core.package_identification:_identify(src/ros_esc_interfaces) by extension 'colcon_meta'
[0.996s] Level 1:colcon.colcon_core.package_identification:_identify(src/ros_esc_interfaces) by extensions ['ros']
[0.996s] Level 1:colcon.colcon_core.package_identification:_identify(src/ros_esc_interfaces) by extension 'ros'
[0.998s] DEBUG:colcon.colcon_core.package_identification:Package 'src/ros_esc_interfaces' with type 'ros.ament_cmake' and name 'ros_esc_interfaces'
[0.998s] Level 1:colcon.colcon_core.package_identification:_identify(src/turtlebot3_rotating_sensor) by extensions ['ignore', 'ignore_ament_install']
[0.998s] Level 1:colcon.colcon_core.package_identification:_identify(src/turtlebot3_rotating_sensor) by extension 'ignore'
[0.998s] Level 1:colcon.colcon_core.package_identification:_identify(src/turtlebot3_rotating_sensor) by extension 'ignore_ament_install'
[0.998s] Level 1:colcon.colcon_core.package_identification:_identify(src/turtlebot3_rotating_sensor) by extensions ['colcon_pkg']
[0.998s] Level 1:colcon.colcon_core.package_identification:_identify(src/turtlebot3_rotating_sensor) by extension 'colcon_pkg'
[0.998s] Level 1:colcon.colcon_core.package_identification:_identify(src/turtlebot3_rotating_sensor) by extensions ['colcon_meta']
[0.998s] Level 1:colcon.colcon_core.package_identification:_identify(src/turtlebot3_rotating_sensor) by extension 'colcon_meta'
[0.998s] Level 1:colcon.colcon_core.package_identification:_identify(src/turtlebot3_rotating_sensor) by extensions ['ros']
[0.998s] Level 1:colcon.colcon_core.package_identification:_identify(src/turtlebot3_rotating_sensor) by extension 'ros'
[1.000s] DEBUG:colcon.colcon_core.package_identification:Package 'src/turtlebot3_rotating_sensor' with type 'ros.ament_cmake' and name 'turtlebot3_rotating_sensor'
[1.000s] Level 1:colcon.colcon_core.package_discovery:discover_packages(recursive) using defaults
[1.000s] Level 1:colcon.colcon_core.package_discovery:discover_packages(ignore) discover
[1.000s] Level 1:colcon.colcon_core.package_discovery:discover_packages(ignore) using defaults
[1.000s] Level 1:colcon.colcon_core.package_discovery:discover_packages(path) discover
[1.000s] Level 1:colcon.colcon_core.package_discovery:discover_packages(path) using defaults
[1.029s] Level 1:colcon.colcon_core.package_discovery:discover_packages(prefix_path) check parameters
[1.029s] Level 1:colcon.colcon_core.package_discovery:discover_packages(prefix_path) discover
[1.035s] DEBUG:colcon.colcon_installed_package_information.package_discovery:Found 460 installed packages in /opt/ros/humble
[1.037s] Level 1:colcon.colcon_core.package_discovery:discover_packages(prefix_path) using defaults
[1.095s] Level 5:colcon.colcon_core.verb:set package 'ros_esc' build argument 'cmake_args' from command line to 'None'
[1.095s] Level 5:colcon.colcon_core.verb:set package 'ros_esc' build argument 'cmake_target' from command line to 'None'
[1.095s] Level 5:colcon.colcon_core.verb:set package 'ros_esc' build argument 'cmake_target_skip_unavailable' from command line to 'False'
[1.095s] Level 5:colcon.colcon_core.verb:set package 'ros_esc' build argument 'cmake_clean_cache' from command line to 'False'
[1.095s] Level 5:colcon.colcon_core.verb:set package 'ros_esc' build argument 'cmake_clean_first' from command line to 'False'
[1.095s] Level 5:colcon.colcon_core.verb:set package 'ros_esc' build argument 'cmake_force_configure' from command line to 'False'
[1.095s] Level 5:colcon.colcon_core.verb:set package 'ros_esc' build argument 'ament_cmake_args' from command line to 'None'
[1.095s] Level 5:colcon.colcon_core.verb:set package 'ros_esc' build argument 'catkin_cmake_args' from command line to 'None'
[1.095s] Level 5:colcon.colcon_core.verb:set package 'ros_esc' build argument 'catkin_skip_building_tests' from command line to 'False'
[1.095s] DEBUG:colcon.colcon_core.verb:Building package 'ros_esc' with the following arguments: {'ament_cmake_args': None, 'build_base': '/home/mattb/ros2_ws/build/ros_esc', 'catkin_cmake_args': None, 'catkin_skip_building_tests': False, 'cmake_args': None, 'cmake_clean_cache': False, 'cmake_clean_first': False, 'cmake_force_configure': False, 'cmake_target': None, 'cmake_target_skip_unavailable': False, 'install_base': '/home/mattb/ros2_ws/install/ros_esc', 'merge_install': False, 'path': '/home/mattb/ros2_ws/src/ros_esc', 'symlink_install': False, 'test_result_base': None}
[1.095s] Level 5:colcon.colcon_core.verb:set package 'ros_esc_interfaces' build argument 'cmake_args' from command line to 'None'
[1.095s] Level 5:colcon.colcon_core.verb:set package 'ros_esc_interfaces' build argument 'cmake_target' from command line to 'None'
[1.096s] Level 5:colcon.colcon_core.verb:set package 'ros_esc_interfaces' build argument 'cmake_target_skip_unavailable' from command line to 'False'
[1.096s] Level 5:colcon.colcon_core.verb:set package 'ros_esc_interfaces' build argument 'cmake_clean_cache' from command line to 'False'
[1.096s] Level 5:colcon.colcon_core.verb:set package 'ros_esc_interfaces' build argument 'cmake_clean_first' from command line to 'False'
[1.096s] Level 5:colcon.colcon_core.verb:set package 'ros_esc_interfaces' build argument 'cmake_force_configure' from command line to 'False'
[1.096s] Level 5:colcon.colcon_core.verb:set package 'ros_esc_interfaces' build argument 'ament_cmake_args' from command line to 'None'
[1.096s] Level 5:colcon.colcon_core.verb:set package 'ros_esc_interfaces' build argument 'catkin_cmake_args' from command line to 'None'
[1.096s] Level 5:colcon.colcon_core.verb:set package 'ros_esc_interfaces' build argument 'catkin_skip_building_tests' from command line to 'False'
[1.096s] DEBUG:colcon.colcon_core.verb:Building package 'ros_esc_interfaces' with the following arguments: {'ament_cmake_args': None, 'build_base': '/home/mattb/ros2_ws/build/ros_esc_interfaces', 'catkin_cmake_args': None, 'catkin_skip_building_tests': False, 'cmake_args': None, 'cmake_clean_cache': False, 'cmake_clean_first': False, 'cmake_force_configure': False, 'cmake_target': None, 'cmake_target_skip_unavailable': False, 'install_base': '/home/mattb/ros2_ws/install/ros_esc_interfaces', 'merge_install': False, 'path': '/home/mattb/ros2_ws/src/ros_esc_interfaces', 'symlink_install': False, 'test_result_base': None}
[1.096s] Level 5:colcon.colcon_core.verb:set package 'turtlebot3_rotating_sensor' build argument 'cmake_args' from command line to 'None'
[1.096s] Level 5:colcon.colcon_core.verb:set package 'turtlebot3_rotating_sensor' build argument 'cmake_target' from command line to 'None'
[1.096s] Level 5:colcon.colcon_core.verb:set package 'turtlebot3_rotating_sensor' build argument 'cmake_target_skip_unavailable' from command line to 'False'
[1.096s] Level 5:colcon.colcon_core.verb:set package 'turtlebot3_rotating_sensor' build argument 'cmake_clean_cache' from command line to 'False'
[1.096s] Level 5:colcon.colcon_core.verb:set package 'turtlebot3_rotating_sensor' build argument 'cmake_clean_first' from command line to 'False'
[1.096s] Level 5:colcon.colcon_core.verb:set package 'turtlebot3_rotating_sensor' build argument 'cmake_force_configure' from command line to 'False'
[1.096s] Level 5:colcon.colcon_core.verb:set package 'turtlebot3_rotating_sensor' build argument 'ament_cmake_args' from command line to 'None'
[1.096s] Level 5:colcon.colcon_core.verb:set package 'turtlebot3_rotating_sensor' build argument 'catkin_cmake_args' from command line to 'None'
[1.097s] Level 5:colcon.colcon_core.verb:set package 'turtlebot3_rotating_sensor' build argument 'catkin_skip_building_tests' from command line to 'False'
[1.097s] DEBUG:colcon.colcon_core.verb:Building package 'turtlebot3_rotating_sensor' with the following arguments: {'ament_cmake_args': None, 'build_base': '/home/mattb/ros2_ws/build/turtlebot3_rotating_sensor', 'catkin_cmake_args': None, 'catkin_skip_building_tests': False, 'cmake_args': None, 'cmake_clean_cache': False, 'cmake_clean_first': False, 'cmake_force_configure': False, 'cmake_target': None, 'cmake_target_skip_unavailable': False, 'install_base': '/home/mattb/ros2_ws/install/turtlebot3_rotating_sensor', 'merge_install': False, 'path': '/home/mattb/ros2_ws/src/turtlebot3_rotating_sensor', 'symlink_install': False, 'test_result_base': None}
[1.097s] INFO:colcon.colcon_core.executor:Executing jobs using 'parallel' executor
[1.098s] DEBUG:colcon.colcon_parallel_executor.executor.parallel:run_until_complete
[1.098s] INFO:colcon.colcon_ros.task.ament_python.build:Building ROS package in '/home/mattb/ros2_ws/src/ros_esc' with build type 'ament_python'
[1.098s] Level 1:colcon.colcon_core.shell:create_environment_hook('ros_esc', 'ament_prefix_path')
[1.104s] INFO:colcon.colcon_core.plugin_system:Skipping extension 'colcon_core.shell.bat': Not used on non-Windows systems
[1.104s] INFO:colcon.colcon_core.shell:Creating environment hook '/home/mattb/ros2_ws/install/ros_esc/share/ros_esc/hook/ament_prefix_path.ps1'
[1.105s] INFO:colcon.colcon_core.shell:Creating environment descriptor '/home/mattb/ros2_ws/install/ros_esc/share/ros_esc/hook/ament_prefix_path.dsv'
[1.106s] INFO:colcon.colcon_core.shell:Creating environment hook '/home/mattb/ros2_ws/install/ros_esc/share/ros_esc/hook/ament_prefix_path.sh'
[1.107s] INFO:colcon.colcon_core.shell:Skip shell extension 'powershell' for command environment: Not usable outside of PowerShell
[1.107s] DEBUG:colcon.colcon_core.shell:Skip shell extension 'dsv' for command environment
[1.111s] INFO:colcon.colcon_ros.task.ament_cmake.build:Building ROS package in '/home/mattb/ros2_ws/src/ros_esc_interfaces' with build type 'ament_cmake'
[1.111s] INFO:colcon.colcon_cmake.task.cmake.build:Building CMake package in '/home/mattb/ros2_ws/src/ros_esc_interfaces'
[1.111s] INFO:colcon.colcon_core.shell:Skip shell extension 'powershell' for command environment: Not usable outside of PowerShell
[1.111s] DEBUG:colcon.colcon_core.shell:Skip shell extension 'dsv' for command environment
[1.114s] INFO:colcon.colcon_ros.task.ament_cmake.build:Building ROS package in '/home/mattb/ros2_ws/src/turtlebot3_rotating_sensor' with build type 'ament_cmake'
[1.114s] INFO:colcon.colcon_cmake.task.cmake.build:Building CMake package in '/home/mattb/ros2_ws/src/turtlebot3_rotating_sensor'
[1.115s] INFO:colcon.colcon_core.shell:Skip shell extension 'powershell' for command environment: Not usable outside of PowerShell
[1.115s] DEBUG:colcon.colcon_core.shell:Skip shell extension 'dsv' for command environment
[1.373s] INFO:colcon.colcon_core.task.python.build:Building Python package in '/home/mattb/ros2_ws/src/ros_esc'
[1.373s] INFO:colcon.colcon_core.shell:Skip shell extension 'powershell' for command environment: Not usable outside of PowerShell
[1.373s] DEBUG:colcon.colcon_core.shell:Skip shell extension 'dsv' for command environment
[1.379s] DEBUG:colcon.colcon_core.event_handler.log_command:Invoking command in '/home/mattb/ros2_ws/build/ros_esc_interfaces': CMAKE_PREFIX_PATH=/opt/ros/humble /usr/bin/cmake --build /home/mattb/ros2_ws/build/ros_esc_interfaces -- -j12 -l12
[1.387s] DEBUG:colcon.colcon_core.event_handler.log_command:Invoking command in '/home/mattb/ros2_ws/build/turtlebot3_rotating_sensor': CMAKE_PREFIX_PATH=/opt/ros/humble /usr/bin/cmake --build /home/mattb/ros2_ws/build/turtlebot3_rotating_sensor -- -j12 -l12
[1.827s] DEBUG:colcon.colcon_core.event_handler.log_command:Invoking command in '/home/mattb/ros2_ws/src/ros_esc': PYTHONPATH=/home/mattb/ros2_ws/build/ros_esc/prefix_override:/usr/lib/python3/dist-packages/colcon_core/task/python/colcon_distutils_commands:/home/mattb/ros2_ws/install/ros_esc/lib/python3.10/site-packages:${PYTHONPATH} /usr/bin/python3 -W ignore:setup.py install is deprecated -W ignore:easy_install command is deprecated setup.py egg_info --egg-base ../../build/ros_esc build --build-base /home/mattb/ros2_ws/build/ros_esc/build install --record /home/mattb/ros2_ws/build/ros_esc/install.log --single-version-externally-managed install_data
[2.139s] DEBUG:colcon.colcon_core.event_handler.log_command:Invoked command in '/home/mattb/ros2_ws/src/ros_esc' returned '0': PYTHONPATH=/home/mattb/ros2_ws/build/ros_esc/prefix_override:/usr/lib/python3/dist-packages/colcon_core/task/python/colcon_distutils_commands:/home/mattb/ros2_ws/install/ros_esc/lib/python3.10/site-packages:${PYTHONPATH} /usr/bin/python3 -W ignore:setup.py install is deprecated -W ignore:easy_install command is deprecated setup.py egg_info --egg-base ../../build/ros_esc build --build-base /home/mattb/ros2_ws/build/ros_esc/build install --record /home/mattb/ros2_ws/build/ros_esc/install.log --single-version-externally-managed install_data
[2.146s] Level 1:colcon.colcon_core.environment:checking '/home/mattb/ros2_ws/install/ros_esc' for CMake module files
[2.146s] Level 1:colcon.colcon_core.environment:checking '/home/mattb/ros2_ws/install/ros_esc' for CMake config files
[2.147s] Level 1:colcon.colcon_core.environment:checking '/home/mattb/ros2_ws/install/ros_esc/lib'
[2.147s] Level 1:colcon.colcon_core.environment:checking '/home/mattb/ros2_ws/install/ros_esc/bin'
[2.148s] Level 1:colcon.colcon_core.environment:checking '/home/mattb/ros2_ws/install/ros_esc/lib/pkgconfig/ros_esc.pc'
[2.148s] Level 1:colcon.colcon_core.environment:checking '/home/mattb/ros2_ws/install/ros_esc/lib/python3.10/site-packages'
[2.148s] Level 1:colcon.colcon_core.shell:create_environment_hook('ros_esc', 'pythonpath')
[2.148s] INFO:colcon.colcon_core.shell:Creating environment hook '/home/mattb/ros2_ws/install/ros_esc/share/ros_esc/hook/pythonpath.ps1'
[2.149s] INFO:colcon.colcon_core.shell:Creating environment descriptor '/home/mattb/ros2_ws/install/ros_esc/share/ros_esc/hook/pythonpath.dsv'
[2.149s] INFO:colcon.colcon_core.shell:Creating environment hook '/home/mattb/ros2_ws/install/ros_esc/share/ros_esc/hook/pythonpath.sh'
[2.150s] Level 1:colcon.colcon_core.environment:checking '/home/mattb/ros2_ws/install/ros_esc/bin'
[2.150s] Level 1:colcon.colcon_core.environment:create_environment_scripts_only(ros_esc)
[2.150s] INFO:colcon.colcon_core.shell:Creating package script '/home/mattb/ros2_ws/install/ros_esc/share/ros_esc/package.ps1'
[2.151s] INFO:colcon.colcon_core.shell:Creating package descriptor '/home/mattb/ros2_ws/install/ros_esc/share/ros_esc/package.dsv'
[2.152s] INFO:colcon.colcon_core.shell:Creating package script '/home/mattb/ros2_ws/install/ros_esc/share/ros_esc/package.sh'
[2.153s] INFO:colcon.colcon_core.shell:Creating package script '/home/mattb/ros2_ws/install/ros_esc/share/ros_esc/package.bash'
[2.154s] INFO:colcon.colcon_core.shell:Creating package script '/home/mattb/ros2_ws/install/ros_esc/share/ros_esc/package.zsh'
[2.156s] Level 1:colcon.colcon_core.environment:create_file_with_runtime_dependencies(/home/mattb/ros2_ws/install/ros_esc/share/colcon-core/packages/ros_esc)
[2.816s] DEBUG:colcon.colcon_core.event_handler.log_command:Invoked command in '/home/mattb/ros2_ws/build/turtlebot3_rotating_sensor' returned '0': CMAKE_PREFIX_PATH=/opt/ros/humble /usr/bin/cmake --build /home/mattb/ros2_ws/build/turtlebot3_rotating_sensor -- -j12 -l12
[2.830s] DEBUG:colcon.colcon_core.event_handler.log_command:Invoking command in '/home/mattb/ros2_ws/build/turtlebot3_rotating_sensor': CMAKE_PREFIX_PATH=/opt/ros/humble /usr/bin/cmake --install /home/mattb/ros2_ws/build/turtlebot3_rotating_sensor
[2.847s] Level 1:colcon.colcon_core.environment:create_environment_scripts_only(turtlebot3_rotating_sensor)
[2.847s] Level 1:colcon.colcon_core.environment:checking '/home/mattb/ros2_ws/install/turtlebot3_rotating_sensor' for CMake module files
[2.848s] DEBUG:colcon.colcon_core.event_handler.log_command:Invoked command in '/home/mattb/ros2_ws/build/turtlebot3_rotating_sensor' returned '0': CMAKE_PREFIX_PATH=/opt/ros/humble /usr/bin/cmake --install /home/mattb/ros2_ws/build/turtlebot3_rotating_sensor
[2.849s] Level 1:colcon.colcon_core.environment:checking '/home/mattb/ros2_ws/install/turtlebot3_rotating_sensor' for CMake config files
[2.849s] Level 1:colcon.colcon_core.shell:create_environment_hook('turtlebot3_rotating_sensor', 'cmake_prefix_path')
[2.850s] INFO:colcon.colcon_core.shell:Creating environment hook '/home/mattb/ros2_ws/install/turtlebot3_rotating_sensor/share/turtlebot3_rotating_sensor/hook/cmake_prefix_path.ps1'
[2.851s] INFO:colcon.colcon_core.shell:Creating environment descriptor '/home/mattb/ros2_ws/install/turtlebot3_rotating_sensor/share/turtlebot3_rotating_sensor/hook/cmake_prefix_path.dsv'
[2.852s] INFO:colcon.colcon_core.shell:Creating environment hook '/home/mattb/ros2_ws/install/turtlebot3_rotating_sensor/share/turtlebot3_rotating_sensor/hook/cmake_prefix_path.sh'
[2.852s] Level 1:colcon.colcon_core.environment:checking '/home/mattb/ros2_ws/install/turtlebot3_rotating_sensor/bin'
[2.853s] Level 1:colcon.colcon_core.environment:checking '/home/mattb/ros2_ws/install/turtlebot3_rotating_sensor/lib/pkgconfig/turtlebot3_rotating_sensor.pc'
[2.853s] Level 1:colcon.colcon_core.environment:checking '/home/mattb/ros2_ws/install/turtlebot3_rotating_sensor/lib/python3.10/site-packages'
[2.853s] Level 1:colcon.colcon_core.environment:checking '/home/mattb/ros2_ws/install/turtlebot3_rotating_sensor/bin'
[2.854s] INFO:colcon.colcon_core.shell:Creating package script '/home/mattb/ros2_ws/install/turtlebot3_rotating_sensor/share/turtlebot3_rotating_sensor/package.ps1'
[2.854s] INFO:colcon.colcon_core.shell:Creating package descriptor '/home/mattb/ros2_ws/install/turtlebot3_rotating_sensor/share/turtlebot3_rotating_sensor/package.dsv'
[2.855s] INFO:colcon.colcon_core.shell:Creating package script '/home/mattb/ros2_ws/install/turtlebot3_rotating_sensor/share/turtlebot3_rotating_sensor/package.sh'
[2.856s] INFO:colcon.colcon_core.shell:Creating package script '/home/mattb/ros2_ws/install/turtlebot3_rotating_sensor/share/turtlebot3_rotating_sensor/package.bash'
[2.856s] INFO:colcon.colcon_core.shell:Creating package script '/home/mattb/ros2_ws/install/turtlebot3_rotating_sensor/share/turtlebot3_rotating_sensor/package.zsh'
[2.857s] Level 1:colcon.colcon_core.environment:create_file_with_runtime_dependencies(/home/mattb/ros2_ws/install/turtlebot3_rotating_sensor/share/colcon-core/packages/turtlebot3_rotating_sensor)
[2.858s] Level 1:colcon.colcon_core.environment:create_environment_scripts_only(turtlebot3_rotating_sensor)
[2.858s] Level 1:colcon.colcon_core.environment:checking '/home/mattb/ros2_ws/install/turtlebot3_rotating_sensor' for CMake module files
[2.859s] Level 1:colcon.colcon_core.environment:checking '/home/mattb/ros2_ws/install/turtlebot3_rotating_sensor' for CMake config files
[2.859s] Level 1:colcon.colcon_core.shell:create_environment_hook('turtlebot3_rotating_sensor', 'cmake_prefix_path')
[2.859s] INFO:colcon.colcon_core.shell:Creating environment hook '/home/mattb/ros2_ws/install/turtlebot3_rotating_sensor/share/turtlebot3_rotating_sensor/hook/cmake_prefix_path.ps1'
[2.860s] INFO:colcon.colcon_core.shell:Creating environment descriptor '/home/mattb/ros2_ws/install/turtlebot3_rotating_sensor/share/turtlebot3_rotating_sensor/hook/cmake_prefix_path.dsv'
[2.861s] INFO:colcon.colcon_core.shell:Creating environment hook '/home/mattb/ros2_ws/install/turtlebot3_rotating_sensor/share/turtlebot3_rotating_sensor/hook/cmake_prefix_path.sh'
[2.861s] Level 1:colcon.colcon_core.environment:checking '/home/mattb/ros2_ws/install/turtlebot3_rotating_sensor/bin'
[2.862s] Level 1:colcon.colcon_core.environment:checking '/home/mattb/ros2_ws/install/turtlebot3_rotating_sensor/lib/pkgconfig/turtlebot3_rotating_sensor.pc'
[2.862s] Level 1:colcon.colcon_core.environment:checking '/home/mattb/ros2_ws/install/turtlebot3_rotating_sensor/lib/python3.10/site-packages'
[2.862s] Level 1:colcon.colcon_core.environment:checking '/home/mattb/ros2_ws/install/turtlebot3_rotating_sensor/bin'
[2.863s] INFO:colcon.colcon_core.shell:Creating package script '/home/mattb/ros2_ws/install/turtlebot3_rotating_sensor/share/turtlebot3_rotating_sensor/package.ps1'
[2.864s] INFO:colcon.colcon_core.shell:Creating package descriptor '/home/mattb/ros2_ws/install/turtlebot3_rotating_sensor/share/turtlebot3_rotating_sensor/package.dsv'
[2.864s] INFO:colcon.colcon_core.shell:Creating package script '/home/mattb/ros2_ws/install/turtlebot3_rotating_sensor/share/turtlebot3_rotating_sensor/package.sh'
[2.865s] INFO:colcon.colcon_core.shell:Creating package script '/home/mattb/ros2_ws/install/turtlebot3_rotating_sensor/share/turtlebot3_rotating_sensor/package.bash'
[2.865s] INFO:colcon.colcon_core.shell:Creating package script '/home/mattb/ros2_ws/install/turtlebot3_rotating_sensor/share/turtlebot3_rotating_sensor/package.zsh'
[2.866s] Level 1:colcon.colcon_core.environment:create_file_with_runtime_dependencies(/home/mattb/ros2_ws/install/turtlebot3_rotating_sensor/share/colcon-core/packages/turtlebot3_rotating_sensor)
[3.140s] DEBUG:colcon.colcon_core.event_handler.log_command:Invoked command in '/home/mattb/ros2_ws/build/ros_esc_interfaces' returned '0': CMAKE_PREFIX_PATH=/opt/ros/humble /usr/bin/cmake --build /home/mattb/ros2_ws/build/ros_esc_interfaces -- -j12 -l12
[3.142s] DEBUG:colcon.colcon_core.event_handler.log_command:Invoking command in '/home/mattb/ros2_ws/build/ros_esc_interfaces': CMAKE_PREFIX_PATH=/opt/ros/humble /usr/bin/cmake --install /home/mattb/ros2_ws/build/ros_esc_interfaces
[3.205s] Level 1:colcon.colcon_core.environment:create_environment_scripts_only(ros_esc_interfaces)
[3.206s] DEBUG:colcon.colcon_core.event_handler.log_command:Invoked command in '/home/mattb/ros2_ws/build/ros_esc_interfaces' returned '0': CMAKE_PREFIX_PATH=/opt/ros/humble /usr/bin/cmake --install /home/mattb/ros2_ws/build/ros_esc_interfaces
[3.207s] Level 1:colcon.colcon_core.environment:checking '/home/mattb/ros2_ws/install/ros_esc_interfaces' for CMake module files
[3.207s] Level 1:colcon.colcon_core.environment:checking '/home/mattb/ros2_ws/install/ros_esc_interfaces' for CMake config files
[3.208s] Level 1:colcon.colcon_core.shell:create_environment_hook('ros_esc_interfaces', 'cmake_prefix_path')
[3.208s] INFO:colcon.colcon_core.shell:Creating environment hook '/home/mattb/ros2_ws/install/ros_esc_interfaces/share/ros_esc_interfaces/hook/cmake_prefix_path.ps1'
[3.209s] INFO:colcon.colcon_core.shell:Creating environment descriptor '/home/mattb/ros2_ws/install/ros_esc_interfaces/share/ros_esc_interfaces/hook/cmake_prefix_path.dsv'
[3.209s] INFO:colcon.colcon_core.shell:Creating environment hook '/home/mattb/ros2_ws/install/ros_esc_interfaces/share/ros_esc_interfaces/hook/cmake_prefix_path.sh'
[3.209s] Level 1:colcon.colcon_core.environment:checking '/home/mattb/ros2_ws/install/ros_esc_interfaces/lib'
[3.210s] Level 1:colcon.colcon_core.shell:create_environment_hook('ros_esc_interfaces', 'ld_library_path_lib')
[3.210s] INFO:colcon.colcon_core.shell:Creating environment hook '/home/mattb/ros2_ws/install/ros_esc_interfaces/share/ros_esc_interfaces/hook/ld_library_path_lib.ps1'
[3.210s] INFO:colcon.colcon_core.shell:Creating environment descriptor '/home/mattb/ros2_ws/install/ros_esc_interfaces/share/ros_esc_interfaces/hook/ld_library_path_lib.dsv'
[3.210s] INFO:colcon.colcon_core.shell:Creating environment hook '/home/mattb/ros2_ws/install/ros_esc_interfaces/share/ros_esc_interfaces/hook/ld_library_path_lib.sh'
[3.211s] Level 1:colcon.colcon_core.environment:checking '/home/mattb/ros2_ws/install/ros_esc_interfaces/bin'
[3.211s] Level 1:colcon.colcon_core.environment:checking '/home/mattb/ros2_ws/install/ros_esc_interfaces/lib/pkgconfig/ros_esc_interfaces.pc'
[3.211s] Level 1:colcon.colcon_core.environment:checking '/home/mattb/ros2_ws/install/ros_esc_interfaces/lib/python3.10/site-packages'
[3.211s] Level 1:colcon.colcon_core.environment:checking '/home/mattb/ros2_ws/install/ros_esc_interfaces/bin'
[3.212s] INFO:colcon.colcon_core.shell:Creating package script '/home/mattb/ros2_ws/install/ros_esc_interfaces/share/ros_esc_interfaces/package.ps1'
[3.212s] INFO:colcon.colcon_core.shell:Creating package descriptor '/home/mattb/ros2_ws/install/ros_esc_interfaces/share/ros_esc_interfaces/package.dsv'
[3.213s] INFO:colcon.colcon_core.shell:Creating package script '/home/mattb/ros2_ws/install/ros_esc_interfaces/share/ros_esc_interfaces/package.sh'
[3.213s] INFO:colcon.colcon_core.shell:Creating package script '/home/mattb/ros2_ws/install/ros_esc_interfaces/share/ros_esc_interfaces/package.bash'
[3.213s] INFO:colcon.colcon_core.shell:Creating package script '/home/mattb/ros2_ws/install/ros_esc_interfaces/share/ros_esc_interfaces/package.zsh'
[3.214s] Level 1:colcon.colcon_core.environment:create_file_with_runtime_dependencies(/home/mattb/ros2_ws/install/ros_esc_interfaces/share/colcon-core/packages/ros_esc_interfaces)
[3.214s] Level 1:colcon.colcon_core.environment:create_environment_scripts_only(ros_esc_interfaces)
[3.215s] Level 1:colcon.colcon_core.environment:checking '/home/mattb/ros2_ws/install/ros_esc_interfaces' for CMake module files
[3.215s] Level 1:colcon.colcon_core.environment:checking '/home/mattb/ros2_ws/install/ros_esc_interfaces' for CMake config files
[3.216s] Level 1:colcon.colcon_core.shell:create_environment_hook('ros_esc_interfaces', 'cmake_prefix_path')
[3.216s] INFO:colcon.colcon_core.shell:Creating environment hook '/home/mattb/ros2_ws/install/ros_esc_interfaces/share/ros_esc_interfaces/hook/cmake_prefix_path.ps1'
[3.216s] INFO:colcon.colcon_core.shell:Creating environment descriptor '/home/mattb/ros2_ws/install/ros_esc_interfaces/share/ros_esc_interfaces/hook/cmake_prefix_path.dsv'
[3.216s] INFO:colcon.colcon_core.shell:Creating environment hook '/home/mattb/ros2_ws/install/ros_esc_interfaces/share/ros_esc_interfaces/hook/cmake_prefix_path.sh'
[3.217s] Level 1:colcon.colcon_core.environment:checking '/home/mattb/ros2_ws/install/ros_esc_interfaces/lib'
[3.217s] Level 1:colcon.colcon_core.shell:create_environment_hook('ros_esc_interfaces', 'ld_library_path_lib')
[3.217s] INFO:colcon.colcon_core.shell:Creating environment hook '/home/mattb/ros2_ws/install/ros_esc_interfaces/share/ros_esc_interfaces/hook/ld_library_path_lib.ps1'
[3.217s] INFO:colcon.colcon_core.shell:Creating environment descriptor '/home/mattb/ros2_ws/install/ros_esc_interfaces/share/ros_esc_interfaces/hook/ld_library_path_lib.dsv'
[3.218s] INFO:colcon.colcon_core.shell:Creating environment hook '/home/mattb/ros2_ws/install/ros_esc_interfaces/share/ros_esc_interfaces/hook/ld_library_path_lib.sh'
[3.218s] Level 1:colcon.colcon_core.environment:checking '/home/mattb/ros2_ws/install/ros_esc_interfaces/bin'
[3.218s] Level 1:colcon.colcon_core.environment:checking '/home/mattb/ros2_ws/install/ros_esc_interfaces/lib/pkgconfig/ros_esc_interfaces.pc'
[3.218s] Level 1:colcon.colcon_core.environment:checking '/home/mattb/ros2_ws/install/ros_esc_interfaces/lib/python3.10/site-packages'
[3.219s] Level 1:colcon.colcon_core.environment:checking '/home/mattb/ros2_ws/install/ros_esc_interfaces/bin'
[3.219s] INFO:colcon.colcon_core.shell:Creating package script '/home/mattb/ros2_ws/install/ros_esc_interfaces/share/ros_esc_interfaces/package.ps1'
[3.219s] INFO:colcon.colcon_core.shell:Creating package descriptor '/home/mattb/ros2_ws/install/ros_esc_interfaces/share/ros_esc_interfaces/package.dsv'
[3.220s] INFO:colcon.colcon_core.shell:Creating package script '/home/mattb/ros2_ws/install/ros_esc_interfaces/share/ros_esc_interfaces/package.sh'
[3.220s] INFO:colcon.colcon_core.shell:Creating package script '/home/mattb/ros2_ws/install/ros_esc_interfaces/share/ros_esc_interfaces/package.bash'
[3.221s] INFO:colcon.colcon_core.shell:Creating package script '/home/mattb/ros2_ws/install/ros_esc_interfaces/share/ros_esc_interfaces/package.zsh'
[3.221s] Level 1:colcon.colcon_core.environment:create_file_with_runtime_dependencies(/home/mattb/ros2_ws/install/ros_esc_interfaces/share/colcon-core/packages/ros_esc_interfaces)
[3.221s] DEBUG:colcon.colcon_parallel_executor.executor.parallel:closing loop
[3.221s] DEBUG:colcon.colcon_parallel_executor.executor.parallel:loop closed
[3.221s] DEBUG:colcon.colcon_parallel_executor.executor.parallel:run_until_complete finished with '0'
[3.222s] DEBUG:colcon.colcon_core.event_reactor:joining thread
[3.229s] INFO:colcon.colcon_core.plugin_system:Skipping extension 'colcon_notification.desktop_notification.terminal_notifier': Not used on non-Darwin systems
[3.229s] INFO:colcon.colcon_core.plugin_system:Skipping extension 'colcon_notification.desktop_notification.win32': Not used on non-Windows systems
[3.229s] INFO:colcon.colcon_notification.desktop_notification:Sending desktop notification using 'notify2'
[3.255s] DEBUG:colcon.colcon_core.event_reactor:joined thread
[3.255s] INFO:colcon.colcon_core.shell:Creating prefix script '/home/mattb/ros2_ws/install/local_setup.ps1'
[3.256s] INFO:colcon.colcon_core.shell:Creating prefix util module '/home/mattb/ros2_ws/install/_local_setup_util_ps1.py'
[3.258s] INFO:colcon.colcon_core.shell:Creating prefix chain script '/home/mattb/ros2_ws/install/setup.ps1'
[3.259s] INFO:colcon.colcon_core.shell:Creating prefix script '/home/mattb/ros2_ws/install/local_setup.sh'
[3.260s] INFO:colcon.colcon_core.shell:Creating prefix util module '/home/mattb/ros2_ws/install/_local_setup_util_sh.py'
[3.260s] INFO:colcon.colcon_core.shell:Creating prefix chain script '/home/mattb/ros2_ws/install/setup.sh'
[3.262s] INFO:colcon.colcon_core.shell:Creating prefix script '/home/mattb/ros2_ws/install/local_setup.bash'
[3.262s] INFO:colcon.colcon_core.shell:Creating prefix chain script '/home/mattb/ros2_ws/install/setup.bash'
[3.263s] INFO:colcon.colcon_core.shell:Creating prefix script '/home/mattb/ros2_ws/install/local_setup.zsh'
[3.264s] INFO:colcon.colcon_core.shell:Creating prefix chain script '/home/mattb/ros2_ws/install/setup.zsh'
