[0.607s] Invoking command in '/home/mattb/ros2_ws/src/ros_esc': PYTHONPATH=/home/mattb/ros2_ws/build/ros_esc/prefix_override:/usr/lib/python3/dist-packages/colcon_core/task/python/colcon_distutils_commands:/home/mattb/ros2_ws/install/ros_esc/lib/python3.10/site-packages:${PYTHONPATH} /usr/bin/python3 -W ignore:setup.py install is deprecated -W ignore:easy_install command is deprecated setup.py egg_info --egg-base ../../build/ros_esc build --build-base /home/mattb/ros2_ws/build/ros_esc/build install --record /home/mattb/ros2_ws/build/ros_esc/install.log --single-version-externally-managed install_data
[0.853s] running egg_info
[0.854s] writing ../../build/ros_esc/ros_esc.egg-info/PKG-INFO
[0.854s] writing dependency_links to ../../build/ros_esc/ros_esc.egg-info/dependency_links.txt
[0.854s] writing entry points to ../../build/ros_esc/ros_esc.egg-info/entry_points.txt
[0.854s] writing requirements to ../../build/ros_esc/ros_esc.egg-info/requires.txt
[0.855s] writing top-level names to ../../build/ros_esc/ros_esc.egg-info/top_level.txt
[0.857s] reading manifest file '../../build/ros_esc/ros_esc.egg-info/SOURCES.txt'
[0.858s] writing manifest file '../../build/ros_esc/ros_esc.egg-info/SOURCES.txt'
[0.858s] running build
[0.858s] running build_py
[0.861s] running install
[0.862s] running install_lib
[0.864s] running install_data
[0.864s] running install_egg_info
[0.866s] removing '/home/mattb/ros2_ws/install/ros_esc/lib/python3.10/site-packages/ros_esc-0.0.0-py3.10.egg-info' (and everything under it)
[0.866s] Copying ../../build/ros_esc/ros_esc.egg-info to /home/mattb/ros2_ws/install/ros_esc/lib/python3.10/site-packages/ros_esc-0.0.0-py3.10.egg-info
[0.867s] running install_scripts
[0.883s] Installing controller_node script to /home/mattb/ros2_ws/install/ros_esc/lib/ros_esc
[0.883s] Installing cost_function_node script to /home/mattb/ros2_ws/install/ros_esc/lib/ros_esc
[0.884s] Installing data_collection_node script to /home/mattb/ros2_ws/install/ros_esc/lib/ros_esc
[0.884s] Installing encoder_node script to /home/mattb/ros2_ws/install/ros_esc/lib/ros_esc
[0.884s] Installing filter_node script to /home/mattb/ros2_ws/install/ros_esc/lib/ros_esc
[0.884s] Installing rotate_frame_node script to /home/mattb/ros2_ws/install/ros_esc/lib/ros_esc
[0.884s] Installing sensor_pose_node script to /home/mattb/ros2_ws/install/ros_esc/lib/ros_esc
[0.885s] writing list of installed files to '/home/mattb/ros2_ws/build/ros_esc/install.log'
[0.904s] Invoked command in '/home/mattb/ros2_ws/src/ros_esc' returned '0': PYTHONPATH=/home/mattb/ros2_ws/build/ros_esc/prefix_override:/usr/lib/python3/dist-packages/colcon_core/task/python/colcon_distutils_commands:/home/mattb/ros2_ws/install/ros_esc/lib/python3.10/site-packages:${PYTHONPATH} /usr/bin/python3 -W ignore:setup.py install is deprecated -W ignore:easy_install command is deprecated setup.py egg_info --egg-base ../../build/ros_esc build --build-base /home/mattb/ros2_ws/build/ros_esc/build install --record /home/mattb/ros2_ws/build/ros_esc/install.log --single-version-externally-managed install_data
