Running HBESC scenario: /home/mattb/dsim-lab/experiments/hbesc_gaussian_fill_study/results/runs/20260610T225542Z_phase5_curv_default_real_execute/configs/scenario_used.json
Scenario name: phase5_curv_default_real
Description: Phase 5 bounded curvature sweep: existing default convex quartic with real-speed HBESC authority after world-path fix.
Starting >>> ros_esc
Starting >>> ros_esc_interfaces
Starting >>> turtlebot3_rotating_sensor
Finished <<< turtlebot3_rotating_sensor [0.57s]
Finished <<< ros_esc [1.58s]
Finished <<< ros_esc_interfaces [1.62s]

Summary: 3 packages finished [2.18s]
[INFO] [launch]: All log files can be found below /home/mattb/dsim-lab/experiments/hbesc_gaussian_fill_study/results/runs/20260610T225542Z_phase5_curv_default_real_execute/logs/ros/2026-06-10-15-55-45-932946-ubuntu-ssd-35388
[INFO] [launch]: Default logging verbosity is set to INFO
[INFO] [gzserver-1]: process started with pid [35390]
[INFO] [robot_state_publisher-2]: process started with pid [35392]
[INFO] [spawner-3]: process started with pid [35394]
[INFO] [spawner-4]: process started with pid [35396]
[INFO] [spawn_entity.py-5]: process started with pid [35398]
[INFO] [ros2-6]: process started with pid [35400]
[INFO] [ros2-7]: process started with pid [35402]
[INFO] [ros2-8]: process started with pid [35404]
[INFO] [ros2-9]: process started with pid [35406]
[INFO] [ros2-10]: process started with pid [35410]
[INFO] [ros2-11]: process started with pid [35412]
[INFO] [ros2-12]: process started with pid [35417]
[robot_state_publisher-2] [INFO] [1781132146.422337834] [robot_state_publisher_node]: got segment base_footprint
[robot_state_publisher-2] [INFO] [1781132146.423099621] [robot_state_publisher_node]: got segment base_link
[robot_state_publisher-2] [INFO] [1781132146.423118670] [robot_state_publisher_node]: got segment base_scan
[robot_state_publisher-2] [INFO] [1781132146.423127899] [robot_state_publisher_node]: got segment caster_wheel
[robot_state_publisher-2] [INFO] [1781132146.423136294] [robot_state_publisher_node]: got segment imu_link
[robot_state_publisher-2] [INFO] [1781132146.423144102] [robot_state_publisher_node]: got segment rotating_frame_link
[robot_state_publisher-2] [INFO] [1781132146.423151926] [robot_state_publisher_node]: got segment sensor_link
[robot_state_publisher-2] [INFO] [1781132146.423159856] [robot_state_publisher_node]: got segment wheel_left_link
[robot_state_publisher-2] [INFO] [1781132146.423167651] [robot_state_publisher_node]: got segment wheel_right_link
[gzserver-1] Gazebo multi-robot simulator, version 11.10.2
[gzserver-1] Copyright (C) 2012 Open Source Robotics Foundation.
[gzserver-1] Released under the Apache 2 License.
[gzserver-1] http://gazebosim.org
[gzserver-1] 
[spawner-3] [INFO] [1781132147.216518534] [spawner_joint_state_broadcaster]: waiting for service /controller_manager/list_controllers to become available...
[spawn_entity.py-5] [INFO] [1781132147.222646853] [spawn_entity]: Spawn Entity started
[spawn_entity.py-5] [INFO] [1781132147.223482451] [spawn_entity]: Loading entity published on topic /robot_description
[spawn_entity.py-5] [INFO] [1781132147.228151292] [spawn_entity]: Waiting for entity xml on /robot_description
[spawn_entity.py-5] [INFO] [1781132147.240297173] [spawn_entity]: Waiting for service /spawn_entity, timeout = 30
[spawn_entity.py-5] [INFO] [1781132147.241082727] [spawn_entity]: Waiting for service /spawn_entity
[spawner-4] [INFO] [1781132147.247987304] [spawner_velocity_controller]: waiting for service /controller_manager/list_controllers to become available...
[gzserver-1] [1;33m[Wrn] [gazebo_ros_init.cpp:178] [0m[1;33m
[gzserver-1] #     # ####### ####### ###  #####  #######
[gzserver-1] ##    # #     #    #     #  #     # #
[gzserver-1] # #   # #     #    #     #  #       #
[gzserver-1] #  #  # #     #    #     #  #       #####
[gzserver-1] #   # # #     #    #     #  #       #
[gzserver-1] #    ## #     #    #     #  #     # #
[gzserver-1] #     # #######    #    ###  #####  #######
[gzserver-1] 
[gzserver-1] This version of Gazebo, now called Gazebo classic, reaches end-of-life
[gzserver-1] in January 2025. Users are highly encouraged to migrate to the new Gazebo
[gzserver-1] using our migration guides (https://gazebosim.org/docs/latest/gazebo_classic_migration?utm_source=gazebo_ros_pkgs&utm_medium=cli)
[gzserver-1] 
[gzserver-1] [0m[1;33m
[spawn_entity.py-5] [INFO] [1781132148.255748438] [spawn_entity]: Calling service /spawn_entity
[spawn_entity.py-5] [INFO] [1781132148.565348189] [spawn_entity]: Spawn status: SpawnEntity: Successfully spawned entity [turtlebot3]
[gzserver-1] [0m[1;33m[0m[1;33m[0m[INFO] [1781132148.603206881] [turtlebot3_diff_drive]: Wheel pair 1 separation set to [0.160000m]
[gzserver-1] [INFO] [1781132148.603771316] [turtlebot3_diff_drive]: Wheel pair 1 diameter set to [0.066000m]
[gzserver-1] [INFO] [1781132148.605650154] [turtlebot3_diff_drive]: Subscribed to [/cmd_vel]
[gzserver-1] [INFO] [1781132148.609448894] [turtlebot3_diff_drive]: Advertise odometry on [/odom]
[gzserver-1] [INFO] [1781132148.614895924] [turtlebot3_diff_drive]: Publishing odom transforms between [odom] and [base_footprint]
[gzserver-1] [INFO] [1781132148.638003986] [turtlebot3_joint_state]: Going to publish joint [rotating_frame_joint]
[gzserver-1] [INFO] [1781132148.682769819] [gazebo_ros2_control]: Loading gazebo_ros2_control plugin
[gzserver-1] [INFO] [1781132148.692230890] [gazebo_ros2_control]: Starting gazebo_ros2_control plugin in namespace: /
[gzserver-1] [INFO] [1781132148.692310126] [gazebo_ros2_control]: Starting gazebo_ros2_control plugin in ros 2 node: gazebo_ros2_control
[gzserver-1] [INFO] [1781132148.699354910] [gazebo_ros2_control]: connected to service!! /robot_state_publisher_node
[gzserver-1] [INFO] [1781132148.700611723] [gazebo_ros2_control]: Received urdf from param server, parsing...
[gzserver-1] [INFO] [1781132148.700787382] [gazebo_ros2_control]: Loading parameter files /home/mattb/dsim-lab/ros2_ws/install/turtlebot3_rotating_sensor/share/turtlebot3_rotating_sensor/controller_config/joint_controller.yaml
[gzserver-1] [INFO] [1781132148.718947890] [gazebo_ros2_control]: Loading joint: rotating_frame_joint
[gzserver-1] [INFO] [1781132148.719000800] [gazebo_ros2_control]: 	State:
[gzserver-1] [INFO] [1781132148.719017172] [gazebo_ros2_control]: 		 position
[gzserver-1] [INFO] [1781132148.719033526] [gazebo_ros2_control]: 			 found initial value: 0.000000
[gzserver-1] [INFO] [1781132148.719051089] [gazebo_ros2_control]: 		 velocity
[gzserver-1] [INFO] [1781132148.719063179] [gazebo_ros2_control]: 			 found initial value: 0.000000
[gzserver-1] [INFO] [1781132148.719076194] [gazebo_ros2_control]: 	Command:
[gzserver-1] [INFO] [1781132148.719103475] [gazebo_ros2_control]: 		 velocity
[gzserver-1] [INFO] [1781132148.719375894] [resource_manager]: Initialize hardware 'GazeboSystem' 
[gzserver-1] [INFO] [1781132148.719604744] [resource_manager]: Successful initialization of hardware 'GazeboSystem'
[gzserver-1] [INFO] [1781132148.719754524] [resource_manager]: 'configure' hardware 'GazeboSystem' 
[gzserver-1] [INFO] [1781132148.719771092] [resource_manager]: Successful 'configure' of hardware 'GazeboSystem'
[gzserver-1] [INFO] [1781132148.719780775] [resource_manager]: 'activate' hardware 'GazeboSystem' 
[gzserver-1] [INFO] [1781132148.719790643] [resource_manager]: Successful 'activate' of hardware 'GazeboSystem'
[gzserver-1] [INFO] [1781132148.719890899] [gazebo_ros2_control]: Loading controller_manager
[INFO] [spawn_entity.py-5]: process has finished cleanly [pid 35398]
[gzserver-1] [WARN] [1781132148.757730899] [gazebo_ros2_control]:  Desired controller update period (0.01 s) is slower than the gazebo simulation period (0.001 s).
[gzserver-1] [INFO] [1781132148.757972881] [gazebo_ros2_control]: Loaded gazebo_ros2_control.
[gzserver-1] [INFO] [1781132148.844861866] [controller_manager]: Loading controller 'velocity_controller'
[spawner-4] [INFO] [1781132148.872293482] [spawner_velocity_controller]: [94mLoaded [1mvelocity_controller[0m
[gzserver-1] [INFO] [1781132148.875949408] [controller_manager]: Configuring controller 'velocity_controller'
[gzserver-1] [INFO] [1781132148.877914440] [velocity_controller]: configure successful
[gzserver-1] [INFO] [1781132148.886449980] [velocity_controller]: activate successful
[spawner-4] [INFO] [1781132148.890097930] [spawner_velocity_controller]: [92mConfigured and activated [1mvelocity_controller[0m
[gzserver-1] [INFO] [1781132148.977995404] [controller_manager]: Loading controller 'joint_state_broadcaster'
[spawner-3] [INFO] [1781132148.999288949] [spawner_joint_state_broadcaster]: [94mLoaded [1mjoint_state_broadcaster[0m
[gzserver-1] [INFO] [1781132149.001299214] [controller_manager]: Configuring controller 'joint_state_broadcaster'
[gzserver-1] [INFO] [1781132149.001454684] [joint_state_broadcaster]: 'joints' or 'interfaces' parameter is empty. All available state interfaces will be published
[spawner-3] [INFO] [1781132149.021537491] [spawner_joint_state_broadcaster]: [92mConfigured and activated [1mjoint_state_broadcaster[0m
[INFO] [spawner-4]: process has finished cleanly [pid 35396]
[INFO] [spawner-3]: process has finished cleanly [pid 35394]
[gzserver-1] [1;32m[Msg] [0m[1;32mWaiting for master.[0m[1;32m
[gzserver-1] [0m[1;32m[0m[1;32m[0m[1;32m[Msg] [0m[1;32mConnected to gazebo master @ [0m[1;32mhttp://127.0.0.1:11649[0m[1;32m
[gzserver-1] [0m[1;32m[0m[1;32m[0m[1;32m[Msg] [0m[1;32mPublicized address: [0m[1;32m10.130.191.118[0m[1;32m
[gzserver-1] [0m[1;32m[0m[1;32m[0m[1;32m[Msg] [0m[1;32mLoading world file [[0m[1;32m/home/mattb/dsim-lab/ros2_ws/src/turtlebot3_rotating_sensor/worlds/gazebo_empty.world[0m[1;32m][0m[1;32m
