Running HBESC scenario: /home/mattb/dsim-lab/experiments/hbesc_gaussian_fill_study/results/runs/20260610T210415Z_phase4_gain_beta_low_execute/configs/scenario_used.json
Scenario name: phase4_gain_beta_low
Description: Phase 4 one-at-a-time HBESC gain sensitivity: HeavyBall beta low on the representative convex quartic bowl.
Starting >>> ros_esc
Starting >>> ros_esc_interfaces
Starting >>> turtlebot3_rotating_sensor
Finished <<< turtlebot3_rotating_sensor [0.35s]
Finished <<< ros_esc_interfaces [0.72s]
Finished <<< ros_esc [0.99s]

Summary: 3 packages finished [1.29s]
[INFO] [launch]: All log files can be found below /home/mattb/dsim-lab/experiments/hbesc_gaussian_fill_study/results/runs/20260610T210415Z_phase4_gain_beta_low_execute/logs/ros/2026-06-10-14-04-17-337292-ubuntu-ssd-20098
[INFO] [launch]: Default logging verbosity is set to INFO
[INFO] [gzserver-1]: process started with pid [20100]
[INFO] [robot_state_publisher-2]: process started with pid [20102]
[INFO] [spawner-3]: process started with pid [20104]
[INFO] [spawner-4]: process started with pid [20106]
[INFO] [spawn_entity.py-5]: process started with pid [20108]
[INFO] [ros2-6]: process started with pid [20110]
[INFO] [ros2-7]: process started with pid [20112]
[INFO] [ros2-8]: process started with pid [20114]
[INFO] [ros2-9]: process started with pid [20116]
[INFO] [ros2-10]: process started with pid [20118]
[INFO] [ros2-11]: process started with pid [20120]
[INFO] [ros2-12]: process started with pid [20122]
[robot_state_publisher-2] [INFO] [1781125457.678713434] [robot_state_publisher_node]: got segment base_footprint
[robot_state_publisher-2] [INFO] [1781125457.678848415] [robot_state_publisher_node]: got segment base_link
[robot_state_publisher-2] [INFO] [1781125457.678865848] [robot_state_publisher_node]: got segment base_scan
[robot_state_publisher-2] [INFO] [1781125457.678875069] [robot_state_publisher_node]: got segment caster_wheel
[robot_state_publisher-2] [INFO] [1781125457.678883305] [robot_state_publisher_node]: got segment imu_link
[robot_state_publisher-2] [INFO] [1781125457.678892426] [robot_state_publisher_node]: got segment rotating_frame_link
[robot_state_publisher-2] [INFO] [1781125457.678901739] [robot_state_publisher_node]: got segment sensor_link
[robot_state_publisher-2] [INFO] [1781125457.678909888] [robot_state_publisher_node]: got segment wheel_left_link
[robot_state_publisher-2] [INFO] [1781125457.678918995] [robot_state_publisher_node]: got segment wheel_right_link
[gzserver-1] Gazebo multi-robot simulator, version 11.10.2
[gzserver-1] Copyright (C) 2012 Open Source Robotics Foundation.
[gzserver-1] Released under the Apache 2 License.
[gzserver-1] http://gazebosim.org
[gzserver-1] 
[spawner-4] [INFO] [1781125458.212838319] [spawner_velocity_controller]: waiting for service /controller_manager/list_controllers to become available...
[spawner-3] [INFO] [1781125458.237016044] [spawner_joint_state_broadcaster]: waiting for service /controller_manager/list_controllers to become available...
[spawn_entity.py-5] [INFO] [1781125458.348415873] [spawn_entity]: Spawn Entity started
[spawn_entity.py-5] [INFO] [1781125458.350263239] [spawn_entity]: Loading entity published on topic /robot_description
[spawn_entity.py-5] [INFO] [1781125458.354361134] [spawn_entity]: Waiting for entity xml on /robot_description
[spawn_entity.py-5] [INFO] [1781125458.365777099] [spawn_entity]: Waiting for service /spawn_entity, timeout = 30
[spawn_entity.py-5] [INFO] [1781125458.366397159] [spawn_entity]: Waiting for service /spawn_entity
[gzserver-1] [1;33m[Wrn] [gazebo_ros_init.cpp:178] [0m[1;33m
[gzserver-1] #     # ####### ####### ###  #####  #######
[gzserver-1] ##    # #     #    #     #  #     # #
[gzserver-1] # #   # #     #    #     #  #       #
[gzserver-1] #  #  # #     #    #     #  #       #####
[gzserver-1] #   # # #     #    #     #  #       #
[gzserver-1] #    ## #     #    #     #  #     # #
[gzserver-1] #     # #######    #    ###  #####  #######
[gzserver-1] 
[gzserver-1] This version of Gazebo, now called Gazebo classic, reaches end-of-life
[gzserver-1] in January 2025. Users are highly encouraged to migrate to the new Gazebo
[gzserver-1] using our migration guides (https://gazebosim.org/docs/latest/gazebo_classic_migration?utm_source=gazebo_ros_pkgs&utm_medium=cli)
[gzserver-1] 
[gzserver-1] [0m[1;33m
[gzserver-1] [1;32m[Msg] [0m[1;32mWaiting for master.[0m[1;32m
[gzserver-1] [0m[1;32m[0m[1;32m[0m[1;32m[Msg] [0m[1;32mConnected to gazebo master @ [0m[1;32mhttp://127.0.0.1:12197[0m[1;32m
[gzserver-1] [0m[1;32m[0m[1;32m[0m[1;32m[Msg] [0m[1;32mPublicized address: [0m[1;32m10.130.191.118[0m[1;32m
[gzserver-1] [0m[1;33m[0m[1;33m[0m[1;33m[Wrn] [FuelModelDatabase.cc:313] [0m[1;33mURI not supported by Fuel [[0m[1;33mworlds/gazebo_empty.world[0m[1;33m][0m[1;33m
[gzserver-1] [0m[1;33m[0m[1;33m[0m[1;33m[Wrn] [SystemPaths.cc:459] [0m[1;33mFile or path does not exist [[0m[1;33m""[0m[1;33m] [[0m[1;33mworlds/gazebo_empty.world[0m[1;33m][0m[1;33m
[gzserver-1] [0m[1;33m[0m[1;33m[0m[1;31m[Err] [Server.cc:472] [0m[1;31mCould not open file[[0m[1;31mworlds/gazebo_empty.world[0m[1;31m]
[gzserver-1] [0m[1;33m[Wrn] [Server.cc:381] [0m[1;33mFalling back on worlds/empty.world
[spawn_entity.py-5] [INFO] [1781125459.372881497] [spawn_entity]: Calling service /spawn_entity
[spawn_entity.py-5] [INFO] [1781125459.603223639] [spawn_entity]: Spawn status: SpawnEntity: Successfully spawned entity [turtlebot3]
[gzserver-1] [0m[INFO] [1781125459.622679985] [turtlebot3_diff_drive]: Wheel pair 1 separation set to [0.160000m]
[gzserver-1] [INFO] [1781125459.623066907] [turtlebot3_diff_drive]: Wheel pair 1 diameter set to [0.066000m]
[gzserver-1] [INFO] [1781125459.624420833] [turtlebot3_diff_drive]: Subscribed to [/cmd_vel]
[gzserver-1] [INFO] [1781125459.626598172] [turtlebot3_diff_drive]: Advertise odometry on [/odom]
[gzserver-1] [INFO] [1781125459.629462737] [turtlebot3_diff_drive]: Publishing odom transforms between [odom] and [base_footprint]
[gzserver-1] [INFO] [1781125459.641342438] [turtlebot3_joint_state]: Going to publish joint [rotating_frame_joint]
[gzserver-1] [INFO] [1781125459.664092188] [gazebo_ros2_control]: Loading gazebo_ros2_control plugin
[gzserver-1] [INFO] [1781125459.669919769] [gazebo_ros2_control]: Starting gazebo_ros2_control plugin in namespace: /
[gzserver-1] [INFO] [1781125459.669962089] [gazebo_ros2_control]: Starting gazebo_ros2_control plugin in ros 2 node: gazebo_ros2_control
[gzserver-1] [INFO] [1781125459.674687952] [gazebo_ros2_control]: connected to service!! /robot_state_publisher_node
[gzserver-1] [INFO] [1781125459.675181053] [gazebo_ros2_control]: Received urdf from param server, parsing...
[gzserver-1] [INFO] [1781125459.675218435] [gazebo_ros2_control]: Loading parameter files /home/mattb/dsim-lab/ros2_ws/install/turtlebot3_rotating_sensor/share/turtlebot3_rotating_sensor/controller_config/joint_controller.yaml
[gzserver-1] [INFO] [1781125459.684923325] [gazebo_ros2_control]: Loading joint: rotating_frame_joint
[gzserver-1] [INFO] [1781125459.684972981] [gazebo_ros2_control]: 	State:
[gzserver-1] [INFO] [1781125459.685003796] [gazebo_ros2_control]: 		 position
[gzserver-1] [INFO] [1781125459.685016716] [gazebo_ros2_control]: 			 found initial value: 0.000000
[gzserver-1] [INFO] [1781125459.685036127] [gazebo_ros2_control]: 		 velocity
[gzserver-1] [INFO] [1781125459.685052564] [gazebo_ros2_control]: 			 found initial value: 0.000000
[gzserver-1] [INFO] [1781125459.685066262] [gazebo_ros2_control]: 	Command:
[gzserver-1] [INFO] [1781125459.685092800] [gazebo_ros2_control]: 		 velocity
[gzserver-1] [INFO] [1781125459.685313424] [resource_manager]: Initialize hardware 'GazeboSystem' 
[gzserver-1] [INFO] [1781125459.685501419] [resource_manager]: Successful initialization of hardware 'GazeboSystem'
[gzserver-1] [INFO] [1781125459.685598726] [resource_manager]: 'configure' hardware 'GazeboSystem' 
[gzserver-1] [INFO] [1781125459.685607451] [resource_manager]: Successful 'configure' of hardware 'GazeboSystem'
[gzserver-1] [INFO] [1781125459.685612483] [resource_manager]: 'activate' hardware 'GazeboSystem' 
[gzserver-1] [INFO] [1781125459.685617354] [resource_manager]: Successful 'activate' of hardware 'GazeboSystem'
[gzserver-1] [INFO] [1781125459.685673389] [gazebo_ros2_control]: Loading controller_manager
[gzserver-1] [WARN] [1781125459.710339219] [gazebo_ros2_control]:  Desired controller update period (0.01 s) is slower than the gazebo simulation period (0.001 s).
[gzserver-1] [INFO] [1781125459.710560528] [gazebo_ros2_control]: Loaded gazebo_ros2_control.
[gzserver-1] [INFO] [1781125459.717141500] [controller_manager]: Loading controller 'velocity_controller'
[INFO] [spawn_entity.py-5]: process has finished cleanly [pid 20108]
[spawner-4] [INFO] [1781125459.742197843] [spawner_velocity_controller]: [94mLoaded [1mvelocity_controller[0m
[gzserver-1] [INFO] [1781125459.742925048] [controller_manager]: Loading controller 'joint_state_broadcaster'
[gzserver-1] [INFO] [1781125459.761188154] [controller_manager]: Configuring controller 'velocity_controller'
[spawner-3] [INFO] [1781125459.761881209] [spawner_joint_state_broadcaster]: [94mLoaded [1mjoint_state_broadcaster[0m
[gzserver-1] [INFO] [1781125459.762831355] [velocity_controller]: configure successful
[gzserver-1] [INFO] [1781125459.771374711] [controller_manager]: Configuring controller 'joint_state_broadcaster'
[gzserver-1] [INFO] [1781125459.771447190] [joint_state_broadcaster]: 'joints' or 'interfaces' parameter is empty. All available state interfaces will be published
[gzserver-1] [INFO] [1781125459.791816992] [velocity_controller]: activate successful
[spawner-4] [INFO] [1781125459.802716021] [spawner_velocity_controller]: [92mConfigured and activated [1mvelocity_controller[0m
[spawner-3] [INFO] [1781125459.822906898] [spawner_joint_state_broadcaster]: [92mConfigured and activated [1mjoint_state_broadcaster[0m
[INFO] [spawner-4]: process has finished cleanly [pid 20106]
[INFO] [spawner-3]: process has finished cleanly [pid 20104]
[gzserver-1] [0m[1;32m[0m[1;32m[0m[1;32m[Msg] [0m[1;32mLoading world file [[0m[1;32m/usr/share/gazebo-11/worlds/empty.world[0m[1;32m][0m[1;32m
